2024-10-18T18:55:09.930+03:00  INFO [,,] 28528 --- [main] [                                                 ] c.e.k.KibanaDeployTemplateApplication    : Starting KibanaDeployTemplateApplication using Java 17.0.8 with PID 28528 (C:\Users\denis\OneDrive\Desktop\myCode\kibana_deploy_template\target\classes started by denis in C:\Users\denis\OneDrive\Desktop\myCode\kibana_deploy_template)
2024-10-18T18:55:09.932+03:00 DEBUG [,,] 28528 --- [main] [                                                 ] c.e.k.KibanaDeployTemplateApplication    : Running with Spring Boot v3.3.4, Spring v6.1.13
2024-10-18T18:55:09.934+03:00  INFO [,,] 28528 --- [main] [                                                 ] c.e.k.KibanaDeployTemplateApplication    : No active profile set, falling back to 1 default profile: "default"
2024-10-18T18:55:09.934+03:00 DEBUG [,,] 28528 --- [main] [                                                 ] o.s.boot.SpringApplication               : Loading source class com.example.kibana_deploy_template.KibanaDeployTemplateApplication
2024-10-18T18:55:09.959+03:00 DEBUG [,,] 28528 --- [main] [                                                 ] ConfigServletWebServerApplicationContext : Refreshing org.springframework.boot.web.servlet.context.AnnotationConfigServletWebServerApplicationContext@3a3e4aff
2024-10-18T18:55:09.969+03:00 DEBUG [,,] 28528 --- [main] [                                                 ] o.s.b.f.s.DefaultListableBeanFactory     : Creating shared instance of singleton bean 'org.springframework.context.annotation.internalConfigurationAnnotationProcessor'
2024-10-18T18:55:09.976+03:00 DEBUG [,,] 28528 --- [main] [                                                 ] o.s.b.f.s.DefaultListableBeanFactory     : Creating shared instance of singleton bean 'org.springframework.boot.autoconfigure.internalCachingMetadataReaderFactory'
2024-10-18T18:55:10.012+03:00 DEBUG [,,] 28528 --- [main] [                                                 ] o.s.c.a.ClassPathBeanDefinitionScanner   : Ignored because not a concrete top-level class: file [C:\Users\denis\OneDrive\Desktop\myCode\kibana_deploy_template\target\classes\com\example\kibana_deploy_template\user\repository\UserRepo.class]
2024-10-18T18:55:10.016+03:00 DEBUG [,,] 28528 --- [main] [                                                 ] o.s.c.a.ClassPathBeanDefinitionScanner   : Identified candidate component class: file [C:\Users\denis\OneDrive\Desktop\myCode\kibana_deploy_template\target\classes\com\example\kibana_deploy_template\user\service\UserCommandServiceImpl.class]
2024-10-18T18:55:10.017+03:00 DEBUG [,,] 28528 --- [main] [                                                 ] o.s.c.a.ClassPathBeanDefinitionScanner   : Identified candidate component class: file [C:\Users\denis\OneDrive\Desktop\myCode\kibana_deploy_template\target\classes\com\example\kibana_deploy_template\user\service\UserQueryServiceImpl.class]
2024-10-18T18:55:10.024+03:00 DEBUG [,,] 28528 --- [main] [                                                 ] o.s.c.a.ClassPathBeanDefinitionScanner   : Identified candidate component class: file [C:\Users\denis\OneDrive\Desktop\myCode\kibana_deploy_template\target\classes\com\example\kibana_deploy_template\user\web\UserControllerService.class]
2024-10-18T18:55:10.404+03:00 DEBUG [,,] 28528 --- [RMI TCP Connection(1)-192.168.0.104] [                                                 ] sun.rmi.transport.tcp                    : RMI TCP Connection(1)-192.168.0.104: accepted socket from [192.168.0.104:53106]
2024-10-18T18:55:10.405+03:00 DEBUG [,,] 28528 --- [RMI TCP Connection(1)-192.168.0.104] [                                                 ] sun.rmi.transport.tcp                    : RMI TCP Connection(1)-192.168.0.104: (port 53105) op = 80
2024-10-18T18:55:10.407+03:00 DEBUG [,,] 28528 --- [RMI TCP Connection(1)-192.168.0.104] [                                                 ] sun.rmi.loader                           : RMI TCP Connection(1)-192.168.0.104: name = "[Ljava.rmi.server.ObjID;", codebase = "", defaultLoader = jdk.internal.loader.ClassLoaders$PlatformClassLoader@61537909
2024-10-18T18:55:10.408+03:00 DEBUG [,,] 28528 --- [RMI TCP Connection(1)-192.168.0.104] [                                                 ] sun.rmi.loader                           : RMI TCP Connection(1)-192.168.0.104: name = "java.rmi.server.ObjID", codebase = "", defaultLoader = jdk.internal.loader.ClassLoaders$PlatformClassLoader@61537909
2024-10-18T18:55:10.409+03:00 DEBUG [,,] 28528 --- [RMI TCP Connection(1)-192.168.0.104] [                                                 ] sun.rmi.loader                           : RMI TCP Connection(1)-192.168.0.104: name = "java.rmi.server.UID", codebase = "", defaultLoader = jdk.internal.loader.ClassLoaders$PlatformClassLoader@61537909
2024-10-18T18:55:10.410+03:00 DEBUG [,,] 28528 --- [RMI TCP Connection(1)-192.168.0.104] [                                                 ] sun.rmi.loader                           : RMI TCP Connection(1)-192.168.0.104: name = "java.rmi.dgc.Lease", codebase = "", defaultLoader = jdk.internal.loader.ClassLoaders$PlatformClassLoader@61537909
2024-10-18T18:55:10.411+03:00 DEBUG [,,] 28528 --- [RMI TCP Connection(1)-192.168.0.104] [                                                 ] sun.rmi.loader                           : RMI TCP Connection(1)-192.168.0.104: name = "java.rmi.dgc.VMID", codebase = "", defaultLoader = jdk.internal.loader.ClassLoaders$PlatformClassLoader@61537909
2024-10-18T18:55:10.412+03:00 DEBUG [,,] 28528 --- [RMI TCP Connection(1)-192.168.0.104] [                                                 ] sun.rmi.loader                           : RMI TCP Connection(1)-192.168.0.104: name = "[B", codebase = "", defaultLoader = jdk.internal.loader.ClassLoaders$PlatformClassLoader@61537909
2024-10-18T18:55:10.413+03:00 DEBUG [,,] 28528 --- [RMI TCP Connection(1)-192.168.0.104] [                                                 ] sun.rmi.transport.tcp                    : RMI TCP Connection(1)-192.168.0.104: (port 53105) op = 80
2024-10-18T18:55:10.418+03:00 DEBUG [,,] 28528 --- [RMI TCP Connection(1)-192.168.0.104] [                                                 ] sun.rmi.transport.tcp                    : RMI TCP Connection(1)-192.168.0.104: (port 53105) op = 80
2024-10-18T18:55:10.418+03:00 DEBUG [,,] 28528 --- [RMI TCP Connection(1)-192.168.0.104] [                                                 ] sun.rmi.loader                           : RMI TCP Connection(1)-192.168.0.104: name = "[Ljava.rmi.server.ObjID;", codebase = "", defaultLoader = jdk.internal.loader.ClassLoaders$PlatformClassLoader@61537909
2024-10-18T18:55:10.418+03:00 DEBUG [,,] 28528 --- [RMI TCP Connection(1)-192.168.0.104] [                                                 ] sun.rmi.loader                           : RMI TCP Connection(1)-192.168.0.104: name = "java.rmi.server.ObjID", codebase = "", defaultLoader = jdk.internal.loader.ClassLoaders$PlatformClassLoader@61537909
2024-10-18T18:55:10.419+03:00 DEBUG [,,] 28528 --- [RMI TCP Connection(1)-192.168.0.104] [                                                 ] sun.rmi.loader                           : RMI TCP Connection(1)-192.168.0.104: name = "java.rmi.server.UID", codebase = "", defaultLoader = jdk.internal.loader.ClassLoaders$PlatformClassLoader@61537909
2024-10-18T18:55:10.419+03:00 DEBUG [,,] 28528 --- [RMI TCP Connection(1)-192.168.0.104] [                                                 ] sun.rmi.loader                           : RMI TCP Connection(1)-192.168.0.104: name = "java.rmi.dgc.Lease", codebase = "", defaultLoader = jdk.internal.loader.ClassLoaders$PlatformClassLoader@61537909
2024-10-18T18:55:10.419+03:00 DEBUG [,,] 28528 --- [RMI TCP Connection(1)-192.168.0.104] [                                                 ] sun.rmi.loader                           : RMI TCP Connection(1)-192.168.0.104: name = "java.rmi.dgc.VMID", codebase = "", defaultLoader = jdk.internal.loader.ClassLoaders$PlatformClassLoader@61537909
2024-10-18T18:55:10.419+03:00 DEBUG [,,] 28528 --- [RMI TCP Connection(1)-192.168.0.104] [                                                 ] sun.rmi.loader                           : RMI TCP Connection(1)-192.168.0.104: name = "[B", codebase = "", defaultLoader = jdk.internal.loader.ClassLoaders$PlatformClassLoader@61537909
2024-10-18T18:55:10.420+03:00 DEBUG [,,] 28528 --- [RMI TCP Connection(1)-192.168.0.104] [                                                 ] sun.rmi.transport.tcp                    : RMI TCP Connection(1)-192.168.0.104: (port 53105) op = 84
2024-10-18T18:55:10.420+03:00 DEBUG [,,] 28528 --- [RMI TCP Connection(1)-192.168.0.104] [                                                 ] sun.rmi.transport.tcp                    : RMI TCP Connection(1)-192.168.0.104: (port 53105) op = 80
2024-10-18T18:55:10.421+03:00 DEBUG [,,] 28528 --- [RMI TCP Connection(1)-192.168.0.104] [                                                 ] sun.rmi.transport.tcp                    : RMI TCP Connection(1)-192.168.0.104: (port 53105) op = 80
2024-10-18T18:55:10.421+03:00 DEBUG [,,] 28528 --- [RMI TCP Connection(1)-192.168.0.104] [                                                 ] sun.rmi.loader                           : RMI TCP Connection(1)-192.168.0.104: name = "javax.management.ObjectName", codebase = ""
2024-10-18T18:55:10.421+03:00 DEBUG [,,] 28528 --- [RMI TCP Connection(1)-192.168.0.104] [                                                 ] javax.management.remote.rmi              : connectionId=rmi://192.168.0.104  1, name=org.springframework.boot:type=Admin,name=SpringApplication, attribute=Ready
2024-10-18T18:55:10.422+03:00 DEBUG [,,] 28528 --- [RMI TCP Connection(1)-192.168.0.104] [                                                 ] sun.rmi.server.call                      : RMI TCP Connection(1)-192.168.0.104: [192.168.0.104] exception: 

javax.management.InstanceNotFoundException: org.springframework.boot:type=Admin,name=SpringApplication
	at java.management/com.sun.jmx.interceptor.DefaultMBeanServerInterceptor.getMBean(DefaultMBeanServerInterceptor.java:1088) ~[na:na]
	at java.management/com.sun.jmx.interceptor.DefaultMBeanServerInterceptor.getAttribute(DefaultMBeanServerInterceptor.java:640) ~[na:na]
	at java.management/com.sun.jmx.mbeanserver.JmxMBeanServer.getAttribute(JmxMBeanServer.java:679) ~[na:na]
	at java.management.rmi/javax.management.remote.rmi.RMIConnectionImpl.doOperation(RMIConnectionImpl.java:1449) ~[na:na]
	at java.management.rmi/javax.management.remote.rmi.RMIConnectionImpl$PrivilegedOperation.run(RMIConnectionImpl.java:1310) ~[na:na]
	at java.management.rmi/javax.management.remote.rmi.RMIConnectionImpl.doPrivilegedOperation(RMIConnectionImpl.java:1405) ~[na:na]
	at java.management.rmi/javax.management.remote.rmi.RMIConnectionImpl.getAttribute(RMIConnectionImpl.java:639) ~[na:na]
	at java.base/jdk.internal.reflect.NativeMethodAccessorImpl.invoke0(Native Method) ~[na:na]
	at java.base/jdk.internal.reflect.NativeMethodAccessorImpl.invoke(NativeMethodAccessorImpl.java:77) ~[na:na]
	at java.base/jdk.internal.reflect.DelegatingMethodAccessorImpl.invoke(DelegatingMethodAccessorImpl.java:43) ~[na:na]
	at java.base/java.lang.reflect.Method.invoke(Method.java:568) ~[na:na]
	at java.rmi/sun.rmi.server.UnicastServerRef.dispatch(UnicastServerRef.java:360) ~[na:na]
	at java.rmi/sun.rmi.transport.Transport$1.run(Transport.java:200) ~[na:na]
	at java.rmi/sun.rmi.transport.Transport$1.run(Transport.java:197) ~[na:na]
	at java.base/java.security.AccessController.doPrivileged(AccessController.java:712) ~[na:na]
	at java.rmi/sun.rmi.transport.Transport.serviceCall(Transport.java:196) ~[na:na]
	at java.rmi/sun.rmi.transport.tcp.TCPTransport.handleMessages(TCPTransport.java:587) ~[na:na]
	at java.rmi/sun.rmi.transport.tcp.TCPTransport$ConnectionHandler.run0(TCPTransport.java:828) ~[na:na]
	at java.rmi/sun.rmi.transport.tcp.TCPTransport$ConnectionHandler.lambda$run$0(TCPTransport.java:705) ~[na:na]
	at java.base/java.security.AccessController.doPrivileged(AccessController.java:399) ~[na:na]
	at java.rmi/sun.rmi.transport.tcp.TCPTransport$ConnectionHandler.run(TCPTransport.java:704) ~[na:na]
	at java.base/java.util.concurrent.ThreadPoolExecutor.runWorker(ThreadPoolExecutor.java:1136) ~[na:na]
	at java.base/java.util.concurrent.ThreadPoolExecutor$Worker.run(ThreadPoolExecutor.java:635) ~[na:na]
	at java.base/java.lang.Thread.run(Thread.java:833) ~[na:na]

2024-10-18T18:55:10.428+03:00 DEBUG [,,] 28528 --- [RMI TCP Connection(1)-192.168.0.104] [                                                 ] sun.rmi.transport.tcp                    : RMI TCP Connection(1)-192.168.0.104: (port 53105) op = 80
2024-10-18T18:55:10.428+03:00 DEBUG [,,] 28528 --- [RMI TCP Connection(1)-192.168.0.104] [                                                 ] javax.management.remote.rmi              : [javax.management.remote.rmi.RMIConnectionImpl@16b7f2a2: connectionId=rmi://192.168.0.104  1] closing.
2024-10-18T18:55:10.428+03:00 DEBUG [,,] 28528 --- [RMI TCP Connection(1)-192.168.0.104] [                                                 ] javax.management.remote.rmi              : [javax.management.remote.rmi.RMIConnectionImpl@16b7f2a2: connectionId=rmi://192.168.0.104  1] closed.
2024-10-18T18:55:10.553+03:00  INFO [,,] 28528 --- [main] [                                                 ] .s.d.r.c.RepositoryConfigurationDelegate : Bootstrapping Spring Data JPA repositories in DEFAULT mode.
2024-10-18T18:55:10.556+03:00 DEBUG [,,] 28528 --- [main] [                                                 ] o.s.b.f.s.DefaultListableBeanFactory     : Creating shared instance of singleton bean 'org.springframework.boot.autoconfigure.AutoConfigurationPackages'
2024-10-18T18:55:10.561+03:00 DEBUG [,,] 28528 --- [main] [                                                 ] o.s.b.a.AutoConfigurationPackages        : @EnableAutoConfiguration was declared on a class in the package 'com.example.kibana_deploy_template'. Automatic @Repository and @Entity scanning is enabled.
2024-10-18T18:55:10.561+03:00 DEBUG [,,] 28528 --- [main] [                                                 ] .s.d.r.c.RepositoryConfigurationDelegate : Scanning for JPA repositories in packages com.example.kibana_deploy_template.
2024-10-18T18:55:10.568+03:00 DEBUG [,,] 28528 --- [main] [                                                 ] o.s.d.r.c.RepositoryComponentProvider    : Identified candidate component class: file [C:\Users\denis\OneDrive\Desktop\myCode\kibana_deploy_template\target\classes\com\example\kibana_deploy_template\user\repository\UserRepo.class]
2024-10-18T18:55:10.587+03:00 DEBUG [,,] 28528 --- [main] [                                                 ] ssPathScanningCandidateComponentProvider : Identified candidate component class: file [C:\Users\denis\OneDrive\Desktop\myCode\kibana_deploy_template\target\classes\com\example\kibana_deploy_template\user\dtos\CreateUserReponse$CreateUserReponseBuilderImpl.class]
2024-10-18T18:55:10.587+03:00 DEBUG [,,] 28528 --- [main] [                                                 ] ssPathScanningCandidateComponentProvider : Identified candidate component class: file [C:\Users\denis\OneDrive\Desktop\myCode\kibana_deploy_template\target\classes\com\example\kibana_deploy_template\user\dtos\UpdateUserRequest$UpdateUserRequestBuilderImpl.class]
2024-10-18T18:55:10.587+03:00 DEBUG [,,] 28528 --- [main] [                                                 ] ssPathScanningCandidateComponentProvider : Identified candidate component class: file [C:\Users\denis\OneDrive\Desktop\myCode\kibana_deploy_template\target\classes\com\example\kibana_deploy_template\user\service\UserCommandServiceImpl.class]
2024-10-18T18:55:10.587+03:00 DEBUG [,,] 28528 --- [main] [                                                 ] ssPathScanningCandidateComponentProvider : Identified candidate component class: file [C:\Users\denis\OneDrive\Desktop\myCode\kibana_deploy_template\target\classes\com\example\kibana_deploy_template\user\service\UserQueryServiceImpl.class]
2024-10-18T18:55:10.594+03:00  INFO [,,] 28528 --- [main] [                                                 ] .s.d.r.c.RepositoryConfigurationDelegate : Finished Spring Data repository scanning in 31 ms. Found 1 JPA repository interface.
2024-10-18T18:55:10.682+03:00 DEBUG [,,] 28528 --- [main] [                                                 ] o.s.b.f.s.DefaultListableBeanFactory     : Creating shared instance of singleton bean 'propertySourcesPlaceholderConfigurer'
2024-10-18T18:55:10.686+03:00 DEBUG [,,] 28528 --- [main] [                                                 ] o.s.b.f.s.DefaultListableBeanFactory     : Creating shared instance of singleton bean 'emBeanDefinitionRegistrarPostProcessor'
2024-10-18T18:55:10.687+03:00 DEBUG [,,] 28528 --- [main] [                                                 ] o.s.b.f.s.DefaultListableBeanFactory     : Creating shared instance of singleton bean 'org.springframework.boot.sql.init.dependency.DatabaseInitializationDependencyConfigurer$DependsOnDatabaseInitializationPostProcessor'
2024-10-18T18:55:10.718+03:00 DEBUG [,,] 28528 --- [main] [                                                 ] o.s.b.f.s.DefaultListableBeanFactory     : Creating shared instance of singleton bean 'org.springframework.context.event.internalEventListenerProcessor'
2024-10-18T18:55:10.721+03:00 DEBUG [,,] 28528 --- [main] [                                                 ] o.s.b.f.s.DefaultListableBeanFactory     : Creating shared instance of singleton bean 'preserveErrorControllerTargetClassPostProcessor'
2024-10-18T18:55:10.721+03:00 DEBUG [,,] 28528 --- [main] [                                                 ] o.s.b.f.s.DefaultListableBeanFactory     : Creating shared instance of singleton bean 'org.springframework.context.event.internalEventListenerFactory'
2024-10-18T18:55:10.722+03:00 DEBUG [,,] 28528 --- [main] [                                                 ] o.s.b.f.s.DefaultListableBeanFactory     : Creating shared instance of singleton bean 'org.springframework.transaction.config.internalTransactionalEventListenerFactory'
2024-10-18T18:55:10.724+03:00 DEBUG [,,] 28528 --- [main] [                                                 ] o.s.b.f.s.DefaultListableBeanFactory     : Creating shared instance of singleton bean 'org.springframework.context.annotation.internalAutowiredAnnotationProcessor'
2024-10-18T18:55:10.725+03:00 DEBUG [,,] 28528 --- [main] [                                                 ] o.s.b.f.s.DefaultListableBeanFactory     : Creating shared instance of singleton bean 'org.springframework.context.annotation.internalCommonAnnotationProcessor'
2024-10-18T18:55:10.727+03:00 DEBUG [,,] 28528 --- [main] [                                                 ] o.s.b.f.s.DefaultListableBeanFactory     : Creating shared instance of singleton bean 'org.springframework.context.annotation.internalPersistenceAnnotationProcessor'
2024-10-18T18:55:10.727+03:00 DEBUG [,,] 28528 --- [main] [                                                 ] o.s.b.f.s.DefaultListableBeanFactory     : Creating shared instance of singleton bean 'org.springframework.boot.context.properties.ConfigurationPropertiesBindingPostProcessor'
2024-10-18T18:55:10.727+03:00 DEBUG [,,] 28528 --- [main] [                                                 ] o.s.b.f.s.DefaultListableBeanFactory     : Creating shared instance of singleton bean 'org.springframework.boot.context.internalConfigurationPropertiesBinder'
2024-10-18T18:55:10.729+03:00 DEBUG [,,] 28528 --- [main] [                                                 ] o.s.b.f.s.DefaultListableBeanFactory     : Creating shared instance of singleton bean 'jdbcConnectionDetailsHikariBeanPostProcessor'
2024-10-18T18:55:10.731+03:00 DEBUG [,,] 28528 --- [main] [                                                 ] o.s.b.f.s.DefaultListableBeanFactory     : Creating shared instance of singleton bean 'org.springframework.aop.config.internalAutoProxyCreator'
2024-10-18T18:55:10.741+03:00 DEBUG [,,] 28528 --- [main] [                                                 ] o.s.b.f.s.DefaultListableBeanFactory     : Creating shared instance of singleton bean 'persistenceExceptionTranslationPostProcessor'
2024-10-18T18:55:10.747+03:00 DEBUG [,,] 28528 --- [main] [                                                 ] o.s.b.f.s.DefaultListableBeanFactory     : Autowiring by type from bean name 'persistenceExceptionTranslationPostProcessor' via factory method to bean named 'environment'
2024-10-18T18:55:10.749+03:00 DEBUG [,,] 28528 --- [main] [                                                 ] o.s.b.f.s.DefaultListableBeanFactory     : Creating shared instance of singleton bean 'webServerFactoryCustomizerBeanPostProcessor'
2024-10-18T18:55:10.749+03:00 DEBUG [,,] 28528 --- [main] [                                                 ] o.s.b.f.s.DefaultListableBeanFactory     : Creating shared instance of singleton bean 'errorPageRegistrarBeanPostProcessor'
2024-10-18T18:55:10.750+03:00 DEBUG [,,] 28528 --- [main] [                                                 ] o.s.b.f.s.DefaultListableBeanFactory     : Creating shared instance of singleton bean 'healthEndpointGroupsBeanPostProcessor'
2024-10-18T18:55:10.751+03:00 DEBUG [,,] 28528 --- [main] [                                                 ] o.s.b.f.s.DefaultListableBeanFactory     : Creating shared instance of singleton bean 'org.springframework.transaction.config.internalTransactionAdvisor'
2024-10-18T18:55:10.751+03:00 DEBUG [,,] 28528 --- [main] [                                                 ] o.s.b.f.s.DefaultListableBeanFactory     : Creating shared instance of singleton bean 'org.springframework.transaction.annotation.ProxyTransactionManagementConfiguration'
2024-10-18T18:55:10.768+03:00 DEBUG [,,] 28528 --- [main] [                                                 ] .s.a.a.a.ReflectiveAspectJAdvisorFactory : Found AspectJ method: public java.lang.Object io.micrometer.observation.aop.ObservedAspect.observeClass(org.aspectj.lang.ProceedingJoinPoint) throws java.lang.Throwable
2024-10-18T18:55:10.768+03:00 DEBUG [,,] 28528 --- [main] [                                                 ] .s.a.a.a.ReflectiveAspectJAdvisorFactory : Found AspectJ method: public java.lang.Object io.micrometer.observation.aop.ObservedAspect.observeMethod(org.aspectj.lang.ProceedingJoinPoint) throws java.lang.Throwable
2024-10-18T18:55:10.830+03:00 DEBUG [,,] 28528 --- [main] [                                                 ] o.s.b.f.s.DefaultListableBeanFactory     : Creating shared instance of singleton bean 'transactionAttributeSource'
2024-10-18T18:55:10.835+03:00 DEBUG [,,] 28528 --- [main] [                                                 ] o.s.b.f.s.DefaultListableBeanFactory     : Creating shared instance of singleton bean 'transactionInterceptor'
2024-10-18T18:55:10.836+03:00 DEBUG [,,] 28528 --- [main] [                                                 ] o.s.b.f.s.DefaultListableBeanFactory     : Autowiring by type from bean name 'transactionInterceptor' via factory method to bean named 'transactionAttributeSource'
2024-10-18T18:55:10.838+03:00 DEBUG [,,] 28528 --- [main] [                                                 ] o.s.b.f.s.DefaultListableBeanFactory     : Autowiring by type from bean name 'org.springframework.transaction.config.internalTransactionAdvisor' via factory method to bean named 'transactionAttributeSource'
2024-10-18T18:55:10.838+03:00 DEBUG [,,] 28528 --- [main] [                                                 ] o.s.b.f.s.DefaultListableBeanFactory     : Autowiring by type from bean name 'org.springframework.transaction.config.internalTransactionAdvisor' via factory method to bean named 'transactionInterceptor'
2024-10-18T18:55:10.842+03:00 DEBUG [,,] 28528 --- [main] [                                                 ] o.s.b.f.s.DefaultListableBeanFactory     : Creating shared instance of singleton bean 'meterRegistryPostProcessor'
2024-10-18T18:55:10.842+03:00 DEBUG [,,] 28528 --- [main] [                                                 ] o.s.b.f.s.DefaultListableBeanFactory     : Autowiring by type from bean name 'meterRegistryPostProcessor' via factory method to bean named 'org.springframework.boot.web.servlet.context.AnnotationConfigServletWebServerApplicationContext@3a3e4aff'
2024-10-18T18:55:10.845+03:00 DEBUG [,,] 28528 --- [main] [                                                 ] o.s.b.f.s.DefaultListableBeanFactory     : Creating shared instance of singleton bean 'metricsRepositoryMethodInvocationListenerBeanPostProcessor'
2024-10-18T18:55:10.846+03:00 DEBUG [,,] 28528 --- [main] [                                                 ] o.s.b.f.s.DefaultListableBeanFactory     : Creating shared instance of singleton bean 'observationRegistryPostProcessor'
2024-10-18T18:55:10.849+03:00 DEBUG [,,] 28528 --- [main] [                                                 ] o.s.b.f.s.DefaultListableBeanFactory     : Creating shared instance of singleton bean 'projectingArgumentResolverBeanPostProcessor'
2024-10-18T18:55:10.859+03:00 DEBUG [,,] 28528 --- [main] [                                                 ] o.s.u.c.s.UiApplicationContextUtils      : Unable to locate ThemeSource with name 'themeSource': using default [org.springframework.ui.context.support.ResourceBundleThemeSource@374c40ba]
2024-10-18T18:55:10.860+03:00 DEBUG [,,] 28528 --- [main] [                                                 ] o.s.b.f.s.DefaultListableBeanFactory     : Creating shared instance of singleton bean 'tomcatServletWebServerFactory'
2024-10-18T18:55:10.860+03:00 DEBUG [,,] 28528 --- [main] [                                                 ] o.s.b.f.s.DefaultListableBeanFactory     : Creating shared instance of singleton bean 'org.springframework.boot.autoconfigure.web.servlet.ServletWebServerFactoryConfiguration$EmbeddedTomcat'
2024-10-18T18:55:10.877+03:00 DEBUG [,,] 28528 --- [main] [                                                 ] o.a.catalina.core.AprLifecycleListener   : The Apache Tomcat Native library could not be found using names [tcnative-2, libtcnative-2, tcnative-1, libtcnative-1] on the java.library.path [C:\Program Files\Java\jdk-17\bin;C:\Windows\Sun\Java\bin;C:\Windows\system32;C:\Windows;C:\Python311\Scripts\;C:\Python311\;C:\Program Files\Common Files\Oracle\Java\javapath;C:\Windows\system32;C:\Windows;C:\Windows\System32\Wbem;C:\Windows\System32\WindowsPowerShell\v1.0\;C:\Windows\System32\OpenSSH\;C:\Program Files (x86)\GitExtensions\;C:\ProgramData\chocolatey\bin;C:\Program Files\nodejs\;C:\Program Files\Git\cmd;C:\Program Files\Microsoft SQL Server\150\Tools\Binn\;C:\Program Files\Microsoft SQL Server\Client SDK\ODBC\170\Tools\Binn\;C:\Program Files\dotnet\;C:\Program Files (x86)\Windows Kits\10\Windows Performance Toolkit\;C:\Program Files (x86)\NVIDIA Corporation\PhysX\Common;C:\Program Files\NVIDIA Corporation\NVIDIA NvDLISR;C:\Program Files\PuTTY\;C:\Program Files\Docker\Docker\resources\bin;C:\Program Files\Java\apache-maven-3.9.9\bin;C:\Users\denis\.console-ninja\.bin;C:\Users\denis\AppData\Local\Microsoft\WindowsApps;C:\Program Files\JetBrains\IntelliJ IDEA 2023.2.1\bin;C:\Program Files\JetBrains\WebStorm 2023.2\bin;C:\Program Files\JetBrains\DataGrip 2023.2.1\bin;C:\Users\denis\AppData\Local\Programs\Microsoft VS Code\bin;C:\Users\denis\AppData\Roaming\npm;C:\Program Files\JetBrains\PyCharm 2023.2.4\bin;C:\Users\denis\.dotnet\tools;C:\Users\denis\AppData\Local\JetBrains\Toolbox\scripts;C:\Users\denis\AppData\Local\gitkraken\bin;C:\Program Files\Java\apache-maven-3.9.9\bin;;.]. The errors reported were [Can't load library: C:\Users\denis\OneDrive\Desktop\myCode\kibana_deploy_template\bin\tcnative-2.dll, Can't load library: C:\Users\denis\OneDrive\Desktop\myCode\kibana_deploy_template\bin\libtcnative-2.dll, Can't load library: C:\Users\denis\OneDrive\Desktop\myCode\kibana_deploy_template\bin\tcnative-1.dll, Can't load library: C:\Users\denis\OneDrive\Desktop\myCode\kibana_deploy_template\bin\libtcnative-1.dll, no tcnative-2 in java.library.path: C:\Program Files\Java\jdk-17\bin;C:\Windows\Sun\Java\bin;C:\Windows\system32;C:\Windows;C:\Python311\Scripts\;C:\Python311\;C:\Program Files\Common Files\Oracle\Java\javapath;C:\Windows\system32;C:\Windows;C:\Windows\System32\Wbem;C:\Windows\System32\WindowsPowerShell\v1.0\;C:\Windows\System32\OpenSSH\;C:\Program Files (x86)\GitExtensions\;C:\ProgramData\chocolatey\bin;C:\Program Files\nodejs\;C:\Program Files\Git\cmd;C:\Program Files\Microsoft SQL Server\150\Tools\Binn\;C:\Program Files\Microsoft SQL Server\Client SDK\ODBC\170\Tools\Binn\;C:\Program Files\dotnet\;C:\Program Files (x86)\Windows Kits\10\Windows Performance Toolkit\;C:\Program Files (x86)\NVIDIA Corporation\PhysX\Common;C:\Program Files\NVIDIA Corporation\NVIDIA NvDLISR;C:\Program Files\PuTTY\;C:\Program Files\Docker\Docker\resources\bin;C:\Program Files\Java\apache-maven-3.9.9\bin;C:\Users\denis\.console-ninja\.bin;C:\Users\denis\AppData\Local\Microsoft\WindowsApps;C:\Program Files\JetBrains\IntelliJ IDEA 2023.2.1\bin;C:\Program Files\JetBrains\WebStorm 2023.2\bin;C:\Program Files\JetBrains\DataGrip 2023.2.1\bin;C:\Users\denis\AppData\Local\Programs\Microsoft VS Code\bin;C:\Users\denis\AppData\Roaming\npm;C:\Program Files\JetBrains\PyCharm 2023.2.4\bin;C:\Users\denis\.dotnet\tools;C:\Users\denis\AppData\Local\JetBrains\Toolbox\scripts;C:\Users\denis\AppData\Local\gitkraken\bin;C:\Program Files\Java\apache-maven-3.9.9\bin;;., no libtcnative-2 in java.library.path: C:\Program Files\Java\jdk-17\bin;C:\Windows\Sun\Java\bin;C:\Windows\system32;C:\Windows;C:\Python311\Scripts\;C:\Python311\;C:\Program Files\Common Files\Oracle\Java\javapath;C:\Windows\system32;C:\Windows;C:\Windows\System32\Wbem;C:\Windows\System32\WindowsPowerShell\v1.0\;C:\Windows\System32\OpenSSH\;C:\Program Files (x86)\GitExtensions\;C:\ProgramData\chocolatey\bin;C:\Program Files\nodejs\;C:\Program Files\Git\cmd;C:\Program Files\Microsoft SQL Server\150\Tools\Binn\;C:\Program Files\Microsoft SQL Server\Client SDK\ODBC\170\Tools\Binn\;C:\Program Files\dotnet\;C:\Program Files (x86)\Windows Kits\10\Windows Performance Toolkit\;C:\Program Files (x86)\NVIDIA Corporation\PhysX\Common;C:\Program Files\NVIDIA Corporation\NVIDIA NvDLISR;C:\Program Files\PuTTY\;C:\Program Files\Docker\Docker\resources\bin;C:\Program Files\Java\apache-maven-3.9.9\bin;C:\Users\denis\.console-ninja\.bin;C:\Users\denis\AppData\Local\Microsoft\WindowsApps;C:\Program Files\JetBrains\IntelliJ IDEA 2023.2.1\bin;C:\Program Files\JetBrains\WebStorm 2023.2\bin;C:\Program Files\JetBrains\DataGrip 2023.2.1\bin;C:\Users\denis\AppData\Local\Programs\Microsoft VS Code\bin;C:\Users\denis\AppData\Roaming\npm;C:\Program Files\JetBrains\PyCharm 2023.2.4\bin;C:\Users\denis\.dotnet\tools;C:\Users\denis\AppData\Local\JetBrains\Toolbox\scripts;C:\Users\denis\AppData\Local\gitkraken\bin;C:\Program Files\Java\apache-maven-3.9.9\bin;;., no tcnative-1 in java.library.path: C:\Program Files\Java\jdk-17\bin;C:\Windows\Sun\Java\bin;C:\Windows\system32;C:\Windows;C:\Python311\Scripts\;C:\Python311\;C:\Program Files\Common Files\Oracle\Java\javapath;C:\Windows\system32;C:\Windows;C:\Windows\System32\Wbem;C:\Windows\System32\WindowsPowerShell\v1.0\;C:\Windows\System32\OpenSSH\;C:\Program Files (x86)\GitExtensions\;C:\ProgramData\chocolatey\bin;C:\Program Files\nodejs\;C:\Program Files\Git\cmd;C:\Program Files\Microsoft SQL Server\150\Tools\Binn\;C:\Program Files\Microsoft SQL Server\Client SDK\ODBC\170\Tools\Binn\;C:\Program Files\dotnet\;C:\Program Files (x86)\Windows Kits\10\Windows Performance Toolkit\;C:\Program Files (x86)\NVIDIA Corporation\PhysX\Common;C:\Program Files\NVIDIA Corporation\NVIDIA NvDLISR;C:\Program Files\PuTTY\;C:\Program Files\Docker\Docker\resources\bin;C:\Program Files\Java\apache-maven-3.9.9\bin;C:\Users\denis\.console-ninja\.bin;C:\Users\denis\AppData\Local\Microsoft\WindowsApps;C:\Program Files\JetBrains\IntelliJ IDEA 2023.2.1\bin;C:\Program Files\JetBrains\WebStorm 2023.2\bin;C:\Program Files\JetBrains\DataGrip 2023.2.1\bin;C:\Users\denis\AppData\Local\Programs\Microsoft VS Code\bin;C:\Users\denis\AppData\Roaming\npm;C:\Program Files\JetBrains\PyCharm 2023.2.4\bin;C:\Users\denis\.dotnet\tools;C:\Users\denis\AppData\Local\JetBrains\Toolbox\scripts;C:\Users\denis\AppData\Local\gitkraken\bin;C:\Program Files\Java\apache-maven-3.9.9\bin;;., no libtcnative-1 in java.library.path: C:\Program Files\Java\jdk-17\bin;C:\Windows\Sun\Java\bin;C:\Windows\system32;C:\Windows;C:\Python311\Scripts\;C:\Python311\;C:\Program Files\Common Files\Oracle\Java\javapath;C:\Windows\system32;C:\Windows;C:\Windows\System32\Wbem;C:\Windows\System32\WindowsPowerShell\v1.0\;C:\Windows\System32\OpenSSH\;C:\Program Files (x86)\GitExtensions\;C:\ProgramData\chocolatey\bin;C:\Program Files\nodejs\;C:\Program Files\Git\cmd;C:\Program Files\Microsoft SQL Server\150\Tools\Binn\;C:\Program Files\Microsoft SQL Server\Client SDK\ODBC\170\Tools\Binn\;C:\Program Files\dotnet\;C:\Program Files (x86)\Windows Kits\10\Windows Performance Toolkit\;C:\Program Files (x86)\NVIDIA Corporation\PhysX\Common;C:\Program Files\NVIDIA Corporation\NVIDIA NvDLISR;C:\Program Files\PuTTY\;C:\Program Files\Docker\Docker\resources\bin;C:\Program Files\Java\apache-maven-3.9.9\bin;C:\Users\denis\.console-ninja\.bin;C:\Users\denis\AppData\Local\Microsoft\WindowsApps;C:\Program Files\JetBrains\IntelliJ IDEA 2023.2.1\bin;C:\Program Files\JetBrains\WebStorm 2023.2\bin;C:\Program Files\JetBrains\DataGrip 2023.2.1\bin;C:\Users\denis\AppData\Local\Programs\Microsoft VS Code\bin;C:\Users\denis\AppData\Roaming\npm;C:\Program Files\JetBrains\PyCharm 2023.2.4\bin;C:\Users\denis\.dotnet\tools;C:\Users\denis\AppData\Local\JetBrains\Toolbox\scripts;C:\Users\denis\AppData\Local\gitkraken\bin;C:\Program Files\Java\apache-maven-3.9.9\bin;;.]

org.apache.tomcat.jni.LibraryNotFoundError: Can't load library: C:\Users\denis\OneDrive\Desktop\myCode\kibana_deploy_template\bin\tcnative-2.dll, Can't load library: C:\Users\denis\OneDrive\Desktop\myCode\kibana_deploy_template\bin\libtcnative-2.dll, Can't load library: C:\Users\denis\OneDrive\Desktop\myCode\kibana_deploy_template\bin\tcnative-1.dll, Can't load library: C:\Users\denis\OneDrive\Desktop\myCode\kibana_deploy_template\bin\libtcnative-1.dll, no tcnative-2 in java.library.path: C:\Program Files\Java\jdk-17\bin;C:\Windows\Sun\Java\bin;C:\Windows\system32;C:\Windows;C:\Python311\Scripts\;C:\Python311\;C:\Program Files\Common Files\Oracle\Java\javapath;C:\Windows\system32;C:\Windows;C:\Windows\System32\Wbem;C:\Windows\System32\WindowsPowerShell\v1.0\;C:\Windows\System32\OpenSSH\;C:\Program Files (x86)\GitExtensions\;C:\ProgramData\chocolatey\bin;C:\Program Files\nodejs\;C:\Program Files\Git\cmd;C:\Program Files\Microsoft SQL Server\150\Tools\Binn\;C:\Program Files\Microsoft SQL Server\Client SDK\ODBC\170\Tools\Binn\;C:\Program Files\dotnet\;C:\Program Files (x86)\Windows Kits\10\Windows Performance Toolkit\;C:\Program Files (x86)\NVIDIA Corporation\PhysX\Common;C:\Program Files\NVIDIA Corporation\NVIDIA NvDLISR;C:\Program Files\PuTTY\;C:\Program Files\Docker\Docker\resources\bin;C:\Program Files\Java\apache-maven-3.9.9\bin;C:\Users\denis\.console-ninja\.bin;C:\Users\denis\AppData\Local\Microsoft\WindowsApps;C:\Program Files\JetBrains\IntelliJ IDEA 2023.2.1\bin;C:\Program Files\JetBrains\WebStorm 2023.2\bin;C:\Program Files\JetBrains\DataGrip 2023.2.1\bin;C:\Users\denis\AppData\Local\Programs\Microsoft VS Code\bin;C:\Users\denis\AppData\Roaming\npm;C:\Program Files\JetBrains\PyCharm 2023.2.4\bin;C:\Users\denis\.dotnet\tools;C:\Users\denis\AppData\Local\JetBrains\Toolbox\scripts;C:\Users\denis\AppData\Local\gitkraken\bin;C:\Program Files\Java\apache-maven-3.9.9\bin;;., no libtcnative-2 in java.library.path: C:\Program Files\Java\jdk-17\bin;C:\Windows\Sun\Java\bin;C:\Windows\system32;C:\Windows;C:\Python311\Scripts\;C:\Python311\;C:\Program Files\Common Files\Oracle\Java\javapath;C:\Windows\system32;C:\Windows;C:\Windows\System32\Wbem;C:\Windows\System32\WindowsPowerShell\v1.0\;C:\Windows\System32\OpenSSH\;C:\Program Files (x86)\GitExtensions\;C:\ProgramData\chocolatey\bin;C:\Program Files\nodejs\;C:\Program Files\Git\cmd;C:\Program Files\Microsoft SQL Server\150\Tools\Binn\;C:\Program Files\Microsoft SQL Server\Client SDK\ODBC\170\Tools\Binn\;C:\Program Files\dotnet\;C:\Program Files (x86)\Windows Kits\10\Windows Performance Toolkit\;C:\Program Files (x86)\NVIDIA Corporation\PhysX\Common;C:\Program Files\NVIDIA Corporation\NVIDIA NvDLISR;C:\Program Files\PuTTY\;C:\Program Files\Docker\Docker\resources\bin;C:\Program Files\Java\apache-maven-3.9.9\bin;C:\Users\denis\.console-ninja\.bin;C:\Users\denis\AppData\Local\Microsoft\WindowsApps;C:\Program Files\JetBrains\IntelliJ IDEA 2023.2.1\bin;C:\Program Files\JetBrains\WebStorm 2023.2\bin;C:\Program Files\JetBrains\DataGrip 2023.2.1\bin;C:\Users\denis\AppData\Local\Programs\Microsoft VS Code\bin;C:\Users\denis\AppData\Roaming\npm;C:\Program Files\JetBrains\PyCharm 2023.2.4\bin;C:\Users\denis\.dotnet\tools;C:\Users\denis\AppData\Local\JetBrains\Toolbox\scripts;C:\Users\denis\AppData\Local\gitkraken\bin;C:\Program Files\Java\apache-maven-3.9.9\bin;;., no tcnative-1 in java.library.path: C:\Program Files\Java\jdk-17\bin;C:\Windows\Sun\Java\bin;C:\Windows\system32;C:\Windows;C:\Python311\Scripts\;C:\Python311\;C:\Program Files\Common Files\Oracle\Java\javapath;C:\Windows\system32;C:\Windows;C:\Windows\System32\Wbem;C:\Windows\System32\WindowsPowerShell\v1.0\;C:\Windows\System32\OpenSSH\;C:\Program Files (x86)\GitExtensions\;C:\ProgramData\chocolatey\bin;C:\Program Files\nodejs\;C:\Program Files\Git\cmd;C:\Program Files\Microsoft SQL Server\150\Tools\Binn\;C:\Program Files\Microsoft SQL Server\Client SDK\ODBC\170\Tools\Binn\;C:\Program Files\dotnet\;C:\Program Files (x86)\Windows Kits\10\Windows Performance Toolkit\;C:\Program Files (x86)\NVIDIA Corporation\PhysX\Common;C:\Program Files\NVIDIA Corporation\NVIDIA NvDLISR;C:\Program Files\PuTTY\;C:\Program Files\Docker\Docker\resources\bin;C:\Program Files\Java\apache-maven-3.9.9\bin;C:\Users\denis\.console-ninja\.bin;C:\Users\denis\AppData\Local\Microsoft\WindowsApps;C:\Program Files\JetBrains\IntelliJ IDEA 2023.2.1\bin;C:\Program Files\JetBrains\WebStorm 2023.2\bin;C:\Program Files\JetBrains\DataGrip 2023.2.1\bin;C:\Users\denis\AppData\Local\Programs\Microsoft VS Code\bin;C:\Users\denis\AppData\Roaming\npm;C:\Program Files\JetBrains\PyCharm 2023.2.4\bin;C:\Users\denis\.dotnet\tools;C:\Users\denis\AppData\Local\JetBrains\Toolbox\scripts;C:\Users\denis\AppData\Local\gitkraken\bin;C:\Program Files\Java\apache-maven-3.9.9\bin;;., no libtcnative-1 in java.library.path: C:\Program Files\Java\jdk-17\bin;C:\Windows\Sun\Java\bin;C:\Windows\system32;C:\Windows;C:\Python311\Scripts\;C:\Python311\;C:\Program Files\Common Files\Oracle\Java\javapath;C:\Windows\system32;C:\Windows;C:\Windows\System32\Wbem;C:\Windows\System32\WindowsPowerShell\v1.0\;C:\Windows\System32\OpenSSH\;C:\Program Files (x86)\GitExtensions\;C:\ProgramData\chocolatey\bin;C:\Program Files\nodejs\;C:\Program Files\Git\cmd;C:\Program Files\Microsoft SQL Server\150\Tools\Binn\;C:\Program Files\Microsoft SQL Server\Client SDK\ODBC\170\Tools\Binn\;C:\Program Files\dotnet\;C:\Program Files (x86)\Windows Kits\10\Windows Performance Toolkit\;C:\Program Files (x86)\NVIDIA Corporation\PhysX\Common;C:\Program Files\NVIDIA Corporation\NVIDIA NvDLISR;C:\Program Files\PuTTY\;C:\Program Files\Docker\Docker\resources\bin;C:\Program Files\Java\apache-maven-3.9.9\bin;C:\Users\denis\.console-ninja\.bin;C:\Users\denis\AppData\Local\Microsoft\WindowsApps;C:\Program Files\JetBrains\IntelliJ IDEA 2023.2.1\bin;C:\Program Files\JetBrains\WebStorm 2023.2\bin;C:\Program Files\JetBrains\DataGrip 2023.2.1\bin;C:\Users\denis\AppData\Local\Programs\Microsoft VS Code\bin;C:\Users\denis\AppData\Roaming\npm;C:\Program Files\JetBrains\PyCharm 2023.2.4\bin;C:\Users\denis\.dotnet\tools;C:\Users\denis\AppData\Local\JetBrains\Toolbox\scripts;C:\Users\denis\AppData\Local\gitkraken\bin;C:\Program Files\Java\apache-maven-3.9.9\bin;;.
	at org.apache.tomcat.jni.Library.<init>(Library.java:91) ~[tomcat-embed-core-10.1.30.jar:10.1.30]
	at org.apache.tomcat.jni.Library.initialize(Library.java:147) ~[tomcat-embed-core-10.1.30.jar:10.1.30]
	at org.apache.catalina.core.AprLifecycleListener.init(AprLifecycleListener.java:209) ~[tomcat-embed-core-10.1.30.jar:10.1.30]
	at org.apache.catalina.core.AprLifecycleListener.isAprAvailable(AprLifecycleListener.java:113) ~[tomcat-embed-core-10.1.30.jar:10.1.30]
	at org.springframework.boot.web.embedded.tomcat.TomcatServletWebServerFactory.getDefaultServerLifecycleListeners(TomcatServletWebServerFactory.java:191) ~[spring-boot-3.3.4.jar:3.3.4]
	at org.springframework.boot.web.embedded.tomcat.TomcatServletWebServerFactory.<init>(TomcatServletWebServerFactory.java:138) ~[spring-boot-3.3.4.jar:3.3.4]
	at org.springframework.boot.autoconfigure.web.servlet.ServletWebServerFactoryConfiguration$EmbeddedTomcat.tomcatServletWebServerFactory(ServletWebServerFactoryConfiguration.java:73) ~[spring-boot-autoconfigure-3.3.4.jar:3.3.4]
	at java.base/jdk.internal.reflect.NativeMethodAccessorImpl.invoke0(Native Method) ~[na:na]
	at java.base/jdk.internal.reflect.NativeMethodAccessorImpl.invoke(NativeMethodAccessorImpl.java:77) ~[na:na]
	at java.base/jdk.internal.reflect.DelegatingMethodAccessorImpl.invoke(DelegatingMethodAccessorImpl.java:43) ~[na:na]
	at java.base/java.lang.reflect.Method.invoke(Method.java:568) ~[na:na]
	at org.springframework.beans.factory.support.SimpleInstantiationStrategy.instantiate(SimpleInstantiationStrategy.java:146) ~[spring-beans-6.1.13.jar:6.1.13]
	at org.springframework.beans.factory.support.ConstructorResolver.instantiate(ConstructorResolver.java:644) ~[spring-beans-6.1.13.jar:6.1.13]
	at org.springframework.beans.factory.support.ConstructorResolver.instantiateUsingFactoryMethod(ConstructorResolver.java:636) ~[spring-beans-6.1.13.jar:6.1.13]
	at org.springframework.beans.factory.support.AbstractAutowireCapableBeanFactory.instantiateUsingFactoryMethod(AbstractAutowireCapableBeanFactory.java:1355) ~[spring-beans-6.1.13.jar:6.1.13]
	at org.springframework.beans.factory.support.AbstractAutowireCapableBeanFactory.createBeanInstance(AbstractAutowireCapableBeanFactory.java:1185) ~[spring-beans-6.1.13.jar:6.1.13]
	at org.springframework.beans.factory.support.AbstractAutowireCapableBeanFactory.doCreateBean(AbstractAutowireCapableBeanFactory.java:562) ~[spring-beans-6.1.13.jar:6.1.13]
	at org.springframework.beans.factory.support.AbstractAutowireCapableBeanFactory.createBean(AbstractAutowireCapableBeanFactory.java:522) ~[spring-beans-6.1.13.jar:6.1.13]
	at org.springframework.beans.factory.support.AbstractBeanFactory.lambda$doGetBean$0(AbstractBeanFactory.java:337) ~[spring-beans-6.1.13.jar:6.1.13]
	at org.springframework.beans.factory.support.DefaultSingletonBeanRegistry.getSingleton(DefaultSingletonBeanRegistry.java:234) ~[spring-beans-6.1.13.jar:6.1.13]
	at org.springframework.beans.factory.support.AbstractBeanFactory.doGetBean(AbstractBeanFactory.java:335) ~[spring-beans-6.1.13.jar:6.1.13]
	at org.springframework.beans.factory.support.AbstractBeanFactory.getBean(AbstractBeanFactory.java:205) ~[spring-beans-6.1.13.jar:6.1.13]
	at org.springframework.boot.web.servlet.context.ServletWebServerApplicationContext.getWebServerFactory(ServletWebServerApplicationContext.java:223) ~[spring-boot-3.3.4.jar:3.3.4]
	at org.springframework.boot.web.servlet.context.ServletWebServerApplicationContext.createWebServer(ServletWebServerApplicationContext.java:186) ~[spring-boot-3.3.4.jar:3.3.4]
	at org.springframework.boot.web.servlet.context.ServletWebServerApplicationContext.onRefresh(ServletWebServerApplicationContext.java:162) ~[spring-boot-3.3.4.jar:3.3.4]
	at org.springframework.context.support.AbstractApplicationContext.refresh(AbstractApplicationContext.java:619) ~[spring-context-6.1.13.jar:6.1.13]
	at org.springframework.boot.web.servlet.context.ServletWebServerApplicationContext.refresh(ServletWebServerApplicationContext.java:146) ~[spring-boot-3.3.4.jar:3.3.4]
	at org.springframework.boot.SpringApplication.refresh(SpringApplication.java:754) ~[spring-boot-3.3.4.jar:3.3.4]
	at org.springframework.boot.SpringApplication.refreshContext(SpringApplication.java:456) ~[spring-boot-3.3.4.jar:3.3.4]
	at org.springframework.boot.SpringApplication.run(SpringApplication.java:335) ~[spring-boot-3.3.4.jar:3.3.4]
	at org.springframework.boot.SpringApplication.run(SpringApplication.java:1363) ~[spring-boot-3.3.4.jar:3.3.4]
	at org.springframework.boot.SpringApplication.run(SpringApplication.java:1352) ~[spring-boot-3.3.4.jar:3.3.4]
	at com.example.kibana_deploy_template.KibanaDeployTemplateApplication.main(KibanaDeployTemplateApplication.java:10) ~[classes/:na]

2024-10-18T18:55:10.886+03:00 DEBUG [,,] 28528 --- [main] [                                                 ] o.s.b.f.s.DefaultListableBeanFactory     : Creating shared instance of singleton bean 'websocketServletWebServerCustomizer'
2024-10-18T18:55:10.887+03:00 DEBUG [,,] 28528 --- [main] [                                                 ] o.s.b.f.s.DefaultListableBeanFactory     : Creating shared instance of singleton bean 'org.springframework.boot.autoconfigure.websocket.servlet.WebSocketServletAutoConfiguration$TomcatWebSocketConfiguration'
2024-10-18T18:55:10.889+03:00 DEBUG [,,] 28528 --- [main] [                                                 ] o.s.b.f.s.DefaultListableBeanFactory     : Creating shared instance of singleton bean 'servletWebServerFactoryCustomizer'
2024-10-18T18:55:10.889+03:00 DEBUG [,,] 28528 --- [main] [                                                 ] o.s.b.f.s.DefaultListableBeanFactory     : Creating shared instance of singleton bean 'org.springframework.boot.autoconfigure.web.servlet.ServletWebServerFactoryAutoConfiguration'
2024-10-18T18:55:10.891+03:00 DEBUG [,,] 28528 --- [main] [                                                 ] o.s.b.f.s.DefaultListableBeanFactory     : Creating shared instance of singleton bean 'server-org.springframework.boot.autoconfigure.web.ServerProperties'
2024-10-18T18:55:10.894+03:00 DEBUG [,,] 28528 --- [main] [                                                 ] o.s.b.f.s.DefaultListableBeanFactory     : Creating shared instance of singleton bean 'org.springframework.boot.context.properties.BoundConfigurationProperties'
2024-10-18T18:55:10.909+03:00 DEBUG [,,] 28528 --- [main] [                                                 ] o.s.b.f.s.DefaultListableBeanFactory     : Autowiring by type from bean name 'servletWebServerFactoryCustomizer' via factory method to bean named 'server-org.springframework.boot.autoconfigure.web.ServerProperties'
2024-10-18T18:55:10.911+03:00 DEBUG [,,] 28528 --- [main] [                                                 ] o.s.b.f.s.DefaultListableBeanFactory     : Creating shared instance of singleton bean 'sslBundleRegistry'
2024-10-18T18:55:10.911+03:00 DEBUG [,,] 28528 --- [main] [                                                 ] o.s.b.f.s.DefaultListableBeanFactory     : Creating shared instance of singleton bean 'org.springframework.boot.autoconfigure.ssl.SslAutoConfiguration'
2024-10-18T18:55:10.912+03:00 DEBUG [,,] 28528 --- [main] [                                                 ] o.s.b.f.s.DefaultListableBeanFactory     : Creating shared instance of singleton bean 'spring.ssl-org.springframework.boot.autoconfigure.ssl.SslProperties'
2024-10-18T18:55:10.914+03:00 DEBUG [,,] 28528 --- [main] [                                                 ] o.s.b.f.s.DefaultListableBeanFactory     : Autowiring by type from bean name 'org.springframework.boot.autoconfigure.ssl.SslAutoConfiguration' via constructor to bean named 'spring.ssl-org.springframework.boot.autoconfigure.ssl.SslProperties'
2024-10-18T18:55:10.915+03:00 DEBUG [,,] 28528 --- [main] [                                                 ] o.s.b.f.s.DefaultListableBeanFactory     : Creating shared instance of singleton bean 'sslPropertiesSslBundleRegistrar'
2024-10-18T18:55:10.916+03:00 DEBUG [,,] 28528 --- [main] [                                                 ] o.s.b.f.s.DefaultListableBeanFactory     : Creating shared instance of singleton bean 'fileWatcher'
2024-10-18T18:55:10.917+03:00 DEBUG [,,] 28528 --- [main] [                                                 ] o.s.b.f.s.DefaultListableBeanFactory     : Autowiring by type from bean name 'sslPropertiesSslBundleRegistrar' via factory method to bean named 'fileWatcher'
2024-10-18T18:55:10.924+03:00 DEBUG [,,] 28528 --- [main] [                                                 ] o.s.b.f.s.DefaultListableBeanFactory     : Creating shared instance of singleton bean 'tomcatServletWebServerFactoryCustomizer'
2024-10-18T18:55:10.925+03:00 DEBUG [,,] 28528 --- [main] [                                                 ] o.s.b.f.s.DefaultListableBeanFactory     : Autowiring by type from bean name 'tomcatServletWebServerFactoryCustomizer' via factory method to bean named 'server-org.springframework.boot.autoconfigure.web.ServerProperties'
2024-10-18T18:55:10.927+03:00 DEBUG [,,] 28528 --- [main] [                                                 ] o.s.b.f.s.DefaultListableBeanFactory     : Creating shared instance of singleton bean 'tomcatWebServerFactoryCustomizer'
2024-10-18T18:55:10.927+03:00 DEBUG [,,] 28528 --- [main] [                                                 ] o.s.b.f.s.DefaultListableBeanFactory     : Creating shared instance of singleton bean 'org.springframework.boot.autoconfigure.web.embedded.EmbeddedWebServerFactoryCustomizerAutoConfiguration$TomcatWebServerFactoryCustomizerConfiguration'
2024-10-18T18:55:10.929+03:00 DEBUG [,,] 28528 --- [RMI TCP Connection(1)-192.168.0.104] [                                                 ] sun.rmi.transport.tcp                    : RMI TCP Connection(1)-192.168.0.104: (port 53105) op = 82
2024-10-18T18:55:10.929+03:00 DEBUG [,,] 28528 --- [main] [                                                 ] o.s.b.f.s.DefaultListableBeanFactory     : Autowiring by type from bean name 'tomcatWebServerFactoryCustomizer' via factory method to bean named 'environment'
2024-10-18T18:55:10.929+03:00 DEBUG [,,] 28528 --- [main] [                                                 ] o.s.b.f.s.DefaultListableBeanFactory     : Autowiring by type from bean name 'tomcatWebServerFactoryCustomizer' via factory method to bean named 'server-org.springframework.boot.autoconfigure.web.ServerProperties'
2024-10-18T18:55:10.929+03:00 DEBUG [,,] 28528 --- [RMI TCP Connection(1)-192.168.0.104] [                                                 ] sun.rmi.transport.tcp                    : RMI TCP Connection(1)-192.168.0.104: (port 53105) op = 80
2024-10-18T18:55:10.930+03:00 DEBUG [,,] 28528 --- [RMI TCP Connection(1)-192.168.0.104] [                                                 ] sun.rmi.transport.tcp                    : RMI TCP Connection(1)-192.168.0.104: (port 53105) op = 82
2024-10-18T18:55:10.931+03:00 DEBUG [,,] 28528 --- [RMI TCP Connection(1)-192.168.0.104] [                                                 ] sun.rmi.transport.tcp                    : RMI TCP Connection(1)-192.168.0.104: (port 53105) op = 80
2024-10-18T18:55:10.931+03:00 DEBUG [,,] 28528 --- [RMI TCP Connection(1)-192.168.0.104] [                                                 ] sun.rmi.loader                           : RMI TCP Connection(1)-192.168.0.104: name = "[Ljava.rmi.server.ObjID;", codebase = "", defaultLoader = jdk.internal.loader.ClassLoaders$PlatformClassLoader@61537909
2024-10-18T18:55:10.931+03:00 DEBUG [,,] 28528 --- [RMI TCP Connection(1)-192.168.0.104] [                                                 ] sun.rmi.loader                           : RMI TCP Connection(1)-192.168.0.104: name = "java.rmi.server.ObjID", codebase = "", defaultLoader = jdk.internal.loader.ClassLoaders$PlatformClassLoader@61537909
2024-10-18T18:55:10.931+03:00 DEBUG [,,] 28528 --- [RMI TCP Connection(1)-192.168.0.104] [                                                 ] sun.rmi.loader                           : RMI TCP Connection(1)-192.168.0.104: name = "java.rmi.server.UID", codebase = "", defaultLoader = jdk.internal.loader.ClassLoaders$PlatformClassLoader@61537909
2024-10-18T18:55:10.931+03:00 DEBUG [,,] 28528 --- [RMI TCP Connection(1)-192.168.0.104] [                                                 ] sun.rmi.loader                           : RMI TCP Connection(1)-192.168.0.104: name = "java.rmi.dgc.Lease", codebase = "", defaultLoader = jdk.internal.loader.ClassLoaders$PlatformClassLoader@61537909
2024-10-18T18:55:10.932+03:00 DEBUG [,,] 28528 --- [RMI TCP Connection(1)-192.168.0.104] [                                                 ] sun.rmi.loader                           : RMI TCP Connection(1)-192.168.0.104: name = "java.rmi.dgc.VMID", codebase = "", defaultLoader = jdk.internal.loader.ClassLoaders$PlatformClassLoader@61537909
2024-10-18T18:55:10.933+03:00 DEBUG [,,] 28528 --- [RMI TCP Connection(1)-192.168.0.104] [                                                 ] sun.rmi.loader                           : RMI TCP Connection(1)-192.168.0.104: name = "[B", codebase = "", defaultLoader = jdk.internal.loader.ClassLoaders$PlatformClassLoader@61537909
2024-10-18T18:55:10.933+03:00 DEBUG [,,] 28528 --- [RMI TCP Connection(1)-192.168.0.104] [                                                 ] sun.rmi.transport.tcp                    : RMI TCP Connection(1)-192.168.0.104: (port 53105) op = 82
2024-10-18T18:55:10.934+03:00 DEBUG [,,] 28528 --- [RMI TCP Connection(1)-192.168.0.104] [                                                 ] sun.rmi.transport.tcp                    : RMI TCP Connection(1)-192.168.0.104: (port 53105) op = 84
2024-10-18T18:55:10.934+03:00 DEBUG [,,] 28528 --- [RMI TCP Connection(1)-192.168.0.104] [                                                 ] sun.rmi.transport.tcp                    : RMI TCP Connection(1)-192.168.0.104: (port 53105) op = 82
2024-10-18T18:55:10.934+03:00 DEBUG [,,] 28528 --- [RMI TCP Connection(1)-192.168.0.104] [                                                 ] sun.rmi.transport.tcp                    : RMI TCP Connection(1)-192.168.0.104: (port 53105) op = 80
2024-10-18T18:55:10.935+03:00 DEBUG [,,] 28528 --- [RMI TCP Connection(1)-192.168.0.104] [                                                 ] sun.rmi.transport.tcp                    : RMI TCP Connection(1)-192.168.0.104: (port 53105) op = 82
2024-10-18T18:55:10.935+03:00 DEBUG [,,] 28528 --- [RMI TCP Connection(1)-192.168.0.104] [                                                 ] sun.rmi.transport.tcp                    : RMI TCP Connection(1)-192.168.0.104: (port 53105) op = 80
2024-10-18T18:55:10.935+03:00 DEBUG [,,] 28528 --- [RMI TCP Connection(1)-192.168.0.104] [                                                 ] sun.rmi.loader                           : RMI TCP Connection(1)-192.168.0.104: name = "javax.management.ObjectName", codebase = ""
2024-10-18T18:55:10.935+03:00 DEBUG [,,] 28528 --- [main] [                                                 ] o.s.b.f.s.DefaultListableBeanFactory     : Creating shared instance of singleton bean 'localeCharsetMappingsCustomizer'
2024-10-18T18:55:10.935+03:00 DEBUG [,,] 28528 --- [RMI TCP Connection(1)-192.168.0.104] [                                                 ] javax.management.remote.rmi              : connectionId=rmi://192.168.0.104  2, name=org.springframework.boot:type=Admin,name=SpringApplication, attribute=Ready
2024-10-18T18:55:10.936+03:00 DEBUG [,,] 28528 --- [main] [                                                 ] o.s.b.f.s.DefaultListableBeanFactory     : Creating shared instance of singleton bean 'org.springframework.boot.autoconfigure.web.servlet.HttpEncodingAutoConfiguration'
2024-10-18T18:55:10.936+03:00 DEBUG [,,] 28528 --- [RMI TCP Connection(1)-192.168.0.104] [                                                 ] sun.rmi.server.call                      : RMI TCP Connection(1)-192.168.0.104: [192.168.0.104] exception: 

javax.management.InstanceNotFoundException: org.springframework.boot:type=Admin,name=SpringApplication
	at java.management/com.sun.jmx.interceptor.DefaultMBeanServerInterceptor.getMBean(DefaultMBeanServerInterceptor.java:1088) ~[na:na]
	at java.management/com.sun.jmx.interceptor.DefaultMBeanServerInterceptor.getAttribute(DefaultMBeanServerInterceptor.java:640) ~[na:na]
	at java.management/com.sun.jmx.mbeanserver.JmxMBeanServer.getAttribute(JmxMBeanServer.java:679) ~[na:na]
	at java.management.rmi/javax.management.remote.rmi.RMIConnectionImpl.doOperation(RMIConnectionImpl.java:1449) ~[na:na]
	at java.management.rmi/javax.management.remote.rmi.RMIConnectionImpl$PrivilegedOperation.run(RMIConnectionImpl.java:1310) ~[na:na]
	at java.management.rmi/javax.management.remote.rmi.RMIConnectionImpl.doPrivilegedOperation(RMIConnectionImpl.java:1405) ~[na:na]
	at java.management.rmi/javax.management.remote.rmi.RMIConnectionImpl.getAttribute(RMIConnectionImpl.java:639) ~[na:na]
	at java.base/jdk.internal.reflect.NativeMethodAccessorImpl.invoke0(Native Method) ~[na:na]
	at java.base/jdk.internal.reflect.NativeMethodAccessorImpl.invoke(NativeMethodAccessorImpl.java:77) ~[na:na]
	at java.base/jdk.internal.reflect.DelegatingMethodAccessorImpl.invoke(DelegatingMethodAccessorImpl.java:43) ~[na:na]
	at java.base/java.lang.reflect.Method.invoke(Method.java:568) ~[na:na]
	at java.rmi/sun.rmi.server.UnicastServerRef.dispatch(UnicastServerRef.java:360) ~[na:na]
	at java.rmi/sun.rmi.transport.Transport$1.run(Transport.java:200) ~[na:na]
	at java.rmi/sun.rmi.transport.Transport$1.run(Transport.java:197) ~[na:na]
	at java.base/java.security.AccessController.doPrivileged(AccessController.java:712) ~[na:na]
	at java.rmi/sun.rmi.transport.Transport.serviceCall(Transport.java:196) ~[na:na]
	at java.rmi/sun.rmi.transport.tcp.TCPTransport.handleMessages(TCPTransport.java:587) ~[na:na]
	at java.rmi/sun.rmi.transport.tcp.TCPTransport$ConnectionHandler.run0(TCPTransport.java:828) ~[na:na]
	at java.rmi/sun.rmi.transport.tcp.TCPTransport$ConnectionHandler.lambda$run$0(TCPTransport.java:705) ~[na:na]
	at java.base/java.security.AccessController.doPrivileged(AccessController.java:399) ~[na:na]
	at java.rmi/sun.rmi.transport.tcp.TCPTransport$ConnectionHandler.run(TCPTransport.java:704) ~[na:na]
	at java.base/java.util.concurrent.ThreadPoolExecutor.runWorker(ThreadPoolExecutor.java:1136) ~[na:na]
	at java.base/java.util.concurrent.ThreadPoolExecutor$Worker.run(ThreadPoolExecutor.java:635) ~[na:na]
	at java.base/java.lang.Thread.run(Thread.java:833) ~[na:na]

2024-10-18T18:55:10.936+03:00 DEBUG [,,] 28528 --- [main] [                                                 ] o.s.b.f.s.DefaultListableBeanFactory     : Autowiring by type from bean name 'org.springframework.boot.autoconfigure.web.servlet.HttpEncodingAutoConfiguration' via constructor to bean named 'server-org.springframework.boot.autoconfigure.web.ServerProperties'
2024-10-18T18:55:10.938+03:00 DEBUG [,,] 28528 --- [RMI TCP Connection(1)-192.168.0.104] [                                                 ] sun.rmi.transport.tcp                    : RMI TCP Connection(1)-192.168.0.104: (port 53105) op = 82
2024-10-18T18:55:10.938+03:00 DEBUG [,,] 28528 --- [RMI TCP Connection(1)-192.168.0.104] [                                                 ] sun.rmi.transport.tcp                    : RMI TCP Connection(1)-192.168.0.104: (port 53105) op = 80
2024-10-18T18:55:10.938+03:00 DEBUG [,,] 28528 --- [RMI TCP Connection(1)-192.168.0.104] [                                                 ] javax.management.remote.rmi              : [javax.management.remote.rmi.RMIConnectionImpl@79aca20e: connectionId=rmi://192.168.0.104  2] closing.
2024-10-18T18:55:10.939+03:00 DEBUG [,,] 28528 --- [RMI TCP Connection(1)-192.168.0.104] [                                                 ] javax.management.remote.rmi              : [javax.management.remote.rmi.RMIConnectionImpl@79aca20e: connectionId=rmi://192.168.0.104  2] closed.
2024-10-18T18:55:10.953+03:00 DEBUG [,,] 28528 --- [main] [                                                 ] o.s.b.f.s.DefaultListableBeanFactory     : Creating shared instance of singleton bean 'errorPageCustomizer'
2024-10-18T18:55:10.954+03:00 DEBUG [,,] 28528 --- [main] [                                                 ] o.s.b.f.s.DefaultListableBeanFactory     : Creating shared instance of singleton bean 'org.springframework.boot.autoconfigure.web.servlet.error.ErrorMvcAutoConfiguration'
2024-10-18T18:55:10.954+03:00 DEBUG [,,] 28528 --- [main] [                                                 ] o.s.b.f.s.DefaultListableBeanFactory     : Autowiring by type from bean name 'org.springframework.boot.autoconfigure.web.servlet.error.ErrorMvcAutoConfiguration' via constructor to bean named 'server-org.springframework.boot.autoconfigure.web.ServerProperties'
2024-10-18T18:55:10.956+03:00 DEBUG [,,] 28528 --- [main] [                                                 ] o.s.b.f.s.DefaultListableBeanFactory     : Creating shared instance of singleton bean 'dispatcherServletRegistration'
2024-10-18T18:55:10.956+03:00 DEBUG [,,] 28528 --- [main] [                                                 ] o.s.b.f.s.DefaultListableBeanFactory     : Creating shared instance of singleton bean 'org.springframework.boot.autoconfigure.web.servlet.DispatcherServletAutoConfiguration$DispatcherServletRegistrationConfiguration'
2024-10-18T18:55:10.957+03:00 DEBUG [,,] 28528 --- [main] [                                                 ] o.s.b.f.s.DefaultListableBeanFactory     : Creating shared instance of singleton bean 'dispatcherServlet'
2024-10-18T18:55:10.958+03:00 DEBUG [,,] 28528 --- [main] [                                                 ] o.s.b.f.s.DefaultListableBeanFactory     : Creating shared instance of singleton bean 'org.springframework.boot.autoconfigure.web.servlet.DispatcherServletAutoConfiguration$DispatcherServletConfiguration'
2024-10-18T18:55:10.959+03:00 DEBUG [,,] 28528 --- [main] [                                                 ] o.s.b.f.s.DefaultListableBeanFactory     : Creating shared instance of singleton bean 'spring.mvc-org.springframework.boot.autoconfigure.web.servlet.WebMvcProperties'
2024-10-18T18:55:10.963+03:00 DEBUG [,,] 28528 --- [main] [                                                 ] o.s.b.f.s.DefaultListableBeanFactory     : Autowiring by type from bean name 'dispatcherServlet' via factory method to bean named 'spring.mvc-org.springframework.boot.autoconfigure.web.servlet.WebMvcProperties'
2024-10-18T18:55:10.976+03:00 DEBUG [,,] 28528 --- [main] [                                                 ] o.s.b.f.s.DefaultListableBeanFactory     : Autowiring by type from bean name 'dispatcherServletRegistration' via factory method to bean named 'dispatcherServlet'
2024-10-18T18:55:10.976+03:00 DEBUG [,,] 28528 --- [main] [                                                 ] o.s.b.f.s.DefaultListableBeanFactory     : Autowiring by type from bean name 'dispatcherServletRegistration' via factory method to bean named 'spring.mvc-org.springframework.boot.autoconfigure.web.servlet.WebMvcProperties'
2024-10-18T18:55:10.977+03:00 DEBUG [,,] 28528 --- [main] [                                                 ] o.s.b.f.s.DefaultListableBeanFactory     : Creating shared instance of singleton bean 'multipartConfigElement'
2024-10-18T18:55:10.978+03:00 DEBUG [,,] 28528 --- [main] [                                                 ] o.s.b.f.s.DefaultListableBeanFactory     : Creating shared instance of singleton bean 'org.springframework.boot.autoconfigure.web.servlet.MultipartAutoConfiguration'
2024-10-18T18:55:10.978+03:00 DEBUG [,,] 28528 --- [main] [                                                 ] o.s.b.f.s.DefaultListableBeanFactory     : Creating shared instance of singleton bean 'spring.servlet.multipart-org.springframework.boot.autoconfigure.web.servlet.MultipartProperties'
2024-10-18T18:55:10.981+03:00 DEBUG [,,] 28528 --- [main] [                                                 ] o.s.b.f.s.DefaultListableBeanFactory     : Autowiring by type from bean name 'org.springframework.boot.autoconfigure.web.servlet.MultipartAutoConfiguration' via constructor to bean named 'spring.servlet.multipart-org.springframework.boot.autoconfigure.web.servlet.MultipartProperties'
2024-10-18T18:55:10.987+03:00 DEBUG [,,] 28528 --- [main] [                                                 ] o.s.b.f.s.DefaultListableBeanFactory     : Autowiring by type from bean name 'errorPageCustomizer' via factory method to bean named 'dispatcherServletRegistration'
2024-10-18T18:55:11.000+03:00 DEBUG [,,] 28528 --- [main] [                                                 ] o.apache.tomcat.util.compat.Jre19Compat  : Class not found so assuming code is running on a pre-Java 19 JVM

java.lang.ClassNotFoundException: java.lang.WrongThreadException
	at java.base/jdk.internal.loader.BuiltinClassLoader.loadClass(BuiltinClassLoader.java:641) ~[na:na]
	at java.base/jdk.internal.loader.ClassLoaders$AppClassLoader.loadClass(ClassLoaders.java:188) ~[na:na]
	at java.base/java.lang.ClassLoader.loadClass(ClassLoader.java:520) ~[na:na]
	at java.base/java.lang.Class.forName0(Native Method) ~[na:na]
	at java.base/java.lang.Class.forName(Class.java:375) ~[na:na]
	at org.apache.tomcat.util.compat.Jre19Compat.<clinit>(Jre19Compat.java:37) ~[tomcat-embed-core-10.1.30.jar:10.1.30]
	at org.apache.tomcat.util.compat.JreCompat.<clinit>(JreCompat.java:60) ~[tomcat-embed-core-10.1.30.jar:10.1.30]
	at org.apache.catalina.startup.Tomcat.<clinit>(Tomcat.java:1193) ~[tomcat-embed-core-10.1.30.jar:10.1.30]
	at org.springframework.boot.web.embedded.tomcat.TomcatServletWebServerFactory.getWebServer(TomcatServletWebServerFactory.java:203) ~[spring-boot-3.3.4.jar:3.3.4]
	at org.springframework.boot.web.servlet.context.ServletWebServerApplicationContext.createWebServer(ServletWebServerApplicationContext.java:188) ~[spring-boot-3.3.4.jar:3.3.4]
	at org.springframework.boot.web.servlet.context.ServletWebServerApplicationContext.onRefresh(ServletWebServerApplicationContext.java:162) ~[spring-boot-3.3.4.jar:3.3.4]
	at org.springframework.context.support.AbstractApplicationContext.refresh(AbstractApplicationContext.java:619) ~[spring-context-6.1.13.jar:6.1.13]
	at org.springframework.boot.web.servlet.context.ServletWebServerApplicationContext.refresh(ServletWebServerApplicationContext.java:146) ~[spring-boot-3.3.4.jar:3.3.4]
	at org.springframework.boot.SpringApplication.refresh(SpringApplication.java:754) ~[spring-boot-3.3.4.jar:3.3.4]
	at org.springframework.boot.SpringApplication.refreshContext(SpringApplication.java:456) ~[spring-boot-3.3.4.jar:3.3.4]
	at org.springframework.boot.SpringApplication.run(SpringApplication.java:335) ~[spring-boot-3.3.4.jar:3.3.4]
	at org.springframework.boot.SpringApplication.run(SpringApplication.java:1363) ~[spring-boot-3.3.4.jar:3.3.4]
	at org.springframework.boot.SpringApplication.run(SpringApplication.java:1352) ~[spring-boot-3.3.4.jar:3.3.4]
	at com.example.kibana_deploy_template.KibanaDeployTemplateApplication.main(KibanaDeployTemplateApplication.java:10) ~[classes/:na]

2024-10-18T18:55:11.000+03:00 DEBUG [,,] 28528 --- [main] [                                                 ] o.apache.tomcat.util.compat.Jre21Compat  : Class not found so assuming code is running on a pre-Java 21 JVM

java.lang.ClassNotFoundException: java.lang.Thread$Builder
	at java.base/jdk.internal.loader.BuiltinClassLoader.loadClass(BuiltinClassLoader.java:641) ~[na:na]
	at java.base/jdk.internal.loader.ClassLoaders$AppClassLoader.loadClass(ClassLoaders.java:188) ~[na:na]
	at java.base/java.lang.ClassLoader.loadClass(ClassLoader.java:520) ~[na:na]
	at java.base/java.lang.Class.forName0(Native Method) ~[na:na]
	at java.base/java.lang.Class.forName(Class.java:375) ~[na:na]
	at org.apache.tomcat.util.compat.Jre21Compat.<clinit>(Jre21Compat.java:49) ~[tomcat-embed-core-10.1.30.jar:10.1.30]
	at org.apache.tomcat.util.compat.JreCompat.<clinit>(JreCompat.java:60) ~[tomcat-embed-core-10.1.30.jar:10.1.30]
	at org.apache.catalina.startup.Tomcat.<clinit>(Tomcat.java:1193) ~[tomcat-embed-core-10.1.30.jar:10.1.30]
	at org.springframework.boot.web.embedded.tomcat.TomcatServletWebServerFactory.getWebServer(TomcatServletWebServerFactory.java:203) ~[spring-boot-3.3.4.jar:3.3.4]
	at org.springframework.boot.web.servlet.context.ServletWebServerApplicationContext.createWebServer(ServletWebServerApplicationContext.java:188) ~[spring-boot-3.3.4.jar:3.3.4]
	at org.springframework.boot.web.servlet.context.ServletWebServerApplicationContext.onRefresh(ServletWebServerApplicationContext.java:162) ~[spring-boot-3.3.4.jar:3.3.4]
	at org.springframework.context.support.AbstractApplicationContext.refresh(AbstractApplicationContext.java:619) ~[spring-context-6.1.13.jar:6.1.13]
	at org.springframework.boot.web.servlet.context.ServletWebServerApplicationContext.refresh(ServletWebServerApplicationContext.java:146) ~[spring-boot-3.3.4.jar:3.3.4]
	at org.springframework.boot.SpringApplication.refresh(SpringApplication.java:754) ~[spring-boot-3.3.4.jar:3.3.4]
	at org.springframework.boot.SpringApplication.refreshContext(SpringApplication.java:456) ~[spring-boot-3.3.4.jar:3.3.4]
	at org.springframework.boot.SpringApplication.run(SpringApplication.java:335) ~[spring-boot-3.3.4.jar:3.3.4]
	at org.springframework.boot.SpringApplication.run(SpringApplication.java:1363) ~[spring-boot-3.3.4.jar:3.3.4]
	at org.springframework.boot.SpringApplication.run(SpringApplication.java:1352) ~[spring-boot-3.3.4.jar:3.3.4]
	at com.example.kibana_deploy_template.KibanaDeployTemplateApplication.main(KibanaDeployTemplateApplication.java:10) ~[classes/:na]

2024-10-18T18:55:11.001+03:00 DEBUG [,,] 28528 --- [main] [                                                 ] o.apache.tomcat.util.compat.Jre22Compat  : Class not found so assuming code is running on a pre-Java 22 JVM

java.lang.ClassNotFoundException: java.text.ListFormat
	at java.base/jdk.internal.loader.BuiltinClassLoader.loadClass(BuiltinClassLoader.java:641) ~[na:na]
	at java.base/jdk.internal.loader.ClassLoaders$AppClassLoader.loadClass(ClassLoaders.java:188) ~[na:na]
	at java.base/java.lang.ClassLoader.loadClass(ClassLoader.java:520) ~[na:na]
	at java.base/java.lang.Class.forName0(Native Method) ~[na:na]
	at java.base/java.lang.Class.forName(Class.java:375) ~[na:na]
	at org.apache.tomcat.util.compat.Jre22Compat.<clinit>(Jre22Compat.java:37) ~[tomcat-embed-core-10.1.30.jar:10.1.30]
	at org.apache.tomcat.util.compat.JreCompat.<clinit>(JreCompat.java:60) ~[tomcat-embed-core-10.1.30.jar:10.1.30]
	at org.apache.catalina.startup.Tomcat.<clinit>(Tomcat.java:1193) ~[tomcat-embed-core-10.1.30.jar:10.1.30]
	at org.springframework.boot.web.embedded.tomcat.TomcatServletWebServerFactory.getWebServer(TomcatServletWebServerFactory.java:203) ~[spring-boot-3.3.4.jar:3.3.4]
	at org.springframework.boot.web.servlet.context.ServletWebServerApplicationContext.createWebServer(ServletWebServerApplicationContext.java:188) ~[spring-boot-3.3.4.jar:3.3.4]
	at org.springframework.boot.web.servlet.context.ServletWebServerApplicationContext.onRefresh(ServletWebServerApplicationContext.java:162) ~[spring-boot-3.3.4.jar:3.3.4]
	at org.springframework.context.support.AbstractApplicationContext.refresh(AbstractApplicationContext.java:619) ~[spring-context-6.1.13.jar:6.1.13]
	at org.springframework.boot.web.servlet.context.ServletWebServerApplicationContext.refresh(ServletWebServerApplicationContext.java:146) ~[spring-boot-3.3.4.jar:3.3.4]
	at org.springframework.boot.SpringApplication.refresh(SpringApplication.java:754) ~[spring-boot-3.3.4.jar:3.3.4]
	at org.springframework.boot.SpringApplication.refreshContext(SpringApplication.java:456) ~[spring-boot-3.3.4.jar:3.3.4]
	at org.springframework.boot.SpringApplication.run(SpringApplication.java:335) ~[spring-boot-3.3.4.jar:3.3.4]
	at org.springframework.boot.SpringApplication.run(SpringApplication.java:1363) ~[spring-boot-3.3.4.jar:3.3.4]
	at org.springframework.boot.SpringApplication.run(SpringApplication.java:1352) ~[spring-boot-3.3.4.jar:3.3.4]
	at com.example.kibana_deploy_template.KibanaDeployTemplateApplication.main(KibanaDeployTemplateApplication.java:10) ~[classes/:na]

2024-10-18T18:55:11.032+03:00 DEBUG [,,] 28528 --- [main] [                                                 ] org.apache.catalina.core.ContainerBase   : Add container child [StandardHost[localhost]] to container [StandardEngine[Tomcat]]
2024-10-18T18:55:11.032+03:00 DEBUG [,,] 28528 --- [main] [                                                 ] .s.b.w.e.t.TomcatServletWebServerFactory : Code archive: C:\Users\denis\.m2\repository\org\springframework\boot\spring-boot\3.3.4\spring-boot-3.3.4.jar
2024-10-18T18:55:11.032+03:00 DEBUG [,,] 28528 --- [main] [                                                 ] .s.b.w.e.t.TomcatServletWebServerFactory : Code archive: C:\Users\denis\.m2\repository\org\springframework\boot\spring-boot\3.3.4\spring-boot-3.3.4.jar
2024-10-18T18:55:11.033+03:00 DEBUG [,,] 28528 --- [main] [                                                 ] .s.b.w.e.t.TomcatServletWebServerFactory : None of the document roots [src/main/webapp, public, static] point to a directory and will be ignored.
2024-10-18T18:55:11.042+03:00 DEBUG [,,] 28528 --- [main] [                                                 ] org.apache.catalina.core.ContainerBase   : Add container child [TomcatEmbeddedContext[]] to container [StandardEngine[Tomcat].StandardHost[localhost]]
2024-10-18T18:55:11.044+03:00  INFO [,,] 28528 --- [main] [                                                 ] o.s.b.w.embedded.tomcat.TomcatWebServer  : Tomcat initialized with port 8080 (http)
2024-10-18T18:55:11.051+03:00  INFO [,,] 28528 --- [main] [                                                 ] o.apache.catalina.core.StandardService   : Starting service [Tomcat]
2024-10-18T18:55:11.051+03:00  INFO [,,] 28528 --- [main] [                                                 ] o.apache.catalina.core.StandardEngine    : Starting Servlet engine: [Apache Tomcat/10.1.30]
2024-10-18T18:55:11.062+03:00 DEBUG [,,] 28528 --- [main] [                                                 ] o.apache.catalina.loader.WebappLoader    : Starting this Loader
2024-10-18T18:55:11.082+03:00 DEBUG [,,] 28528 --- [main] [                                                 ] o.apache.catalina.core.StandardContext   : No manager found. Checking if cluster manager should be used. Cluster configured: [false], Application distributable: [false]
2024-10-18T18:55:11.084+03:00 DEBUG [,,] 28528 --- [main] [                                                 ] o.apache.catalina.core.StandardContext   : Configured a manager of class [org.apache.catalina.session.StandardManager]
2024-10-18T18:55:11.088+03:00  INFO [,,] 28528 --- [main] [                                                 ] o.a.c.c.C.[Tomcat].[localhost].[/]       : Initializing Spring embedded WebApplicationContext
2024-10-18T18:55:11.088+03:00 DEBUG [,,] 28528 --- [main] [                                                 ] w.s.c.ServletWebServerApplicationContext : Published root WebApplicationContext as ServletContext attribute with name [org.springframework.web.context.WebApplicationContext.ROOT]
2024-10-18T18:55:11.088+03:00  INFO [,,] 28528 --- [main] [                                                 ] w.s.c.ServletWebServerApplicationContext : Root WebApplicationContext: initialization completed in 1130 ms
2024-10-18T18:55:11.090+03:00 DEBUG [,,] 28528 --- [main] [                                                 ] o.s.b.f.s.DefaultListableBeanFactory     : Creating shared instance of singleton bean 'webMvcObservationFilter'
2024-10-18T18:55:11.090+03:00 DEBUG [,,] 28528 --- [main] [                                                 ] o.s.b.f.s.DefaultListableBeanFactory     : Creating shared instance of singleton bean 'org.springframework.boot.actuate.autoconfigure.observation.web.servlet.WebMvcObservationAutoConfiguration'
2024-10-18T18:55:11.091+03:00 DEBUG [,,] 28528 --- [main] [                                                 ] o.s.b.f.s.DefaultListableBeanFactory     : Creating shared instance of singleton bean 'observationRegistry'
2024-10-18T18:55:11.091+03:00 DEBUG [,,] 28528 --- [main] [                                                 ] o.s.b.f.s.DefaultListableBeanFactory     : Creating shared instance of singleton bean 'org.springframework.boot.actuate.autoconfigure.observation.ObservationAutoConfiguration'
2024-10-18T18:55:11.094+03:00 DEBUG [,,] 28528 --- [main] [                                                 ] o.s.b.f.s.DefaultListableBeanFactory     : Creating shared instance of singleton bean 'propertiesObservationFilter'
2024-10-18T18:55:11.094+03:00 DEBUG [,,] 28528 --- [main] [                                                 ] o.s.b.f.s.DefaultListableBeanFactory     : Creating shared instance of singleton bean 'management.observations-org.springframework.boot.actuate.autoconfigure.observation.ObservationProperties'
2024-10-18T18:55:11.097+03:00 DEBUG [,,] 28528 --- [main] [                                                 ] o.s.b.f.s.DefaultListableBeanFactory     : Autowiring by type from bean name 'propertiesObservationFilter' via factory method to bean named 'management.observations-org.springframework.boot.actuate.autoconfigure.observation.ObservationProperties'
2024-10-18T18:55:11.099+03:00 DEBUG [,,] 28528 --- [main] [                                                 ] o.s.b.f.s.DefaultListableBeanFactory     : Creating shared instance of singleton bean 'metricsAndTracingObservationHandlerGrouping'
2024-10-18T18:55:11.099+03:00 DEBUG [,,] 28528 --- [main] [                                                 ] o.s.b.f.s.DefaultListableBeanFactory     : Creating shared instance of singleton bean 'org.springframework.boot.actuate.autoconfigure.observation.ObservationAutoConfiguration$MetricsWithTracingConfiguration'
2024-10-18T18:55:11.102+03:00 DEBUG [,,] 28528 --- [main] [                                                 ] o.s.b.f.s.DefaultListableBeanFactory     : Creating shared instance of singleton bean 'defaultTracingObservationHandler'
2024-10-18T18:55:11.102+03:00 DEBUG [,,] 28528 --- [main] [                                                 ] o.s.b.f.s.DefaultListableBeanFactory     : Creating shared instance of singleton bean 'org.springframework.boot.actuate.autoconfigure.tracing.MicrometerTracingAutoConfiguration'
2024-10-18T18:55:11.104+03:00 DEBUG [,,] 28528 --- [main] [                                                 ] o.s.b.f.s.DefaultListableBeanFactory     : Creating shared instance of singleton bean 'braveTracerBridge'
2024-10-18T18:55:11.104+03:00 DEBUG [,,] 28528 --- [main] [                                                 ] o.s.b.f.s.DefaultListableBeanFactory     : Creating shared instance of singleton bean 'org.springframework.boot.actuate.autoconfigure.tracing.BraveAutoConfiguration'
2024-10-18T18:55:11.105+03:00 DEBUG [,,] 28528 --- [main] [                                                 ] o.s.b.f.s.DefaultListableBeanFactory     : Creating shared instance of singleton bean 'management.tracing-org.springframework.boot.actuate.autoconfigure.tracing.TracingProperties'
2024-10-18T18:55:11.107+03:00 DEBUG [,,] 28528 --- [main] [                                                 ] o.s.b.f.s.DefaultListableBeanFactory     : Autowiring by type from bean name 'org.springframework.boot.actuate.autoconfigure.tracing.BraveAutoConfiguration' via constructor to bean named 'management.tracing-org.springframework.boot.actuate.autoconfigure.tracing.TracingProperties'
2024-10-18T18:55:11.108+03:00 DEBUG [,,] 28528 --- [main] [                                                 ] o.s.b.f.s.DefaultListableBeanFactory     : Creating shared instance of singleton bean 'braveTracer'
2024-10-18T18:55:11.109+03:00 DEBUG [,,] 28528 --- [main] [                                                 ] o.s.b.f.s.DefaultListableBeanFactory     : Creating shared instance of singleton bean 'braveTracing'
2024-10-18T18:55:11.110+03:00 DEBUG [,,] 28528 --- [main] [                                                 ] o.s.b.f.s.DefaultListableBeanFactory     : Creating shared instance of singleton bean 'compositeSpanHandler'
2024-10-18T18:55:11.114+03:00 DEBUG [,,] 28528 --- [main] [                                                 ] o.s.b.f.s.DefaultListableBeanFactory     : Creating shared instance of singleton bean 'asyncZipkinSpanHandler'
2024-10-18T18:55:11.114+03:00 DEBUG [,,] 28528 --- [main] [                                                 ] o.s.b.f.s.DefaultListableBeanFactory     : Creating shared instance of singleton bean 'org.springframework.boot.actuate.autoconfigure.tracing.zipkin.ZipkinConfigurations$BraveConfiguration'
2024-10-18T18:55:11.115+03:00 DEBUG [,,] 28528 --- [main] [                                                 ] o.s.b.f.s.DefaultListableBeanFactory     : Creating shared instance of singleton bean 'restTemplateSender'
2024-10-18T18:55:11.116+03:00 DEBUG [,,] 28528 --- [main] [                                                 ] o.s.b.f.s.DefaultListableBeanFactory     : Creating shared instance of singleton bean 'org.springframework.boot.actuate.autoconfigure.tracing.zipkin.ZipkinConfigurations$RestTemplateSenderConfiguration'
2024-10-18T18:55:11.118+03:00 DEBUG [,,] 28528 --- [main] [                                                 ] o.s.b.f.s.DefaultListableBeanFactory     : Creating shared instance of singleton bean 'management.zipkin.tracing-org.springframework.boot.actuate.autoconfigure.tracing.zipkin.ZipkinProperties'
2024-10-18T18:55:11.121+03:00 DEBUG [,,] 28528 --- [main] [                                                 ] o.s.b.f.s.DefaultListableBeanFactory     : Creating shared instance of singleton bean 'encoding'
2024-10-18T18:55:11.121+03:00 DEBUG [,,] 28528 --- [main] [                                                 ] o.s.b.f.s.DefaultListableBeanFactory     : Creating shared instance of singleton bean 'org.springframework.boot.actuate.autoconfigure.tracing.zipkin.ZipkinAutoConfiguration'
2024-10-18T18:55:11.122+03:00 DEBUG [,,] 28528 --- [main] [                                                 ] o.s.b.f.s.DefaultListableBeanFactory     : Autowiring by type from bean name 'encoding' via factory method to bean named 'management.zipkin.tracing-org.springframework.boot.actuate.autoconfigure.tracing.zipkin.ZipkinProperties'
2024-10-18T18:55:11.125+03:00 DEBUG [,,] 28528 --- [main] [                                                 ] o.s.b.f.s.DefaultListableBeanFactory     : Autowiring by type from bean name 'restTemplateSender' via factory method to bean named 'management.zipkin.tracing-org.springframework.boot.actuate.autoconfigure.tracing.zipkin.ZipkinProperties'
2024-10-18T18:55:11.125+03:00 DEBUG [,,] 28528 --- [main] [                                                 ] o.s.b.f.s.DefaultListableBeanFactory     : Autowiring by type from bean name 'restTemplateSender' via factory method to bean named 'encoding'
2024-10-18T18:55:11.127+03:00 DEBUG [,,] 28528 --- [main] [                                                 ] o.s.b.f.s.DefaultListableBeanFactory     : Creating shared instance of singleton bean 'zipkinConnectionDetails'
2024-10-18T18:55:11.127+03:00 DEBUG [,,] 28528 --- [main] [                                                 ] o.s.b.f.s.DefaultListableBeanFactory     : Autowiring by type from bean name 'zipkinConnectionDetails' via factory method to bean named 'management.zipkin.tracing-org.springframework.boot.actuate.autoconfigure.tracing.zipkin.ZipkinProperties'
2024-10-18T18:55:11.147+03:00 DEBUG [,,] 28528 --- [main] [                                                 ] o.s.b.f.s.DefaultListableBeanFactory     : Creating shared instance of singleton bean 'mutableSpanBytesEncoder'
2024-10-18T18:55:11.148+03:00 DEBUG [,,] 28528 --- [main] [                                                 ] o.s.b.f.s.DefaultListableBeanFactory     : Autowiring by type from bean name 'mutableSpanBytesEncoder' via factory method to bean named 'encoding'
2024-10-18T18:55:11.153+03:00 DEBUG [,,] 28528 --- [main] [                                                 ] o.s.b.f.s.DefaultListableBeanFactory     : Autowiring by type from bean name 'asyncZipkinSpanHandler' via factory method to bean named 'restTemplateSender'
2024-10-18T18:55:11.153+03:00 DEBUG [,,] 28528 --- [main] [                                                 ] o.s.b.f.s.DefaultListableBeanFactory     : Autowiring by type from bean name 'asyncZipkinSpanHandler' via factory method to bean named 'mutableSpanBytesEncoder'
2024-10-18T18:55:11.159+03:00 DEBUG [,,] 28528 --- [main] [                                                 ] o.s.b.f.s.DefaultListableBeanFactory     : Creating shared instance of singleton bean 'braveCurrentTraceContext'
2024-10-18T18:55:11.160+03:00 DEBUG [,,] 28528 --- [main] [                                                 ] o.s.b.f.s.DefaultListableBeanFactory     : Creating shared instance of singleton bean 'correlationScopeDecorator'
2024-10-18T18:55:11.160+03:00 DEBUG [,,] 28528 --- [main] [                                                 ] o.s.b.f.s.DefaultListableBeanFactory     : Creating shared instance of singleton bean 'org.springframework.boot.actuate.autoconfigure.tracing.BravePropagationConfigurations$PropagationWithBaggage'
2024-10-18T18:55:11.161+03:00 DEBUG [,,] 28528 --- [main] [                                                 ] o.s.b.f.s.DefaultListableBeanFactory     : Autowiring by type from bean name 'org.springframework.boot.actuate.autoconfigure.tracing.BravePropagationConfigurations$PropagationWithBaggage' via constructor to bean named 'management.tracing-org.springframework.boot.actuate.autoconfigure.tracing.TracingProperties'
2024-10-18T18:55:11.163+03:00 DEBUG [,,] 28528 --- [main] [                                                 ] o.s.b.f.s.DefaultListableBeanFactory     : Creating shared instance of singleton bean 'mdcCorrelationScopeDecoratorBuilder'
2024-10-18T18:55:11.168+03:00 DEBUG [,,] 28528 --- [main] [                                                 ] o.s.b.f.s.DefaultListableBeanFactory     : Creating shared instance of singleton bean 'correlationFieldsCorrelationScopeCustomizer'
2024-10-18T18:55:11.171+03:00 DEBUG [,,] 28528 --- [main] [                                                 ] o.s.b.f.s.DefaultListableBeanFactory     : Autowiring by type from bean name 'correlationScopeDecorator' via factory method to bean named 'mdcCorrelationScopeDecoratorBuilder'
2024-10-18T18:55:11.173+03:00 DEBUG [,,] 28528 --- [main] [                                                 ] o.s.b.f.s.DefaultListableBeanFactory     : Autowiring by type from bean name 'braveCurrentTraceContext' via factory method to bean named 'correlationScopeDecorator'
2024-10-18T18:55:11.177+03:00 DEBUG [,,] 28528 --- [main] [                                                 ] o.s.b.f.s.DefaultListableBeanFactory     : Creating shared instance of singleton bean 'propagationFactory'
2024-10-18T18:55:11.177+03:00 DEBUG [,,] 28528 --- [main] [                                                 ] o.s.b.f.s.DefaultListableBeanFactory     : Creating shared instance of singleton bean 'propagationFactoryBuilder'
2024-10-18T18:55:11.178+03:00 DEBUG [,,] 28528 --- [main] [                                                 ] o.s.b.f.s.DefaultListableBeanFactory     : Creating shared instance of singleton bean 'remoteFieldsBaggagePropagationCustomizer'
2024-10-18T18:55:11.182+03:00 DEBUG [,,] 28528 --- [main] [                                                 ] i.m.c.u.i.logging.InternalLoggerFactory  : Using SLF4J as the default logging framework
2024-10-18T18:55:11.186+03:00 DEBUG [,,] 28528 --- [main] [                                                 ] o.s.b.f.s.DefaultListableBeanFactory     : Autowiring by type from bean name 'propagationFactory' via factory method to bean named 'propagationFactoryBuilder'
2024-10-18T18:55:11.188+03:00 DEBUG [,,] 28528 --- [main] [                                                 ] o.s.b.f.s.DefaultListableBeanFactory     : Creating shared instance of singleton bean 'braveSampler'
2024-10-18T18:55:11.190+03:00 DEBUG [,,] 28528 --- [main] [                                                 ] o.s.b.f.s.DefaultListableBeanFactory     : Autowiring by type from bean name 'braveTracing' via factory method to bean named 'environment'
2024-10-18T18:55:11.190+03:00 DEBUG [,,] 28528 --- [main] [                                                 ] o.s.b.f.s.DefaultListableBeanFactory     : Autowiring by type from bean name 'braveTracing' via factory method to bean named 'compositeSpanHandler'
2024-10-18T18:55:11.190+03:00 DEBUG [,,] 28528 --- [main] [                                                 ] o.s.b.f.s.DefaultListableBeanFactory     : Autowiring by type from bean name 'braveTracing' via factory method to bean named 'asyncZipkinSpanHandler'
2024-10-18T18:55:11.190+03:00 DEBUG [,,] 28528 --- [main] [                                                 ] o.s.b.f.s.DefaultListableBeanFactory     : Autowiring by type from bean name 'braveTracing' via factory method to bean named 'braveCurrentTraceContext'
2024-10-18T18:55:11.190+03:00 DEBUG [,,] 28528 --- [main] [                                                 ] o.s.b.f.s.DefaultListableBeanFactory     : Autowiring by type from bean name 'braveTracing' via factory method to bean named 'propagationFactory'
2024-10-18T18:55:11.190+03:00 DEBUG [,,] 28528 --- [main] [                                                 ] o.s.b.f.s.DefaultListableBeanFactory     : Autowiring by type from bean name 'braveTracing' via factory method to bean named 'braveSampler'
2024-10-18T18:55:11.201+03:00 DEBUG [,,] 28528 --- [main] [                                                 ] o.s.b.f.s.DefaultListableBeanFactory     : Autowiring by type from bean name 'braveTracer' via factory method to bean named 'braveTracing'
2024-10-18T18:55:11.203+03:00 DEBUG [,,] 28528 --- [main] [                                                 ] o.s.b.f.s.DefaultListableBeanFactory     : Autowiring by type from bean name 'braveTracerBridge' via factory method to bean named 'braveTracer'
2024-10-18T18:55:11.203+03:00 DEBUG [,,] 28528 --- [main] [                                                 ] o.s.b.f.s.DefaultListableBeanFactory     : Autowiring by type from bean name 'braveTracerBridge' via factory method to bean named 'braveCurrentTraceContext'
2024-10-18T18:55:11.206+03:00 DEBUG [,,] 28528 --- [main] [                                                 ] o.s.b.f.s.DefaultListableBeanFactory     : Autowiring by type from bean name 'defaultTracingObservationHandler' via factory method to bean named 'braveTracerBridge'
2024-10-18T18:55:11.208+03:00 DEBUG [,,] 28528 --- [main] [                                                 ] o.s.b.f.s.DefaultListableBeanFactory     : Creating shared instance of singleton bean 'propagatingSenderTracingObservationHandler'
2024-10-18T18:55:11.209+03:00 DEBUG [,,] 28528 --- [main] [                                                 ] o.s.b.f.s.DefaultListableBeanFactory     : Creating shared instance of singleton bean 'bravePropagator'
2024-10-18T18:55:11.210+03:00 DEBUG [,,] 28528 --- [main] [                                                 ] o.s.b.f.s.DefaultListableBeanFactory     : Autowiring by type from bean name 'bravePropagator' via factory method to bean named 'braveTracing'
2024-10-18T18:55:11.212+03:00 DEBUG [,,] 28528 --- [main] [                                                 ] o.s.b.f.s.DefaultListableBeanFactory     : Autowiring by type from bean name 'propagatingSenderTracingObservationHandler' via factory method to bean named 'braveTracerBridge'
2024-10-18T18:55:11.212+03:00 DEBUG [,,] 28528 --- [main] [                                                 ] o.s.b.f.s.DefaultListableBeanFactory     : Autowiring by type from bean name 'propagatingSenderTracingObservationHandler' via factory method to bean named 'bravePropagator'
2024-10-18T18:55:11.214+03:00 DEBUG [,,] 28528 --- [main] [                                                 ] o.s.b.f.s.DefaultListableBeanFactory     : Creating shared instance of singleton bean 'propagatingReceiverTracingObservationHandler'
2024-10-18T18:55:11.215+03:00 DEBUG [,,] 28528 --- [main] [                                                 ] o.s.b.f.s.DefaultListableBeanFactory     : Autowiring by type from bean name 'propagatingReceiverTracingObservationHandler' via factory method to bean named 'braveTracerBridge'
2024-10-18T18:55:11.215+03:00 DEBUG [,,] 28528 --- [main] [                                                 ] o.s.b.f.s.DefaultListableBeanFactory     : Autowiring by type from bean name 'propagatingReceiverTracingObservationHandler' via factory method to bean named 'bravePropagator'
2024-10-18T18:55:11.216+03:00 DEBUG [,,] 28528 --- [main] [                                                 ] o.s.b.f.s.DefaultListableBeanFactory     : Creating shared instance of singleton bean 'tracingAwareMeterObservationHandler'
2024-10-18T18:55:11.216+03:00 DEBUG [,,] 28528 --- [main] [                                                 ] o.s.b.f.s.DefaultListableBeanFactory     : Creating shared instance of singleton bean 'org.springframework.boot.actuate.autoconfigure.observation.ObservationAutoConfiguration$MeterObservationHandlerConfiguration$TracingAndMetricsObservationHandlerConfiguration'
2024-10-18T18:55:11.217+03:00 DEBUG [,,] 28528 --- [main] [                                                 ] o.s.b.f.s.DefaultListableBeanFactory     : Creating shared instance of singleton bean 'prometheusMeterRegistry'
2024-10-18T18:55:11.217+03:00 DEBUG [,,] 28528 --- [main] [                                                 ] o.s.b.f.s.DefaultListableBeanFactory     : Creating shared instance of singleton bean 'org.springframework.boot.actuate.autoconfigure.metrics.export.prometheus.PrometheusMetricsExportAutoConfiguration'
2024-10-18T18:55:11.218+03:00 DEBUG [,,] 28528 --- [main] [                                                 ] o.s.b.f.s.DefaultListableBeanFactory     : Creating shared instance of singleton bean 'prometheusConfig'
2024-10-18T18:55:11.218+03:00 DEBUG [,,] 28528 --- [main] [                                                 ] o.s.b.f.s.DefaultListableBeanFactory     : Creating shared instance of singleton bean 'management.prometheus.metrics.export-org.springframework.boot.actuate.autoconfigure.metrics.export.prometheus.PrometheusProperties'
2024-10-18T18:55:11.220+03:00 DEBUG [,,] 28528 --- [main] [                                                 ] o.s.b.f.s.DefaultListableBeanFactory     : Autowiring by type from bean name 'prometheusConfig' via factory method to bean named 'management.prometheus.metrics.export-org.springframework.boot.actuate.autoconfigure.metrics.export.prometheus.PrometheusProperties'
2024-10-18T18:55:11.223+03:00 DEBUG [,,] 28528 --- [main] [                                                 ] o.s.b.f.s.DefaultListableBeanFactory     : Creating shared instance of singleton bean 'prometheusRegistry'
2024-10-18T18:55:11.225+03:00 DEBUG [,,] 28528 --- [main] [                                                 ] o.s.b.f.s.DefaultListableBeanFactory     : Creating shared instance of singleton bean 'micrometerClock'
2024-10-18T18:55:11.225+03:00 DEBUG [,,] 28528 --- [main] [                                                 ] o.s.b.f.s.DefaultListableBeanFactory     : Creating shared instance of singleton bean 'org.springframework.boot.actuate.autoconfigure.metrics.MetricsAutoConfiguration'
2024-10-18T18:55:11.227+03:00 DEBUG [,,] 28528 --- [main] [                                                 ] o.s.b.f.s.DefaultListableBeanFactory     : Autowiring by type from bean name 'prometheusMeterRegistry' via factory method to bean named 'prometheusConfig'
2024-10-18T18:55:11.227+03:00 DEBUG [,,] 28528 --- [main] [                                                 ] o.s.b.f.s.DefaultListableBeanFactory     : Autowiring by type from bean name 'prometheusMeterRegistry' via factory method to bean named 'prometheusRegistry'
2024-10-18T18:55:11.227+03:00 DEBUG [,,] 28528 --- [main] [                                                 ] o.s.b.f.s.DefaultListableBeanFactory     : Autowiring by type from bean name 'prometheusMeterRegistry' via factory method to bean named 'micrometerClock'
2024-10-18T18:55:11.232+03:00 DEBUG [,,] 28528 --- [main] [                                                 ] o.s.b.f.s.DefaultListableBeanFactory     : Creating shared instance of singleton bean 'spanContext'
2024-10-18T18:55:11.232+03:00 DEBUG [,,] 28528 --- [main] [                                                 ] o.s.b.f.s.DefaultListableBeanFactory     : Creating shared instance of singleton bean 'org.springframework.boot.actuate.autoconfigure.tracing.prometheus.PrometheusExemplarsAutoConfiguration'
2024-10-18T18:55:11.255+03:00 DEBUG [,,] 28528 --- [main] [                                                 ] o.s.b.f.s.DefaultListableBeanFactory     : Creating shared instance of singleton bean 'propertiesMeterFilter'
2024-10-18T18:55:11.255+03:00 DEBUG [,,] 28528 --- [main] [                                                 ] o.s.b.f.s.DefaultListableBeanFactory     : Creating shared instance of singleton bean 'management.metrics-org.springframework.boot.actuate.autoconfigure.metrics.MetricsProperties'
2024-10-18T18:55:11.257+03:00 DEBUG [,,] 28528 --- [main] [                                                 ] o.s.b.f.s.DefaultListableBeanFactory     : Autowiring by type from bean name 'propertiesMeterFilter' via factory method to bean named 'management.metrics-org.springframework.boot.actuate.autoconfigure.metrics.MetricsProperties'
2024-10-18T18:55:11.259+03:00 DEBUG [,,] 28528 --- [main] [                                                 ] o.s.b.f.s.DefaultListableBeanFactory     : Creating shared instance of singleton bean 'metricsHttpClientUriTagFilter'
2024-10-18T18:55:11.259+03:00 DEBUG [,,] 28528 --- [main] [                                                 ] o.s.b.f.s.DefaultListableBeanFactory     : Creating shared instance of singleton bean 'org.springframework.boot.actuate.autoconfigure.observation.web.client.HttpClientObservationsAutoConfiguration$MeterFilterConfiguration'
2024-10-18T18:55:11.260+03:00 DEBUG [,,] 28528 --- [main] [                                                 ] o.s.b.f.s.DefaultListableBeanFactory     : Autowiring by type from bean name 'metricsHttpClientUriTagFilter' via factory method to bean named 'management.observations-org.springframework.boot.actuate.autoconfigure.observation.ObservationProperties'
2024-10-18T18:55:11.261+03:00 DEBUG [,,] 28528 --- [main] [                                                 ] o.s.b.f.s.DefaultListableBeanFactory     : Autowiring by type from bean name 'metricsHttpClientUriTagFilter' via factory method to bean named 'management.metrics-org.springframework.boot.actuate.autoconfigure.metrics.MetricsProperties'
2024-10-18T18:55:11.263+03:00 DEBUG [,,] 28528 --- [main] [                                                 ] o.s.b.f.s.DefaultListableBeanFactory     : Creating shared instance of singleton bean 'metricsHttpServerUriTagFilter'
2024-10-18T18:55:11.263+03:00 DEBUG [,,] 28528 --- [main] [                                                 ] o.s.b.f.s.DefaultListableBeanFactory     : Creating shared instance of singleton bean 'org.springframework.boot.actuate.autoconfigure.observation.web.servlet.WebMvcObservationAutoConfiguration$MeterFilterConfiguration'
2024-10-18T18:55:11.264+03:00 DEBUG [,,] 28528 --- [main] [                                                 ] o.s.b.f.s.DefaultListableBeanFactory     : Autowiring by type from bean name 'metricsHttpServerUriTagFilter' via factory method to bean named 'management.observations-org.springframework.boot.actuate.autoconfigure.observation.ObservationProperties'
2024-10-18T18:55:11.264+03:00 DEBUG [,,] 28528 --- [main] [                                                 ] o.s.b.f.s.DefaultListableBeanFactory     : Autowiring by type from bean name 'metricsHttpServerUriTagFilter' via factory method to bean named 'management.metrics-org.springframework.boot.actuate.autoconfigure.metrics.MetricsProperties'
2024-10-18T18:55:11.267+03:00 DEBUG [,,] 28528 --- [main] [                                                 ] o.s.b.f.s.DefaultListableBeanFactory     : Autowiring by type from bean name 'tracingAwareMeterObservationHandler' via factory method to bean named 'prometheusMeterRegistry'
2024-10-18T18:55:11.267+03:00 DEBUG [,,] 28528 --- [main] [                                                 ] o.s.b.f.s.DefaultListableBeanFactory     : Autowiring by type from bean name 'tracingAwareMeterObservationHandler' via factory method to bean named 'braveTracerBridge'
2024-10-18T18:55:11.267+03:00 DEBUG [,,] 28528 --- [main] [                                                 ] o.s.b.f.s.DefaultListableBeanFactory     : Autowiring by type from bean name 'tracingAwareMeterObservationHandler' via factory method to bean named 'management.observations-org.springframework.boot.actuate.autoconfigure.observation.ObservationProperties'
2024-10-18T18:55:11.271+03:00 DEBUG [,,] 28528 --- [main] [                                                 ] o.s.b.f.s.DefaultListableBeanFactory     : Autowiring by type from bean name 'webMvcObservationFilter' via factory method to bean named 'observationRegistry'
2024-10-18T18:55:11.271+03:00 DEBUG [,,] 28528 --- [main] [                                                 ] o.s.b.f.s.DefaultListableBeanFactory     : Autowiring by type from bean name 'webMvcObservationFilter' via factory method to bean named 'management.observations-org.springframework.boot.actuate.autoconfigure.observation.ObservationProperties'
2024-10-18T18:55:11.276+03:00 DEBUG [,,] 28528 --- [main] [                                                 ] o.s.b.f.s.DefaultListableBeanFactory     : Creating shared instance of singleton bean 'servletEndpointRegistrar'
2024-10-18T18:55:11.276+03:00 DEBUG [,,] 28528 --- [main] [                                                 ] o.s.b.f.s.DefaultListableBeanFactory     : Creating shared instance of singleton bean 'org.springframework.boot.actuate.autoconfigure.endpoint.web.ServletEndpointManagementContextConfiguration$WebMvcServletEndpointManagementContextConfiguration'
2024-10-18T18:55:11.277+03:00 DEBUG [,,] 28528 --- [main] [                                                 ] o.s.b.f.s.DefaultListableBeanFactory     : Creating shared instance of singleton bean 'management.endpoints.web-org.springframework.boot.actuate.autoconfigure.endpoint.web.WebEndpointProperties'
2024-10-18T18:55:11.280+03:00 DEBUG [,,] 28528 --- [main] [                                                 ] o.s.b.f.s.DefaultListableBeanFactory     : Creating shared instance of singleton bean 'servletEndpointDiscoverer'
2024-10-18T18:55:11.281+03:00 DEBUG [,,] 28528 --- [main] [                                                 ] o.s.b.f.s.DefaultListableBeanFactory     : Creating shared instance of singleton bean 'org.springframework.boot.actuate.autoconfigure.endpoint.web.WebEndpointAutoConfiguration$WebEndpointServletConfiguration'
2024-10-18T18:55:11.282+03:00 DEBUG [,,] 28528 --- [main] [                                                 ] o.s.b.f.s.DefaultListableBeanFactory     : Autowiring by type from bean name 'servletEndpointDiscoverer' via factory method to bean named 'org.springframework.boot.web.servlet.context.AnnotationConfigServletWebServerApplicationContext@3a3e4aff'
2024-10-18T18:55:11.283+03:00 DEBUG [,,] 28528 --- [main] [                                                 ] o.s.b.f.s.DefaultListableBeanFactory     : Creating shared instance of singleton bean 'webEndpointPathMapper'
2024-10-18T18:55:11.283+03:00 DEBUG [,,] 28528 --- [main] [                                                 ] o.s.b.f.s.DefaultListableBeanFactory     : Creating shared instance of singleton bean 'org.springframework.boot.actuate.autoconfigure.endpoint.web.WebEndpointAutoConfiguration'
2024-10-18T18:55:11.283+03:00 DEBUG [,,] 28528 --- [main] [                                                 ] o.s.b.f.s.DefaultListableBeanFactory     : Autowiring by type from bean name 'org.springframework.boot.actuate.autoconfigure.endpoint.web.WebEndpointAutoConfiguration' via constructor to bean named 'org.springframework.boot.web.servlet.context.AnnotationConfigServletWebServerApplicationContext@3a3e4aff'
2024-10-18T18:55:11.283+03:00 DEBUG [,,] 28528 --- [main] [                                                 ] o.s.b.f.s.DefaultListableBeanFactory     : Autowiring by type from bean name 'org.springframework.boot.actuate.autoconfigure.endpoint.web.WebEndpointAutoConfiguration' via constructor to bean named 'management.endpoints.web-org.springframework.boot.actuate.autoconfigure.endpoint.web.WebEndpointProperties'
2024-10-18T18:55:11.288+03:00 DEBUG [,,] 28528 --- [main] [                                                 ] o.s.b.f.s.DefaultListableBeanFactory     : Creating shared instance of singleton bean 'servletExposeExcludePropertyEndpointFilter'
2024-10-18T18:55:11.288+03:00 DEBUG [,,] 28528 --- [main] [                                                 ] o.s.b.f.s.DefaultListableBeanFactory     : Creating shared instance of singleton bean 'org.springframework.boot.actuate.autoconfigure.endpoint.web.ServletEndpointManagementContextConfiguration'
2024-10-18T18:55:11.289+03:00 DEBUG [,,] 28528 --- [main] [                                                 ] o.s.b.f.s.DefaultListableBeanFactory     : Autowiring by type from bean name 'servletExposeExcludePropertyEndpointFilter' via factory method to bean named 'management.endpoints.web-org.springframework.boot.actuate.autoconfigure.endpoint.web.WebEndpointProperties'
2024-10-18T18:55:11.295+03:00 DEBUG [,,] 28528 --- [main] [                                                 ] o.s.b.f.s.DefaultListableBeanFactory     : Autowiring by type from bean name 'servletEndpointRegistrar' via factory method to bean named 'management.endpoints.web-org.springframework.boot.actuate.autoconfigure.endpoint.web.WebEndpointProperties'
2024-10-18T18:55:11.295+03:00 DEBUG [,,] 28528 --- [main] [                                                 ] o.s.b.f.s.DefaultListableBeanFactory     : Autowiring by type from bean name 'servletEndpointRegistrar' via factory method to bean named 'servletEndpointDiscoverer'
2024-10-18T18:55:11.295+03:00 DEBUG [,,] 28528 --- [main] [                                                 ] o.s.b.f.s.DefaultListableBeanFactory     : Autowiring by type from bean name 'servletEndpointRegistrar' via factory method to bean named 'dispatcherServletRegistration'
2024-10-18T18:55:11.302+03:00 DEBUG [,,] 28528 --- [main] [                                                 ] o.s.b.f.s.DefaultListableBeanFactory     : Creating shared instance of singleton bean 'requestContextFilter'
2024-10-18T18:55:11.304+03:00 DEBUG [,,] 28528 --- [main] [                                                 ] o.s.b.f.s.DefaultListableBeanFactory     : Creating shared instance of singleton bean 'formContentFilter'
2024-10-18T18:55:11.305+03:00 DEBUG [,,] 28528 --- [main] [                                                 ] o.s.b.f.s.DefaultListableBeanFactory     : Creating shared instance of singleton bean 'org.springframework.boot.autoconfigure.web.servlet.WebMvcAutoConfiguration'
2024-10-18T18:55:11.307+03:00 DEBUG [,,] 28528 --- [main] [                                                 ] o.s.b.f.s.DefaultListableBeanFactory     : Creating shared instance of singleton bean 'characterEncodingFilter'
2024-10-18T18:55:11.313+03:00 DEBUG [,,] 28528 --- [main] [                                                 ] o.s.b.w.s.ServletContextInitializerBeans : Mapping filters: webMvcObservationFilter urls=[/*] order=-2147483647, characterEncodingFilter urls=[/*] order=-2147483648, formContentFilter urls=[/*] order=-9900, requestContextFilter urls=[/*] order=-105
2024-10-18T18:55:11.313+03:00 DEBUG [,,] 28528 --- [main] [                                                 ] o.s.b.w.s.ServletContextInitializerBeans : Mapping servlets: dispatcherServlet urls=[/]
2024-10-18T18:55:11.316+03:00 DEBUG [,,] 28528 --- [main] [                                                 ] org.apache.catalina.core.ContainerBase   : Add container child [StandardWrapper[dispatcherServlet]] to container [StandardEngine[Tomcat].StandardHost[localhost].TomcatEmbeddedContext[]]
2024-10-18T18:55:11.330+03:00 DEBUG [,,] 28528 --- [main] [                                                 ] o.s.b.w.s.f.OrderedRequestContextFilter  : Filter 'requestContextFilter' configured for use
2024-10-18T18:55:11.334+03:00 DEBUG [,,] 28528 --- [main] [                                                 ] o.s.w.f.ServerHttpObservationFilter      : Filter 'webMvcObservationFilter' configured for use
2024-10-18T18:55:11.334+03:00 DEBUG [,,] 28528 --- [main] [                                                 ] s.b.w.s.f.OrderedCharacterEncodingFilter : Filter 'characterEncodingFilter' configured for use
2024-10-18T18:55:11.334+03:00 DEBUG [,,] 28528 --- [main] [                                                 ] o.s.b.w.s.f.OrderedFormContentFilter     : Filter 'formContentFilter' configured for use
2024-10-18T18:55:11.336+03:00 DEBUG [,,] 28528 --- [main] [                                                 ] org.apache.catalina.mapper.Mapper        : Registered host [localhost]
2024-10-18T18:55:11.337+03:00 DEBUG [,,] 28528 --- [main] [                                                 ] o.apache.catalina.mapper.MapperListener  : Register Wrapper [dispatcherServlet] in Context [] for service [StandardService[Tomcat]]
2024-10-18T18:55:11.337+03:00 DEBUG [,,] 28528 --- [main] [                                                 ] o.apache.catalina.mapper.MapperListener  : Register Context [] for service [StandardService[Tomcat]]
2024-10-18T18:55:11.337+03:00 DEBUG [,,] 28528 --- [main] [                                                 ] o.apache.catalina.mapper.MapperListener  : Register host [localhost] at domain [null] for service [StandardService[Tomcat]]
2024-10-18T18:55:11.341+03:00 DEBUG [,,] 28528 --- [main] [                                                 ] o.s.b.f.s.DefaultListableBeanFactory     : Creating shared instance of singleton bean 'dataSourceScriptDatabaseInitializer'
2024-10-18T18:55:11.341+03:00 DEBUG [,,] 28528 --- [main] [                                                 ] o.s.b.f.s.DefaultListableBeanFactory     : Creating shared instance of singleton bean 'org.springframework.boot.autoconfigure.sql.init.DataSourceInitializationConfiguration'
2024-10-18T18:55:11.342+03:00 DEBUG [,,] 28528 --- [main] [                                                 ] o.s.b.f.s.DefaultListableBeanFactory     : Creating shared instance of singleton bean 'dataSource'
2024-10-18T18:55:11.342+03:00 DEBUG [,,] 28528 --- [main] [                                                 ] o.s.b.f.s.DefaultListableBeanFactory     : Creating shared instance of singleton bean 'org.springframework.boot.autoconfigure.jdbc.DataSourceConfiguration$Hikari'
2024-10-18T18:55:11.343+03:00 DEBUG [,,] 28528 --- [main] [                                                 ] o.s.b.f.s.DefaultListableBeanFactory     : Creating shared instance of singleton bean 'spring.datasource-org.springframework.boot.autoconfigure.jdbc.DataSourceProperties'
2024-10-18T18:55:11.348+03:00 DEBUG [,,] 28528 --- [main] [                                                 ] o.s.b.f.s.DefaultListableBeanFactory     : Creating shared instance of singleton bean 'jdbcConnectionDetails'
2024-10-18T18:55:11.349+03:00 DEBUG [,,] 28528 --- [main] [                                                 ] o.s.b.f.s.DefaultListableBeanFactory     : Creating shared instance of singleton bean 'org.springframework.boot.autoconfigure.jdbc.DataSourceAutoConfiguration$PooledDataSourceConfiguration'
2024-10-18T18:55:11.350+03:00 DEBUG [,,] 28528 --- [main] [                                                 ] o.s.b.f.s.DefaultListableBeanFactory     : Autowiring by type from bean name 'jdbcConnectionDetails' via factory method to bean named 'spring.datasource-org.springframework.boot.autoconfigure.jdbc.DataSourceProperties'
2024-10-18T18:55:11.350+03:00 DEBUG [,,] 28528 --- [main] [                                                 ] o.s.b.f.s.DefaultListableBeanFactory     : Autowiring by type from bean name 'dataSource' via factory method to bean named 'spring.datasource-org.springframework.boot.autoconfigure.jdbc.DataSourceProperties'
2024-10-18T18:55:11.350+03:00 DEBUG [,,] 28528 --- [main] [                                                 ] o.s.b.f.s.DefaultListableBeanFactory     : Autowiring by type from bean name 'dataSource' via factory method to bean named 'jdbcConnectionDetails'
2024-10-18T18:55:11.352+03:00 DEBUG [,,] 28528 --- [main] [                                                 ] com.zaxxer.hikari.HikariConfig           : Driver class com.mysql.cj.jdbc.Driver found in Thread context class loader jdk.internal.loader.ClassLoaders$AppClassLoader@1d44bcfa
2024-10-18T18:55:11.368+03:00 DEBUG [,,] 28528 --- [main] [                                                 ] o.s.b.f.s.DefaultListableBeanFactory     : Creating shared instance of singleton bean 'spring.sql.init-org.springframework.boot.autoconfigure.sql.init.SqlInitializationProperties'
2024-10-18T18:55:11.370+03:00 DEBUG [,,] 28528 --- [main] [                                                 ] o.s.b.f.s.DefaultListableBeanFactory     : Autowiring by type from bean name 'dataSourceScriptDatabaseInitializer' via factory method to bean named 'dataSource'
2024-10-18T18:55:11.371+03:00 DEBUG [,,] 28528 --- [main] [                                                 ] o.s.b.f.s.DefaultListableBeanFactory     : Autowiring by type from bean name 'dataSourceScriptDatabaseInitializer' via factory method to bean named 'spring.sql.init-org.springframework.boot.autoconfigure.sql.init.SqlInitializationProperties'
2024-10-18T18:55:11.376+03:00 DEBUG [,,] 28528 --- [main] [                                                 ] o.s.b.f.s.DefaultListableBeanFactory     : Creating shared instance of singleton bean 'entityManagerFactory'
2024-10-18T18:55:11.376+03:00 DEBUG [,,] 28528 --- [main] [                                                 ] o.s.b.f.s.DefaultListableBeanFactory     : Creating shared instance of singleton bean 'org.springframework.boot.autoconfigure.orm.jpa.HibernateJpaConfiguration'
2024-10-18T18:55:11.377+03:00 DEBUG [,,] 28528 --- [main] [                                                 ] o.s.b.f.s.DefaultListableBeanFactory     : Creating shared instance of singleton bean 'spring.jpa-org.springframework.boot.autoconfigure.orm.jpa.JpaProperties'
2024-10-18T18:55:11.382+03:00 DEBUG [,,] 28528 --- [main] [                                                 ] o.s.b.f.s.DefaultListableBeanFactory     : Creating shared instance of singleton bean 'spring.jpa.hibernate-org.springframework.boot.autoconfigure.orm.jpa.HibernateProperties'
2024-10-18T18:55:11.384+03:00 DEBUG [,,] 28528 --- [main] [                                                 ] o.s.b.f.s.DefaultListableBeanFactory     : Autowiring by type from bean name 'org.springframework.boot.autoconfigure.orm.jpa.HibernateJpaConfiguration' via constructor to bean named 'dataSource'
2024-10-18T18:55:11.384+03:00 DEBUG [,,] 28528 --- [main] [                                                 ] o.s.b.f.s.DefaultListableBeanFactory     : Autowiring by type from bean name 'org.springframework.boot.autoconfigure.orm.jpa.HibernateJpaConfiguration' via constructor to bean named 'spring.jpa-org.springframework.boot.autoconfigure.orm.jpa.JpaProperties'
2024-10-18T18:55:11.384+03:00 DEBUG [,,] 28528 --- [main] [                                                 ] o.s.b.f.s.DefaultListableBeanFactory     : Autowiring by type from bean name 'org.springframework.boot.autoconfigure.orm.jpa.HibernateJpaConfiguration' via constructor to bean named 'org.springframework.beans.factory.support.DefaultListableBeanFactory@49f5c307'
2024-10-18T18:55:11.384+03:00 DEBUG [,,] 28528 --- [main] [                                                 ] o.s.b.f.s.DefaultListableBeanFactory     : Autowiring by type from bean name 'org.springframework.boot.autoconfigure.orm.jpa.HibernateJpaConfiguration' via constructor to bean named 'spring.jpa.hibernate-org.springframework.boot.autoconfigure.orm.jpa.HibernateProperties'
2024-10-18T18:55:11.386+03:00 DEBUG [,,] 28528 --- [main] [                                                 ] o.s.b.f.s.DefaultListableBeanFactory     : Creating shared instance of singleton bean 'hikariPoolDataSourceMetadataProvider'
2024-10-18T18:55:11.386+03:00 DEBUG [,,] 28528 --- [main] [                                                 ] o.s.b.f.s.DefaultListableBeanFactory     : Creating shared instance of singleton bean 'org.springframework.boot.autoconfigure.jdbc.metadata.DataSourcePoolMetadataProvidersConfiguration$HikariPoolDataSourceMetadataProviderConfiguration'
2024-10-18T18:55:11.391+03:00 DEBUG [,,] 28528 --- [main] [                                                 ] o.s.b.f.s.DefaultListableBeanFactory     : Creating shared instance of singleton bean 'entityManagerFactoryBuilder'
2024-10-18T18:55:11.392+03:00 DEBUG [,,] 28528 --- [main] [                                                 ] o.s.b.f.s.DefaultListableBeanFactory     : Creating shared instance of singleton bean 'jpaVendorAdapter'
2024-10-18T18:55:11.406+03:00 DEBUG [,,] 28528 --- [main] [                                                 ] org.jboss.logging                        : Logging Provider: org.jboss.logging.Slf4jLoggerProvider found via system property
2024-10-18T18:55:11.410+03:00 DEBUG [,,] 28528 --- [main] [                                                 ] o.s.b.f.s.DefaultListableBeanFactory     : Autowiring by type from bean name 'entityManagerFactoryBuilder' via factory method to bean named 'jpaVendorAdapter'
2024-10-18T18:55:11.413+03:00 DEBUG [,,] 28528 --- [main] [                                                 ] o.s.b.f.s.DefaultListableBeanFactory     : Creating shared instance of singleton bean 'persistenceManagedTypes'
2024-10-18T18:55:11.414+03:00 DEBUG [,,] 28528 --- [main] [                                                 ] o.s.b.f.s.DefaultListableBeanFactory     : Autowiring by type from bean name 'persistenceManagedTypes' via factory method to bean named 'org.springframework.beans.factory.support.DefaultListableBeanFactory@49f5c307'
2024-10-18T18:55:11.414+03:00 DEBUG [,,] 28528 --- [main] [                                                 ] o.s.b.f.s.DefaultListableBeanFactory     : Autowiring by type from bean name 'persistenceManagedTypes' via factory method to bean named 'org.springframework.boot.web.servlet.context.AnnotationConfigServletWebServerApplicationContext@3a3e4aff'
2024-10-18T18:55:11.421+03:00 DEBUG [,,] 28528 --- [main] [                                                 ] o.s.b.f.s.DefaultListableBeanFactory     : Autowiring by type from bean name 'entityManagerFactory' via factory method to bean named 'entityManagerFactoryBuilder'
2024-10-18T18:55:11.421+03:00 DEBUG [,,] 28528 --- [main] [                                                 ] o.s.b.f.s.DefaultListableBeanFactory     : Autowiring by type from bean name 'entityManagerFactory' via factory method to bean named 'persistenceManagedTypes'
2024-10-18T18:55:11.431+03:00 DEBUG [,,] 28528 --- [main] [                                                 ] j.LocalContainerEntityManagerFactoryBean : Building JPA container EntityManagerFactory for persistence unit 'default'
2024-10-18T18:55:11.440+03:00 DEBUG [,,] 28528 --- [main] [                                                 ] o.hibernate.jpa.internal.util.LogHelper  : PersistenceUnitInfo [
	name: default
	persistence provider classname: null
	classloader: jdk.internal.loader.ClassLoaders$AppClassLoader@1d44bcfa
	excludeUnlistedClasses: true
	JTA datasource: null
	Non JTA datasource: HikariDataSource (null)
	Transaction type: RESOURCE_LOCAL
	PU root URL: file:/C:/Users/denis/OneDrive/Desktop/myCode/kibana_deploy_template/target/classes/
	Shared Cache Mode: UNSPECIFIED
	Validation Mode: AUTO
	Jar files URLs []
	Managed classes names [
		com.example.kibana_deploy_template.user.model.User]
	Mapping files names []
	Properties []
2024-10-18T18:55:11.441+03:00 DEBUG [,,] 28528 --- [RMI TCP Connection(1)-192.168.0.104] [                                                 ] sun.rmi.transport.tcp                    : RMI TCP Connection(1)-192.168.0.104: (port 53105) op = 82
2024-10-18T18:55:11.441+03:00 DEBUG [,,] 28528 --- [RMI TCP Connection(1)-192.168.0.104] [                                                 ] sun.rmi.transport.tcp                    : RMI TCP Connection(1)-192.168.0.104: (port 53105) op = 80
2024-10-18T18:55:11.442+03:00 DEBUG [,,] 28528 --- [RMI TCP Connection(1)-192.168.0.104] [                                                 ] sun.rmi.transport.tcp                    : RMI TCP Connection(1)-192.168.0.104: (port 53105) op = 82
2024-10-18T18:55:11.442+03:00 DEBUG [,,] 28528 --- [RMI TCP Connection(1)-192.168.0.104] [                                                 ] sun.rmi.transport.tcp                    : RMI TCP Connection(1)-192.168.0.104: (port 53105) op = 80
2024-10-18T18:55:11.442+03:00 DEBUG [,,] 28528 --- [RMI TCP Connection(1)-192.168.0.104] [                                                 ] sun.rmi.loader                           : RMI TCP Connection(1)-192.168.0.104: name = "[Ljava.rmi.server.ObjID;", codebase = "", defaultLoader = jdk.internal.loader.ClassLoaders$PlatformClassLoader@61537909
2024-10-18T18:55:11.443+03:00 DEBUG [,,] 28528 --- [RMI TCP Connection(1)-192.168.0.104] [                                                 ] sun.rmi.loader                           : RMI TCP Connection(1)-192.168.0.104: name = "java.rmi.server.ObjID", codebase = "", defaultLoader = jdk.internal.loader.ClassLoaders$PlatformClassLoader@61537909
2024-10-18T18:55:11.443+03:00 DEBUG [,,] 28528 --- [RMI TCP Connection(1)-192.168.0.104] [                                                 ] sun.rmi.loader                           : RMI TCP Connection(1)-192.168.0.104: name = "java.rmi.server.UID", codebase = "", defaultLoader = jdk.internal.loader.ClassLoaders$PlatformClassLoader@61537909
2024-10-18T18:55:11.443+03:00 DEBUG [,,] 28528 --- [RMI TCP Connection(1)-192.168.0.104] [                                                 ] sun.rmi.loader                           : RMI TCP Connection(1)-192.168.0.104: name = "java.rmi.dgc.Lease", codebase = "", defaultLoader = jdk.internal.loader.ClassLoaders$PlatformClassLoader@61537909
2024-10-18T18:55:11.443+03:00 DEBUG [,,] 28528 --- [RMI TCP Connection(1)-192.168.0.104] [                                                 ] sun.rmi.loader                           : RMI TCP Connection(1)-192.168.0.104: name = "java.rmi.dgc.VMID", codebase = "", defaultLoader = jdk.internal.loader.ClassLoaders$PlatformClassLoader@61537909
2024-10-18T18:55:11.443+03:00 DEBUG [,,] 28528 --- [RMI TCP Connection(1)-192.168.0.104] [                                                 ] sun.rmi.loader                           : RMI TCP Connection(1)-192.168.0.104: name = "[B", codebase = "", defaultLoader = jdk.internal.loader.ClassLoaders$PlatformClassLoader@61537909
2024-10-18T18:55:11.443+03:00 DEBUG [,,] 28528 --- [RMI TCP Connection(1)-192.168.0.104] [                                                 ] sun.rmi.transport.tcp                    : RMI TCP Connection(1)-192.168.0.104: (port 53105) op = 82
2024-10-18T18:55:11.444+03:00 DEBUG [,,] 28528 --- [RMI TCP Connection(1)-192.168.0.104] [                                                 ] sun.rmi.transport.tcp                    : RMI TCP Connection(1)-192.168.0.104: (port 53105) op = 84
2024-10-18T18:55:11.444+03:00 DEBUG [,,] 28528 --- [RMI TCP Connection(1)-192.168.0.104] [                                                 ] sun.rmi.transport.tcp                    : RMI TCP Connection(1)-192.168.0.104: (port 53105) op = 80
2024-10-18T18:55:11.444+03:00 DEBUG [,,] 28528 --- [RMI TCP Connection(1)-192.168.0.104] [                                                 ] sun.rmi.transport.tcp                    : RMI TCP Connection(1)-192.168.0.104: (port 53105) op = 80
2024-10-18T18:55:11.444+03:00 DEBUG [,,] 28528 --- [RMI TCP Connection(1)-192.168.0.104] [                                                 ] sun.rmi.loader                           : RMI TCP Connection(1)-192.168.0.104: name = "javax.management.ObjectName", codebase = ""
2024-10-18T18:55:11.444+03:00 DEBUG [,,] 28528 --- [RMI TCP Connection(1)-192.168.0.104] [                                                 ] javax.management.remote.rmi              : connectionId=rmi://192.168.0.104  3, name=org.springframework.boot:type=Admin,name=SpringApplication, attribute=Ready
2024-10-18T18:55:11.444+03:00 DEBUG [,,] 28528 --- [RMI TCP Connection(1)-192.168.0.104] [                                                 ] sun.rmi.server.call                      : RMI TCP Connection(1)-192.168.0.104: [192.168.0.104] exception: 

javax.management.InstanceNotFoundException: org.springframework.boot:type=Admin,name=SpringApplication
	at java.management/com.sun.jmx.interceptor.DefaultMBeanServerInterceptor.getMBean(DefaultMBeanServerInterceptor.java:1088) ~[na:na]
	at java.management/com.sun.jmx.interceptor.DefaultMBeanServerInterceptor.getAttribute(DefaultMBeanServerInterceptor.java:640) ~[na:na]
	at java.management/com.sun.jmx.mbeanserver.JmxMBeanServer.getAttribute(JmxMBeanServer.java:679) ~[na:na]
	at java.management.rmi/javax.management.remote.rmi.RMIConnectionImpl.doOperation(RMIConnectionImpl.java:1449) ~[na:na]
	at java.management.rmi/javax.management.remote.rmi.RMIConnectionImpl$PrivilegedOperation.run(RMIConnectionImpl.java:1310) ~[na:na]
	at java.management.rmi/javax.management.remote.rmi.RMIConnectionImpl.doPrivilegedOperation(RMIConnectionImpl.java:1405) ~[na:na]
	at java.management.rmi/javax.management.remote.rmi.RMIConnectionImpl.getAttribute(RMIConnectionImpl.java:639) ~[na:na]
	at java.base/jdk.internal.reflect.NativeMethodAccessorImpl.invoke0(Native Method) ~[na:na]
	at java.base/jdk.internal.reflect.NativeMethodAccessorImpl.invoke(NativeMethodAccessorImpl.java:77) ~[na:na]
	at java.base/jdk.internal.reflect.DelegatingMethodAccessorImpl.invoke(DelegatingMethodAccessorImpl.java:43) ~[na:na]
	at java.base/java.lang.reflect.Method.invoke(Method.java:568) ~[na:na]
	at java.rmi/sun.rmi.server.UnicastServerRef.dispatch(UnicastServerRef.java:360) ~[na:na]
	at java.rmi/sun.rmi.transport.Transport$1.run(Transport.java:200) ~[na:na]
	at java.rmi/sun.rmi.transport.Transport$1.run(Transport.java:197) ~[na:na]
	at java.base/java.security.AccessController.doPrivileged(AccessController.java:712) ~[na:na]
	at java.rmi/sun.rmi.transport.Transport.serviceCall(Transport.java:196) ~[na:na]
	at java.rmi/sun.rmi.transport.tcp.TCPTransport.handleMessages(TCPTransport.java:587) ~[na:na]
	at java.rmi/sun.rmi.transport.tcp.TCPTransport$ConnectionHandler.run0(TCPTransport.java:828) ~[na:na]
	at java.rmi/sun.rmi.transport.tcp.TCPTransport$ConnectionHandler.lambda$run$0(TCPTransport.java:705) ~[na:na]
	at java.base/java.security.AccessController.doPrivileged(AccessController.java:399) ~[na:na]
	at java.rmi/sun.rmi.transport.tcp.TCPTransport$ConnectionHandler.run(TCPTransport.java:704) ~[na:na]
	at java.base/java.util.concurrent.ThreadPoolExecutor.runWorker(ThreadPoolExecutor.java:1136) ~[na:na]
	at java.base/java.util.concurrent.ThreadPoolExecutor$Worker.run(ThreadPoolExecutor.java:635) ~[na:na]
	at java.base/java.lang.Thread.run(Thread.java:833) ~[na:na]

2024-10-18T18:55:11.445+03:00 DEBUG [,,] 28528 --- [RMI TCP Connection(1)-192.168.0.104] [                                                 ] sun.rmi.transport.tcp                    : RMI TCP Connection(1)-192.168.0.104: (port 53105) op = 80
2024-10-18T18:55:11.445+03:00 DEBUG [,,] 28528 --- [RMI TCP Connection(1)-192.168.0.104] [                                                 ] javax.management.remote.rmi              : [javax.management.remote.rmi.RMIConnectionImpl@59c70201: connectionId=rmi://192.168.0.104  3] closing.
2024-10-18T18:55:11.445+03:00 DEBUG [,,] 28528 --- [RMI TCP Connection(1)-192.168.0.104] [                                                 ] javax.management.remote.rmi              : [javax.management.remote.rmi.RMIConnectionImpl@59c70201: connectionId=rmi://192.168.0.104  3] closed.
2024-10-18T18:55:11.448+03:00 DEBUG [,,] 28528 --- [main] [                                                 ] o.h.i.internal.IntegratorServiceImpl     : Adding Integrator [org.hibernate.boot.beanvalidation.BeanValidationIntegrator].
2024-10-18T18:55:11.448+03:00 DEBUG [,,] 28528 --- [main] [                                                 ] o.h.i.internal.IntegratorServiceImpl     : Adding Integrator [org.hibernate.cache.internal.CollectionCacheInvalidator].
2024-10-18T18:55:11.473+03:00  INFO [,,] 28528 --- [main] [                                                 ] org.hibernate.Version                    : HHH000412: Hibernate ORM core version 6.5.3.Final
2024-10-18T18:55:11.474+03:00 DEBUG [,,] 28528 --- [main] [                                                 ] org.hibernate.cfg.Environment            : HHH000206: 'hibernate.properties' not found
2024-10-18T18:55:11.486+03:00 DEBUG [,,] 28528 --- [main] [                                                 ] org.hibernate.orm.idgen.factory          : Registering IdentifierGenerator strategy [uuid2] -> [org.hibernate.id.UUIDGenerator]
2024-10-18T18:55:11.487+03:00 DEBUG [,,] 28528 --- [main] [                                                 ] org.hibernate.orm.idgen.factory          : Registering IdentifierGenerator strategy [guid] -> [org.hibernate.id.GUIDGenerator]
2024-10-18T18:55:11.487+03:00 DEBUG [,,] 28528 --- [main] [                                                 ] org.hibernate.orm.idgen.factory          : Registering IdentifierGenerator strategy [uuid] -> [org.hibernate.id.UUIDHexGenerator]
2024-10-18T18:55:11.487+03:00 DEBUG [,,] 28528 --- [main] [                                                 ] org.hibernate.orm.idgen.factory          : Registering IdentifierGenerator strategy [uuid.hex] -> [org.hibernate.id.UUIDHexGenerator]
2024-10-18T18:55:11.487+03:00 DEBUG [,,] 28528 --- [main] [                                                 ] org.hibernate.orm.idgen.factory          : Registering IdentifierGenerator strategy [assigned] -> [org.hibernate.id.Assigned]
2024-10-18T18:55:11.488+03:00 DEBUG [,,] 28528 --- [main] [                                                 ] org.hibernate.orm.idgen.factory          : Registering IdentifierGenerator strategy [identity] -> [org.hibernate.id.IdentityGenerator]
2024-10-18T18:55:11.488+03:00 DEBUG [,,] 28528 --- [main] [                                                 ] org.hibernate.orm.idgen.factory          : Registering IdentifierGenerator strategy [select] -> [org.hibernate.id.SelectGenerator]
2024-10-18T18:55:11.488+03:00 DEBUG [,,] 28528 --- [main] [                                                 ] org.hibernate.orm.idgen.factory          : Registering IdentifierGenerator strategy [sequence] -> [org.hibernate.id.enhanced.SequenceStyleGenerator]
2024-10-18T18:55:11.489+03:00 DEBUG [,,] 28528 --- [main] [                                                 ] org.hibernate.orm.idgen.factory          : Registering IdentifierGenerator strategy [increment] -> [org.hibernate.id.IncrementGenerator]
2024-10-18T18:55:11.489+03:00 DEBUG [,,] 28528 --- [main] [                                                 ] org.hibernate.orm.idgen.factory          : Registering IdentifierGenerator strategy [foreign] -> [org.hibernate.id.ForeignGenerator]
2024-10-18T18:55:11.489+03:00 DEBUG [,,] 28528 --- [main] [                                                 ] org.hibernate.orm.idgen.factory          : Registering IdentifierGenerator strategy [enhanced-sequence] -> [org.hibernate.id.enhanced.SequenceStyleGenerator]
2024-10-18T18:55:11.490+03:00 DEBUG [,,] 28528 --- [main] [                                                 ] org.hibernate.orm.idgen.factory          : Registering IdentifierGenerator strategy [enhanced-table] -> [org.hibernate.id.enhanced.TableGenerator]
2024-10-18T18:55:11.493+03:00 DEBUG [,,] 28528 --- [main] [                                                 ] o.h.c.internal.RegionFactoryInitiator    : Cannot default RegionFactory based on registered strategies as `[]` RegionFactory strategies were registered
2024-10-18T18:55:11.493+03:00  INFO [,,] 28528 --- [main] [                                                 ] o.h.c.internal.RegionFactoryInitiator    : HHH000026: Second-level cache disabled
2024-10-18T18:55:11.543+03:00 DEBUG [,,] 28528 --- [main] [                                                 ] org.hibernate.type.BasicTypeRegistry     : Adding type registration boolean -> org.hibernate.type.BasicTypeReference@799fb45e
2024-10-18T18:55:11.543+03:00 DEBUG [,,] 28528 --- [main] [                                                 ] org.hibernate.type.BasicTypeRegistry     : Adding type registration boolean -> org.hibernate.type.BasicTypeReference@799fb45e
2024-10-18T18:55:11.543+03:00 DEBUG [,,] 28528 --- [main] [                                                 ] org.hibernate.type.BasicTypeRegistry     : Adding type registration java.lang.Boolean -> org.hibernate.type.BasicTypeReference@799fb45e
2024-10-18T18:55:11.543+03:00 DEBUG [,,] 28528 --- [main] [                                                 ] org.hibernate.type.BasicTypeRegistry     : Adding type registration numeric_boolean -> org.hibernate.type.BasicTypeReference@4f7ba0af
2024-10-18T18:55:11.543+03:00 DEBUG [,,] 28528 --- [main] [                                                 ] org.hibernate.type.BasicTypeRegistry     : Adding type registration org.hibernate.type.NumericBooleanConverter -> org.hibernate.type.BasicTypeReference@4f7ba0af
2024-10-18T18:55:11.543+03:00 DEBUG [,,] 28528 --- [main] [                                                 ] org.hibernate.type.BasicTypeRegistry     : Adding type registration true_false -> org.hibernate.type.BasicTypeReference@5b23c1f6
2024-10-18T18:55:11.543+03:00 DEBUG [,,] 28528 --- [main] [                                                 ] org.hibernate.type.BasicTypeRegistry     : Adding type registration org.hibernate.type.TrueFalseConverter -> org.hibernate.type.BasicTypeReference@5b23c1f6
2024-10-18T18:55:11.543+03:00 DEBUG [,,] 28528 --- [main] [                                                 ] org.hibernate.type.BasicTypeRegistry     : Adding type registration yes_no -> org.hibernate.type.BasicTypeReference@3f4964f2
2024-10-18T18:55:11.543+03:00 DEBUG [,,] 28528 --- [main] [                                                 ] org.hibernate.type.BasicTypeRegistry     : Adding type registration org.hibernate.type.YesNoConverter -> org.hibernate.type.BasicTypeReference@3f4964f2
2024-10-18T18:55:11.543+03:00 DEBUG [,,] 28528 --- [main] [                                                 ] org.hibernate.type.BasicTypeRegistry     : Adding type registration byte -> org.hibernate.type.BasicTypeReference@3bf01a01
2024-10-18T18:55:11.543+03:00 DEBUG [,,] 28528 --- [main] [                                                 ] org.hibernate.type.BasicTypeRegistry     : Adding type registration byte -> org.hibernate.type.BasicTypeReference@3bf01a01
2024-10-18T18:55:11.543+03:00 DEBUG [,,] 28528 --- [main] [                                                 ] org.hibernate.type.BasicTypeRegistry     : Adding type registration java.lang.Byte -> org.hibernate.type.BasicTypeReference@3bf01a01
2024-10-18T18:55:11.543+03:00 DEBUG [,,] 28528 --- [main] [                                                 ] org.hibernate.type.BasicTypeRegistry     : Adding type registration binary -> org.hibernate.type.BasicTypeReference@299cab08
2024-10-18T18:55:11.543+03:00 DEBUG [,,] 28528 --- [main] [                                                 ] org.hibernate.type.BasicTypeRegistry     : Adding type registration byte[] -> org.hibernate.type.BasicTypeReference@299cab08
2024-10-18T18:55:11.543+03:00 DEBUG [,,] 28528 --- [main] [                                                 ] org.hibernate.type.BasicTypeRegistry     : Adding type registration [B -> org.hibernate.type.BasicTypeReference@299cab08
2024-10-18T18:55:11.543+03:00 DEBUG [,,] 28528 --- [main] [                                                 ] org.hibernate.type.BasicTypeRegistry     : Adding type registration binary_wrapper -> org.hibernate.type.BasicTypeReference@6c75e3bc
2024-10-18T18:55:11.543+03:00 DEBUG [,,] 28528 --- [main] [                                                 ] org.hibernate.type.BasicTypeRegistry     : Adding type registration wrapper-binary -> org.hibernate.type.BasicTypeReference@6c75e3bc
2024-10-18T18:55:11.543+03:00 DEBUG [,,] 28528 --- [main] [                                                 ] org.hibernate.type.BasicTypeRegistry     : Adding type registration image -> org.hibernate.type.BasicTypeReference@186f7434
2024-10-18T18:55:11.543+03:00 DEBUG [,,] 28528 --- [main] [                                                 ] org.hibernate.type.BasicTypeRegistry     : Adding type registration blob -> org.hibernate.type.BasicTypeReference@2374452a
2024-10-18T18:55:11.543+03:00 DEBUG [,,] 28528 --- [main] [                                                 ] org.hibernate.type.BasicTypeRegistry     : Adding type registration java.sql.Blob -> org.hibernate.type.BasicTypeReference@2374452a
2024-10-18T18:55:11.543+03:00 DEBUG [,,] 28528 --- [main] [                                                 ] org.hibernate.type.BasicTypeRegistry     : Adding type registration materialized_blob -> org.hibernate.type.BasicTypeReference@6ffc6ea7
2024-10-18T18:55:11.544+03:00 DEBUG [,,] 28528 --- [main] [                                                 ] org.hibernate.type.BasicTypeRegistry     : Adding type registration materialized_blob_wrapper -> org.hibernate.type.BasicTypeReference@2c5708e7
2024-10-18T18:55:11.544+03:00 DEBUG [,,] 28528 --- [main] [                                                 ] org.hibernate.type.BasicTypeRegistry     : Adding type registration short -> org.hibernate.type.BasicTypeReference@4ffa078d
2024-10-18T18:55:11.544+03:00 DEBUG [,,] 28528 --- [main] [                                                 ] org.hibernate.type.BasicTypeRegistry     : Adding type registration short -> org.hibernate.type.BasicTypeReference@4ffa078d
2024-10-18T18:55:11.544+03:00 DEBUG [,,] 28528 --- [main] [                                                 ] org.hibernate.type.BasicTypeRegistry     : Adding type registration java.lang.Short -> org.hibernate.type.BasicTypeReference@4ffa078d
2024-10-18T18:55:11.544+03:00 DEBUG [,,] 28528 --- [main] [                                                 ] org.hibernate.type.BasicTypeRegistry     : Adding type registration integer -> org.hibernate.type.BasicTypeReference@4e26564d
2024-10-18T18:55:11.544+03:00 DEBUG [,,] 28528 --- [main] [                                                 ] org.hibernate.type.BasicTypeRegistry     : Adding type registration int -> org.hibernate.type.BasicTypeReference@4e26564d
2024-10-18T18:55:11.544+03:00 DEBUG [,,] 28528 --- [main] [                                                 ] org.hibernate.type.BasicTypeRegistry     : Adding type registration java.lang.Integer -> org.hibernate.type.BasicTypeReference@4e26564d
2024-10-18T18:55:11.544+03:00 DEBUG [,,] 28528 --- [main] [                                                 ] org.hibernate.type.BasicTypeRegistry     : Adding type registration long -> org.hibernate.type.BasicTypeReference@42238078
2024-10-18T18:55:11.544+03:00 DEBUG [,,] 28528 --- [main] [                                                 ] org.hibernate.type.BasicTypeRegistry     : Adding type registration long -> org.hibernate.type.BasicTypeReference@42238078
2024-10-18T18:55:11.544+03:00 DEBUG [,,] 28528 --- [main] [                                                 ] org.hibernate.type.BasicTypeRegistry     : Adding type registration java.lang.Long -> org.hibernate.type.BasicTypeReference@42238078
2024-10-18T18:55:11.544+03:00 DEBUG [,,] 28528 --- [main] [                                                 ] org.hibernate.type.BasicTypeRegistry     : Adding type registration float -> org.hibernate.type.BasicTypeReference@5627b8eb
2024-10-18T18:55:11.544+03:00 DEBUG [,,] 28528 --- [main] [                                                 ] org.hibernate.type.BasicTypeRegistry     : Adding type registration float -> org.hibernate.type.BasicTypeReference@5627b8eb
2024-10-18T18:55:11.544+03:00 DEBUG [,,] 28528 --- [main] [                                                 ] org.hibernate.type.BasicTypeRegistry     : Adding type registration java.lang.Float -> org.hibernate.type.BasicTypeReference@5627b8eb
2024-10-18T18:55:11.544+03:00 DEBUG [,,] 28528 --- [main] [                                                 ] org.hibernate.type.BasicTypeRegistry     : Adding type registration double -> org.hibernate.type.BasicTypeReference@49fe0bcd
2024-10-18T18:55:11.544+03:00 DEBUG [,,] 28528 --- [main] [                                                 ] org.hibernate.type.BasicTypeRegistry     : Adding type registration double -> org.hibernate.type.BasicTypeReference@49fe0bcd
2024-10-18T18:55:11.544+03:00 DEBUG [,,] 28528 --- [main] [                                                 ] org.hibernate.type.BasicTypeRegistry     : Adding type registration java.lang.Double -> org.hibernate.type.BasicTypeReference@49fe0bcd
2024-10-18T18:55:11.544+03:00 DEBUG [,,] 28528 --- [main] [                                                 ] org.hibernate.type.BasicTypeRegistry     : Adding type registration big_integer -> org.hibernate.type.BasicTypeReference@3516b881
2024-10-18T18:55:11.544+03:00 DEBUG [,,] 28528 --- [main] [                                                 ] org.hibernate.type.BasicTypeRegistry     : Adding type registration java.math.BigInteger -> org.hibernate.type.BasicTypeReference@3516b881
2024-10-18T18:55:11.544+03:00 DEBUG [,,] 28528 --- [main] [                                                 ] org.hibernate.type.BasicTypeRegistry     : Adding type registration big_decimal -> org.hibernate.type.BasicTypeReference@6be8ce1b
2024-10-18T18:55:11.544+03:00 DEBUG [,,] 28528 --- [main] [                                                 ] org.hibernate.type.BasicTypeRegistry     : Adding type registration java.math.BigDecimal -> org.hibernate.type.BasicTypeReference@6be8ce1b
2024-10-18T18:55:11.545+03:00 DEBUG [,,] 28528 --- [main] [                                                 ] org.hibernate.type.BasicTypeRegistry     : Adding type registration character -> org.hibernate.type.BasicTypeReference@e3c36d
2024-10-18T18:55:11.545+03:00 DEBUG [,,] 28528 --- [main] [                                                 ] org.hibernate.type.BasicTypeRegistry     : Adding type registration char -> org.hibernate.type.BasicTypeReference@e3c36d
2024-10-18T18:55:11.545+03:00 DEBUG [,,] 28528 --- [main] [                                                 ] org.hibernate.type.BasicTypeRegistry     : Adding type registration java.lang.Character -> org.hibernate.type.BasicTypeReference@e3c36d
2024-10-18T18:55:11.545+03:00 DEBUG [,,] 28528 --- [main] [                                                 ] org.hibernate.type.BasicTypeRegistry     : Adding type registration character_nchar -> org.hibernate.type.BasicTypeReference@397a10df
2024-10-18T18:55:11.545+03:00 DEBUG [,,] 28528 --- [main] [                                                 ] org.hibernate.type.BasicTypeRegistry     : Adding type registration string -> org.hibernate.type.BasicTypeReference@39a865c1
2024-10-18T18:55:11.545+03:00 DEBUG [,,] 28528 --- [main] [                                                 ] org.hibernate.type.BasicTypeRegistry     : Adding type registration java.lang.String -> org.hibernate.type.BasicTypeReference@39a865c1
2024-10-18T18:55:11.545+03:00 DEBUG [,,] 28528 --- [main] [                                                 ] org.hibernate.type.BasicTypeRegistry     : Adding type registration nstring -> org.hibernate.type.BasicTypeReference@141dfcf9
2024-10-18T18:55:11.545+03:00 DEBUG [,,] 28528 --- [main] [                                                 ] org.hibernate.type.BasicTypeRegistry     : Adding type registration characters -> org.hibernate.type.BasicTypeReference@a7bbdbc
2024-10-18T18:55:11.545+03:00 DEBUG [,,] 28528 --- [main] [                                                 ] org.hibernate.type.BasicTypeRegistry     : Adding type registration char[] -> org.hibernate.type.BasicTypeReference@a7bbdbc
2024-10-18T18:55:11.545+03:00 DEBUG [,,] 28528 --- [main] [                                                 ] org.hibernate.type.BasicTypeRegistry     : Adding type registration [C -> org.hibernate.type.BasicTypeReference@a7bbdbc
2024-10-18T18:55:11.545+03:00 DEBUG [,,] 28528 --- [main] [                                                 ] org.hibernate.type.BasicTypeRegistry     : Adding type registration wrapper-characters -> org.hibernate.type.BasicTypeReference@63eea8c4
2024-10-18T18:55:11.545+03:00 DEBUG [,,] 28528 --- [main] [                                                 ] org.hibernate.type.BasicTypeRegistry     : Adding type registration text -> org.hibernate.type.BasicTypeReference@19924f15
2024-10-18T18:55:11.545+03:00 DEBUG [,,] 28528 --- [main] [                                                 ] org.hibernate.type.BasicTypeRegistry     : Adding type registration ntext -> org.hibernate.type.BasicTypeReference@621392ea
2024-10-18T18:55:11.545+03:00 DEBUG [,,] 28528 --- [main] [                                                 ] org.hibernate.type.BasicTypeRegistry     : Adding type registration clob -> org.hibernate.type.BasicTypeReference@35524549
2024-10-18T18:55:11.545+03:00 DEBUG [,,] 28528 --- [main] [                                                 ] org.hibernate.type.BasicTypeRegistry     : Adding type registration java.sql.Clob -> org.hibernate.type.BasicTypeReference@35524549
2024-10-18T18:55:11.545+03:00 DEBUG [,,] 28528 --- [main] [                                                 ] org.hibernate.type.BasicTypeRegistry     : Adding type registration nclob -> org.hibernate.type.BasicTypeReference@23ec63af
2024-10-18T18:55:11.545+03:00 DEBUG [,,] 28528 --- [main] [                                                 ] org.hibernate.type.BasicTypeRegistry     : Adding type registration java.sql.NClob -> org.hibernate.type.BasicTypeReference@23ec63af
2024-10-18T18:55:11.545+03:00 DEBUG [,,] 28528 --- [main] [                                                 ] org.hibernate.type.BasicTypeRegistry     : Adding type registration materialized_clob -> org.hibernate.type.BasicTypeReference@280d6a20
2024-10-18T18:55:11.545+03:00 DEBUG [,,] 28528 --- [main] [                                                 ] org.hibernate.type.BasicTypeRegistry     : Adding type registration materialized_clob_char_array -> org.hibernate.type.BasicTypeReference@56f72909
2024-10-18T18:55:11.545+03:00 DEBUG [,,] 28528 --- [main] [                                                 ] org.hibernate.type.BasicTypeRegistry     : Adding type registration materialized_clob_character_array -> org.hibernate.type.BasicTypeReference@71285693
2024-10-18T18:55:11.545+03:00 DEBUG [,,] 28528 --- [main] [                                                 ] org.hibernate.type.BasicTypeRegistry     : Adding type registration materialized_nclob -> org.hibernate.type.BasicTypeReference@3199a202
2024-10-18T18:55:11.545+03:00 DEBUG [,,] 28528 --- [main] [                                                 ] org.hibernate.type.BasicTypeRegistry     : Adding type registration materialized_nclob_character_array -> org.hibernate.type.BasicTypeReference@7286827b
2024-10-18T18:55:11.545+03:00 DEBUG [,,] 28528 --- [main] [                                                 ] org.hibernate.type.BasicTypeRegistry     : Adding type registration materialized_nclob_char_array -> org.hibernate.type.BasicTypeReference@1dd64243
2024-10-18T18:55:11.545+03:00 DEBUG [,,] 28528 --- [main] [                                                 ] org.hibernate.type.BasicTypeRegistry     : Adding type registration Duration -> org.hibernate.type.BasicTypeReference@2ef913a4
2024-10-18T18:55:11.545+03:00 DEBUG [,,] 28528 --- [main] [                                                 ] org.hibernate.type.BasicTypeRegistry     : Adding type registration java.time.Duration -> org.hibernate.type.BasicTypeReference@2ef913a4
2024-10-18T18:55:11.545+03:00 DEBUG [,,] 28528 --- [main] [                                                 ] org.hibernate.type.BasicTypeRegistry     : Adding type registration LocalDateTime -> org.hibernate.type.BasicTypeReference@520c3dcb
2024-10-18T18:55:11.545+03:00 DEBUG [,,] 28528 --- [main] [                                                 ] org.hibernate.type.BasicTypeRegistry     : Adding type registration java.time.LocalDateTime -> org.hibernate.type.BasicTypeReference@520c3dcb
2024-10-18T18:55:11.545+03:00 DEBUG [,,] 28528 --- [main] [                                                 ] org.hibernate.type.BasicTypeRegistry     : Adding type registration LocalDate -> org.hibernate.type.BasicTypeReference@145fe8ab
2024-10-18T18:55:11.545+03:00 DEBUG [,,] 28528 --- [main] [                                                 ] org.hibernate.type.BasicTypeRegistry     : Adding type registration java.time.LocalDate -> org.hibernate.type.BasicTypeReference@145fe8ab
2024-10-18T18:55:11.545+03:00 DEBUG [,,] 28528 --- [main] [                                                 ] org.hibernate.type.BasicTypeRegistry     : Adding type registration LocalTime -> org.hibernate.type.BasicTypeReference@3b347439
2024-10-18T18:55:11.545+03:00 DEBUG [,,] 28528 --- [main] [                                                 ] org.hibernate.type.BasicTypeRegistry     : Adding type registration java.time.LocalTime -> org.hibernate.type.BasicTypeReference@3b347439
2024-10-18T18:55:11.545+03:00 DEBUG [,,] 28528 --- [main] [                                                 ] org.hibernate.type.BasicTypeRegistry     : Adding type registration OffsetDateTime -> org.hibernate.type.BasicTypeReference@5d3634c8
2024-10-18T18:55:11.545+03:00 DEBUG [,,] 28528 --- [main] [                                                 ] org.hibernate.type.BasicTypeRegistry     : Adding type registration java.time.OffsetDateTime -> org.hibernate.type.BasicTypeReference@5d3634c8
2024-10-18T18:55:11.545+03:00 DEBUG [,,] 28528 --- [main] [                                                 ] org.hibernate.type.BasicTypeRegistry     : Adding type registration OffsetDateTimeWithTimezone -> org.hibernate.type.BasicTypeReference@6e67a8c0
2024-10-18T18:55:11.545+03:00 DEBUG [,,] 28528 --- [main] [                                                 ] org.hibernate.type.BasicTypeRegistry     : Adding type registration OffsetDateTimeWithoutTimezone -> org.hibernate.type.BasicTypeReference@5960f17
2024-10-18T18:55:11.545+03:00 DEBUG [,,] 28528 --- [main] [                                                 ] org.hibernate.type.BasicTypeRegistry     : Adding type registration OffsetTime -> org.hibernate.type.BasicTypeReference@1d1b3620
2024-10-18T18:55:11.545+03:00 DEBUG [,,] 28528 --- [main] [                                                 ] org.hibernate.type.BasicTypeRegistry     : Adding type registration java.time.OffsetTime -> org.hibernate.type.BasicTypeReference@1d1b3620
2024-10-18T18:55:11.545+03:00 DEBUG [,,] 28528 --- [main] [                                                 ] org.hibernate.type.BasicTypeRegistry     : Adding type registration OffsetTimeUtc -> org.hibernate.type.BasicTypeReference@71e7c13f
2024-10-18T18:55:11.545+03:00 DEBUG [,,] 28528 --- [main] [                                                 ] org.hibernate.type.BasicTypeRegistry     : Adding type registration OffsetTimeWithTimezone -> org.hibernate.type.BasicTypeReference@2295566b
2024-10-18T18:55:11.545+03:00 DEBUG [,,] 28528 --- [main] [                                                 ] org.hibernate.type.BasicTypeRegistry     : Adding type registration OffsetTimeWithoutTimezone -> org.hibernate.type.BasicTypeReference@174e1b99
2024-10-18T18:55:11.545+03:00 DEBUG [,,] 28528 --- [main] [                                                 ] org.hibernate.type.BasicTypeRegistry     : Adding type registration ZonedDateTime -> org.hibernate.type.BasicTypeReference@53a09566
2024-10-18T18:55:11.545+03:00 DEBUG [,,] 28528 --- [main] [                                                 ] org.hibernate.type.BasicTypeRegistry     : Adding type registration java.time.ZonedDateTime -> org.hibernate.type.BasicTypeReference@53a09566
2024-10-18T18:55:11.545+03:00 DEBUG [,,] 28528 --- [main] [                                                 ] org.hibernate.type.BasicTypeRegistry     : Adding type registration ZonedDateTimeWithTimezone -> org.hibernate.type.BasicTypeReference@1c815814
2024-10-18T18:55:11.545+03:00 DEBUG [,,] 28528 --- [main] [                                                 ] org.hibernate.type.BasicTypeRegistry     : Adding type registration ZonedDateTimeWithoutTimezone -> org.hibernate.type.BasicTypeReference@14af73e1
2024-10-18T18:55:11.545+03:00 DEBUG [,,] 28528 --- [main] [                                                 ] org.hibernate.type.BasicTypeRegistry     : Adding type registration date -> org.hibernate.type.BasicTypeReference@73da303e
2024-10-18T18:55:11.545+03:00 DEBUG [,,] 28528 --- [main] [                                                 ] org.hibernate.type.BasicTypeRegistry     : Adding type registration java.sql.Date -> org.hibernate.type.BasicTypeReference@73da303e
2024-10-18T18:55:11.546+03:00 DEBUG [,,] 28528 --- [main] [                                                 ] org.hibernate.type.BasicTypeRegistry     : Adding type registration time -> org.hibernate.type.BasicTypeReference@24068086
2024-10-18T18:55:11.546+03:00 DEBUG [,,] 28528 --- [main] [                                                 ] org.hibernate.type.BasicTypeRegistry     : Adding type registration java.sql.Time -> org.hibernate.type.BasicTypeReference@24068086
2024-10-18T18:55:11.546+03:00 DEBUG [,,] 28528 --- [main] [                                                 ] org.hibernate.type.BasicTypeRegistry     : Adding type registration timestamp -> org.hibernate.type.BasicTypeReference@32513dea
2024-10-18T18:55:11.546+03:00 DEBUG [,,] 28528 --- [main] [                                                 ] org.hibernate.type.BasicTypeRegistry     : Adding type registration java.sql.Timestamp -> org.hibernate.type.BasicTypeReference@32513dea
2024-10-18T18:55:11.546+03:00 DEBUG [,,] 28528 --- [main] [                                                 ] org.hibernate.type.BasicTypeRegistry     : Adding type registration java.util.Date -> org.hibernate.type.BasicTypeReference@32513dea
2024-10-18T18:55:11.546+03:00 DEBUG [,,] 28528 --- [main] [                                                 ] org.hibernate.type.BasicTypeRegistry     : Adding type registration calendar -> org.hibernate.type.BasicTypeReference@5d0e703a
2024-10-18T18:55:11.546+03:00 DEBUG [,,] 28528 --- [main] [                                                 ] org.hibernate.type.BasicTypeRegistry     : Adding type registration java.util.Calendar -> org.hibernate.type.BasicTypeReference@5d0e703a
2024-10-18T18:55:11.546+03:00 DEBUG [,,] 28528 --- [main] [                                                 ] org.hibernate.type.BasicTypeRegistry     : Adding type registration java.util.GregorianCalendar -> org.hibernate.type.BasicTypeReference@5d0e703a
2024-10-18T18:55:11.546+03:00 DEBUG [,,] 28528 --- [main] [                                                 ] org.hibernate.type.BasicTypeRegistry     : Adding type registration calendar_date -> org.hibernate.type.BasicTypeReference@7f77e065
2024-10-18T18:55:11.546+03:00 DEBUG [,,] 28528 --- [main] [                                                 ] org.hibernate.type.BasicTypeRegistry     : Adding type registration calendar_time -> org.hibernate.type.BasicTypeReference@6f655dbd
2024-10-18T18:55:11.546+03:00 DEBUG [,,] 28528 --- [main] [                                                 ] org.hibernate.type.BasicTypeRegistry     : Adding type registration instant -> org.hibernate.type.BasicTypeReference@546083d6
2024-10-18T18:55:11.546+03:00 DEBUG [,,] 28528 --- [main] [                                                 ] org.hibernate.type.BasicTypeRegistry     : Adding type registration java.time.Instant -> org.hibernate.type.BasicTypeReference@546083d6
2024-10-18T18:55:11.546+03:00 DEBUG [,,] 28528 --- [main] [                                                 ] org.hibernate.type.BasicTypeRegistry     : Adding type registration uuid -> org.hibernate.type.BasicTypeReference@7ac1b6c0
2024-10-18T18:55:11.546+03:00 DEBUG [,,] 28528 --- [main] [                                                 ] org.hibernate.type.BasicTypeRegistry     : Adding type registration java.util.UUID -> org.hibernate.type.BasicTypeReference@7ac1b6c0
2024-10-18T18:55:11.546+03:00 DEBUG [,,] 28528 --- [main] [                                                 ] org.hibernate.type.BasicTypeRegistry     : Adding type registration pg-uuid -> org.hibernate.type.BasicTypeReference@7ac1b6c0
2024-10-18T18:55:11.546+03:00 DEBUG [,,] 28528 --- [main] [                                                 ] org.hibernate.type.BasicTypeRegistry     : Adding type registration uuid-binary -> org.hibernate.type.BasicTypeReference@3a751535
2024-10-18T18:55:11.546+03:00 DEBUG [,,] 28528 --- [main] [                                                 ] org.hibernate.type.BasicTypeRegistry     : Adding type registration uuid-char -> org.hibernate.type.BasicTypeReference@7fb82f73
2024-10-18T18:55:11.546+03:00 DEBUG [,,] 28528 --- [main] [                                                 ] org.hibernate.type.BasicTypeRegistry     : Adding type registration class -> org.hibernate.type.BasicTypeReference@2f166d61
2024-10-18T18:55:11.546+03:00 DEBUG [,,] 28528 --- [main] [                                                 ] org.hibernate.type.BasicTypeRegistry     : Adding type registration java.lang.Class -> org.hibernate.type.BasicTypeReference@2f166d61
2024-10-18T18:55:11.546+03:00 DEBUG [,,] 28528 --- [main] [                                                 ] org.hibernate.type.BasicTypeRegistry     : Adding type registration currency -> org.hibernate.type.BasicTypeReference@5896b9f5
2024-10-18T18:55:11.546+03:00 DEBUG [,,] 28528 --- [main] [                                                 ] org.hibernate.type.BasicTypeRegistry     : Adding type registration Currency -> org.hibernate.type.BasicTypeReference@5896b9f5
2024-10-18T18:55:11.546+03:00 DEBUG [,,] 28528 --- [main] [                                                 ] org.hibernate.type.BasicTypeRegistry     : Adding type registration java.util.Currency -> org.hibernate.type.BasicTypeReference@5896b9f5
2024-10-18T18:55:11.546+03:00 DEBUG [,,] 28528 --- [main] [                                                 ] org.hibernate.type.BasicTypeRegistry     : Adding type registration locale -> org.hibernate.type.BasicTypeReference@4ad8d36f
2024-10-18T18:55:11.546+03:00 DEBUG [,,] 28528 --- [main] [                                                 ] org.hibernate.type.BasicTypeRegistry     : Adding type registration java.util.Locale -> org.hibernate.type.BasicTypeReference@4ad8d36f
2024-10-18T18:55:11.546+03:00 DEBUG [,,] 28528 --- [main] [                                                 ] org.hibernate.type.BasicTypeRegistry     : Adding type registration serializable -> org.hibernate.type.BasicTypeReference@74a5bef0
2024-10-18T18:55:11.546+03:00 DEBUG [,,] 28528 --- [main] [                                                 ] org.hibernate.type.BasicTypeRegistry     : Adding type registration java.io.Serializable -> org.hibernate.type.BasicTypeReference@74a5bef0
2024-10-18T18:55:11.546+03:00 DEBUG [,,] 28528 --- [main] [                                                 ] org.hibernate.type.BasicTypeRegistry     : Adding type registration timezone -> org.hibernate.type.BasicTypeReference@68c4a860
2024-10-18T18:55:11.546+03:00 DEBUG [,,] 28528 --- [main] [                                                 ] org.hibernate.type.BasicTypeRegistry     : Adding type registration java.util.TimeZone -> org.hibernate.type.BasicTypeReference@68c4a860
2024-10-18T18:55:11.547+03:00 DEBUG [,,] 28528 --- [main] [                                                 ] org.hibernate.type.BasicTypeRegistry     : Adding type registration ZoneOffset -> org.hibernate.type.BasicTypeReference@570ed9c
2024-10-18T18:55:11.547+03:00 DEBUG [,,] 28528 --- [main] [                                                 ] org.hibernate.type.BasicTypeRegistry     : Adding type registration java.time.ZoneOffset -> org.hibernate.type.BasicTypeReference@570ed9c
2024-10-18T18:55:11.547+03:00 DEBUG [,,] 28528 --- [main] [                                                 ] org.hibernate.type.BasicTypeRegistry     : Adding type registration url -> org.hibernate.type.BasicTypeReference@93f15f6
2024-10-18T18:55:11.547+03:00 DEBUG [,,] 28528 --- [main] [                                                 ] org.hibernate.type.BasicTypeRegistry     : Adding type registration java.net.URL -> org.hibernate.type.BasicTypeReference@93f15f6
2024-10-18T18:55:11.547+03:00 DEBUG [,,] 28528 --- [main] [                                                 ] org.hibernate.type.BasicTypeRegistry     : Adding type registration vector -> org.hibernate.type.BasicTypeReference@5034681f
2024-10-18T18:55:11.547+03:00 DEBUG [,,] 28528 --- [main] [                                                 ] org.hibernate.type.BasicTypeRegistry     : Adding type registration row_version -> org.hibernate.type.BasicTypeReference@1dfe5dd1
2024-10-18T18:55:11.549+03:00 DEBUG [,,] 28528 --- [main] [                                                 ] org.hibernate.type.BasicTypeRegistry     : Adding type registration object -> org.hibernate.type.JavaObjectType@3355b8ff
2024-10-18T18:55:11.549+03:00 DEBUG [,,] 28528 --- [main] [                                                 ] org.hibernate.type.BasicTypeRegistry     : Adding type registration java.lang.Object -> org.hibernate.type.JavaObjectType@3355b8ff
2024-10-18T18:55:11.550+03:00 DEBUG [,,] 28528 --- [main] [                                                 ] org.hibernate.type.BasicTypeRegistry     : Adding type registration null -> org.hibernate.type.NullType@7b9c2387
2024-10-18T18:55:11.550+03:00 DEBUG [,,] 28528 --- [main] [                                                 ] org.hibernate.type.BasicTypeRegistry     : Adding type registration imm_date -> org.hibernate.type.BasicTypeReference@12e2f5ab
2024-10-18T18:55:11.550+03:00 DEBUG [,,] 28528 --- [main] [                                                 ] org.hibernate.type.BasicTypeRegistry     : Adding type registration imm_time -> org.hibernate.type.BasicTypeReference@4e61a863
2024-10-18T18:55:11.550+03:00 DEBUG [,,] 28528 --- [main] [                                                 ] org.hibernate.type.BasicTypeRegistry     : Adding type registration imm_timestamp -> org.hibernate.type.BasicTypeReference@35f01759
2024-10-18T18:55:11.550+03:00 DEBUG [,,] 28528 --- [main] [                                                 ] org.hibernate.type.BasicTypeRegistry     : Adding type registration imm_calendar -> org.hibernate.type.BasicTypeReference@2fea9a7b
2024-10-18T18:55:11.550+03:00 DEBUG [,,] 28528 --- [main] [                                                 ] org.hibernate.type.BasicTypeRegistry     : Adding type registration imm_calendar_date -> org.hibernate.type.BasicTypeReference@2aa07d80
2024-10-18T18:55:11.550+03:00 DEBUG [,,] 28528 --- [main] [                                                 ] org.hibernate.type.BasicTypeRegistry     : Adding type registration imm_calendar_time -> org.hibernate.type.BasicTypeReference@69c1ea07
2024-10-18T18:55:11.550+03:00 DEBUG [,,] 28528 --- [main] [                                                 ] org.hibernate.type.BasicTypeRegistry     : Adding type registration imm_binary -> org.hibernate.type.BasicTypeReference@5cbe72b9
2024-10-18T18:55:11.550+03:00 DEBUG [,,] 28528 --- [main] [                                                 ] org.hibernate.type.BasicTypeRegistry     : Adding type registration imm_serializable -> org.hibernate.type.BasicTypeReference@27fc0217
2024-10-18T18:55:11.553+03:00 DEBUG [,,] 28528 --- [main] [                                                 ] o.h.boot.internal.BootstrapContextImpl   : Injecting JPA temp ClassLoader [org.springframework.instrument.classloading.SimpleThrowawayClassLoader@2864d34d] into BootstrapContext; was [null]
2024-10-18T18:55:11.553+03:00 DEBUG [,,] 28528 --- [main] [                                                 ] o.h.boot.internal.ClassLoaderAccessImpl  : ClassLoaderAccessImpl#injectTempClassLoader(org.springframework.instrument.classloading.SimpleThrowawayClassLoader@2864d34d) [was null]
2024-10-18T18:55:11.554+03:00 DEBUG [,,] 28528 --- [main] [                                                 ] o.h.boot.internal.BootstrapContextImpl   : Injecting ScanEnvironment [org.hibernate.jpa.boot.internal.StandardJpaScanEnvironmentImpl@4583b617] into BootstrapContext; was [null]
2024-10-18T18:55:11.554+03:00 DEBUG [,,] 28528 --- [main] [                                                 ] o.h.boot.internal.BootstrapContextImpl   : Injecting ScanOptions [org.hibernate.boot.archive.scan.internal.StandardScanOptions@22a63740] into BootstrapContext; was [org.hibernate.boot.archive.scan.internal.StandardScanOptions@211da640]
2024-10-18T18:55:11.679+03:00  INFO [,,] 28528 --- [main] [                                                 ] o.s.o.j.p.SpringPersistenceUnitInfo      : No LoadTimeWeaver setup: ignoring JPA class transformer
2024-10-18T18:55:11.679+03:00 DEBUG [,,] 28528 --- [main] [                                                 ] o.h.boot.internal.BootstrapContextImpl   : Injecting JPA temp ClassLoader [null] into BootstrapContext; was [org.springframework.instrument.classloading.SimpleThrowawayClassLoader@2864d34d]
2024-10-18T18:55:11.679+03:00 DEBUG [,,] 28528 --- [main] [                                                 ] o.h.boot.internal.ClassLoaderAccessImpl  : ClassLoaderAccessImpl#injectTempClassLoader(null) [was org.springframework.instrument.classloading.SimpleThrowawayClassLoader@2864d34d]
2024-10-18T18:55:11.696+03:00 DEBUG [,,] 28528 --- [main] [                                                 ] com.zaxxer.hikari.HikariConfig           : HikariPool-1 - configuration:
2024-10-18T18:55:11.698+03:00 DEBUG [,,] 28528 --- [main] [                                                 ] com.zaxxer.hikari.HikariConfig           : allowPoolSuspension.............false
2024-10-18T18:55:11.698+03:00 DEBUG [,,] 28528 --- [main] [                                                 ] com.zaxxer.hikari.HikariConfig           : autoCommit......................true
2024-10-18T18:55:11.698+03:00 DEBUG [,,] 28528 --- [main] [                                                 ] com.zaxxer.hikari.HikariConfig           : catalog.........................none
2024-10-18T18:55:11.698+03:00 DEBUG [,,] 28528 --- [main] [                                                 ] com.zaxxer.hikari.HikariConfig           : connectionInitSql...............none
2024-10-18T18:55:11.698+03:00 DEBUG [,,] 28528 --- [main] [                                                 ] com.zaxxer.hikari.HikariConfig           : connectionTestQuery.............none
2024-10-18T18:55:11.698+03:00 DEBUG [,,] 28528 --- [main] [                                                 ] com.zaxxer.hikari.HikariConfig           : connectionTimeout...............30000
2024-10-18T18:55:11.698+03:00 DEBUG [,,] 28528 --- [main] [                                                 ] com.zaxxer.hikari.HikariConfig           : dataSource......................none
2024-10-18T18:55:11.698+03:00 DEBUG [,,] 28528 --- [main] [                                                 ] com.zaxxer.hikari.HikariConfig           : dataSourceClassName.............none
2024-10-18T18:55:11.698+03:00 DEBUG [,,] 28528 --- [main] [                                                 ] com.zaxxer.hikari.HikariConfig           : dataSourceJNDI..................none
2024-10-18T18:55:11.699+03:00 DEBUG [,,] 28528 --- [main] [                                                 ] com.zaxxer.hikari.HikariConfig           : dataSourceProperties............{password=<masked>}
2024-10-18T18:55:11.699+03:00 DEBUG [,,] 28528 --- [main] [                                                 ] com.zaxxer.hikari.HikariConfig           : driverClassName................."com.mysql.cj.jdbc.Driver"
2024-10-18T18:55:11.699+03:00 DEBUG [,,] 28528 --- [main] [                                                 ] com.zaxxer.hikari.HikariConfig           : exceptionOverrideClassName......none
2024-10-18T18:55:11.699+03:00 DEBUG [,,] 28528 --- [main] [                                                 ] com.zaxxer.hikari.HikariConfig           : healthCheckProperties...........{}
2024-10-18T18:55:11.699+03:00 DEBUG [,,] 28528 --- [main] [                                                 ] com.zaxxer.hikari.HikariConfig           : healthCheckRegistry.............none
2024-10-18T18:55:11.699+03:00 DEBUG [,,] 28528 --- [main] [                                                 ] com.zaxxer.hikari.HikariConfig           : idleTimeout.....................600000
2024-10-18T18:55:11.699+03:00 DEBUG [,,] 28528 --- [main] [                                                 ] com.zaxxer.hikari.HikariConfig           : initializationFailTimeout.......1
2024-10-18T18:55:11.699+03:00 DEBUG [,,] 28528 --- [main] [                                                 ] com.zaxxer.hikari.HikariConfig           : isolateInternalQueries..........false
2024-10-18T18:55:11.699+03:00 DEBUG [,,] 28528 --- [main] [                                                 ] com.zaxxer.hikari.HikariConfig           : jdbcUrl.........................jdbc:mysql://localhost:3306/userskibana_db?useUnicode=true&characterEncoding=utf8&useSSL=false&createDatabaseIfNotExist=true&allowPublicKeyRetrieval=true
2024-10-18T18:55:11.699+03:00 DEBUG [,,] 28528 --- [main] [                                                 ] com.zaxxer.hikari.HikariConfig           : keepaliveTime...................0
2024-10-18T18:55:11.699+03:00 DEBUG [,,] 28528 --- [main] [                                                 ] com.zaxxer.hikari.HikariConfig           : leakDetectionThreshold..........0
2024-10-18T18:55:11.699+03:00 DEBUG [,,] 28528 --- [main] [                                                 ] com.zaxxer.hikari.HikariConfig           : maxLifetime.....................1800000
2024-10-18T18:55:11.699+03:00 DEBUG [,,] 28528 --- [main] [                                                 ] com.zaxxer.hikari.HikariConfig           : maximumPoolSize.................10
2024-10-18T18:55:11.699+03:00 DEBUG [,,] 28528 --- [main] [                                                 ] com.zaxxer.hikari.HikariConfig           : metricRegistry..................none
2024-10-18T18:55:11.699+03:00 DEBUG [,,] 28528 --- [main] [                                                 ] com.zaxxer.hikari.HikariConfig           : metricsTrackerFactory...........none
2024-10-18T18:55:11.699+03:00 DEBUG [,,] 28528 --- [main] [                                                 ] com.zaxxer.hikari.HikariConfig           : minimumIdle.....................10
2024-10-18T18:55:11.700+03:00 DEBUG [,,] 28528 --- [main] [                                                 ] com.zaxxer.hikari.HikariConfig           : password........................<masked>
2024-10-18T18:55:11.700+03:00 DEBUG [,,] 28528 --- [main] [                                                 ] com.zaxxer.hikari.HikariConfig           : poolName........................"HikariPool-1"
2024-10-18T18:55:11.700+03:00 DEBUG [,,] 28528 --- [main] [                                                 ] com.zaxxer.hikari.HikariConfig           : readOnly........................false
2024-10-18T18:55:11.700+03:00 DEBUG [,,] 28528 --- [main] [                                                 ] com.zaxxer.hikari.HikariConfig           : registerMbeans..................false
2024-10-18T18:55:11.700+03:00 DEBUG [,,] 28528 --- [main] [                                                 ] com.zaxxer.hikari.HikariConfig           : scheduledExecutor...............none
2024-10-18T18:55:11.700+03:00 DEBUG [,,] 28528 --- [main] [                                                 ] com.zaxxer.hikari.HikariConfig           : schema..........................none
2024-10-18T18:55:11.700+03:00 DEBUG [,,] 28528 --- [main] [                                                 ] com.zaxxer.hikari.HikariConfig           : threadFactory...................internal
2024-10-18T18:55:11.700+03:00 DEBUG [,,] 28528 --- [main] [                                                 ] com.zaxxer.hikari.HikariConfig           : transactionIsolation............default
2024-10-18T18:55:11.700+03:00 DEBUG [,,] 28528 --- [main] [                                                 ] com.zaxxer.hikari.HikariConfig           : username........................"root"
2024-10-18T18:55:11.700+03:00 DEBUG [,,] 28528 --- [main] [                                                 ] com.zaxxer.hikari.HikariConfig           : validationTimeout...............5000
2024-10-18T18:55:11.700+03:00  INFO [,,] 28528 --- [main] [                                                 ] com.zaxxer.hikari.HikariDataSource       : HikariPool-1 - Starting...
2024-10-18T18:55:11.796+03:00  INFO [,,] 28528 --- [main] [                                                 ] com.zaxxer.hikari.pool.HikariPool        : HikariPool-1 - Added connection com.mysql.cj.jdbc.ConnectionImpl@7e63374b
2024-10-18T18:55:11.797+03:00  INFO [,,] 28528 --- [main] [                                                 ] com.zaxxer.hikari.HikariDataSource       : HikariPool-1 - Start completed.
2024-10-18T18:55:11.801+03:00 DEBUG [,,] 28528 --- [main] [                                                 ] o.h.e.j.e.i.JdbcEnvironmentInitiator     : Database ->
	   name : MySQL
	version : 8.0.30
	  major : 8
	  minor : 0
2024-10-18T18:55:11.801+03:00 DEBUG [,,] 28528 --- [main] [                                                 ] o.h.e.j.e.i.JdbcEnvironmentInitiator     : Driver ->
	   name : MySQL Connector/J
	version : mysql-connector-j-8.3.0 (Revision: 805f872a57875f311cb82487efcfb070411a3fa0)
	  major : 8
	  minor : 3
2024-10-18T18:55:11.801+03:00 DEBUG [,,] 28528 --- [main] [                                                 ] o.h.e.j.e.i.JdbcEnvironmentInitiator     : JDBC version : 4.2
2024-10-18T18:55:11.834+03:00  WARN [,,] 28528 --- [main] [                                                 ] org.hibernate.orm.deprecation            : HHH90000025: MySQLDialect does not need to be specified explicitly using 'hibernate.dialect' (remove the property setting and it will be selected by default)
2024-10-18T18:55:11.835+03:00 DEBUG [,,] 28528 --- [main] [                                                 ] org.hibernate.orm.dialect                : HHH035001: Using dialect: org.hibernate.dialect.MySQLDialect, version: 8.0.30
2024-10-18T18:55:11.837+03:00 DEBUG [,,] 28528 --- [main] [                                                 ] o.h.e.j.env.spi.IdentifierHelperBuilder  : JDBC driver metadata reported database stores quoted identifiers in more than one case
2024-10-18T18:55:11.837+03:00 DEBUG [,,] 28528 --- [main] [                                                 ] o.h.e.j.env.spi.IdentifierHelperBuilder  : IdentifierCaseStrategy for both quoted and unquoted identifiers was set to the same strategy [LOWER]; that will likely lead to problems in schema update and validation if using quoted identifiers
2024-10-18T18:55:11.848+03:00 DEBUG [,,] 28528 --- [main] [                                                 ] o.h.t.d.sql.spi.DdlTypeRegistry          : addDescriptor(12, org.hibernate.type.descriptor.sql.internal.CapacityDependentDdlType@7d7a8d23) replaced previous registration(org.hibernate.type.descriptor.sql.internal.CapacityDependentDdlType@3acc65f0)
2024-10-18T18:55:11.849+03:00 DEBUG [,,] 28528 --- [main] [                                                 ] o.h.t.d.sql.spi.DdlTypeRegistry          : addDescriptor(-9, org.hibernate.type.descriptor.sql.internal.CapacityDependentDdlType@59ec5a0b) replaced previous registration(org.hibernate.type.descriptor.sql.internal.CapacityDependentDdlType@29431f61)
2024-10-18T18:55:11.849+03:00 DEBUG [,,] 28528 --- [main] [                                                 ] o.h.t.d.sql.spi.DdlTypeRegistry          : addDescriptor(-3, org.hibernate.type.descriptor.sql.internal.CapacityDependentDdlType@f98cff) replaced previous registration(org.hibernate.type.descriptor.sql.internal.CapacityDependentDdlType@59c38af5)
2024-10-18T18:55:11.849+03:00 DEBUG [,,] 28528 --- [main] [                                                 ] o.h.t.d.sql.spi.DdlTypeRegistry          : addDescriptor(4003, org.hibernate.type.descriptor.sql.internal.DdlTypeImpl@6244afc4) replaced previous registration(org.hibernate.type.descriptor.sql.internal.DdlTypeImpl@534d0cfa)
2024-10-18T18:55:11.849+03:00 DEBUG [,,] 28528 --- [main] [                                                 ] o.h.t.d.sql.spi.DdlTypeRegistry          : addDescriptor(4001, org.hibernate.type.descriptor.sql.internal.DdlTypeImpl@1f1ffc18) replaced previous registration(org.hibernate.type.descriptor.sql.internal.DdlTypeImpl@5a4e492c)
2024-10-18T18:55:11.849+03:00 DEBUG [,,] 28528 --- [main] [                                                 ] o.h.t.d.sql.spi.DdlTypeRegistry          : addDescriptor(4002, org.hibernate.type.descriptor.sql.internal.DdlTypeImpl@1d33e72e) replaced previous registration(org.hibernate.type.descriptor.sql.internal.DdlTypeImpl@26a202ae)
2024-10-18T18:55:11.849+03:00 DEBUG [,,] 28528 --- [main] [                                                 ] o.h.t.d.sql.spi.DdlTypeRegistry          : addDescriptor(2004, org.hibernate.type.descriptor.sql.internal.CapacityDependentDdlType@46bdc55e) replaced previous registration(org.hibernate.type.descriptor.sql.internal.DdlTypeImpl@6e12f38c)
2024-10-18T18:55:11.849+03:00 DEBUG [,,] 28528 --- [main] [                                                 ] o.h.t.d.sql.spi.DdlTypeRegistry          : addDescriptor(2005, org.hibernate.type.descriptor.sql.internal.CapacityDependentDdlType@6c1a63f7) replaced previous registration(org.hibernate.type.descriptor.sql.internal.DdlTypeImpl@5a9baba8)
2024-10-18T18:55:11.849+03:00 DEBUG [,,] 28528 --- [main] [                                                 ] o.h.t.d.sql.spi.DdlTypeRegistry          : addDescriptor(2011, org.hibernate.type.descriptor.sql.internal.CapacityDependentDdlType@72240290) replaced previous registration(org.hibernate.type.descriptor.sql.internal.DdlTypeImpl@b5311cb)
2024-10-18T18:55:11.850+03:00 DEBUG [,,] 28528 --- [main] [                                                 ] o.h.t.d.jdbc.spi.JdbcTypeRegistry        : addDescriptor(NCharTypeDescriptor) replaced previous registration(CharTypeDescriptor)
2024-10-18T18:55:11.850+03:00 DEBUG [,,] 28528 --- [main] [                                                 ] o.h.t.d.jdbc.spi.JdbcTypeRegistry        : addDescriptor(NVarcharTypeDescriptor) replaced previous registration(VarcharTypeDescriptor)
2024-10-18T18:55:11.850+03:00 DEBUG [,,] 28528 --- [main] [                                                 ] o.h.t.d.jdbc.spi.JdbcTypeRegistry        : addDescriptor(LongNVarcharTypeDescriptor) replaced previous registration(LongVarcharTypeDescriptor)
2024-10-18T18:55:11.853+03:00 DEBUG [,,] 28528 --- [main] [                                                 ] o.h.t.d.jdbc.spi.JdbcTypeRegistry        : addDescriptor(NClobTypeDescriptor(DEFAULT)) replaced previous registration(ClobTypeDescriptor(DEFAULT))
2024-10-18T18:55:11.853+03:00 DEBUG [,,] 28528 --- [main] [                                                 ] o.h.t.d.jdbc.spi.JdbcTypeRegistry        : addDescriptor(2005, ClobTypeDescriptor(STREAM_BINDING)) replaced previous registration(ClobTypeDescriptor(DEFAULT))
2024-10-18T18:55:11.856+03:00 DEBUG [,,] 28528 --- [RMI TCP Connection(1)-192.168.0.104] [                                                 ] sun.rmi.transport.tcp                    : RMI TCP Connection(1)-192.168.0.104: (port 53105) connection closed
2024-10-18T18:55:11.856+03:00 DEBUG [,,] 28528 --- [RMI TCP Connection(1)-192.168.0.104] [                                                 ] sun.rmi.transport.tcp                    : RMI TCP Connection(1)-192.168.0.104: close connection, socket: Socket[addr=/192.168.0.104,port=53106,localport=53105]
2024-10-18T18:55:11.857+03:00 DEBUG [,,] 28528 --- [RMI TCP Connection(1)-192.168.0.104] [                                                 ] sun.rmi.transport.tcp                    : RMI TCP Connection(1)-192.168.0.104: socket close: Socket[addr=/192.168.0.104,port=53106,localport=53105]
2024-10-18T18:55:11.857+03:00 DEBUG [,,] 28528 --- [main] [                                                 ] org.hibernate.type.BasicTypeRegistry     : Adding type registration null -> org.hibernate.type.NullType@6e489bb8
2024-10-18T18:55:11.857+03:00 DEBUG [,,] 28528 --- [main] [                                                 ] org.hibernate.type.BasicTypeRegistry     : Type registration key [null] overrode previous entry : `org.hibernate.type.NullType@7b9c2387`
2024-10-18T18:55:11.861+03:00 DEBUG [,,] 28528 --- [main] [                                                 ] org.hibernate.type.BasicTypeRegistry     : Adding type registration org.hibernate.type.DurationType -> basicType@1(java.time.Duration,3015)
2024-10-18T18:55:11.861+03:00 DEBUG [,,] 28528 --- [main] [                                                 ] org.hibernate.type.BasicTypeRegistry     : Adding type registration Duration -> basicType@1(java.time.Duration,3015)
2024-10-18T18:55:11.861+03:00 DEBUG [,,] 28528 --- [main] [                                                 ] org.hibernate.type.BasicTypeRegistry     : Adding type registration java.time.Duration -> basicType@1(java.time.Duration,3015)
2024-10-18T18:55:11.862+03:00 DEBUG [,,] 28528 --- [RMI TCP Connection(2)-192.168.0.104] [                                                 ] sun.rmi.transport.tcp                    : RMI TCP Connection(2)-192.168.0.104: accepted socket from [192.168.0.104:53109]
2024-10-18T18:55:11.863+03:00 DEBUG [,,] 28528 --- [RMI TCP Connection(2)-192.168.0.104] [                                                 ] sun.rmi.transport.tcp                    : RMI TCP Connection(2)-192.168.0.104: (port 53105) op = 80
2024-10-18T18:55:11.863+03:00 DEBUG [,,] 28528 --- [RMI TCP Connection(2)-192.168.0.104] [                                                 ] sun.rmi.loader                           : RMI TCP Connection(2)-192.168.0.104: name = "[Ljava.rmi.server.ObjID;", codebase = "", defaultLoader = jdk.internal.loader.ClassLoaders$PlatformClassLoader@61537909
2024-10-18T18:55:11.863+03:00 DEBUG [,,] 28528 --- [RMI TCP Connection(2)-192.168.0.104] [                                                 ] sun.rmi.loader                           : RMI TCP Connection(2)-192.168.0.104: name = "java.rmi.server.ObjID", codebase = "", defaultLoader = jdk.internal.loader.ClassLoaders$PlatformClassLoader@61537909
2024-10-18T18:55:11.863+03:00 DEBUG [,,] 28528 --- [RMI TCP Connection(2)-192.168.0.104] [                                                 ] sun.rmi.loader                           : RMI TCP Connection(2)-192.168.0.104: name = "java.rmi.server.UID", codebase = "", defaultLoader = jdk.internal.loader.ClassLoaders$PlatformClassLoader@61537909
2024-10-18T18:55:11.863+03:00 DEBUG [,,] 28528 --- [RMI TCP Connection(2)-192.168.0.104] [                                                 ] sun.rmi.loader                           : RMI TCP Connection(2)-192.168.0.104: name = "java.rmi.dgc.VMID", codebase = "", defaultLoader = jdk.internal.loader.ClassLoaders$PlatformClassLoader@61537909
2024-10-18T18:55:11.863+03:00 DEBUG [,,] 28528 --- [RMI TCP Connection(2)-192.168.0.104] [                                                 ] sun.rmi.loader                           : RMI TCP Connection(2)-192.168.0.104: name = "[B", codebase = "", defaultLoader = jdk.internal.loader.ClassLoaders$PlatformClassLoader@61537909
2024-10-18T18:55:11.864+03:00 DEBUG [,,] 28528 --- [main] [                                                 ] org.hibernate.type.BasicTypeRegistry     : Adding type registration org.hibernate.type.OffsetDateTimeType -> basicType@2(java.time.OffsetDateTime,3003)
2024-10-18T18:55:11.864+03:00 DEBUG [,,] 28528 --- [main] [                                                 ] org.hibernate.type.BasicTypeRegistry     : Adding type registration OffsetDateTime -> basicType@2(java.time.OffsetDateTime,3003)
2024-10-18T18:55:11.864+03:00 DEBUG [,,] 28528 --- [main] [                                                 ] org.hibernate.type.BasicTypeRegistry     : Adding type registration java.time.OffsetDateTime -> basicType@2(java.time.OffsetDateTime,3003)
2024-10-18T18:55:11.864+03:00 DEBUG [,,] 28528 --- [main] [                                                 ] org.hibernate.type.BasicTypeRegistry     : Adding type registration org.hibernate.type.ZonedDateTimeType -> basicType@3(java.time.ZonedDateTime,3003)
2024-10-18T18:55:11.864+03:00 DEBUG [,,] 28528 --- [main] [                                                 ] org.hibernate.type.BasicTypeRegistry     : Adding type registration ZonedDateTime -> basicType@3(java.time.ZonedDateTime,3003)
2024-10-18T18:55:11.864+03:00 DEBUG [,,] 28528 --- [main] [                                                 ] org.hibernate.type.BasicTypeRegistry     : Adding type registration java.time.ZonedDateTime -> basicType@3(java.time.ZonedDateTime,3003)
2024-10-18T18:55:11.865+03:00 DEBUG [,,] 28528 --- [main] [                                                 ] org.hibernate.type.BasicTypeRegistry     : Adding type registration org.hibernate.type.OffsetTimeType -> basicType@4(java.time.OffsetTime,3007)
2024-10-18T18:55:11.865+03:00 DEBUG [,,] 28528 --- [main] [                                                 ] org.hibernate.type.BasicTypeRegistry     : Adding type registration OffsetTime -> basicType@4(java.time.OffsetTime,3007)
2024-10-18T18:55:11.865+03:00 DEBUG [,,] 28528 --- [main] [                                                 ] org.hibernate.type.BasicTypeRegistry     : Adding type registration java.time.OffsetTime -> basicType@4(java.time.OffsetTime,3007)
2024-10-18T18:55:11.866+03:00 DEBUG [,,] 28528 --- [main] [                                                 ] o.h.type.spi.TypeConfiguration$Scope     : Scoping TypeConfiguration [org.hibernate.type.spi.TypeConfiguration@7db2b614] to MetadataBuildingContext [org.hibernate.boot.internal.MetadataBuildingContextRootImpl@34d5eac]
2024-10-18T18:55:11.886+03:00 DEBUG [,,] 28528 --- [main] [                                                 ] o.h.boot.model.relational.Namespace      : Created database namespace [logicalName=Name{catalog=null, schema=null}, physicalName=Name{catalog=null, schema=null}]
2024-10-18T18:55:11.900+03:00 DEBUG [,,] 28528 --- [main] [                                                 ] o.h.boot.model.internal.EntityBinder     : Binding entity from annotated class: com.example.kibana_deploy_template.user.model.User
2024-10-18T18:55:11.904+03:00 DEBUG [,,] 28528 --- [main] [                                                 ] o.h.boot.model.internal.EntityBinder     : Import with entity name user
2024-10-18T18:55:11.905+03:00 DEBUG [,,] 28528 --- [HikariPool-1 housekeeper] [                                                 ] com.zaxxer.hikari.pool.HikariPool        : HikariPool-1 - Pool stats (total=1, active=0, idle=1, waiting=0)
2024-10-18T18:55:11.907+03:00 DEBUG [,,] 28528 --- [main] [                                                 ] o.h.boot.model.internal.EntityBinder     : Bind entity com.example.kibana_deploy_template.user.model.User on table users
2024-10-18T18:55:11.907+03:00 DEBUG [,,] 28528 --- [HikariPool-1 connection adder] [                                                 ] com.zaxxer.hikari.pool.HikariPool        : HikariPool-1 - Added connection com.mysql.cj.jdbc.ConnectionImpl@67e4f40
2024-10-18T18:55:11.914+03:00 DEBUG [,,] 28528 --- [main] [                                                 ] o.h.boot.model.internal.AnnotatedColumn  : Binding column: AnnotatedDiscriminatorColumn(column='DTYPE')
2024-10-18T18:55:11.923+03:00 DEBUG [,,] 28528 --- [main] [                                                 ] o.h.boot.model.internal.AnnotatedColumn  : Binding column: AnnotatedColumn()
2024-10-18T18:55:11.924+03:00 DEBUG [,,] 28528 --- [main] [                                                 ] o.h.boot.internal.ClassLoaderAccessImpl  : Not known whether passed class name [com.example.kibana_deploy_template.user.model.User] is safe
2024-10-18T18:55:11.924+03:00 DEBUG [,,] 28528 --- [main] [                                                 ] o.h.boot.internal.ClassLoaderAccessImpl  : No temp ClassLoader provided; using live ClassLoader for loading potentially unsafe class : com.example.kibana_deploy_template.user.model.User
2024-10-18T18:55:11.926+03:00 DEBUG [,,] 28528 --- [main] [                                                 ] o.h.boot.model.internal.PropertyBinder   : MetadataSourceProcessor property id with lazy=false
2024-10-18T18:55:11.928+03:00 DEBUG [,,] 28528 --- [main] [                                                 ] o.h.b.m.internal.AbstractPropertyHolder  : Attempting to locate auto-apply AttributeConverter for property [com.example.kibana_deploy_template.user.model.User:id]
2024-10-18T18:55:11.931+03:00 DEBUG [,,] 28528 --- [main] [                                                 ] o.h.b.model.internal.BasicValueBinder    : building BasicValue for id
2024-10-18T18:55:11.932+03:00 DEBUG [,,] 28528 --- [main] [                                                 ] org.hibernate.mapping.BasicValue         : Skipping column re-registration: users.id
2024-10-18T18:55:11.933+03:00 DEBUG [,,] 28528 --- [main] [                                                 ] o.h.boot.model.internal.PropertyBinder   : Building property id
2024-10-18T18:55:11.935+03:00 DEBUG [,,] 28528 --- [main] [                                                 ] o.h.boot.model.internal.BinderHelper     : #makeIdGenerator(BasicValue([Column(id)]), id, org.hibernate.id.enhanced.SequenceStyleGenerator, , ...)
2024-10-18T18:55:11.935+03:00 DEBUG [,,] 28528 --- [main] [                                                 ] o.h.boot.model.internal.AnnotatedColumn  : Binding column: AnnotatedColumn()
2024-10-18T18:55:11.935+03:00 DEBUG [,,] 28528 --- [main] [                                                 ] o.h.boot.model.internal.PropertyBinder   : MetadataSourceProcessor property email with lazy=false
2024-10-18T18:55:11.935+03:00 DEBUG [,,] 28528 --- [main] [                                                 ] o.h.b.m.internal.AbstractPropertyHolder  : Attempting to locate auto-apply AttributeConverter for property [com.example.kibana_deploy_template.user.model.User:email]
2024-10-18T18:55:11.935+03:00 DEBUG [,,] 28528 --- [main] [                                                 ] o.h.b.model.internal.BasicValueBinder    : building BasicValue for email
2024-10-18T18:55:11.935+03:00 DEBUG [,,] 28528 --- [main] [                                                 ] org.hibernate.mapping.BasicValue         : Skipping column re-registration: users.email
2024-10-18T18:55:11.935+03:00 DEBUG [,,] 28528 --- [main] [                                                 ] o.h.boot.model.internal.PropertyBinder   : Building property email
2024-10-18T18:55:11.936+03:00 DEBUG [,,] 28528 --- [main] [                                                 ] o.h.boot.model.internal.AnnotatedColumn  : Binding column: AnnotatedColumn()
2024-10-18T18:55:11.936+03:00 DEBUG [,,] 28528 --- [main] [                                                 ] o.h.boot.model.internal.PropertyBinder   : MetadataSourceProcessor property gender with lazy=false
2024-10-18T18:55:11.936+03:00 DEBUG [,,] 28528 --- [main] [                                                 ] o.h.b.m.internal.AbstractPropertyHolder  : Attempting to locate auto-apply AttributeConverter for property [com.example.kibana_deploy_template.user.model.User:gender]
2024-10-18T18:55:11.936+03:00 DEBUG [,,] 28528 --- [main] [                                                 ] o.h.b.model.internal.BasicValueBinder    : building BasicValue for gender
2024-10-18T18:55:11.936+03:00 DEBUG [,,] 28528 --- [main] [                                                 ] org.hibernate.mapping.BasicValue         : Skipping column re-registration: users.gender
2024-10-18T18:55:11.936+03:00 DEBUG [,,] 28528 --- [main] [                                                 ] o.h.boot.model.internal.PropertyBinder   : Building property gender
2024-10-18T18:55:11.936+03:00 DEBUG [,,] 28528 --- [main] [                                                 ] o.h.boot.model.internal.AnnotatedColumn  : Binding column: AnnotatedColumn()
2024-10-18T18:55:11.936+03:00 DEBUG [,,] 28528 --- [main] [                                                 ] o.h.boot.model.internal.PropertyBinder   : MetadataSourceProcessor property name with lazy=false
2024-10-18T18:55:11.936+03:00 DEBUG [,,] 28528 --- [main] [                                                 ] o.h.b.m.internal.AbstractPropertyHolder  : Attempting to locate auto-apply AttributeConverter for property [com.example.kibana_deploy_template.user.model.User:name]
2024-10-18T18:55:11.936+03:00 DEBUG [,,] 28528 --- [main] [                                                 ] o.h.b.model.internal.BasicValueBinder    : building BasicValue for name
2024-10-18T18:55:11.936+03:00 DEBUG [,,] 28528 --- [main] [                                                 ] org.hibernate.mapping.BasicValue         : Skipping column re-registration: users.name
2024-10-18T18:55:11.936+03:00 DEBUG [,,] 28528 --- [main] [                                                 ] o.h.boot.model.internal.PropertyBinder   : Building property name
2024-10-18T18:55:11.936+03:00 DEBUG [,,] 28528 --- [main] [                                                 ] o.h.boot.model.internal.AnnotatedColumn  : Binding column: AnnotatedColumn()
2024-10-18T18:55:11.936+03:00 DEBUG [,,] 28528 --- [main] [                                                 ] o.h.boot.model.internal.PropertyBinder   : MetadataSourceProcessor property password with lazy=false
2024-10-18T18:55:11.936+03:00 DEBUG [,,] 28528 --- [main] [                                                 ] o.h.b.m.internal.AbstractPropertyHolder  : Attempting to locate auto-apply AttributeConverter for property [com.example.kibana_deploy_template.user.model.User:password]
2024-10-18T18:55:11.936+03:00 DEBUG [,,] 28528 --- [main] [                                                 ] o.h.b.model.internal.BasicValueBinder    : building BasicValue for password
2024-10-18T18:55:11.936+03:00 DEBUG [,,] 28528 --- [main] [                                                 ] org.hibernate.mapping.BasicValue         : Skipping column re-registration: users.password
2024-10-18T18:55:11.937+03:00 DEBUG [,,] 28528 --- [main] [                                                 ] o.h.boot.model.internal.PropertyBinder   : Building property password
2024-10-18T18:55:11.938+03:00 DEBUG [,,] 28528 --- [main] [                                                 ] o.h.b.r.c.i.ClassLoaderServiceImpl       : HHH000194: Package not found or no package-info.java: com.example.kibana_deploy_template.user.model
2024-10-18T18:55:11.941+03:00 DEBUG [,,] 28528 --- [main] [                                                 ] o.h.b.model.internal.BasicValueBinder    : Starting `BasicValueBinder#fillSimpleValue` for id
2024-10-18T18:55:11.942+03:00 DEBUG [,,] 28528 --- [main] [                                                 ] o.h.b.model.internal.BasicValueBinder    : Starting `BasicValueBinder#fillSimpleValue` for email
2024-10-18T18:55:11.942+03:00 DEBUG [,,] 28528 --- [main] [                                                 ] o.h.b.model.internal.BasicValueBinder    : Starting `BasicValueBinder#fillSimpleValue` for gender
2024-10-18T18:55:11.942+03:00 DEBUG [,,] 28528 --- [main] [                                                 ] o.h.b.model.internal.BasicValueBinder    : Starting `BasicValueBinder#fillSimpleValue` for name
2024-10-18T18:55:11.942+03:00 DEBUG [,,] 28528 --- [main] [                                                 ] o.h.b.model.internal.BasicValueBinder    : Starting `BasicValueBinder#fillSimpleValue` for password
2024-10-18T18:55:11.943+03:00 DEBUG [,,] 28528 --- [main] [                                                 ] org.hibernate.mapping.PrimaryKey         : Forcing column [id] to be non-null as it is part of the primary key for table [users]
2024-10-18T18:55:11.955+03:00 DEBUG [,,] 28528 --- [HikariPool-1 connection adder] [                                                 ] com.zaxxer.hikari.pool.HikariPool        : HikariPool-1 - After adding stats (total=2, active=0, idle=2, waiting=0)
2024-10-18T18:55:11.955+03:00 DEBUG [,,] 28528 --- [RMI TCP Connection(3)-192.168.0.104] [                                                 ] sun.rmi.transport.tcp                    : RMI TCP Connection(3)-192.168.0.104: accepted socket from [192.168.0.104:53111]
2024-10-18T18:55:11.956+03:00 DEBUG [,,] 28528 --- [RMI TCP Connection(3)-192.168.0.104] [                                                 ] sun.rmi.transport.tcp                    : RMI TCP Connection(3)-192.168.0.104: (port 53105) op = 80
2024-10-18T18:55:11.956+03:00 DEBUG [,,] 28528 --- [RMI TCP Connection(3)-192.168.0.104] [                                                 ] sun.rmi.loader                           : RMI TCP Connection(3)-192.168.0.104: name = "[Ljava.rmi.server.ObjID;", codebase = "", defaultLoader = jdk.internal.loader.ClassLoaders$PlatformClassLoader@61537909
2024-10-18T18:55:11.956+03:00 DEBUG [,,] 28528 --- [RMI TCP Connection(3)-192.168.0.104] [                                                 ] sun.rmi.loader                           : RMI TCP Connection(3)-192.168.0.104: name = "java.rmi.server.ObjID", codebase = "", defaultLoader = jdk.internal.loader.ClassLoaders$PlatformClassLoader@61537909
2024-10-18T18:55:11.957+03:00 DEBUG [,,] 28528 --- [RMI TCP Connection(3)-192.168.0.104] [                                                 ] sun.rmi.loader                           : RMI TCP Connection(3)-192.168.0.104: name = "java.rmi.server.UID", codebase = "", defaultLoader = jdk.internal.loader.ClassLoaders$PlatformClassLoader@61537909
2024-10-18T18:55:11.957+03:00 DEBUG [,,] 28528 --- [RMI TCP Connection(3)-192.168.0.104] [                                                 ] sun.rmi.loader                           : RMI TCP Connection(3)-192.168.0.104: name = "java.rmi.dgc.Lease", codebase = "", defaultLoader = jdk.internal.loader.ClassLoaders$PlatformClassLoader@61537909
2024-10-18T18:55:11.957+03:00 DEBUG [,,] 28528 --- [RMI TCP Connection(3)-192.168.0.104] [                                                 ] sun.rmi.loader                           : RMI TCP Connection(3)-192.168.0.104: name = "java.rmi.dgc.VMID", codebase = "", defaultLoader = jdk.internal.loader.ClassLoaders$PlatformClassLoader@61537909
2024-10-18T18:55:11.957+03:00 DEBUG [,,] 28528 --- [RMI TCP Connection(3)-192.168.0.104] [                                                 ] sun.rmi.loader                           : RMI TCP Connection(3)-192.168.0.104: name = "[B", codebase = "", defaultLoader = jdk.internal.loader.ClassLoaders$PlatformClassLoader@61537909
2024-10-18T18:55:11.958+03:00 DEBUG [,,] 28528 --- [RMI TCP Connection(3)-192.168.0.104] [                                                 ] sun.rmi.transport.tcp                    : RMI TCP Connection(3)-192.168.0.104: (port 53105) op = 80
2024-10-18T18:55:11.958+03:00 DEBUG [,,] 28528 --- [RMI TCP Connection(3)-192.168.0.104] [                                                 ] sun.rmi.transport.tcp                    : RMI TCP Connection(3)-192.168.0.104: (port 53105) op = 80
2024-10-18T18:55:11.959+03:00 DEBUG [,,] 28528 --- [RMI TCP Connection(3)-192.168.0.104] [                                                 ] sun.rmi.loader                           : RMI TCP Connection(3)-192.168.0.104: name = "[Ljava.rmi.server.ObjID;", codebase = "", defaultLoader = jdk.internal.loader.ClassLoaders$PlatformClassLoader@61537909
2024-10-18T18:55:11.959+03:00 DEBUG [,,] 28528 --- [RMI TCP Connection(3)-192.168.0.104] [                                                 ] sun.rmi.loader                           : RMI TCP Connection(3)-192.168.0.104: name = "java.rmi.server.ObjID", codebase = "", defaultLoader = jdk.internal.loader.ClassLoaders$PlatformClassLoader@61537909
2024-10-18T18:55:11.959+03:00 DEBUG [,,] 28528 --- [RMI TCP Connection(3)-192.168.0.104] [                                                 ] sun.rmi.loader                           : RMI TCP Connection(3)-192.168.0.104: name = "java.rmi.server.UID", codebase = "", defaultLoader = jdk.internal.loader.ClassLoaders$PlatformClassLoader@61537909
2024-10-18T18:55:11.959+03:00 DEBUG [,,] 28528 --- [RMI TCP Connection(3)-192.168.0.104] [                                                 ] sun.rmi.loader                           : RMI TCP Connection(3)-192.168.0.104: name = "java.rmi.dgc.Lease", codebase = "", defaultLoader = jdk.internal.loader.ClassLoaders$PlatformClassLoader@61537909
2024-10-18T18:55:11.959+03:00 DEBUG [,,] 28528 --- [HikariPool-1 connection adder] [                                                 ] com.zaxxer.hikari.pool.HikariPool        : HikariPool-1 - Added connection com.mysql.cj.jdbc.ConnectionImpl@4743457b
2024-10-18T18:55:11.959+03:00 DEBUG [,,] 28528 --- [RMI TCP Connection(3)-192.168.0.104] [                                                 ] sun.rmi.loader                           : RMI TCP Connection(3)-192.168.0.104: name = "java.rmi.dgc.VMID", codebase = "", defaultLoader = jdk.internal.loader.ClassLoaders$PlatformClassLoader@61537909
2024-10-18T18:55:11.959+03:00 DEBUG [,,] 28528 --- [RMI TCP Connection(3)-192.168.0.104] [                                                 ] sun.rmi.loader                           : RMI TCP Connection(3)-192.168.0.104: name = "[B", codebase = "", defaultLoader = jdk.internal.loader.ClassLoaders$PlatformClassLoader@61537909
2024-10-18T18:55:11.960+03:00 DEBUG [,,] 28528 --- [RMI TCP Connection(3)-192.168.0.104] [                                                 ] sun.rmi.transport.tcp                    : RMI TCP Connection(3)-192.168.0.104: (port 53105) op = 84
2024-10-18T18:55:11.960+03:00 DEBUG [,,] 28528 --- [RMI TCP Connection(3)-192.168.0.104] [                                                 ] sun.rmi.transport.tcp                    : RMI TCP Connection(3)-192.168.0.104: (port 53105) op = 80
2024-10-18T18:55:11.961+03:00 DEBUG [,,] 28528 --- [RMI TCP Connection(3)-192.168.0.104] [                                                 ] sun.rmi.transport.tcp                    : RMI TCP Connection(3)-192.168.0.104: (port 53105) op = 80
2024-10-18T18:55:11.961+03:00 DEBUG [,,] 28528 --- [RMI TCP Connection(3)-192.168.0.104] [                                                 ] sun.rmi.loader                           : RMI TCP Connection(3)-192.168.0.104: name = "javax.management.ObjectName", codebase = ""
2024-10-18T18:55:11.961+03:00 DEBUG [,,] 28528 --- [RMI TCP Connection(3)-192.168.0.104] [                                                 ] javax.management.remote.rmi              : connectionId=rmi://192.168.0.104  4, name=org.springframework.boot:type=Admin,name=SpringApplication, attribute=Ready
2024-10-18T18:55:11.961+03:00 DEBUG [,,] 28528 --- [RMI TCP Connection(3)-192.168.0.104] [                                                 ] sun.rmi.server.call                      : RMI TCP Connection(3)-192.168.0.104: [192.168.0.104] exception: 

javax.management.InstanceNotFoundException: org.springframework.boot:type=Admin,name=SpringApplication
	at java.management/com.sun.jmx.interceptor.DefaultMBeanServerInterceptor.getMBean(DefaultMBeanServerInterceptor.java:1088) ~[na:na]
	at java.management/com.sun.jmx.interceptor.DefaultMBeanServerInterceptor.getAttribute(DefaultMBeanServerInterceptor.java:640) ~[na:na]
	at java.management/com.sun.jmx.mbeanserver.JmxMBeanServer.getAttribute(JmxMBeanServer.java:679) ~[na:na]
	at java.management.rmi/javax.management.remote.rmi.RMIConnectionImpl.doOperation(RMIConnectionImpl.java:1449) ~[na:na]
	at java.management.rmi/javax.management.remote.rmi.RMIConnectionImpl$PrivilegedOperation.run(RMIConnectionImpl.java:1310) ~[na:na]
	at java.management.rmi/javax.management.remote.rmi.RMIConnectionImpl.doPrivilegedOperation(RMIConnectionImpl.java:1405) ~[na:na]
	at java.management.rmi/javax.management.remote.rmi.RMIConnectionImpl.getAttribute(RMIConnectionImpl.java:639) ~[na:na]
	at java.base/jdk.internal.reflect.NativeMethodAccessorImpl.invoke0(Native Method) ~[na:na]
	at java.base/jdk.internal.reflect.NativeMethodAccessorImpl.invoke(NativeMethodAccessorImpl.java:77) ~[na:na]
	at java.base/jdk.internal.reflect.DelegatingMethodAccessorImpl.invoke(DelegatingMethodAccessorImpl.java:43) ~[na:na]
	at java.base/java.lang.reflect.Method.invoke(Method.java:568) ~[na:na]
	at java.rmi/sun.rmi.server.UnicastServerRef.dispatch(UnicastServerRef.java:360) ~[na:na]
	at java.rmi/sun.rmi.transport.Transport$1.run(Transport.java:200) ~[na:na]
	at java.rmi/sun.rmi.transport.Transport$1.run(Transport.java:197) ~[na:na]
	at java.base/java.security.AccessController.doPrivileged(AccessController.java:712) ~[na:na]
	at java.rmi/sun.rmi.transport.Transport.serviceCall(Transport.java:196) ~[na:na]
	at java.rmi/sun.rmi.transport.tcp.TCPTransport.handleMessages(TCPTransport.java:587) ~[na:na]
	at java.rmi/sun.rmi.transport.tcp.TCPTransport$ConnectionHandler.run0(TCPTransport.java:828) ~[na:na]
	at java.rmi/sun.rmi.transport.tcp.TCPTransport$ConnectionHandler.lambda$run$0(TCPTransport.java:705) ~[na:na]
	at java.base/java.security.AccessController.doPrivileged(AccessController.java:399) ~[na:na]
	at java.rmi/sun.rmi.transport.tcp.TCPTransport$ConnectionHandler.run(TCPTransport.java:704) ~[na:na]
	at java.base/java.util.concurrent.ThreadPoolExecutor.runWorker(ThreadPoolExecutor.java:1136) ~[na:na]
	at java.base/java.util.concurrent.ThreadPoolExecutor$Worker.run(ThreadPoolExecutor.java:635) ~[na:na]
	at java.base/java.lang.Thread.run(Thread.java:833) ~[na:na]

2024-10-18T18:55:11.962+03:00 DEBUG [,,] 28528 --- [RMI TCP Connection(3)-192.168.0.104] [                                                 ] sun.rmi.transport.tcp                    : RMI TCP Connection(3)-192.168.0.104: (port 53105) op = 80
2024-10-18T18:55:11.962+03:00 DEBUG [,,] 28528 --- [RMI TCP Connection(3)-192.168.0.104] [                                                 ] javax.management.remote.rmi              : [javax.management.remote.rmi.RMIConnectionImpl@58e0ac53: connectionId=rmi://192.168.0.104  4] closing.
2024-10-18T18:55:11.963+03:00 DEBUG [,,] 28528 --- [RMI TCP Connection(3)-192.168.0.104] [                                                 ] javax.management.remote.rmi              : [javax.management.remote.rmi.RMIConnectionImpl@58e0ac53: connectionId=rmi://192.168.0.104  4] closed.
2024-10-18T18:55:11.993+03:00 DEBUG [,,] 28528 --- [main] [                                                 ] o.hibernate.internal.SessionFactoryImpl  : Building session factory
2024-10-18T18:55:11.999+03:00 DEBUG [,,] 28528 --- [HikariPool-1 connection adder] [                                                 ] com.zaxxer.hikari.pool.HikariPool        : HikariPool-1 - After adding stats (total=3, active=0, idle=3, waiting=0)
2024-10-18T18:55:12.001+03:00 DEBUG [,,] 28528 --- [HikariPool-1 connection adder] [                                                 ] com.zaxxer.hikari.pool.HikariPool        : HikariPool-1 - Added connection com.mysql.cj.jdbc.ConnectionImpl@76cea664
2024-10-18T18:55:12.021+03:00 DEBUG [,,] 28528 --- [main] [                                                 ] .h.s.i.SessionFactoryServiceRegistryImpl : EventListenerRegistry access via ServiceRegistry is deprecated.  Use `sessionFactory.getEventEngine().getListenerRegistry()` instead
2024-10-18T18:55:12.022+03:00 DEBUG [,,] 28528 --- [main] [                                                 ] o.hibernate.internal.SessionFactoryImpl  : Instantiating SessionFactory with settings: {hibernate.format_sql=true, java.specification.version=17, sun.cpu.isalist=amd64, hibernate.resource.beans.container=org.springframework.orm.hibernate5.SpringBeanContainer@3a00237d, hibernate.connection.handling_mode=DELAYED_ACQUISITION_AND_HOLD, sun.jnu.encoding=Cp1252, hibernate.dialect=org.hibernate.dialect.MySQLDialect, hibernate.implicit_naming_strategy=org.springframework.boot.orm.jpa.hibernate.SpringImplicitNamingStrategy, java.class.path=C:\Users\denis\OneDrive\Desktop\myCode\kibana_deploy_template\target\classes;C:\Users\denis\.m2\repository\org\springframework\boot\spring-boot-starter-data-jpa\3.3.4\spring-boot-starter-data-jpa-3.3.4.jar;C:\Users\denis\.m2\repository\org\springframework\boot\spring-boot-starter-aop\3.3.4\spring-boot-starter-aop-3.3.4.jar;C:\Users\denis\.m2\repository\org\springframework\spring-aop\6.1.13\spring-aop-6.1.13.jar;C:\Users\denis\.m2\repository\org\aspectj\aspectjweaver\1.9.22.1\aspectjweaver-1.9.22.1.jar;C:\Users\denis\.m2\repository\org\springframework\boot\spring-boot-starter-jdbc\3.3.4\spring-boot-starter-jdbc-3.3.4.jar;C:\Users\denis\.m2\repository\com\zaxxer\HikariCP\5.1.0\HikariCP-5.1.0.jar;C:\Users\denis\.m2\repository\org\springframework\spring-jdbc\6.1.13\spring-jdbc-6.1.13.jar;C:\Users\denis\.m2\repository\org\hibernate\orm\hibernate-core\6.5.3.Final\hibernate-core-6.5.3.Final.jar;C:\Users\denis\.m2\repository\jakarta\persistence\jakarta.persistence-api\3.1.0\jakarta.persistence-api-3.1.0.jar;C:\Users\denis\.m2\repository\jakarta\transaction\jakarta.transaction-api\2.0.1\jakarta.transaction-api-2.0.1.jar;C:\Users\denis\.m2\repository\org\jboss\logging\jboss-logging\3.5.3.Final\jboss-logging-3.5.3.Final.jar;C:\Users\denis\.m2\repository\org\hibernate\common\hibernate-commons-annotations\6.0.6.Final\hibernate-commons-annotations-6.0.6.Final.jar;C:\Users\denis\.m2\repository\io\smallrye\jandex\3.1.2\jandex-3.1.2.jar;C:\Users\denis\.m2\repository\com\fasterxml\classmate\1.7.0\classmate-1.7.0.jar;C:\Users\denis\.m2\repository\net\bytebuddy\byte-buddy\1.14.19\byte-buddy-1.14.19.jar;C:\Users\denis\.m2\repository\org\glassfish\jaxb\jaxb-runtime\4.0.5\jaxb-runtime-4.0.5.jar;C:\Users\denis\.m2\repository\org\glassfish\jaxb\jaxb-core\4.0.5\jaxb-core-4.0.5.jar;C:\Users\denis\.m2\repository\org\eclipse\angus\angus-activation\2.0.2\angus-activation-2.0.2.jar;C:\Users\denis\.m2\repository\org\glassfish\jaxb\txw2\4.0.5\txw2-4.0.5.jar;C:\Users\denis\.m2\repository\com\sun\istack\istack-commons-runtime\4.1.2\istack-commons-runtime-4.1.2.jar;C:\Users\denis\.m2\repository\jakarta\inject\jakarta.inject-api\2.0.1\jakarta.inject-api-2.0.1.jar;C:\Users\denis\.m2\repository\org\antlr\antlr4-runtime\4.13.0\antlr4-runtime-4.13.0.jar;C:\Users\denis\.m2\repository\org\springframework\data\spring-data-jpa\3.3.4\spring-data-jpa-3.3.4.jar;C:\Users\denis\.m2\repository\org\springframework\data\spring-data-commons\3.3.4\spring-data-commons-3.3.4.jar;C:\Users\denis\.m2\repository\org\springframework\spring-orm\6.1.13\spring-orm-6.1.13.jar;C:\Users\denis\.m2\repository\org\springframework\spring-context\6.1.13\spring-context-6.1.13.jar;C:\Users\denis\.m2\repository\org\springframework\spring-tx\6.1.13\spring-tx-6.1.13.jar;C:\Users\denis\.m2\repository\org\springframework\spring-beans\6.1.13\spring-beans-6.1.13.jar;C:\Users\denis\.m2\repository\jakarta\annotation\jakarta.annotation-api\2.1.1\jakarta.annotation-api-2.1.1.jar;C:\Users\denis\.m2\repository\org\springframework\spring-aspects\6.1.13\spring-aspects-6.1.13.jar;C:\Users\denis\.m2\repository\org\springframework\boot\spring-boot-starter-web\3.3.4\spring-boot-starter-web-3.3.4.jar;C:\Users\denis\.m2\repository\org\springframework\boot\spring-boot-starter\3.3.4\spring-boot-starter-3.3.4.jar;C:\Users\denis\.m2\repository\org\springframework\boot\spring-boot\3.3.4\spring-boot-3.3.4.jar;C:\Users\denis\.m2\repository\org\springframework\boot\spring-boot-autoconfigure\3.3.4\spring-boot-autoconfigure-3.3.4.jar;C:\Users\denis\.m2\repository\org\yaml\snakeyaml\2.2\snakeyaml-2.2.jar;C:\Users\denis\.m2\repository\org\springframework\boot\spring-boot-starter-json\3.3.4\spring-boot-starter-json-3.3.4.jar;C:\Users\denis\.m2\repository\com\fasterxml\jackson\datatype\jackson-datatype-jdk8\2.17.2\jackson-datatype-jdk8-2.17.2.jar;C:\Users\denis\.m2\repository\com\fasterxml\jackson\datatype\jackson-datatype-jsr310\2.17.2\jackson-datatype-jsr310-2.17.2.jar;C:\Users\denis\.m2\repository\com\fasterxml\jackson\module\jackson-module-parameter-names\2.17.2\jackson-module-parameter-names-2.17.2.jar;C:\Users\denis\.m2\repository\org\springframework\boot\spring-boot-starter-tomcat\3.3.4\spring-boot-starter-tomcat-3.3.4.jar;C:\Users\denis\.m2\repository\org\apache\tomcat\embed\tomcat-embed-core\10.1.30\tomcat-embed-core-10.1.30.jar;C:\Users\denis\.m2\repository\org\apache\tomcat\embed\tomcat-embed-el\10.1.30\tomcat-embed-el-10.1.30.jar;C:\Users\denis\.m2\repository\org\apache\tomcat\embed\tomcat-embed-websocket\10.1.30\tomcat-embed-websocket-10.1.30.jar;C:\Users\denis\.m2\repository\org\springframework\spring-web\6.1.13\spring-web-6.1.13.jar;C:\Users\denis\.m2\repository\org\springframework\spring-webmvc\6.1.13\spring-webmvc-6.1.13.jar;C:\Users\denis\.m2\repository\org\springframework\spring-expression\6.1.13\spring-expression-6.1.13.jar;C:\Users\denis\.m2\repository\org\springdoc\springdoc-openapi-starter-webmvc-ui\2.2.0\springdoc-openapi-starter-webmvc-ui-2.2.0.jar;C:\Users\denis\.m2\repository\org\springdoc\springdoc-openapi-starter-webmvc-api\2.2.0\springdoc-openapi-starter-webmvc-api-2.2.0.jar;C:\Users\denis\.m2\repository\org\springdoc\springdoc-openapi-starter-common\2.2.0\springdoc-openapi-starter-common-2.2.0.jar;C:\Users\denis\.m2\repository\io\swagger\core\v3\swagger-core-jakarta\2.2.15\swagger-core-jakarta-2.2.15.jar;C:\Users\denis\.m2\repository\org\apache\commons\commons-lang3\3.14.0\commons-lang3-3.14.0.jar;C:\Users\denis\.m2\repository\io\swagger\core\v3\swagger-annotations-jakarta\2.2.15\swagger-annotations-jakarta-2.2.15.jar;C:\Users\denis\.m2\repository\io\swagger\core\v3\swagger-models-jakarta\2.2.15\swagger-models-jakarta-2.2.15.jar;C:\Users\denis\.m2\repository\jakarta\validation\jakarta.validation-api\3.0.2\jakarta.validation-api-3.0.2.jar;C:\Users\denis\.m2\repository\com\fasterxml\jackson\dataformat\jackson-dataformat-yaml\2.17.2\jackson-dataformat-yaml-2.17.2.jar;C:\Users\denis\.m2\repository\org\webjars\swagger-ui\5.2.0\swagger-ui-5.2.0.jar;C:\Users\denis\.m2\repository\com\mysql\mysql-connector-j\8.3.0\mysql-connector-j-8.3.0.jar;C:\Users\denis\.m2\repository\org\projectlombok\lombok\1.18.34\lombok-1.18.34.jar;C:\Users\denis\.m2\repository\jakarta\xml\bind\jakarta.xml.bind-api\4.0.2\jakarta.xml.bind-api-4.0.2.jar;C:\Users\denis\.m2\repository\jakarta\activation\jakarta.activation-api\2.1.3\jakarta.activation-api-2.1.3.jar;C:\Users\denis\.m2\repository\org\springframework\spring-core\6.1.13\spring-core-6.1.13.jar;C:\Users\denis\.m2\repository\org\springframework\spring-jcl\6.1.13\spring-jcl-6.1.13.jar;C:\Users\denis\.m2\repository\org\springframework\boot\spring-boot-starter-actuator\3.3.0\spring-boot-starter-actuator-3.3.0.jar;C:\Users\denis\.m2\repository\org\springframework\boot\spring-boot-actuator-autoconfigure\3.3.4\spring-boot-actuator-autoconfigure-3.3.4.jar;C:\Users\denis\.m2\repository\org\springframework\boot\spring-boot-actuator\3.3.4\spring-boot-actuator-3.3.4.jar;C:\Users\denis\.m2\repository\io\micrometer\micrometer-observation\1.13.4\micrometer-observation-1.13.4.jar;C:\Users\denis\.m2\repository\io\micrometer\micrometer-commons\1.13.4\micrometer-commons-1.13.4.jar;C:\Users\denis\.m2\repository\io\micrometer\micrometer-jakarta9\1.13.4\micrometer-jakarta9-1.13.4.jar;C:\Users\denis\.m2\repository\io\micrometer\micrometer-tracing-bridge-brave\1.3.4\micrometer-tracing-bridge-brave-1.3.4.jar;C:\Users\denis\.m2\repository\io\micrometer\micrometer-tracing\1.3.4\micrometer-tracing-1.3.4.jar;C:\Users\denis\.m2\repository\io\micrometer\context-propagation\1.1.1\context-propagation-1.1.1.jar;C:\Users\denis\.m2\repository\aopalliance\aopalliance\1.0\aopalliance-1.0.jar;C:\Users\denis\.m2\repository\org\slf4j\slf4j-api\2.0.16\slf4j-api-2.0.16.jar;C:\Users\denis\.m2\repository\io\zipkin\brave\brave\6.0.3\brave-6.0.3.jar;C:\Users\denis\.m2\repository\io\zipkin\brave\brave-context-slf4j\6.0.3\brave-context-slf4j-6.0.3.jar;C:\Users\denis\.m2\repository\io\zipkin\brave\brave-instrumentation-http\6.0.3\brave-instrumentation-http-6.0.3.jar;C:\Users\denis\.m2\repository\io\zipkin\aws\brave-propagation-aws\1.2.5\brave-propagation-aws-1.2.5.jar;C:\Users\denis\.m2\repository\io\zipkin\contrib\brave-propagation-w3c\brave-propagation-tracecontext\0.2.0\brave-propagation-tracecontext-0.2.0.jar;C:\Users\denis\.m2\repository\io\zipkin\reporter2\zipkin-reporter-brave\3.4.2\zipkin-reporter-brave-3.4.2.jar;C:\Users\denis\.m2\repository\io\zipkin\reporter2\zipkin-reporter\3.4.2\zipkin-reporter-3.4.2.jar;C:\Users\denis\.m2\repository\org\springframework\boot\spring-boot-starter-logging\3.3.4\spring-boot-starter-logging-3.3.4.jar;C:\Users\denis\.m2\repository\ch\qos\logback\logback-classic\1.5.8\logback-classic-1.5.8.jar;C:\Users\denis\.m2\repository\ch\qos\logback\logback-core\1.5.8\logback-core-1.5.8.jar;C:\Users\denis\.m2\repository\org\apache\logging\log4j\log4j-to-slf4j\2.23.1\log4j-to-slf4j-2.23.1.jar;C:\Users\denis\.m2\repository\org\apache\logging\log4j\log4j-api\2.23.1\log4j-api-2.23.1.jar;C:\Users\denis\.m2\repository\org\slf4j\jul-to-slf4j\2.0.16\jul-to-slf4j-2.0.16.jar;C:\Users\denis\.m2\repository\net\logstash\logback\logstash-logback-encoder\8.0\logstash-logback-encoder-8.0.jar;C:\Users\denis\.m2\repository\com\fasterxml\jackson\core\jackson-databind\2.17.2\jackson-databind-2.17.2.jar;C:\Users\denis\.m2\repository\com\fasterxml\jackson\core\jackson-annotations\2.17.2\jackson-annotations-2.17.2.jar;C:\Users\denis\.m2\repository\com\fasterxml\jackson\core\jackson-core\2.17.2\jackson-core-2.17.2.jar;C:\Users\denis\.m2\repository\io\micrometer\micrometer-registry-prometheus\1.13.4\micrometer-registry-prometheus-1.13.4.jar;C:\Users\denis\.m2\repository\io\micrometer\micrometer-core\1.13.4\micrometer-core-1.13.4.jar;C:\Users\denis\.m2\repository\org\hdrhistogram\HdrHistogram\2.2.2\HdrHistogram-2.2.2.jar;C:\Users\denis\.m2\repository\org\latencyutils\LatencyUtils\2.0.3\LatencyUtils-2.0.3.jar;C:\Users\denis\.m2\repository\io\prometheus\prometheus-metrics-core\1.2.1\prometheus-metrics-core-1.2.1.jar;C:\Users\denis\.m2\repository\io\prometheus\prometheus-metrics-model\1.2.1\prometheus-metrics-model-1.2.1.jar;C:\Users\denis\.m2\repository\io\prometheus\prometheus-metrics-config\1.2.1\prometheus-metrics-config-1.2.1.jar;C:\Users\denis\.m2\repository\io\prometheus\prometheus-metrics-tracer-common\1.2.1\prometheus-metrics-tracer-common-1.2.1.jar;C:\Users\denis\.m2\repository\io\prometheus\prometheus-metrics-exposition-formats\1.2.1\prometheus-metrics-exposition-formats-1.2.1.jar;C:\Users\denis\.m2\repository\io\prometheus\prometheus-metrics-shaded-protobuf\1.2.1\prometheus-metrics-shaded-protobuf-1.2.1.jar, java.vm.vendor=Oracle Corporation, sun.arch.data.model=64, user.variant=, java.vendor.url=https://java.oracle.com/, catalina.useNaming=false, user.timezone=Europe/Bucharest, jakarta.persistence.sharedCache.mode=UNSPECIFIED, org.jboss.logging.provider=slf4j, java.vm.specification.version=17, os.name=Windows 11, jakarta.persistence.nonJtaDataSource=HikariDataSource (HikariPool-1), sun.java.launcher=SUN_STANDARD, user.country=US, sun.boot.library.path=C:\Program Files\Java\jdk-17\bin, sun.java.command=com.example.kibana_deploy_template.KibanaDeployTemplateApplication, spring.application.admin.enabled=true, javax.persistence.nonJtaDataSource=HikariDataSource (HikariPool-1), hibernate.transaction.jta.platform=org.hibernate.engine.transaction.jta.platform.internal.NoJtaPlatform@bc88295, com.sun.management.jmxremote=, jdk.debug=release, spring.liveBeansView.mbeanDomain=, sun.cpu.endian=little, hibernate.cdi.extensions=true, user.home=C:\Users\denis, user.language=en, java.specification.vendor=Oracle Corporation, java.version.date=2023-07-18, java.home=C:\Program Files\Java\jdk-17, file.separator=\, spring.output.ansi.enabled=always, java.vm.compressedOopsMode=Zero based, line.separator=
, hibernate.persistenceUnitName=default, java.vm.specification.vendor=Oracle Corporation, java.specification.name=Java Platform API Specification, FILE_LOG_CHARSET=UTF-8, hibernate.transaction.coordinator_class=class org.hibernate.resource.transaction.backend.jdbc.internal.JdbcResourceLocalTransactionCoordinatorBuilderImpl, java.awt.headless=true, LOG_LEVEL_PATTERN=%5p [,%X{traceId:-},%X{spanId:-}], jakarta.persistence.validation.mode=AUTO, hibernate.hbm2ddl.auto=update, user.script=, sun.management.compiler=HotSpot 64-Bit Tiered Compilers, java.runtime.version=17.0.8+9-LTS-211, LOG_CORRELATION_PATTERN=%correlationId, user.name=denis, spring.jmx.enabled=true, path.separator=;, management.endpoints.jmx.exposure.include=*, os.version=10.0, java.runtime.name=Java(TM) SE Runtime Environment, file.encoding=UTF-8, java.vm.name=Java HotSpot(TM) 64-Bit Server VM, hibernate.show_sql=true, LOG_FILE=test.log, java.vendor.url.bug=https://bugreport.java.com/bugreport/, java.io.tmpdir=C:\Users\denis\AppData\Local\Temp\, catalina.home=C:\Users\denis\AppData\Local\Temp\tomcat.8080.6101042514923018955, java.version=17.0.8, hibernate.physical_naming_strategy=org.hibernate.boot.model.naming.CamelCaseToUnderscoresNamingStrategy, user.dir=C:\Users\denis\OneDrive\Desktop\myCode\kibana_deploy_template, os.arch=amd64, java.vm.specification.name=Java Virtual Machine Specification, PID=28528, sun.os.patch.level=, CONSOLE_LOG_CHARSET=UTF-8, catalina.base=C:\Users\denis\AppData\Local\Temp\tomcat.8080.6101042514923018955, hibernate.boot.CfgXmlAccessService.key=org.hibernate.boot.registry.StandardServiceRegistryBuilder$1@341df373, native.encoding=Cp1252, java.library.path=C:\Program Files\Java\jdk-17\bin;C:\Windows\Sun\Java\bin;C:\Windows\system32;C:\Windows;C:\Python311\Scripts\;C:\Python311\;C:\Program Files\Common Files\Oracle\Java\javapath;C:\Windows\system32;C:\Windows;C:\Windows\System32\Wbem;C:\Windows\System32\WindowsPowerShell\v1.0\;C:\Windows\System32\OpenSSH\;C:\Program Files (x86)\GitExtensions\;C:\ProgramData\chocolatey\bin;C:\Program Files\nodejs\;C:\Program Files\Git\cmd;C:\Program Files\Microsoft SQL Server\150\Tools\Binn\;C:\Program Files\Microsoft SQL Server\Client SDK\ODBC\170\Tools\Binn\;C:\Program Files\dotnet\;C:\Program Files (x86)\Windows Kits\10\Windows Performance Toolkit\;C:\Program Files (x86)\NVIDIA Corporation\PhysX\Common;C:\Program Files\NVIDIA Corporation\NVIDIA NvDLISR;C:\Program Files\PuTTY\;C:\Program Files\Docker\Docker\resources\bin;C:\Program Files\Java\apache-maven-3.9.9\bin;C:\Users\denis\.console-ninja\.bin;C:\Users\denis\AppData\Local\Microsoft\WindowsApps;C:\Program Files\JetBrains\IntelliJ IDEA 2023.2.1\bin;C:\Program Files\JetBrains\WebStorm 2023.2\bin;C:\Program Files\JetBrains\DataGrip 2023.2.1\bin;C:\Users\denis\AppData\Local\Programs\Microsoft VS Code\bin;C:\Users\denis\AppData\Roaming\npm;C:\Program Files\JetBrains\PyCharm 2023.2.4\bin;C:\Users\denis\.dotnet\tools;C:\Users\denis\AppData\Local\JetBrains\Toolbox\scripts;C:\Users\denis\AppData\Local\gitkraken\bin;C:\Program Files\Java\apache-maven-3.9.9\bin;;., java.vendor=Oracle Corporation, java.vm.info=mixed mode, emulated-client, sharing, java.vm.version=17.0.8+9-LTS-211, java.rmi.server.randomIDs=true, sun.io.unicode.encoding=UnicodeLittle, hibernate.archive.scanner=org.hibernate.boot.archive.scan.internal.DisabledScanner, hibernate.connection.datasource=HikariDataSource (HikariPool-1), java.class.version=61.0}
2024-10-18T18:55:12.024+03:00 DEBUG [,,] 28528 --- [main] [                                                 ] o.hibernate.internal.SessionFactoryImpl  : Session factory constructed with filter configurations : {}
2024-10-18T18:55:12.026+03:00 DEBUG [,,] 28528 --- [main] [                                                 ] o.h.b.beanvalidation.TypeSafeActivator   : Unable to acquire Bean Validation ValidatorFactory, skipping activation
2024-10-18T18:55:12.046+03:00 DEBUG [,,] 28528 --- [HikariPool-1 connection adder] [                                                 ] com.zaxxer.hikari.pool.HikariPool        : HikariPool-1 - After adding stats (total=4, active=0, idle=4, waiting=0)
2024-10-18T18:55:12.049+03:00 DEBUG [,,] 28528 --- [HikariPool-1 connection adder] [                                                 ] com.zaxxer.hikari.pool.HikariPool        : HikariPool-1 - Added connection com.mysql.cj.jdbc.ConnectionImpl@276cba34
2024-10-18T18:55:12.056+03:00 DEBUG [,,] 28528 --- [main] [                                                 ] o.h.q.sqm.function.SqmFunctionRegistry   : Registered SqmFunctionTemplate [NamedSqmFunctionTemplate(max)] under max; prior registration was null
2024-10-18T18:55:12.056+03:00 DEBUG [,,] 28528 --- [main] [                                                 ] o.h.q.sqm.function.SqmFunctionRegistry   : Registered SqmFunctionTemplate [NamedSqmFunctionTemplate(min)] under min; prior registration was null
2024-10-18T18:55:12.057+03:00 DEBUG [,,] 28528 --- [main] [                                                 ] o.h.q.sqm.function.SqmFunctionRegistry   : Registered SqmFunctionTemplate [NamedSqmFunctionTemplate(sum)] under sum; prior registration was null
2024-10-18T18:55:12.057+03:00 DEBUG [,,] 28528 --- [main] [                                                 ] o.h.q.sqm.function.SqmFunctionRegistry   : Registered SqmFunctionTemplate [NamedSqmFunctionTemplate(avg)] under avg; prior registration was null
2024-10-18T18:55:12.059+03:00 DEBUG [,,] 28528 --- [main] [                                                 ] o.h.q.sqm.function.SqmFunctionRegistry   : Registered SqmFunctionTemplate [org.hibernate.dialect.function.CountFunction@4987142d] under count; prior registration was null
2024-10-18T18:55:12.059+03:00 DEBUG [,,] 28528 --- [main] [                                                 ] o.h.q.sqm.function.SqmFunctionRegistry   : Registered SqmFunctionTemplate [org.hibernate.dialect.function.EveryAnyEmulation@37816ea6] under every; prior registration was null
2024-10-18T18:55:12.059+03:00 DEBUG [,,] 28528 --- [main] [                                                 ] o.h.q.sqm.function.SqmFunctionRegistry   : Registered SqmFunctionTemplate [org.hibernate.dialect.function.EveryAnyEmulation@7a74672] under any; prior registration was null
2024-10-18T18:55:12.060+03:00 DEBUG [,,] 28528 --- [main] [                                                 ] o.h.q.sqm.function.SqmFunctionRegistry   : Registered SqmFunctionTemplate [NamedSqmFunctionTemplate(floor)] under floor; prior registration was null
2024-10-18T18:55:12.060+03:00 DEBUG [,,] 28528 --- [main] [                                                 ] o.h.q.sqm.function.SqmFunctionRegistry   : Registered SqmFunctionTemplate [NamedSqmFunctionTemplate(ceiling)] under ceiling; prior registration was null
2024-10-18T18:55:12.060+03:00 DEBUG [,,] 28528 --- [main] [                                                 ] o.h.q.sqm.function.SqmFunctionRegistry   : Registered SqmFunctionTemplate [NamedSqmFunctionTemplate(mod)] under mod; prior registration was null
2024-10-18T18:55:12.060+03:00 DEBUG [,,] 28528 --- [main] [                                                 ] o.h.q.sqm.function.SqmFunctionRegistry   : Registered SqmFunctionTemplate [NamedSqmFunctionTemplate(abs)] under abs; prior registration was null
2024-10-18T18:55:12.060+03:00 DEBUG [,,] 28528 --- [main] [                                                 ] o.h.q.sqm.function.SqmFunctionRegistry   : Registered SqmFunctionTemplate [NamedSqmFunctionTemplate(sign)] under sign; prior registration was null
2024-10-18T18:55:12.060+03:00 DEBUG [,,] 28528 --- [main] [                                                 ] o.h.q.sqm.function.SqmFunctionRegistry   : Registered SqmFunctionTemplate [NamedSqmFunctionTemplate(sqrt)] under sqrt; prior registration was null
2024-10-18T18:55:12.060+03:00 DEBUG [,,] 28528 --- [main] [                                                 ] o.h.q.sqm.function.SqmFunctionRegistry   : Registered SqmFunctionTemplate [NamedSqmFunctionTemplate(ln)] under ln; prior registration was null
2024-10-18T18:55:12.060+03:00 DEBUG [,,] 28528 --- [main] [                                                 ] o.h.q.sqm.function.SqmFunctionRegistry   : Registered SqmFunctionTemplate [NamedSqmFunctionTemplate(exp)] under exp; prior registration was null
2024-10-18T18:55:12.060+03:00 DEBUG [,,] 28528 --- [main] [                                                 ] o.h.q.sqm.function.SqmFunctionRegistry   : Registered SqmFunctionTemplate [NamedSqmFunctionTemplate(power)] under power; prior registration was null
2024-10-18T18:55:12.061+03:00 DEBUG [,,] 28528 --- [main] [                                                 ] o.h.q.sqm.function.SqmFunctionRegistry   : Registered SqmFunctionTemplate [NamedSqmFunctionTemplate(round)] under round; prior registration was null
2024-10-18T18:55:12.061+03:00 DEBUG [,,] 28528 --- [main] [                                                 ] o.h.q.sqm.function.SqmFunctionRegistry   : Registered SqmFunctionTemplate [NamedSqmFunctionTemplate(sin)] under sin; prior registration was null
2024-10-18T18:55:12.061+03:00 DEBUG [,,] 28528 --- [main] [                                                 ] o.h.q.sqm.function.SqmFunctionRegistry   : Registered SqmFunctionTemplate [NamedSqmFunctionTemplate(cos)] under cos; prior registration was null
2024-10-18T18:55:12.061+03:00 DEBUG [,,] 28528 --- [main] [                                                 ] o.h.q.sqm.function.SqmFunctionRegistry   : Registered SqmFunctionTemplate [NamedSqmFunctionTemplate(tan)] under tan; prior registration was null
2024-10-18T18:55:12.061+03:00 DEBUG [,,] 28528 --- [main] [                                                 ] o.h.q.sqm.function.SqmFunctionRegistry   : Registered SqmFunctionTemplate [NamedSqmFunctionTemplate(asin)] under asin; prior registration was null
2024-10-18T18:55:12.061+03:00 DEBUG [,,] 28528 --- [main] [                                                 ] o.h.q.sqm.function.SqmFunctionRegistry   : Registered SqmFunctionTemplate [NamedSqmFunctionTemplate(acos)] under acos; prior registration was null
2024-10-18T18:55:12.061+03:00 DEBUG [,,] 28528 --- [main] [                                                 ] o.h.q.sqm.function.SqmFunctionRegistry   : Registered SqmFunctionTemplate [NamedSqmFunctionTemplate(atan)] under atan; prior registration was null
2024-10-18T18:55:12.062+03:00 DEBUG [,,] 28528 --- [main] [                                                 ] o.h.q.sqm.function.SqmFunctionRegistry   : Registered SqmFunctionTemplate [NamedSqmFunctionTemplate(atan2)] under atan2; prior registration was null
2024-10-18T18:55:12.063+03:00 DEBUG [,,] 28528 --- [main] [                                                 ] o.h.q.sqm.function.SqmFunctionRegistry   : Registered SqmFunctionTemplate [org.hibernate.query.sqm.function.PatternBasedSqmFunctionDescriptor@49392256] under sinh; prior registration was null
2024-10-18T18:55:12.063+03:00 DEBUG [,,] 28528 --- [main] [                                                 ] o.h.q.sqm.function.SqmFunctionRegistry   : Registered SqmFunctionTemplate [org.hibernate.query.sqm.function.PatternBasedSqmFunctionDescriptor@5a23b9d1] under cosh; prior registration was null
2024-10-18T18:55:12.063+03:00 DEBUG [,,] 28528 --- [main] [                                                 ] o.h.q.sqm.function.SqmFunctionRegistry   : Registered SqmFunctionTemplate [org.hibernate.query.sqm.function.PatternBasedSqmFunctionDescriptor@3962b216] under tanh; prior registration was null
2024-10-18T18:55:12.063+03:00 DEBUG [,,] 28528 --- [main] [                                                 ] o.h.q.sqm.function.SqmFunctionRegistry   : Registered SqmFunctionTemplate [org.hibernate.query.sqm.function.PatternBasedSqmFunctionDescriptor@3183a37c] under pi; prior registration was null
2024-10-18T18:55:12.063+03:00 DEBUG [,,] 28528 --- [main] [                                                 ] o.h.q.sqm.function.SqmFunctionRegistry   : Registered SqmFunctionTemplate [org.hibernate.query.sqm.function.PatternBasedSqmFunctionDescriptor@31a80c88] under log; prior registration was null
2024-10-18T18:55:12.064+03:00 DEBUG [,,] 28528 --- [main] [                                                 ] o.h.q.sqm.function.SqmFunctionRegistry   : Registered SqmFunctionTemplate [NamedSqmFunctionTemplate(coalesce)] under coalesce; prior registration was null
2024-10-18T18:55:12.064+03:00 DEBUG [,,] 28528 --- [main] [                                                 ] o.h.q.sqm.function.SqmFunctionRegistry   : Registered SqmFunctionTemplate [NamedSqmFunctionTemplate(nullif)] under nullif; prior registration was null
2024-10-18T18:55:12.064+03:00 DEBUG [,,] 28528 --- [main] [                                                 ] o.h.q.sqm.function.SqmFunctionRegistry   : Registered SqmFunctionTemplate [NamedSqmFunctionTemplate(left)] under left; prior registration was null
2024-10-18T18:55:12.064+03:00 DEBUG [,,] 28528 --- [main] [                                                 ] o.h.q.sqm.function.SqmFunctionRegistry   : Registered SqmFunctionTemplate [NamedSqmFunctionTemplate(right)] under right; prior registration was null
2024-10-18T18:55:12.064+03:00 DEBUG [,,] 28528 --- [main] [                                                 ] o.h.q.sqm.function.SqmFunctionRegistry   : Registered SqmFunctionTemplate [NamedSqmFunctionTemplate(replace)] under replace; prior registration was null
2024-10-18T18:55:12.064+03:00 DEBUG [,,] 28528 --- [main] [                                                 ] o.h.q.sqm.function.SqmFunctionRegistry   : Registered SqmFunctionTemplate [NamedSqmFunctionTemplate(concat)] under concat; prior registration was null
2024-10-18T18:55:12.064+03:00 DEBUG [,,] 28528 --- [main] [                                                 ] o.h.q.sqm.function.SqmFunctionRegistry   : Registered SqmFunctionTemplate [NamedSqmFunctionTemplate(lower)] under lower; prior registration was null
2024-10-18T18:55:12.064+03:00 DEBUG [,,] 28528 --- [main] [                                                 ] o.h.q.sqm.function.SqmFunctionRegistry   : Registered SqmFunctionTemplate [NamedSqmFunctionTemplate(upper)] under upper; prior registration was null
2024-10-18T18:55:12.064+03:00 DEBUG [,,] 28528 --- [main] [                                                 ] o.h.q.sqm.function.SqmFunctionRegistry   : Registered SqmFunctionTemplate [NamedSqmFunctionTemplate(substring)] under substring; prior registration was null
2024-10-18T18:55:12.064+03:00 DEBUG [,,] 28528 --- [main] [                                                 ] o.h.q.sqm.function.SqmFunctionRegistry   : Registered SqmFunctionTemplate [NamedSqmFunctionTemplate(locate)] under locate; prior registration was null
2024-10-18T18:55:12.064+03:00 DEBUG [,,] 28528 --- [main] [                                                 ] o.h.q.sqm.function.SqmFunctionRegistry   : Registered SqmFunctionTemplate [NamedSqmFunctionTemplate(character_length)] under character_length; prior registration was null
2024-10-18T18:55:12.064+03:00 DEBUG [,,] 28528 --- [main] [                                                 ] o.h.q.sqm.function.SqmFunctionRegistry   : Registering alternate key : length -> character_length
2024-10-18T18:55:12.065+03:00 DEBUG [,,] 28528 --- [main] [                                                 ] o.h.q.sqm.function.SqmFunctionRegistry   : Registered SqmFunctionTemplate [org.hibernate.dialect.function.LocatePositionEmulation@61d527ac] under position; prior registration was null
2024-10-18T18:55:12.066+03:00 DEBUG [,,] 28528 --- [main] [                                                 ] o.h.q.sqm.function.SqmFunctionRegistry   : Registered SqmFunctionTemplate [org.hibernate.dialect.function.InsertSubstringOverlayEmulation@468eff41] under overlay; prior registration was null
2024-10-18T18:55:12.066+03:00 DEBUG [,,] 28528 --- [main] [                                                 ] o.h.q.sqm.function.SqmFunctionRegistry   : Registered SqmFunctionTemplate [org.hibernate.dialect.function.TrimFunction@1a56f608] under trim; prior registration was null
2024-10-18T18:55:12.067+03:00 DEBUG [,,] 28528 --- [main] [                                                 ] o.h.q.sqm.function.SqmFunctionRegistry   : Registered SqmFunctionTemplate [org.hibernate.dialect.function.CastFunction@69988d42] under cast; prior registration was null
2024-10-18T18:55:12.067+03:00 DEBUG [,,] 28528 --- [main] [                                                 ] o.h.q.sqm.function.SqmFunctionRegistry   : Registered SqmFunctionTemplate [org.hibernate.query.sqm.function.PatternBasedSqmFunctionDescriptor@69ae7632] under collate; prior registration was null
2024-10-18T18:55:12.067+03:00 DEBUG [,,] 28528 --- [main] [                                                 ] o.h.q.sqm.function.SqmFunctionRegistry   : Registered SqmFunctionTemplate [org.hibernate.dialect.function.ExtractFunction@52a3eef8] under extract; prior registration was null
2024-10-18T18:55:12.067+03:00 DEBUG [,,] 28528 --- [main] [                                                 ] o.h.q.sqm.function.SqmFunctionRegistry   : Registered SqmFunctionTemplate [NamedSqmFunctionTemplate(least)] under least; prior registration was null
2024-10-18T18:55:12.068+03:00 DEBUG [,,] 28528 --- [main] [                                                 ] o.h.q.sqm.function.SqmFunctionRegistry   : Registered SqmFunctionTemplate [NamedSqmFunctionTemplate(greatest)] under greatest; prior registration was null
2024-10-18T18:55:12.068+03:00 DEBUG [,,] 28528 --- [main] [                                                 ] o.h.q.sqm.function.SqmFunctionRegistry   : Registered SqmFunctionTemplate [org.hibernate.dialect.function.CoalesceIfnullEmulation@2cd31214] under ifnull; prior registration was null
2024-10-18T18:55:12.068+03:00 DEBUG [,,] 28528 --- [main] [                                                 ] o.h.q.sqm.function.SqmFunctionRegistry   : Registered SqmFunctionTemplate [NamedSqmFunctionTemplate(lpad)] under lpad; prior registration was null
2024-10-18T18:55:12.068+03:00 DEBUG [,,] 28528 --- [main] [                                                 ] o.h.q.sqm.function.SqmFunctionRegistry   : Registered SqmFunctionTemplate [NamedSqmFunctionTemplate(rpad)] under rpad; prior registration was null
2024-10-18T18:55:12.068+03:00 DEBUG [,,] 28528 --- [main] [                                                 ] o.h.q.sqm.function.SqmFunctionRegistry   : Registered SqmFunctionTemplate [org.hibernate.dialect.function.LpadRpadPadEmulation@69c51fdb] under pad; prior registration was null
2024-10-18T18:55:12.068+03:00 DEBUG [,,] 28528 --- [main] [                                                 ] o.h.q.sqm.function.SqmFunctionRegistry   : Registered SqmFunctionTemplate [org.hibernate.dialect.function.CastStrEmulation@63053b71] under str; prior registration was null
2024-10-18T18:55:12.070+03:00 DEBUG [,,] 28528 --- [main] [                                                 ] o.h.q.sqm.function.SqmFunctionRegistry   : Registered SqmFunctionTemplate [org.hibernate.dialect.function.FormatFunction@37c45154] under format; prior registration was null
2024-10-18T18:55:12.070+03:00 DEBUG [,,] 28528 --- [main] [                                                 ] o.h.q.sqm.function.SqmFunctionRegistry   : Registered SqmFunctionTemplate [org.hibernate.dialect.function.TimestampaddFunction@56887c8f] under timestampadd; prior registration was null
2024-10-18T18:55:12.071+03:00 DEBUG [,,] 28528 --- [main] [                                                 ] o.h.q.sqm.function.SqmFunctionRegistry   : Registered SqmFunctionTemplate [org.hibernate.dialect.function.TimestampdiffFunction@8d52313] under timestampdiff; prior registration was null
2024-10-18T18:55:12.071+03:00 DEBUG [,,] 28528 --- [main] [                                                 ] o.h.q.sqm.function.SqmFunctionRegistry   : Registering alternate key : dateadd -> timestampadd
2024-10-18T18:55:12.071+03:00 DEBUG [,,] 28528 --- [main] [                                                 ] o.h.q.sqm.function.SqmFunctionRegistry   : Registering alternate key : datediff -> timestampdiff
2024-10-18T18:55:12.071+03:00 DEBUG [,,] 28528 --- [main] [                                                 ] o.h.q.sqm.function.SqmFunctionRegistry   : Registered SqmFunctionTemplate [org.hibernate.dialect.function.CurrentFunction@51eafec0] under current_date; prior registration was null
2024-10-18T18:55:12.071+03:00 DEBUG [,,] 28528 --- [main] [                                                 ] o.h.q.sqm.function.SqmFunctionRegistry   : Registered SqmFunctionTemplate [org.hibernate.dialect.function.CurrentFunction@2d94279f] under current_time; prior registration was null
2024-10-18T18:55:12.071+03:00 DEBUG [,,] 28528 --- [main] [                                                 ] o.h.q.sqm.function.SqmFunctionRegistry   : Registered SqmFunctionTemplate [org.hibernate.dialect.function.CurrentFunction@135a8808] under current_timestamp; prior registration was null
2024-10-18T18:55:12.071+03:00 DEBUG [,,] 28528 --- [main] [                                                 ] o.h.q.sqm.function.SqmFunctionRegistry   : Registering alternate key : current date -> current_date
2024-10-18T18:55:12.071+03:00 DEBUG [,,] 28528 --- [main] [                                                 ] o.h.q.sqm.function.SqmFunctionRegistry   : Registering alternate key : current time -> current_time
2024-10-18T18:55:12.071+03:00 DEBUG [,,] 28528 --- [main] [                                                 ] o.h.q.sqm.function.SqmFunctionRegistry   : Registering alternate key : current timestamp -> current_timestamp
2024-10-18T18:55:12.071+03:00 DEBUG [,,] 28528 --- [main] [                                                 ] o.h.q.sqm.function.SqmFunctionRegistry   : Registered SqmFunctionTemplate [org.hibernate.dialect.function.CurrentFunction@57abe94d] under local_date; prior registration was null
2024-10-18T18:55:12.071+03:00 DEBUG [,,] 28528 --- [main] [                                                 ] o.h.q.sqm.function.SqmFunctionRegistry   : Registered SqmFunctionTemplate [org.hibernate.dialect.function.CurrentFunction@51b11186] under local_time; prior registration was null
2024-10-18T18:55:12.071+03:00 DEBUG [,,] 28528 --- [main] [                                                 ] o.h.q.sqm.function.SqmFunctionRegistry   : Registered SqmFunctionTemplate [org.hibernate.dialect.function.CurrentFunction@5d957cf0] under local_datetime; prior registration was null
2024-10-18T18:55:12.071+03:00 DEBUG [,,] 28528 --- [main] [                                                 ] o.h.q.sqm.function.SqmFunctionRegistry   : Registered SqmFunctionTemplate [org.hibernate.dialect.function.CurrentFunction@1a48a582] under offset_datetime; prior registration was null
2024-10-18T18:55:12.071+03:00 DEBUG [,,] 28528 --- [main] [                                                 ] o.h.q.sqm.function.SqmFunctionRegistry   : Registering alternate key : local date -> local_date
2024-10-18T18:55:12.071+03:00 DEBUG [,,] 28528 --- [main] [                                                 ] o.h.q.sqm.function.SqmFunctionRegistry   : Registering alternate key : local time -> local_time
2024-10-18T18:55:12.071+03:00 DEBUG [,,] 28528 --- [main] [                                                 ] o.h.q.sqm.function.SqmFunctionRegistry   : Registering alternate key : local datetime -> local_datetime
2024-10-18T18:55:12.071+03:00 DEBUG [,,] 28528 --- [main] [                                                 ] o.h.q.sqm.function.SqmFunctionRegistry   : Registering alternate key : offset datetime -> offset_datetime
2024-10-18T18:55:12.071+03:00 DEBUG [,,] 28528 --- [main] [                                                 ] o.h.q.sqm.function.SqmFunctionRegistry   : Registered SqmFunctionTemplate [org.hibernate.dialect.function.CurrentFunction@1221d607] under instant; prior registration was null
2024-10-18T18:55:12.071+03:00 DEBUG [,,] 28528 --- [main] [                                                 ] o.h.q.sqm.function.SqmFunctionRegistry   : Registering alternate key : current_instant -> instant
2024-10-18T18:55:12.071+03:00 DEBUG [,,] 28528 --- [main] [                                                 ] o.h.q.sqm.function.SqmFunctionRegistry   : Registered SqmFunctionTemplate [org.hibernate.dialect.function.SqlFunction@7ef7faa9] under sql; prior registration was null
2024-10-18T18:55:12.071+03:00 DEBUG [,,] 28528 --- [main] [                                                 ] o.h.q.sqm.function.SqmFunctionRegistry   : Registered SqmFunctionTemplate [NamedSqmFunctionTemplate(soundex)] under soundex; prior registration was null
2024-10-18T18:55:12.071+03:00 DEBUG [,,] 28528 --- [main] [                                                 ] o.h.q.sqm.function.SqmFunctionRegistry   : Registered SqmFunctionTemplate [NamedSqmFunctionTemplate(radians)] under radians; prior registration was null
2024-10-18T18:55:12.071+03:00 DEBUG [,,] 28528 --- [main] [                                                 ] o.h.q.sqm.function.SqmFunctionRegistry   : Registered SqmFunctionTemplate [NamedSqmFunctionTemplate(degrees)] under degrees; prior registration was null
2024-10-18T18:55:12.071+03:00 DEBUG [,,] 28528 --- [main] [                                                 ] o.h.q.sqm.function.SqmFunctionRegistry   : Registered SqmFunctionTemplate [NamedSqmFunctionTemplate(cot)] under cot; prior registration was null
2024-10-18T18:55:12.071+03:00 DEBUG [,,] 28528 --- [main] [                                                 ] o.h.q.sqm.function.SqmFunctionRegistry   : Registered SqmFunctionTemplate [NamedSqmFunctionTemplate(log)] under log; prior registration was org.hibernate.query.sqm.function.PatternBasedSqmFunctionDescriptor@31a80c88
2024-10-18T18:55:12.071+03:00 DEBUG [,,] 28528 --- [main] [                                                 ] o.h.q.sqm.function.SqmFunctionRegistry   : Registered SqmFunctionTemplate [NamedSqmFunctionTemplate(log2)] under log2; prior registration was null
2024-10-18T18:55:12.071+03:00 DEBUG [,,] 28528 --- [main] [                                                 ] o.h.q.sqm.function.SqmFunctionRegistry   : Registered SqmFunctionTemplate [NamedSqmFunctionTemplate(log10)] under log10; prior registration was null
2024-10-18T18:55:12.071+03:00 DEBUG [,,] 28528 --- [main] [                                                 ] o.h.q.sqm.function.SqmFunctionRegistry   : Registered SqmFunctionTemplate [NamedSqmFunctionTemplate(ltrim)] under ltrim; prior registration was null
2024-10-18T18:55:12.071+03:00 DEBUG [,,] 28528 --- [main] [                                                 ] o.h.q.sqm.function.SqmFunctionRegistry   : Registered SqmFunctionTemplate [NamedSqmFunctionTemplate(rtrim)] under rtrim; prior registration was null
2024-10-18T18:55:12.071+03:00 DEBUG [,,] 28528 --- [main] [                                                 ] o.h.q.sqm.function.SqmFunctionRegistry   : Registered SqmFunctionTemplate [NamedSqmFunctionTemplate(octet_length)] under octet_length; prior registration was null
2024-10-18T18:55:12.071+03:00 DEBUG [,,] 28528 --- [main] [                                                 ] o.h.q.sqm.function.SqmFunctionRegistry   : Registered SqmFunctionTemplate [NamedSqmFunctionTemplate(reverse)] under reverse; prior registration was null
2024-10-18T18:55:12.071+03:00 DEBUG [,,] 28528 --- [main] [                                                 ] o.h.q.sqm.function.SqmFunctionRegistry   : Registered SqmFunctionTemplate [NamedSqmFunctionTemplate(space)] under space; prior registration was null
2024-10-18T18:55:12.072+03:00 DEBUG [,,] 28528 --- [main] [                                                 ] o.h.q.sqm.function.SqmFunctionRegistry   : Registered SqmFunctionTemplate [NamedSqmFunctionTemplate(repeat)] under repeat; prior registration was null
2024-10-18T18:55:12.072+03:00 DEBUG [,,] 28528 --- [main] [                                                 ] o.h.q.sqm.function.SqmFunctionRegistry   : Registered SqmFunctionTemplate [org.hibernate.query.sqm.function.MultipatternSqmFunctionDescriptor@5bfdabf3] under lpad; prior registration was NamedSqmFunctionTemplate(lpad)
2024-10-18T18:55:12.072+03:00 DEBUG [,,] 28528 --- [main] [                                                 ] o.h.q.sqm.function.SqmFunctionRegistry   : Registered SqmFunctionTemplate [org.hibernate.query.sqm.function.MultipatternSqmFunctionDescriptor@400d1c30] under rpad; prior registration was NamedSqmFunctionTemplate(rpad)
2024-10-18T18:55:12.072+03:00 DEBUG [,,] 28528 --- [main] [                                                 ] o.h.q.sqm.function.SqmFunctionRegistry   : Registered SqmFunctionTemplate [NamedSqmFunctionTemplate(md5)] under md5; prior registration was null
2024-10-18T18:55:12.072+03:00 DEBUG [,,] 28528 --- [main] [                                                 ] o.h.q.sqm.function.SqmFunctionRegistry   : Registered SqmFunctionTemplate [NamedSqmFunctionTemplate(day)] under day; prior registration was null
2024-10-18T18:55:12.072+03:00 DEBUG [,,] 28528 --- [main] [                                                 ] o.h.q.sqm.function.SqmFunctionRegistry   : Registered SqmFunctionTemplate [NamedSqmFunctionTemplate(month)] under month; prior registration was null
2024-10-18T18:55:12.072+03:00 DEBUG [,,] 28528 --- [main] [                                                 ] o.h.q.sqm.function.SqmFunctionRegistry   : Registered SqmFunctionTemplate [NamedSqmFunctionTemplate(year)] under year; prior registration was null
2024-10-18T18:55:12.072+03:00 DEBUG [,,] 28528 --- [main] [                                                 ] o.h.q.sqm.function.SqmFunctionRegistry   : Registered SqmFunctionTemplate [NamedSqmFunctionTemplate(hour)] under hour; prior registration was null
2024-10-18T18:55:12.072+03:00 DEBUG [,,] 28528 --- [main] [                                                 ] o.h.q.sqm.function.SqmFunctionRegistry   : Registered SqmFunctionTemplate [NamedSqmFunctionTemplate(minute)] under minute; prior registration was null
2024-10-18T18:55:12.072+03:00 DEBUG [,,] 28528 --- [main] [                                                 ] o.h.q.sqm.function.SqmFunctionRegistry   : Registered SqmFunctionTemplate [NamedSqmFunctionTemplate(second)] under second; prior registration was null
2024-10-18T18:55:12.072+03:00 DEBUG [,,] 28528 --- [main] [                                                 ] o.h.q.sqm.function.SqmFunctionRegistry   : Registered SqmFunctionTemplate [NamedSqmFunctionTemplate(microsecond)] under microsecond; prior registration was null
2024-10-18T18:55:12.072+03:00 DEBUG [,,] 28528 --- [main] [                                                 ] o.h.q.sqm.function.SqmFunctionRegistry   : Registered SqmFunctionTemplate [NamedSqmFunctionTemplate(dayofweek)] under dayofweek; prior registration was null
2024-10-18T18:55:12.072+03:00 DEBUG [,,] 28528 --- [main] [                                                 ] o.h.q.sqm.function.SqmFunctionRegistry   : Registered SqmFunctionTemplate [NamedSqmFunctionTemplate(dayofmonth)] under dayofmonth; prior registration was null
2024-10-18T18:55:12.072+03:00 DEBUG [,,] 28528 --- [main] [                                                 ] o.h.q.sqm.function.SqmFunctionRegistry   : Registering alternate key : day -> dayofmonth
2024-10-18T18:55:12.072+03:00 DEBUG [,,] 28528 --- [main] [                                                 ] o.h.q.sqm.function.SqmFunctionRegistry   : Registered SqmFunctionTemplate [NamedSqmFunctionTemplate(dayofyear)] under dayofyear; prior registration was null
2024-10-18T18:55:12.072+03:00 DEBUG [,,] 28528 --- [main] [                                                 ] o.h.q.sqm.function.SqmFunctionRegistry   : Registered SqmFunctionTemplate [NamedSqmFunctionTemplate(week)] under week; prior registration was null
2024-10-18T18:55:12.072+03:00 DEBUG [,,] 28528 --- [main] [                                                 ] o.h.q.sqm.function.SqmFunctionRegistry   : Registered SqmFunctionTemplate [NamedSqmFunctionTemplate(quarter)] under quarter; prior registration was null
2024-10-18T18:55:12.072+03:00 DEBUG [,,] 28528 --- [main] [                                                 ] o.h.q.sqm.function.SqmFunctionRegistry   : Registered SqmFunctionTemplate [NamedSqmFunctionTemplate(monthname)] under monthname; prior registration was null
2024-10-18T18:55:12.072+03:00 DEBUG [,,] 28528 --- [main] [                                                 ] o.h.q.sqm.function.SqmFunctionRegistry   : Registered SqmFunctionTemplate [NamedSqmFunctionTemplate(dayname)] under dayname; prior registration was null
2024-10-18T18:55:12.072+03:00 DEBUG [,,] 28528 --- [main] [                                                 ] o.h.q.sqm.function.SqmFunctionRegistry   : Registered SqmFunctionTemplate [NamedSqmFunctionTemplate(last_day)] under last_day; prior registration was null
2024-10-18T18:55:12.072+03:00 DEBUG [,,] 28528 --- [main] [                                                 ] o.h.q.sqm.function.SqmFunctionRegistry   : Registered SqmFunctionTemplate [NamedSqmFunctionTemplate(date)] under date; prior registration was null
2024-10-18T18:55:12.072+03:00 DEBUG [,,] 28528 --- [main] [                                                 ] o.h.q.sqm.function.SqmFunctionRegistry   : Registered SqmFunctionTemplate [NamedSqmFunctionTemplate(timestamp)] under timestamp; prior registration was null
2024-10-18T18:55:12.072+03:00 DEBUG [,,] 28528 --- [main] [                                                 ] o.h.q.sqm.function.SqmFunctionRegistry   : Registered SqmFunctionTemplate [NamedSqmFunctionTemplate(time)] under time; prior registration was null
2024-10-18T18:55:12.072+03:00 DEBUG [,,] 28528 --- [main] [                                                 ] o.h.q.sqm.function.SqmFunctionRegistry   : Registered SqmFunctionTemplate [NamedSqmFunctionTemplate(utc_date)] under utc_date; prior registration was null
2024-10-18T18:55:12.072+03:00 DEBUG [,,] 28528 --- [main] [                                                 ] o.h.q.sqm.function.SqmFunctionRegistry   : Registered SqmFunctionTemplate [NamedSqmFunctionTemplate(utc_time)] under utc_time; prior registration was null
2024-10-18T18:55:12.072+03:00 DEBUG [,,] 28528 --- [main] [                                                 ] o.h.q.sqm.function.SqmFunctionRegistry   : Registered SqmFunctionTemplate [NamedSqmFunctionTemplate(utc_timestamp)] under utc_timestamp; prior registration was null
2024-10-18T18:55:12.072+03:00 DEBUG [,,] 28528 --- [main] [                                                 ] o.h.q.sqm.function.SqmFunctionRegistry   : Registered SqmFunctionTemplate [NamedSqmFunctionTemplate(rand)] under rand; prior registration was null
2024-10-18T18:55:12.072+03:00 DEBUG [,,] 28528 --- [main] [                                                 ] o.h.q.sqm.function.SqmFunctionRegistry   : Registered SqmFunctionTemplate [NamedSqmFunctionTemplate(crc32)] under crc32; prior registration was null
2024-10-18T18:55:12.072+03:00 DEBUG [,,] 28528 --- [main] [                                                 ] o.h.q.sqm.function.SqmFunctionRegistry   : Registered SqmFunctionTemplate [NamedSqmFunctionTemplate(sha1)] under sha1; prior registration was null
2024-10-18T18:55:12.072+03:00 DEBUG [,,] 28528 --- [main] [                                                 ] o.h.q.sqm.function.SqmFunctionRegistry   : Registered SqmFunctionTemplate [NamedSqmFunctionTemplate(sha2)] under sha2; prior registration was null
2024-10-18T18:55:12.072+03:00 DEBUG [,,] 28528 --- [main] [                                                 ] o.h.q.sqm.function.SqmFunctionRegistry   : Registered SqmFunctionTemplate [NamedSqmFunctionTemplate(sha)] under sha; prior registration was null
2024-10-18T18:55:12.072+03:00 DEBUG [,,] 28528 --- [main] [                                                 ] o.h.q.sqm.function.SqmFunctionRegistry   : Registered SqmFunctionTemplate [NamedSqmFunctionTemplate(bit_length)] under bit_length; prior registration was null
2024-10-18T18:55:12.072+03:00 DEBUG [,,] 28528 --- [main] [                                                 ] o.h.q.sqm.function.SqmFunctionRegistry   : Registered SqmFunctionTemplate [NamedSqmFunctionTemplate(octet_length)] under octet_length; prior registration was NamedSqmFunctionTemplate(octet_length)
2024-10-18T18:55:12.072+03:00 DEBUG [,,] 28528 --- [main] [                                                 ] o.h.q.sqm.function.SqmFunctionRegistry   : Registered SqmFunctionTemplate [NamedSqmFunctionTemplate(ascii)] under ascii; prior registration was null
2024-10-18T18:55:12.072+03:00 DEBUG [,,] 28528 --- [main] [                                                 ] o.h.q.sqm.function.SqmFunctionRegistry   : Registered SqmFunctionTemplate [NamedSqmFunctionTemplate(instr)] under instr; prior registration was null
2024-10-18T18:55:12.072+03:00 DEBUG [,,] 28528 --- [main] [                                                 ] o.h.q.sqm.function.SqmFunctionRegistry   : Registered SqmFunctionTemplate [NamedSqmFunctionTemplate(substr)] under substr; prior registration was null
2024-10-18T18:55:12.072+03:00 DEBUG [,,] 28528 --- [main] [                                                 ] o.h.q.sqm.function.SqmFunctionRegistry   : Registered SqmFunctionTemplate [org.hibernate.query.sqm.function.PatternBasedSqmFunctionDescriptor@3b9a2629] under position; prior registration was org.hibernate.dialect.function.LocatePositionEmulation@61d527ac
2024-10-18T18:55:12.072+03:00 DEBUG [,,] 28528 --- [main] [                                                 ] o.h.q.sqm.function.SqmFunctionRegistry   : Registered SqmFunctionTemplate [NamedSqmFunctionTemplate(curtime)] under curtime; prior registration was null
2024-10-18T18:55:12.072+03:00 DEBUG [,,] 28528 --- [main] [                                                 ] o.h.q.sqm.function.SqmFunctionRegistry   : Registered SqmFunctionTemplate [NamedSqmFunctionTemplate(curdate)] under curdate; prior registration was null
2024-10-18T18:55:12.072+03:00 DEBUG [,,] 28528 --- [main] [                                                 ] o.h.q.sqm.function.SqmFunctionRegistry   : Registered SqmFunctionTemplate [NamedSqmFunctionTemplate(now)] under now; prior registration was null
2024-10-18T18:55:12.075+03:00 DEBUG [,,] 28528 --- [main] [                                                 ] o.h.q.sqm.function.SqmFunctionRegistry   : Registered SqmFunctionTemplate [org.hibernate.dialect.function.TruncFunction@7e58b0f6] under trunc; prior registration was null
2024-10-18T18:55:12.075+03:00 DEBUG [,,] 28528 --- [main] [                                                 ] o.h.q.sqm.function.SqmFunctionRegistry   : Registering alternate key : truncate -> trunc
2024-10-18T18:55:12.076+03:00 DEBUG [,,] 28528 --- [main] [                                                 ] o.h.q.sqm.function.SqmFunctionRegistry   : Registered SqmFunctionTemplate [NamedSqmFunctionTemplate(insert)] under insert; prior registration was null
2024-10-18T18:55:12.076+03:00 DEBUG [,,] 28528 --- [main] [                                                 ] o.h.q.sqm.function.SqmFunctionRegistry   : Registered SqmFunctionTemplate [org.hibernate.query.sqm.function.PatternBasedSqmFunctionDescriptor@367fbb28] under bitand; prior registration was null
2024-10-18T18:55:12.076+03:00 DEBUG [,,] 28528 --- [main] [                                                 ] o.h.q.sqm.function.SqmFunctionRegistry   : Registered SqmFunctionTemplate [org.hibernate.query.sqm.function.PatternBasedSqmFunctionDescriptor@54ddd7e4] under bitor; prior registration was null
2024-10-18T18:55:12.076+03:00 DEBUG [,,] 28528 --- [main] [                                                 ] o.h.q.sqm.function.SqmFunctionRegistry   : Registered SqmFunctionTemplate [org.hibernate.query.sqm.function.PatternBasedSqmFunctionDescriptor@37f7ce20] under bitxor; prior registration was null
2024-10-18T18:55:12.076+03:00 DEBUG [,,] 28528 --- [main] [                                                 ] o.h.q.sqm.function.SqmFunctionRegistry   : Registered SqmFunctionTemplate [org.hibernate.query.sqm.function.PatternBasedSqmFunctionDescriptor@c931728] under bitnot; prior registration was null
2024-10-18T18:55:12.076+03:00 DEBUG [,,] 28528 --- [main] [                                                 ] o.h.q.sqm.function.SqmFunctionRegistry   : Registered SqmFunctionTemplate [NamedSqmFunctionTemplate(bit_and)] under bit_and; prior registration was null
2024-10-18T18:55:12.076+03:00 DEBUG [,,] 28528 --- [main] [                                                 ] o.h.q.sqm.function.SqmFunctionRegistry   : Registered SqmFunctionTemplate [NamedSqmFunctionTemplate(bit_or)] under bit_or; prior registration was null
2024-10-18T18:55:12.076+03:00 DEBUG [,,] 28528 --- [main] [                                                 ] o.h.q.sqm.function.SqmFunctionRegistry   : Registered SqmFunctionTemplate [NamedSqmFunctionTemplate(stddev)] under stddev; prior registration was null
2024-10-18T18:55:12.076+03:00 DEBUG [,,] 28528 --- [main] [                                                 ] o.h.q.sqm.function.SqmFunctionRegistry   : Registered SqmFunctionTemplate [NamedSqmFunctionTemplate(stddev_pop)] under stddev_pop; prior registration was null
2024-10-18T18:55:12.076+03:00 DEBUG [,,] 28528 --- [main] [                                                 ] o.h.q.sqm.function.SqmFunctionRegistry   : Registered SqmFunctionTemplate [NamedSqmFunctionTemplate(stddev_samp)] under stddev_samp; prior registration was null
2024-10-18T18:55:12.076+03:00 DEBUG [,,] 28528 --- [main] [                                                 ] o.h.q.sqm.function.SqmFunctionRegistry   : Registered SqmFunctionTemplate [NamedSqmFunctionTemplate(variance)] under variance; prior registration was null
2024-10-18T18:55:12.076+03:00 DEBUG [,,] 28528 --- [main] [                                                 ] o.h.q.sqm.function.SqmFunctionRegistry   : Registered SqmFunctionTemplate [NamedSqmFunctionTemplate(var_pop)] under var_pop; prior registration was null
2024-10-18T18:55:12.076+03:00 DEBUG [,,] 28528 --- [main] [                                                 ] o.h.q.sqm.function.SqmFunctionRegistry   : Registered SqmFunctionTemplate [NamedSqmFunctionTemplate(var_samp)] under var_samp; prior registration was null
2024-10-18T18:55:12.076+03:00 DEBUG [,,] 28528 --- [main] [                                                 ] o.h.q.sqm.function.SqmFunctionRegistry   : Registered SqmFunctionTemplate [NamedSqmFunctionTemplate(datediff)] under datediff; prior registration was null
2024-10-18T18:55:12.076+03:00 DEBUG [,,] 28528 --- [main] [                                                 ] o.h.q.sqm.function.SqmFunctionRegistry   : Registered SqmFunctionTemplate [NamedSqmFunctionTemplate(adddate)] under adddate; prior registration was null
2024-10-18T18:55:12.076+03:00 DEBUG [,,] 28528 --- [main] [                                                 ] o.h.q.sqm.function.SqmFunctionRegistry   : Registered SqmFunctionTemplate [NamedSqmFunctionTemplate(subdate)] under subdate; prior registration was null
2024-10-18T18:55:12.076+03:00 DEBUG [,,] 28528 --- [main] [                                                 ] o.h.q.sqm.function.SqmFunctionRegistry   : Registered SqmFunctionTemplate [NamedSqmFunctionTemplate(addtime)] under addtime; prior registration was null
2024-10-18T18:55:12.076+03:00 DEBUG [,,] 28528 --- [main] [                                                 ] o.h.q.sqm.function.SqmFunctionRegistry   : Registered SqmFunctionTemplate [NamedSqmFunctionTemplate(subtime)] under subtime; prior registration was null
2024-10-18T18:55:12.076+03:00 DEBUG [,,] 28528 --- [main] [                                                 ] o.h.q.sqm.function.SqmFunctionRegistry   : Registered SqmFunctionTemplate [org.hibernate.dialect.function.FormatFunction@477e5b69] under format; prior registration was org.hibernate.dialect.function.FormatFunction@37c45154
2024-10-18T18:55:12.076+03:00 DEBUG [,,] 28528 --- [main] [                                                 ] o.h.q.sqm.function.SqmFunctionRegistry   : Registered SqmFunctionTemplate [NamedSqmFunctionTemplate(makedate)] under makedate; prior registration was null
2024-10-18T18:55:12.076+03:00 DEBUG [,,] 28528 --- [main] [                                                 ] o.h.q.sqm.function.SqmFunctionRegistry   : Registered SqmFunctionTemplate [NamedSqmFunctionTemplate(maketime)] under maketime; prior registration was null
2024-10-18T18:55:12.076+03:00 DEBUG [,,] 28528 --- [main] [                                                 ] o.h.q.sqm.function.SqmFunctionRegistry   : Registered SqmFunctionTemplate [NamedSqmFunctionTemplate(localtime)] under localtime; prior registration was null
2024-10-18T18:55:12.076+03:00 DEBUG [,,] 28528 --- [main] [                                                 ] o.h.q.sqm.function.SqmFunctionRegistry   : Registered SqmFunctionTemplate [NamedSqmFunctionTemplate(localtimestamp)] under localtimestamp; prior registration was null
2024-10-18T18:55:12.076+03:00 DEBUG [,,] 28528 --- [main] [                                                 ] o.h.q.sqm.function.SqmFunctionRegistry   : Registered SqmFunctionTemplate [NamedSqmFunctionTemplate(localtime)] under local_time; prior registration was org.hibernate.dialect.function.CurrentFunction@51b11186
2024-10-18T18:55:12.076+03:00 DEBUG [,,] 28528 --- [main] [                                                 ] o.h.q.sqm.function.SqmFunctionRegistry   : Registered SqmFunctionTemplate [NamedSqmFunctionTemplate(localtimestamp)] under local_datetime; prior registration was org.hibernate.dialect.function.CurrentFunction@5d957cf0
2024-10-18T18:55:12.076+03:00 DEBUG [,,] 28528 --- [main] [                                                 ] o.h.q.sqm.function.SqmFunctionRegistry   : Registered SqmFunctionTemplate [NamedSqmFunctionTemplate(localtime)] under localtime; prior registration was NamedSqmFunctionTemplate(localtime)
2024-10-18T18:55:12.076+03:00 DEBUG [,,] 28528 --- [main] [                                                 ] o.h.q.sqm.function.SqmFunctionRegistry   : Registered SqmFunctionTemplate [org.hibernate.query.sqm.function.PatternBasedSqmFunctionDescriptor@7da6d695] under pi; prior registration was org.hibernate.query.sqm.function.PatternBasedSqmFunctionDescriptor@3183a37c
2024-10-18T18:55:12.076+03:00 DEBUG [,,] 28528 --- [main] [                                                 ] o.h.q.sqm.function.SqmFunctionRegistry   : Registered SqmFunctionTemplate [org.hibernate.query.sqm.function.PatternBasedSqmFunctionDescriptor@74a991cf] under chr; prior registration was null
2024-10-18T18:55:12.076+03:00 DEBUG [,,] 28528 --- [main] [                                                 ] o.h.q.sqm.function.SqmFunctionRegistry   : Registering alternate key : char -> chr
2024-10-18T18:55:12.076+03:00 DEBUG [,,] 28528 --- [main] [                                                 ] o.h.q.sqm.function.SqmFunctionRegistry   : Registered SqmFunctionTemplate [org.hibernate.query.sqm.function.PatternBasedSqmFunctionDescriptor@6097f225] under sysdate; prior registration was null
2024-10-18T18:55:12.076+03:00 DEBUG [,,] 28528 --- [main] [                                                 ] o.h.q.sqm.function.SqmFunctionRegistry   : Registered SqmFunctionTemplate [NamedSqmFunctionTemplate(row_number)] under row_number; prior registration was null
2024-10-18T18:55:12.077+03:00 DEBUG [,,] 28528 --- [main] [                                                 ] o.h.q.sqm.function.SqmFunctionRegistry   : Registered SqmFunctionTemplate [NamedSqmFunctionTemplate(lag)] under lag; prior registration was null
2024-10-18T18:55:12.077+03:00 DEBUG [,,] 28528 --- [main] [                                                 ] o.h.q.sqm.function.SqmFunctionRegistry   : Registered SqmFunctionTemplate [NamedSqmFunctionTemplate(lead)] under lead; prior registration was null
2024-10-18T18:55:12.077+03:00 DEBUG [,,] 28528 --- [main] [                                                 ] o.h.q.sqm.function.SqmFunctionRegistry   : Registered SqmFunctionTemplate [NamedSqmFunctionTemplate(first_value)] under first_value; prior registration was null
2024-10-18T18:55:12.077+03:00 DEBUG [,,] 28528 --- [main] [                                                 ] o.h.q.sqm.function.SqmFunctionRegistry   : Registered SqmFunctionTemplate [NamedSqmFunctionTemplate(last_value)] under last_value; prior registration was null
2024-10-18T18:55:12.077+03:00 DEBUG [,,] 28528 --- [main] [                                                 ] o.h.q.sqm.function.SqmFunctionRegistry   : Registered SqmFunctionTemplate [NamedSqmFunctionTemplate(nth_value)] under nth_value; prior registration was null
2024-10-18T18:55:12.078+03:00 DEBUG [,,] 28528 --- [main] [                                                 ] o.h.q.sqm.function.SqmFunctionRegistry   : Registered SqmFunctionTemplate [org.hibernate.dialect.function.HypotheticalSetWindowEmulation@ecb8b3e] under rank; prior registration was null
2024-10-18T18:55:12.078+03:00 DEBUG [,,] 28528 --- [main] [                                                 ] o.h.q.sqm.function.SqmFunctionRegistry   : Registered SqmFunctionTemplate [org.hibernate.dialect.function.HypotheticalSetWindowEmulation@7e764e5c] under dense_rank; prior registration was null
2024-10-18T18:55:12.078+03:00 DEBUG [,,] 28528 --- [main] [                                                 ] o.h.q.sqm.function.SqmFunctionRegistry   : Registered SqmFunctionTemplate [org.hibernate.dialect.function.HypotheticalSetWindowEmulation@42457891] under percent_rank; prior registration was null
2024-10-18T18:55:12.078+03:00 DEBUG [,,] 28528 --- [main] [                                                 ] o.h.q.sqm.function.SqmFunctionRegistry   : Registered SqmFunctionTemplate [org.hibernate.dialect.function.HypotheticalSetWindowEmulation@92de794] under cume_dist; prior registration was null
2024-10-18T18:55:12.078+03:00 DEBUG [,,] 28528 --- [main] [                                                 ] o.h.q.sqm.function.SqmFunctionRegistry   : Registered SqmFunctionTemplate [org.hibernate.dialect.function.ListaggGroupConcatEmulation@183a84f4] under listagg; prior registration was null
2024-10-18T18:55:12.079+03:00 DEBUG [,,] 28528 --- [main] [                                                 ] org.hibernate.HQL_FUNCTIONS              : abs(NUMERIC arg)
2024-10-18T18:55:12.079+03:00 DEBUG [,,] 28528 --- [main] [                                                 ] org.hibernate.HQL_FUNCTIONS              : Double acos(NUMERIC arg)
2024-10-18T18:55:12.079+03:00 DEBUG [,,] 28528 --- [main] [                                                 ] org.hibernate.HQL_FUNCTIONS              : adddate(DATE datetime, INTEGER days)
2024-10-18T18:55:12.079+03:00 DEBUG [,,] 28528 --- [main] [                                                 ] org.hibernate.HQL_FUNCTIONS              : addtime(TIME datetime, TIME time)
2024-10-18T18:55:12.079+03:00 DEBUG [,,] 28528 --- [main] [                                                 ] org.hibernate.HQL_FUNCTIONS              : Boolean any(BOOLEAN arg)
2024-10-18T18:55:12.079+03:00 DEBUG [,,] 28528 --- [main] [                                                 ] org.hibernate.HQL_FUNCTIONS              : Integer ascii(STRING arg)
2024-10-18T18:55:12.079+03:00 DEBUG [,,] 28528 --- [main] [                                                 ] org.hibernate.HQL_FUNCTIONS              : Double asin(NUMERIC arg)
2024-10-18T18:55:12.079+03:00 DEBUG [,,] 28528 --- [main] [                                                 ] org.hibernate.HQL_FUNCTIONS              : Double atan(NUMERIC arg)
2024-10-18T18:55:12.079+03:00 DEBUG [,,] 28528 --- [main] [                                                 ] org.hibernate.HQL_FUNCTIONS              : Double atan2(NUMERIC arg0, NUMERIC arg1)
2024-10-18T18:55:12.080+03:00 DEBUG [,,] 28528 --- [main] [                                                 ] org.hibernate.HQL_FUNCTIONS              : avg(arg)
2024-10-18T18:55:12.080+03:00 DEBUG [,,] 28528 --- [main] [                                                 ] org.hibernate.HQL_FUNCTIONS              : bit_and(arg)
2024-10-18T18:55:12.080+03:00 DEBUG [,,] 28528 --- [main] [                                                 ] org.hibernate.HQL_FUNCTIONS              : Integer bit_length(STRING_OR_CLOB arg)
2024-10-18T18:55:12.080+03:00 DEBUG [,,] 28528 --- [main] [                                                 ] org.hibernate.HQL_FUNCTIONS              : bit_or(arg)
2024-10-18T18:55:12.080+03:00 DEBUG [,,] 28528 --- [main] [                                                 ] org.hibernate.HQL_FUNCTIONS              : bitand(arg0, arg1)
2024-10-18T18:55:12.080+03:00 DEBUG [,,] 28528 --- [main] [                                                 ] org.hibernate.HQL_FUNCTIONS              : bitnot(arg)
2024-10-18T18:55:12.080+03:00 DEBUG [,,] 28528 --- [main] [                                                 ] org.hibernate.HQL_FUNCTIONS              : bitor(arg0, arg1)
2024-10-18T18:55:12.080+03:00 DEBUG [,,] 28528 --- [main] [                                                 ] org.hibernate.HQL_FUNCTIONS              : bitxor(arg0, arg1)
2024-10-18T18:55:12.080+03:00 DEBUG [,,] 28528 --- [main] [                                                 ] org.hibernate.HQL_FUNCTIONS              : cast(arg as Type)
2024-10-18T18:55:12.080+03:00 DEBUG [,,] 28528 --- [main] [                                                 ] org.hibernate.HQL_FUNCTIONS              : ceiling(NUMERIC arg)
2024-10-18T18:55:12.080+03:00 DEBUG [,,] 28528 --- [main] [                                                 ] org.hibernate.HQL_FUNCTIONS              : Character char(INTEGER arg)
2024-10-18T18:55:12.080+03:00 DEBUG [,,] 28528 --- [main] [                                                 ] org.hibernate.HQL_FUNCTIONS              : Integer character_length(STRING_OR_CLOB arg)
2024-10-18T18:55:12.080+03:00 DEBUG [,,] 28528 --- [main] [                                                 ] org.hibernate.HQL_FUNCTIONS              : Character chr(INTEGER arg)
2024-10-18T18:55:12.080+03:00 DEBUG [,,] 28528 --- [main] [                                                 ] org.hibernate.HQL_FUNCTIONS              : coalesce(arg0[, arg1[, ...]])
2024-10-18T18:55:12.080+03:00 DEBUG [,,] 28528 --- [main] [                                                 ] org.hibernate.HQL_FUNCTIONS              : String collate(STRING string as COLLATION collation)
2024-10-18T18:55:12.080+03:00 DEBUG [,,] 28528 --- [main] [                                                 ] org.hibernate.HQL_FUNCTIONS              : String concat(STRING string0[, STRING string1[, ...]])
2024-10-18T18:55:12.080+03:00 DEBUG [,,] 28528 --- [main] [                                                 ] org.hibernate.HQL_FUNCTIONS              : Double cos(NUMERIC arg)
2024-10-18T18:55:12.080+03:00 DEBUG [,,] 28528 --- [main] [                                                 ] org.hibernate.HQL_FUNCTIONS              : Double cosh(NUMERIC arg)
2024-10-18T18:55:12.080+03:00 DEBUG [,,] 28528 --- [main] [                                                 ] org.hibernate.HQL_FUNCTIONS              : Double cot(NUMERIC arg)
2024-10-18T18:55:12.080+03:00 DEBUG [,,] 28528 --- [main] [                                                 ] org.hibernate.HQL_FUNCTIONS              : Long count([distinct ]{arg|*})
2024-10-18T18:55:12.080+03:00 DEBUG [,,] 28528 --- [main] [                                                 ] org.hibernate.HQL_FUNCTIONS              : Integer crc32(arg)
2024-10-18T18:55:12.080+03:00 DEBUG [,,] 28528 --- [main] [                                                 ] org.hibernate.HQL_FUNCTIONS              : Double cume_dist([arg0[, ...]])
2024-10-18T18:55:12.080+03:00 DEBUG [,,] 28528 --- [main] [                                                 ] org.hibernate.HQL_FUNCTIONS              : Date curdate()
2024-10-18T18:55:12.080+03:00 DEBUG [,,] 28528 --- [main] [                                                 ] org.hibernate.HQL_FUNCTIONS              : Date current date
2024-10-18T18:55:12.080+03:00 DEBUG [,,] 28528 --- [main] [                                                 ] org.hibernate.HQL_FUNCTIONS              : Time current time
2024-10-18T18:55:12.080+03:00 DEBUG [,,] 28528 --- [main] [                                                 ] org.hibernate.HQL_FUNCTIONS              : Timestamp current timestamp
2024-10-18T18:55:12.080+03:00 DEBUG [,,] 28528 --- [main] [                                                 ] org.hibernate.HQL_FUNCTIONS              : Date current_date
2024-10-18T18:55:12.080+03:00 DEBUG [,,] 28528 --- [main] [                                                 ] org.hibernate.HQL_FUNCTIONS              : Instant current_instant
2024-10-18T18:55:12.080+03:00 DEBUG [,,] 28528 --- [main] [                                                 ] org.hibernate.HQL_FUNCTIONS              : Time current_time
2024-10-18T18:55:12.080+03:00 DEBUG [,,] 28528 --- [main] [                                                 ] org.hibernate.HQL_FUNCTIONS              : Timestamp current_timestamp
2024-10-18T18:55:12.080+03:00 DEBUG [,,] 28528 --- [main] [                                                 ] org.hibernate.HQL_FUNCTIONS              : Time curtime()
2024-10-18T18:55:12.080+03:00 DEBUG [,,] 28528 --- [main] [                                                 ] org.hibernate.HQL_FUNCTIONS              : Date date(arg)
2024-10-18T18:55:12.080+03:00 DEBUG [,,] 28528 --- [main] [                                                 ] org.hibernate.HQL_FUNCTIONS              : dateadd(TEMPORAL_UNIT field, INTEGER magnitude, TEMPORAL datetime)
2024-10-18T18:55:12.080+03:00 DEBUG [,,] 28528 --- [main] [                                                 ] org.hibernate.HQL_FUNCTIONS              : Integer datediff(DATE end, DATE start)
2024-10-18T18:55:12.080+03:00 DEBUG [,,] 28528 --- [main] [                                                 ] org.hibernate.HQL_FUNCTIONS              : Integer day(DATE arg)
2024-10-18T18:55:12.080+03:00 DEBUG [,,] 28528 --- [main] [                                                 ] org.hibernate.HQL_FUNCTIONS              : String dayname(DATE arg)
2024-10-18T18:55:12.080+03:00 DEBUG [,,] 28528 --- [main] [                                                 ] org.hibernate.HQL_FUNCTIONS              : Integer dayofmonth(DATE arg)
2024-10-18T18:55:12.080+03:00 DEBUG [,,] 28528 --- [main] [                                                 ] org.hibernate.HQL_FUNCTIONS              : Integer dayofweek(DATE arg)
2024-10-18T18:55:12.080+03:00 DEBUG [,,] 28528 --- [main] [                                                 ] org.hibernate.HQL_FUNCTIONS              : Integer dayofyear(DATE arg)
2024-10-18T18:55:12.080+03:00 DEBUG [,,] 28528 --- [main] [                                                 ] org.hibernate.HQL_FUNCTIONS              : Double degrees(NUMERIC arg)
2024-10-18T18:55:12.080+03:00 DEBUG [,,] 28528 --- [main] [                                                 ] org.hibernate.HQL_FUNCTIONS              : Long dense_rank([arg0[, ...]])
2024-10-18T18:55:12.080+03:00 DEBUG [,,] 28528 --- [main] [                                                 ] org.hibernate.HQL_FUNCTIONS              : Boolean every(BOOLEAN arg)
2024-10-18T18:55:12.080+03:00 DEBUG [,,] 28528 --- [main] [                                                 ] org.hibernate.HQL_FUNCTIONS              : Double exp(NUMERIC arg)
2024-10-18T18:55:12.080+03:00 DEBUG [,,] 28528 --- [main] [                                                 ] org.hibernate.HQL_FUNCTIONS              : extract(TEMPORAL_UNIT field from TEMPORAL arg)
2024-10-18T18:55:12.080+03:00 DEBUG [,,] 28528 --- [main] [                                                 ] org.hibernate.HQL_FUNCTIONS              : first_valueANY value
2024-10-18T18:55:12.080+03:00 DEBUG [,,] 28528 --- [main] [                                                 ] org.hibernate.HQL_FUNCTIONS              : floor(NUMERIC arg)
2024-10-18T18:55:12.080+03:00 DEBUG [,,] 28528 --- [main] [                                                 ] org.hibernate.HQL_FUNCTIONS              : String format(TEMPORAL datetime as STRING pattern)
2024-10-18T18:55:12.080+03:00 DEBUG [,,] 28528 --- [main] [                                                 ] org.hibernate.HQL_FUNCTIONS              : greatest(COMPARABLE arg0, COMPARABLE arg1[, arg2[, ...]])
2024-10-18T18:55:12.080+03:00 DEBUG [,,] 28528 --- [main] [                                                 ] org.hibernate.HQL_FUNCTIONS              : Integer hour(TIME arg)
2024-10-18T18:55:12.080+03:00 DEBUG [,,] 28528 --- [main] [                                                 ] org.hibernate.HQL_FUNCTIONS              : ifnull(arg0, arg1)
2024-10-18T18:55:12.080+03:00 DEBUG [,,] 28528 --- [main] [                                                 ] org.hibernate.HQL_FUNCTIONS              : String insert(STRING string, INTEGER start, INTEGER length, STRING replacement)
2024-10-18T18:55:12.080+03:00 DEBUG [,,] 28528 --- [main] [                                                 ] org.hibernate.HQL_FUNCTIONS              : Instant instant
2024-10-18T18:55:12.080+03:00 DEBUG [,,] 28528 --- [main] [                                                 ] org.hibernate.HQL_FUNCTIONS              : Integer instr(STRING string, STRING pattern[, INTEGER start[, INTEGER occurrence]])
2024-10-18T18:55:12.080+03:00 DEBUG [,,] 28528 --- [main] [                                                 ] org.hibernate.HQL_FUNCTIONS              : lagANY value[, INTEGER offset[, ANY default]]
2024-10-18T18:55:12.080+03:00 DEBUG [,,] 28528 --- [main] [                                                 ] org.hibernate.HQL_FUNCTIONS              : Date last_day(DATE arg)
2024-10-18T18:55:12.080+03:00 DEBUG [,,] 28528 --- [main] [                                                 ] org.hibernate.HQL_FUNCTIONS              : last_valueANY value
2024-10-18T18:55:12.080+03:00 DEBUG [,,] 28528 --- [main] [                                                 ] org.hibernate.HQL_FUNCTIONS              : leadANY value[, INTEGER offset[, ANY default]]
2024-10-18T18:55:12.080+03:00 DEBUG [,,] 28528 --- [main] [                                                 ] org.hibernate.HQL_FUNCTIONS              : least(COMPARABLE arg0, COMPARABLE arg1[, arg2[, ...]])
2024-10-18T18:55:12.080+03:00 DEBUG [,,] 28528 --- [main] [                                                 ] org.hibernate.HQL_FUNCTIONS              : String left(STRING string, INTEGER length)
2024-10-18T18:55:12.080+03:00 DEBUG [,,] 28528 --- [main] [                                                 ] org.hibernate.HQL_FUNCTIONS              : Integer length(STRING_OR_CLOB arg)
2024-10-18T18:55:12.080+03:00 DEBUG [,,] 28528 --- [main] [                                                 ] org.hibernate.HQL_FUNCTIONS              : String listagg(STRING arg0, STRING arg1)
2024-10-18T18:55:12.080+03:00 DEBUG [,,] 28528 --- [main] [                                                 ] org.hibernate.HQL_FUNCTIONS              : Double ln(NUMERIC arg)
2024-10-18T18:55:12.080+03:00 DEBUG [,,] 28528 --- [main] [                                                 ] org.hibernate.HQL_FUNCTIONS              : LocalDate local date
2024-10-18T18:55:12.080+03:00 DEBUG [,,] 28528 --- [main] [                                                 ] org.hibernate.HQL_FUNCTIONS              : LocalDateTime local datetime
2024-10-18T18:55:12.080+03:00 DEBUG [,,] 28528 --- [main] [                                                 ] org.hibernate.HQL_FUNCTIONS              : LocalTime local time
2024-10-18T18:55:12.080+03:00 DEBUG [,,] 28528 --- [main] [                                                 ] org.hibernate.HQL_FUNCTIONS              : LocalDate local_date
2024-10-18T18:55:12.081+03:00 DEBUG [,,] 28528 --- [main] [                                                 ] org.hibernate.HQL_FUNCTIONS              : LocalDateTime local_datetime
2024-10-18T18:55:12.081+03:00 DEBUG [,,] 28528 --- [main] [                                                 ] org.hibernate.HQL_FUNCTIONS              : LocalTime local_time
2024-10-18T18:55:12.081+03:00 DEBUG [,,] 28528 --- [main] [                                                 ] org.hibernate.HQL_FUNCTIONS              : Timestamp localtime
2024-10-18T18:55:12.081+03:00 DEBUG [,,] 28528 --- [main] [                                                 ] org.hibernate.HQL_FUNCTIONS              : Timestamp localtimestamp
2024-10-18T18:55:12.081+03:00 DEBUG [,,] 28528 --- [main] [                                                 ] org.hibernate.HQL_FUNCTIONS              : Integer locate(STRING pattern, STRING string[, INTEGER start])
2024-10-18T18:55:12.081+03:00 DEBUG [,,] 28528 --- [main] [                                                 ] org.hibernate.HQL_FUNCTIONS              : Double log(NUMERIC arg0[, NUMERIC arg1])
2024-10-18T18:55:12.081+03:00 DEBUG [,,] 28528 --- [main] [                                                 ] org.hibernate.HQL_FUNCTIONS              : Double log10(NUMERIC arg)
2024-10-18T18:55:12.081+03:00 DEBUG [,,] 28528 --- [main] [                                                 ] org.hibernate.HQL_FUNCTIONS              : Double log2(NUMERIC arg)
2024-10-18T18:55:12.081+03:00 DEBUG [,,] 28528 --- [main] [                                                 ] org.hibernate.HQL_FUNCTIONS              : String lower(STRING string)
2024-10-18T18:55:12.081+03:00 DEBUG [,,] 28528 --- [main] [                                                 ] org.hibernate.HQL_FUNCTIONS              : String lpad(string, length[, padding])
2024-10-18T18:55:12.081+03:00 DEBUG [,,] 28528 --- [main] [                                                 ] org.hibernate.HQL_FUNCTIONS              : String ltrim(STRING string[, STRING characters])
2024-10-18T18:55:12.081+03:00 DEBUG [,,] 28528 --- [main] [                                                 ] org.hibernate.HQL_FUNCTIONS              : Date makedate(INTEGER year, INTEGER dayofyear)
2024-10-18T18:55:12.081+03:00 DEBUG [,,] 28528 --- [main] [                                                 ] org.hibernate.HQL_FUNCTIONS              : Time maketime(INTEGER hour, INTEGER min, INTEGER sec)
2024-10-18T18:55:12.081+03:00 DEBUG [,,] 28528 --- [main] [                                                 ] org.hibernate.HQL_FUNCTIONS              : max(COMPARABLE arg)
2024-10-18T18:55:12.081+03:00 DEBUG [,,] 28528 --- [main] [                                                 ] org.hibernate.HQL_FUNCTIONS              : String md5(arg)
2024-10-18T18:55:12.081+03:00 DEBUG [,,] 28528 --- [main] [                                                 ] org.hibernate.HQL_FUNCTIONS              : Integer microsecond(TIME arg)
2024-10-18T18:55:12.081+03:00 DEBUG [,,] 28528 --- [main] [                                                 ] org.hibernate.HQL_FUNCTIONS              : min(COMPARABLE arg)
2024-10-18T18:55:12.081+03:00 DEBUG [,,] 28528 --- [main] [                                                 ] org.hibernate.HQL_FUNCTIONS              : Integer minute(TIME arg)
2024-10-18T18:55:12.081+03:00 DEBUG [,,] 28528 --- [main] [                                                 ] org.hibernate.HQL_FUNCTIONS              : Integer mod(INTEGER arg0, INTEGER arg1)
2024-10-18T18:55:12.081+03:00 DEBUG [,,] 28528 --- [main] [                                                 ] org.hibernate.HQL_FUNCTIONS              : Integer month(DATE arg)
2024-10-18T18:55:12.081+03:00 DEBUG [,,] 28528 --- [main] [                                                 ] org.hibernate.HQL_FUNCTIONS              : String monthname(DATE arg)
2024-10-18T18:55:12.081+03:00 DEBUG [,,] 28528 --- [main] [                                                 ] org.hibernate.HQL_FUNCTIONS              : Timestamp now()
2024-10-18T18:55:12.081+03:00 DEBUG [,,] 28528 --- [main] [                                                 ] org.hibernate.HQL_FUNCTIONS              : nth_valueANY value, INTEGER nth
2024-10-18T18:55:12.081+03:00 DEBUG [,,] 28528 --- [main] [                                                 ] org.hibernate.HQL_FUNCTIONS              : nullif(arg0, arg1)
2024-10-18T18:55:12.081+03:00 DEBUG [,,] 28528 --- [main] [                                                 ] org.hibernate.HQL_FUNCTIONS              : Integer octet_length(STRING_OR_CLOB arg)
2024-10-18T18:55:12.081+03:00 DEBUG [,,] 28528 --- [main] [                                                 ] org.hibernate.HQL_FUNCTIONS              : OffsetDateTime offset datetime
2024-10-18T18:55:12.081+03:00 DEBUG [,,] 28528 --- [main] [                                                 ] org.hibernate.HQL_FUNCTIONS              : OffsetDateTime offset_datetime
2024-10-18T18:55:12.081+03:00 DEBUG [,,] 28528 --- [main] [                                                 ] org.hibernate.HQL_FUNCTIONS              : String overlay(STRING string placing STRING replacement from INTEGER start[ for INTEGER length])
2024-10-18T18:55:12.081+03:00 DEBUG [,,] 28528 --- [main] [                                                 ] org.hibernate.HQL_FUNCTIONS              : String pad(STRING string with INTEGER length {leading|trailing}[ STRING character])
2024-10-18T18:55:12.081+03:00 DEBUG [,,] 28528 --- [main] [                                                 ] org.hibernate.HQL_FUNCTIONS              : Double percent_rank([arg0[, ...]])
2024-10-18T18:55:12.081+03:00 DEBUG [,,] 28528 --- [main] [                                                 ] org.hibernate.HQL_FUNCTIONS              : Double pi
2024-10-18T18:55:12.081+03:00 DEBUG [,,] 28528 --- [main] [                                                 ] org.hibernate.HQL_FUNCTIONS              : Integer position(STRING pattern in STRING string)
2024-10-18T18:55:12.081+03:00 DEBUG [,,] 28528 --- [main] [                                                 ] org.hibernate.HQL_FUNCTIONS              : Double power(NUMERIC arg0, NUMERIC arg1)
2024-10-18T18:55:12.081+03:00 DEBUG [,,] 28528 --- [main] [                                                 ] org.hibernate.HQL_FUNCTIONS              : Integer quarter(DATE arg)
2024-10-18T18:55:12.081+03:00 DEBUG [,,] 28528 --- [main] [                                                 ] org.hibernate.HQL_FUNCTIONS              : Double radians(NUMERIC arg)
2024-10-18T18:55:12.081+03:00 DEBUG [,,] 28528 --- [main] [                                                 ] org.hibernate.HQL_FUNCTIONS              : Double rand([INTEGER seed])
2024-10-18T18:55:12.081+03:00 DEBUG [,,] 28528 --- [main] [                                                 ] org.hibernate.HQL_FUNCTIONS              : Long rank([arg0[, ...]])
2024-10-18T18:55:12.081+03:00 DEBUG [,,] 28528 --- [main] [                                                 ] org.hibernate.HQL_FUNCTIONS              : String repeat(STRING string, INTEGER times)
2024-10-18T18:55:12.081+03:00 DEBUG [,,] 28528 --- [main] [                                                 ] org.hibernate.HQL_FUNCTIONS              : String replace(STRING string, STRING pattern, STRING replacement)
2024-10-18T18:55:12.081+03:00 DEBUG [,,] 28528 --- [main] [                                                 ] org.hibernate.HQL_FUNCTIONS              : String reverse(STRING arg)
2024-10-18T18:55:12.081+03:00 DEBUG [,,] 28528 --- [main] [                                                 ] org.hibernate.HQL_FUNCTIONS              : String right(STRING string, INTEGER length)
2024-10-18T18:55:12.081+03:00 DEBUG [,,] 28528 --- [main] [                                                 ] org.hibernate.HQL_FUNCTIONS              : round(NUMERIC number[, INTEGER places])
2024-10-18T18:55:12.081+03:00 DEBUG [,,] 28528 --- [main] [                                                 ] org.hibernate.HQL_FUNCTIONS              : Long row_number()
2024-10-18T18:55:12.081+03:00 DEBUG [,,] 28528 --- [main] [                                                 ] org.hibernate.HQL_FUNCTIONS              : String rpad(string, length[, padding])
2024-10-18T18:55:12.081+03:00 DEBUG [,,] 28528 --- [main] [                                                 ] org.hibernate.HQL_FUNCTIONS              : String rtrim(STRING string[, STRING characters])
2024-10-18T18:55:12.081+03:00 DEBUG [,,] 28528 --- [main] [                                                 ] org.hibernate.HQL_FUNCTIONS              : Integer second(TIME arg)
2024-10-18T18:55:12.081+03:00 DEBUG [,,] 28528 --- [main] [                                                 ] org.hibernate.HQL_FUNCTIONS              : String sha(arg)
2024-10-18T18:55:12.081+03:00 DEBUG [,,] 28528 --- [main] [                                                 ] org.hibernate.HQL_FUNCTIONS              : String sha1(arg)
2024-10-18T18:55:12.081+03:00 DEBUG [,,] 28528 --- [main] [                                                 ] org.hibernate.HQL_FUNCTIONS              : String sha2(arg0, arg1)
2024-10-18T18:55:12.081+03:00 DEBUG [,,] 28528 --- [main] [                                                 ] org.hibernate.HQL_FUNCTIONS              : Integer sign(NUMERIC arg)
2024-10-18T18:55:12.081+03:00 DEBUG [,,] 28528 --- [main] [                                                 ] org.hibernate.HQL_FUNCTIONS              : Double sin(NUMERIC arg)
2024-10-18T18:55:12.081+03:00 DEBUG [,,] 28528 --- [main] [                                                 ] org.hibernate.HQL_FUNCTIONS              : Double sinh(NUMERIC arg)
2024-10-18T18:55:12.081+03:00 DEBUG [,,] 28528 --- [main] [                                                 ] org.hibernate.HQL_FUNCTIONS              : String soundex(arg)
2024-10-18T18:55:12.081+03:00 DEBUG [,,] 28528 --- [main] [                                                 ] org.hibernate.HQL_FUNCTIONS              : String space(INTEGER arg)
2024-10-18T18:55:12.081+03:00 DEBUG [,,] 28528 --- [main] [                                                 ] org.hibernate.HQL_FUNCTIONS              : Object sql
2024-10-18T18:55:12.081+03:00 DEBUG [,,] 28528 --- [main] [                                                 ] org.hibernate.HQL_FUNCTIONS              : Double sqrt(NUMERIC arg)
2024-10-18T18:55:12.081+03:00 DEBUG [,,] 28528 --- [main] [                                                 ] org.hibernate.HQL_FUNCTIONS              : Double stddev(NUMERIC arg)
2024-10-18T18:55:12.082+03:00 DEBUG [,,] 28528 --- [main] [                                                 ] org.hibernate.HQL_FUNCTIONS              : Double stddev_pop(NUMERIC arg)
2024-10-18T18:55:12.082+03:00 DEBUG [,,] 28528 --- [main] [                                                 ] org.hibernate.HQL_FUNCTIONS              : Double stddev_samp(NUMERIC arg)
2024-10-18T18:55:12.082+03:00 DEBUG [,,] 28528 --- [main] [                                                 ] org.hibernate.HQL_FUNCTIONS              : String str(arg)
2024-10-18T18:55:12.082+03:00 DEBUG [,,] 28528 --- [main] [                                                 ] org.hibernate.HQL_FUNCTIONS              : subdate(DATE datetime, INTEGER days)
2024-10-18T18:55:12.082+03:00 DEBUG [,,] 28528 --- [main] [                                                 ] org.hibernate.HQL_FUNCTIONS              : String substr(STRING string, INTEGER start[, INTEGER length])
2024-10-18T18:55:12.082+03:00 DEBUG [,,] 28528 --- [main] [                                                 ] org.hibernate.HQL_FUNCTIONS              : String substring(STRING string{ from|,} INTEGER start[{ for|,} INTEGER length])
2024-10-18T18:55:12.082+03:00 DEBUG [,,] 28528 --- [main] [                                                 ] org.hibernate.HQL_FUNCTIONS              : subtime(TIME datetime, TIME time)
2024-10-18T18:55:12.082+03:00 DEBUG [,,] 28528 --- [main] [                                                 ] org.hibernate.HQL_FUNCTIONS              : sum(arg)
2024-10-18T18:55:12.082+03:00 DEBUG [,,] 28528 --- [main] [                                                 ] org.hibernate.HQL_FUNCTIONS              : Timestamp sysdate()
2024-10-18T18:55:12.082+03:00 DEBUG [,,] 28528 --- [main] [                                                 ] org.hibernate.HQL_FUNCTIONS              : Double tan(NUMERIC arg)
2024-10-18T18:55:12.082+03:00 DEBUG [,,] 28528 --- [main] [                                                 ] org.hibernate.HQL_FUNCTIONS              : Double tanh(NUMERIC arg)
2024-10-18T18:55:12.082+03:00 DEBUG [,,] 28528 --- [main] [                                                 ] org.hibernate.HQL_FUNCTIONS              : String time(arg)
2024-10-18T18:55:12.082+03:00 DEBUG [,,] 28528 --- [main] [                                                 ] org.hibernate.HQL_FUNCTIONS              : Timestamp timestamp(arg0[, arg1])
2024-10-18T18:55:12.082+03:00 DEBUG [,,] 28528 --- [main] [                                                 ] org.hibernate.HQL_FUNCTIONS              : timestampadd(TEMPORAL_UNIT field, INTEGER magnitude, TEMPORAL datetime)
2024-10-18T18:55:12.082+03:00 DEBUG [,,] 28528 --- [main] [                                                 ] org.hibernate.HQL_FUNCTIONS              : Long|Double timestampdiff(TEMPORAL_UNIT field, TEMPORAL start, TEMPORAL end)
2024-10-18T18:55:12.082+03:00 DEBUG [,,] 28528 --- [main] [                                                 ] org.hibernate.HQL_FUNCTIONS              : String trim([[{leading|trailing|both} ][STRING arg0 ]from] STRING arg1)
2024-10-18T18:55:12.082+03:00 DEBUG [,,] 28528 --- [main] [                                                 ] org.hibernate.HQL_FUNCTIONS              : trunc( ... )
2024-10-18T18:55:12.082+03:00 DEBUG [,,] 28528 --- [main] [                                                 ] org.hibernate.HQL_FUNCTIONS              : truncate( ... )
2024-10-18T18:55:12.082+03:00 DEBUG [,,] 28528 --- [main] [                                                 ] org.hibernate.HQL_FUNCTIONS              : String upper(STRING string)
2024-10-18T18:55:12.082+03:00 DEBUG [,,] 28528 --- [main] [                                                 ] org.hibernate.HQL_FUNCTIONS              : Date utc_date
2024-10-18T18:55:12.082+03:00 DEBUG [,,] 28528 --- [main] [                                                 ] org.hibernate.HQL_FUNCTIONS              : Time utc_time
2024-10-18T18:55:12.082+03:00 DEBUG [,,] 28528 --- [main] [                                                 ] org.hibernate.HQL_FUNCTIONS              : Timestamp utc_timestamp
2024-10-18T18:55:12.082+03:00 DEBUG [,,] 28528 --- [main] [                                                 ] org.hibernate.HQL_FUNCTIONS              : Double var_pop(NUMERIC arg)
2024-10-18T18:55:12.082+03:00 DEBUG [,,] 28528 --- [main] [                                                 ] org.hibernate.HQL_FUNCTIONS              : Double var_samp(NUMERIC arg)
2024-10-18T18:55:12.082+03:00 DEBUG [,,] 28528 --- [main] [                                                 ] org.hibernate.HQL_FUNCTIONS              : Double variance(NUMERIC arg)
2024-10-18T18:55:12.082+03:00 DEBUG [,,] 28528 --- [main] [                                                 ] org.hibernate.HQL_FUNCTIONS              : Integer week(DATE arg)
2024-10-18T18:55:12.082+03:00 DEBUG [,,] 28528 --- [main] [                                                 ] org.hibernate.HQL_FUNCTIONS              : Integer year(DATE arg)
2024-10-18T18:55:12.085+03:00 DEBUG [,,] 28528 --- [main] [                                                 ] org.hibernate.orm.query.plan.cache       : Starting QueryInterpretationCache(2048)
2024-10-18T18:55:12.094+03:00 DEBUG [,,] 28528 --- [HikariPool-1 connection adder] [                                                 ] com.zaxxer.hikari.pool.HikariPool        : HikariPool-1 - After adding stats (total=5, active=0, idle=5, waiting=0)
2024-10-18T18:55:12.097+03:00 DEBUG [,,] 28528 --- [HikariPool-1 connection adder] [                                                 ] com.zaxxer.hikari.pool.HikariPool        : HikariPool-1 - Added connection com.mysql.cj.jdbc.ConnectionImpl@51b00543
2024-10-18T18:55:12.135+03:00 DEBUG [,,] 28528 --- [main] [                                                 ] .h.s.i.SessionFactoryServiceRegistryImpl : EventListenerRegistry access via ServiceRegistry is deprecated.  Use `sessionFactory.getEventEngine().getListenerRegistry()` instead
2024-10-18T18:55:12.136+03:00 DEBUG [,,] 28528 --- [main] [                                                 ] h.e.i.EntityCopyObserverFactoryInitiator : Configured EntityCopyObserver strategy: disallow
2024-10-18T18:55:12.141+03:00 DEBUG [,,] 28528 --- [HikariPool-1 connection adder] [                                                 ] com.zaxxer.hikari.pool.HikariPool        : HikariPool-1 - After adding stats (total=6, active=0, idle=6, waiting=0)
2024-10-18T18:55:12.143+03:00 DEBUG [,,] 28528 --- [HikariPool-1 connection adder] [                                                 ] com.zaxxer.hikari.pool.HikariPool        : HikariPool-1 - Added connection com.mysql.cj.jdbc.ConnectionImpl@2322e1f1
2024-10-18T18:55:12.188+03:00 DEBUG [,,] 28528 --- [HikariPool-1 connection adder] [                                                 ] com.zaxxer.hikari.pool.HikariPool        : HikariPool-1 - After adding stats (total=7, active=0, idle=7, waiting=0)
2024-10-18T18:55:12.190+03:00 DEBUG [,,] 28528 --- [HikariPool-1 connection adder] [                                                 ] com.zaxxer.hikari.pool.HikariPool        : HikariPool-1 - Added connection com.mysql.cj.jdbc.ConnectionImpl@53213f5a
2024-10-18T18:55:12.196+03:00 DEBUG [,,] 28528 --- [main] [                                                 ] o.h.boot.internal.ClassLoaderAccessImpl  : Not known whether passed class name [com.example.kibana_deploy_template.user.model.User] is safe
2024-10-18T18:55:12.196+03:00 DEBUG [,,] 28528 --- [main] [                                                 ] o.h.boot.internal.ClassLoaderAccessImpl  : No temp ClassLoader provided; using live ClassLoader for loading potentially unsafe class : com.example.kibana_deploy_template.user.model.User
2024-10-18T18:55:12.235+03:00 DEBUG [,,] 28528 --- [HikariPool-1 connection adder] [                                                 ] com.zaxxer.hikari.pool.HikariPool        : HikariPool-1 - After adding stats (total=8, active=0, idle=8, waiting=0)
2024-10-18T18:55:12.237+03:00 DEBUG [,,] 28528 --- [HikariPool-1 connection adder] [                                                 ] com.zaxxer.hikari.pool.HikariPool        : HikariPool-1 - Added connection com.mysql.cj.jdbc.ConnectionImpl@6cb90a3c
2024-10-18T18:55:12.269+03:00 DEBUG [,,] 28528 --- [HikariPool-1 connection adder] [                                                 ] com.zaxxer.hikari.pool.HikariPool        : HikariPool-1 - After adding stats (total=9, active=0, idle=9, waiting=0)
2024-10-18T18:55:12.272+03:00 DEBUG [,,] 28528 --- [HikariPool-1 connection adder] [                                                 ] com.zaxxer.hikari.pool.HikariPool        : HikariPool-1 - Added connection com.mysql.cj.jdbc.ConnectionImpl@1fdc2d36
2024-10-18T18:55:12.306+03:00 DEBUG [,,] 28528 --- [main] [                                                 ] o.h.b.i.bytebuddy.BytecodeProviderImpl   : HHH000513: Unable to create the ReflectionOptimizer for [com.example.kibana_deploy_template.user.model.User]: private accessor [email]
2024-10-18T18:55:12.314+03:00 DEBUG [,,] 28528 --- [HikariPool-1 connection adder] [                                                 ] com.zaxxer.hikari.pool.HikariPool        : HikariPool-1 - After adding stats (total=10, active=0, idle=10, waiting=0)
2024-10-18T18:55:12.333+03:00 DEBUG [,,] 28528 --- [main] [                                                 ] o.hibernate.orm.model.mapping.creation   : Starting post-init callbacks
2024-10-18T18:55:12.333+03:00 DEBUG [,,] 28528 --- [main] [                                                 ] o.hibernate.orm.model.mapping.creation   : Starting PostInitCallbackEntry : Entity(com.example.kibana_deploy_template.user.model.User) `staticFetchableList` generator
2024-10-18T18:55:12.333+03:00 DEBUG [,,] 28528 --- [main] [                                                 ] o.hibernate.orm.model.mapping.creation   : Starting PostInitCallbackEntry : Entity(com.example.kibana_deploy_template.user.model.User) `sqmMultiTableInsertStrategy` interpretation
2024-10-18T18:55:12.386+03:00 DEBUG [,,] 28528 --- [main] [                                                 ] org.hibernate.orm.sql.ast.create         : Created new SQL alias : u1_0
2024-10-18T18:55:12.388+03:00 DEBUG [,,] 28528 --- [main] [                                                 ] org.hibernate.orm.sql.ast.create         : Registration of TableGroup [StandardTableGroup(com.example.kibana_deploy_template.user.model.User)] with identifierForTableGroup [com.example.kibana_deploy_template.user.model.User] for NavigablePath [com.example.kibana_deploy_template.user.model.User] 
2024-10-18T18:55:12.396+03:00 DEBUG [,,] 28528 --- [main] [                                                 ] org.hibernate.orm.results.graph.AST      : DomainResult Graph:
 \-EntityResultImpl [com.example.kibana_deploy_template.user.model.User]
 |  +-BasicFetch [com.example.kibana_deploy_template.user.model.User.email]
 |  +-BasicFetch [com.example.kibana_deploy_template.user.model.User.gender]
 |  +-BasicFetch [com.example.kibana_deploy_template.user.model.User.name]
 |  \-BasicFetch [com.example.kibana_deploy_template.user.model.User.password]

2024-10-18T18:55:12.398+03:00 DEBUG [,,] 28528 --- [main] [                                                 ] org.hibernate.orm.sql.ast.tree           : SQL AST Tree:
    SelectStatement {
      FromClause {
        StandardTableGroup (u1 : com.example.kibana_deploy_template.user.model.User) {
          primaryTableReference : users as u1_0
        }
      }
    }

2024-10-18T18:55:12.403+03:00 DEBUG [,,] 28528 --- [main] [                                                 ] o.h.p.entity.AbstractEntityPersister     : Static SQL for entity: com.example.kibana_deploy_template.user.model.User
2024-10-18T18:55:12.403+03:00 DEBUG [,,] 28528 --- [main] [                                                 ] o.h.p.entity.AbstractEntityPersister     :  Version select: select id from users where id=?
2024-10-18T18:55:12.403+03:00 DEBUG [,,] 28528 --- [main] [                                                 ] o.h.p.entity.AbstractEntityPersister     :  Insert (0): insert into users (email,gender,name,password,id) values (?,?,?,?,?)
2024-10-18T18:55:12.403+03:00 DEBUG [,,] 28528 --- [main] [                                                 ] o.h.p.entity.AbstractEntityPersister     :  Update (0): update users set email=?,gender=?,name=?,password=? where id=?
2024-10-18T18:55:12.403+03:00 DEBUG [,,] 28528 --- [main] [                                                 ] o.h.p.entity.AbstractEntityPersister     :  Delete (0): delete from users where id=?
2024-10-18T18:55:12.420+03:00  INFO [,,] 28528 --- [main] [                                                 ] o.h.e.t.j.p.i.JtaPlatformInitiator       : HHH000489: No JTA platform available (set 'hibernate.transaction.jta.platform' to enable JTA platform integration)
2024-10-18T18:55:12.420+03:00 DEBUG [,,] 28528 --- [main] [                                                 ] o.h.type.spi.TypeConfiguration$Scope     : Scoping TypeConfiguration [org.hibernate.type.spi.TypeConfiguration@7db2b614] to SessionFactoryImplementor [org.hibernate.internal.SessionFactoryImpl@171b0d3]
2024-10-18T18:55:12.421+03:00 DEBUG [,,] 28528 --- [main] [                                                 ] o.h.query.named.NamedObjectRepository    : Checking 0 named HQL queries
2024-10-18T18:55:12.421+03:00 DEBUG [,,] 28528 --- [main] [                                                 ] o.h.query.named.NamedObjectRepository    : Checking 0 named SQL queries
2024-10-18T18:55:12.449+03:00 DEBUG [,,] 28528 --- [main] [                                                 ] org.hibernate.mapping.Table              : No alter strings for table : users
2024-10-18T18:55:12.449+03:00 DEBUG [,,] 28528 --- [main] [                                                 ] org.hibernate.mapping.Table              : No alter strings for table : users_seq
2024-10-18T18:55:12.450+03:00 DEBUG [,,] 28528 --- [main] [                                                 ] o.h.internal.SessionFactoryRegistry      : Initializing SessionFactoryRegistry : org.hibernate.internal.SessionFactoryRegistry@1f138b74
2024-10-18T18:55:12.450+03:00 DEBUG [,,] 28528 --- [main] [                                                 ] o.h.internal.SessionFactoryRegistry      : Registering SessionFactory: 06c19a49-3af4-4cac-a55e-283aa7e7e28c (<unnamed>)
2024-10-18T18:55:12.450+03:00 DEBUG [,,] 28528 --- [main] [                                                 ] o.h.internal.SessionFactoryRegistry      : Not binding SessionFactory to JNDI, no JNDI name configured
2024-10-18T18:55:12.450+03:00 DEBUG [,,] 28528 --- [main] [                                                 ] o.hibernate.internal.SessionFactoryImpl  : Instantiated SessionFactory
2024-10-18T18:55:12.450+03:00  INFO [,,] 28528 --- [main] [                                                 ] j.LocalContainerEntityManagerFactoryBean : Initialized JPA EntityManagerFactory for persistence unit 'default'
2024-10-18T18:55:12.455+03:00 DEBUG [,,] 28528 --- [main] [                                                 ] o.s.b.f.s.DefaultListableBeanFactory     : Creating shared instance of singleton bean 'kibanaDeployTemplateApplication'
2024-10-18T18:55:12.457+03:00 DEBUG [,,] 28528 --- [main] [                                                 ] o.s.b.f.s.DefaultListableBeanFactory     : Creating shared instance of singleton bean 'userCommandServiceImpl'
2024-10-18T18:55:12.461+03:00 DEBUG [,,] 28528 --- [main] [                                                 ] o.s.b.f.s.DefaultListableBeanFactory     : Creating shared instance of singleton bean 'userRepo'
2024-10-18T18:55:12.465+03:00 DEBUG [,,] 28528 --- [RMI TCP Connection(3)-192.168.0.104] [                                                 ] sun.rmi.transport.tcp                    : RMI TCP Connection(3)-192.168.0.104: (port 53105) op = 82
2024-10-18T18:55:12.465+03:00 DEBUG [,,] 28528 --- [RMI TCP Connection(3)-192.168.0.104] [                                                 ] sun.rmi.transport.tcp                    : RMI TCP Connection(3)-192.168.0.104: (port 53105) op = 80
2024-10-18T18:55:12.466+03:00 DEBUG [,,] 28528 --- [main] [                                                 ] o.s.b.f.s.DefaultListableBeanFactory     : Creating shared instance of singleton bean 'jpa.named-queries#0'
2024-10-18T18:55:12.466+03:00 DEBUG [,,] 28528 --- [RMI TCP Connection(3)-192.168.0.104] [                                                 ] sun.rmi.transport.tcp                    : RMI TCP Connection(3)-192.168.0.104: (port 53105) op = 82
2024-10-18T18:55:12.467+03:00 DEBUG [,,] 28528 --- [RMI TCP Connection(3)-192.168.0.104] [                                                 ] sun.rmi.transport.tcp                    : RMI TCP Connection(3)-192.168.0.104: (port 53105) op = 80
2024-10-18T18:55:12.467+03:00 DEBUG [,,] 28528 --- [RMI TCP Connection(3)-192.168.0.104] [                                                 ] sun.rmi.loader                           : RMI TCP Connection(3)-192.168.0.104: name = "[Ljava.rmi.server.ObjID;", codebase = "", defaultLoader = jdk.internal.loader.ClassLoaders$PlatformClassLoader@61537909
2024-10-18T18:55:12.467+03:00 DEBUG [,,] 28528 --- [RMI TCP Connection(3)-192.168.0.104] [                                                 ] sun.rmi.loader                           : RMI TCP Connection(3)-192.168.0.104: name = "java.rmi.server.ObjID", codebase = "", defaultLoader = jdk.internal.loader.ClassLoaders$PlatformClassLoader@61537909
2024-10-18T18:55:12.467+03:00 DEBUG [,,] 28528 --- [RMI TCP Connection(3)-192.168.0.104] [                                                 ] sun.rmi.loader                           : RMI TCP Connection(3)-192.168.0.104: name = "java.rmi.server.UID", codebase = "", defaultLoader = jdk.internal.loader.ClassLoaders$PlatformClassLoader@61537909
2024-10-18T18:55:12.467+03:00 DEBUG [,,] 28528 --- [RMI TCP Connection(3)-192.168.0.104] [                                                 ] sun.rmi.loader                           : RMI TCP Connection(3)-192.168.0.104: name = "java.rmi.dgc.Lease", codebase = "", defaultLoader = jdk.internal.loader.ClassLoaders$PlatformClassLoader@61537909
2024-10-18T18:55:12.467+03:00 DEBUG [,,] 28528 --- [RMI TCP Connection(3)-192.168.0.104] [                                                 ] sun.rmi.loader                           : RMI TCP Connection(3)-192.168.0.104: name = "java.rmi.dgc.VMID", codebase = "", defaultLoader = jdk.internal.loader.ClassLoaders$PlatformClassLoader@61537909
2024-10-18T18:55:12.468+03:00 DEBUG [,,] 28528 --- [RMI TCP Connection(3)-192.168.0.104] [                                                 ] sun.rmi.loader                           : RMI TCP Connection(3)-192.168.0.104: name = "[B", codebase = "", defaultLoader = jdk.internal.loader.ClassLoaders$PlatformClassLoader@61537909
2024-10-18T18:55:12.468+03:00 DEBUG [,,] 28528 --- [RMI TCP Connection(3)-192.168.0.104] [                                                 ] sun.rmi.transport.tcp                    : RMI TCP Connection(3)-192.168.0.104: (port 53105) op = 82
2024-10-18T18:55:12.468+03:00 DEBUG [,,] 28528 --- [RMI TCP Connection(3)-192.168.0.104] [                                                 ] sun.rmi.transport.tcp                    : RMI TCP Connection(3)-192.168.0.104: (port 53105) op = 84
2024-10-18T18:55:12.468+03:00 DEBUG [,,] 28528 --- [RMI TCP Connection(3)-192.168.0.104] [                                                 ] sun.rmi.transport.tcp                    : RMI TCP Connection(3)-192.168.0.104: (port 53105) op = 82
2024-10-18T18:55:12.469+03:00 DEBUG [,,] 28528 --- [RMI TCP Connection(3)-192.168.0.104] [                                                 ] sun.rmi.transport.tcp                    : RMI TCP Connection(3)-192.168.0.104: (port 53105) op = 80
2024-10-18T18:55:12.469+03:00 DEBUG [,,] 28528 --- [RMI TCP Connection(3)-192.168.0.104] [                                                 ] sun.rmi.transport.tcp                    : RMI TCP Connection(3)-192.168.0.104: (port 53105) op = 80
2024-10-18T18:55:12.469+03:00 DEBUG [,,] 28528 --- [main] [                                                 ] o.s.b.f.s.DefaultListableBeanFactory     : Creating shared instance of singleton bean 'jpa.UserRepo.fragments#0'
2024-10-18T18:55:12.469+03:00 DEBUG [,,] 28528 --- [RMI TCP Connection(3)-192.168.0.104] [                                                 ] sun.rmi.loader                           : RMI TCP Connection(3)-192.168.0.104: name = "javax.management.ObjectName", codebase = ""
2024-10-18T18:55:12.469+03:00 DEBUG [,,] 28528 --- [RMI TCP Connection(3)-192.168.0.104] [                                                 ] javax.management.remote.rmi              : connectionId=rmi://192.168.0.104  5, name=org.springframework.boot:type=Admin,name=SpringApplication, attribute=Ready
2024-10-18T18:55:12.469+03:00 DEBUG [,,] 28528 --- [RMI TCP Connection(3)-192.168.0.104] [                                                 ] sun.rmi.server.call                      : RMI TCP Connection(3)-192.168.0.104: [192.168.0.104] exception: 

javax.management.InstanceNotFoundException: org.springframework.boot:type=Admin,name=SpringApplication
	at java.management/com.sun.jmx.interceptor.DefaultMBeanServerInterceptor.getMBean(DefaultMBeanServerInterceptor.java:1088) ~[na:na]
	at java.management/com.sun.jmx.interceptor.DefaultMBeanServerInterceptor.getAttribute(DefaultMBeanServerInterceptor.java:640) ~[na:na]
	at java.management/com.sun.jmx.mbeanserver.JmxMBeanServer.getAttribute(JmxMBeanServer.java:679) ~[na:na]
	at java.management.rmi/javax.management.remote.rmi.RMIConnectionImpl.doOperation(RMIConnectionImpl.java:1449) ~[na:na]
	at java.management.rmi/javax.management.remote.rmi.RMIConnectionImpl$PrivilegedOperation.run(RMIConnectionImpl.java:1310) ~[na:na]
	at java.management.rmi/javax.management.remote.rmi.RMIConnectionImpl.doPrivilegedOperation(RMIConnectionImpl.java:1405) ~[na:na]
	at java.management.rmi/javax.management.remote.rmi.RMIConnectionImpl.getAttribute(RMIConnectionImpl.java:639) ~[na:na]
	at java.base/jdk.internal.reflect.NativeMethodAccessorImpl.invoke0(Native Method) ~[na:na]
	at java.base/jdk.internal.reflect.NativeMethodAccessorImpl.invoke(NativeMethodAccessorImpl.java:77) ~[na:na]
	at java.base/jdk.internal.reflect.DelegatingMethodAccessorImpl.invoke(DelegatingMethodAccessorImpl.java:43) ~[na:na]
	at java.base/java.lang.reflect.Method.invoke(Method.java:568) ~[na:na]
	at java.rmi/sun.rmi.server.UnicastServerRef.dispatch(UnicastServerRef.java:360) ~[na:na]
	at java.rmi/sun.rmi.transport.Transport$1.run(Transport.java:200) ~[na:na]
	at java.rmi/sun.rmi.transport.Transport$1.run(Transport.java:197) ~[na:na]
	at java.base/java.security.AccessController.doPrivileged(AccessController.java:712) ~[na:na]
	at java.rmi/sun.rmi.transport.Transport.serviceCall(Transport.java:196) ~[na:na]
	at java.rmi/sun.rmi.transport.tcp.TCPTransport.handleMessages(TCPTransport.java:587) ~[na:na]
	at java.rmi/sun.rmi.transport.tcp.TCPTransport$ConnectionHandler.run0(TCPTransport.java:828) ~[na:na]
	at java.rmi/sun.rmi.transport.tcp.TCPTransport$ConnectionHandler.lambda$run$0(TCPTransport.java:705) ~[na:na]
	at java.base/java.security.AccessController.doPrivileged(AccessController.java:399) ~[na:na]
	at java.rmi/sun.rmi.transport.tcp.TCPTransport$ConnectionHandler.run(TCPTransport.java:704) ~[na:na]
	at java.base/java.util.concurrent.ThreadPoolExecutor.runWorker(ThreadPoolExecutor.java:1136) ~[na:na]
	at java.base/java.util.concurrent.ThreadPoolExecutor$Worker.run(ThreadPoolExecutor.java:635) ~[na:na]
	at java.base/java.lang.Thread.run(Thread.java:833) ~[na:na]

2024-10-18T18:55:12.470+03:00 DEBUG [,,] 28528 --- [RMI TCP Connection(3)-192.168.0.104] [                                                 ] sun.rmi.transport.tcp                    : RMI TCP Connection(3)-192.168.0.104: (port 53105) op = 80
2024-10-18T18:55:12.470+03:00 DEBUG [,,] 28528 --- [RMI TCP Connection(3)-192.168.0.104] [                                                 ] javax.management.remote.rmi              : [javax.management.remote.rmi.RMIConnectionImpl@586b11: connectionId=rmi://192.168.0.104  5] closing.
2024-10-18T18:55:12.471+03:00 DEBUG [,,] 28528 --- [RMI TCP Connection(3)-192.168.0.104] [                                                 ] javax.management.remote.rmi              : [javax.management.remote.rmi.RMIConnectionImpl@586b11: connectionId=rmi://192.168.0.104  5] closed.
2024-10-18T18:55:12.474+03:00 DEBUG [,,] 28528 --- [main] [                                                 ] o.s.b.f.s.DefaultListableBeanFactory     : Creating shared instance of singleton bean 'jpaSharedEM_entityManagerFactory'
2024-10-18T18:55:12.507+03:00 DEBUG [,,] 28528 --- [main] [                                                 ] o.s.b.f.s.DefaultListableBeanFactory     : Creating shared instance of singleton bean 'jpaMappingContext'
2024-10-18T18:55:12.507+03:00 DEBUG [,,] 28528 --- [main] [                                                 ] .c.JpaMetamodelMappingContextFactoryBean : Initializing JpaMetamodelMappingContext…
2024-10-18T18:55:12.519+03:00 DEBUG [,,] 28528 --- [main] [                                                 ] .c.JpaMetamodelMappingContextFactoryBean : Finished initializing JpaMetamodelMappingContext
2024-10-18T18:55:12.541+03:00 DEBUG [,,] 28528 --- [main] [                                                 ] tor$SharedEntityManagerInvocationHandler : Creating new EntityManager for shared EntityManager invocation
2024-10-18T18:55:12.560+03:00 DEBUG [,,] 28528 --- [main] [                                                 ] o.h.stat.internal.StatisticsInitiator    : Statistics initialized [enabled=false]
2024-10-18T18:55:12.563+03:00 DEBUG [,,] 28528 --- [main] [                                                 ] tor$SharedEntityManagerInvocationHandler : Creating new EntityManager for shared EntityManager invocation
2024-10-18T18:55:12.568+03:00 DEBUG [,,] 28528 --- [main] [                                                 ] o.s.b.f.s.DefaultListableBeanFactory     : Creating shared instance of singleton bean 'metricsRepositoryMethodInvocationListener'
2024-10-18T18:55:12.569+03:00 DEBUG [,,] 28528 --- [main] [                                                 ] o.s.b.f.s.DefaultListableBeanFactory     : Creating shared instance of singleton bean 'org.springframework.boot.actuate.autoconfigure.metrics.data.RepositoryMetricsAutoConfiguration'
2024-10-18T18:55:12.569+03:00 DEBUG [,,] 28528 --- [main] [                                                 ] o.s.b.f.s.DefaultListableBeanFactory     : Autowiring by type from bean name 'org.springframework.boot.actuate.autoconfigure.metrics.data.RepositoryMetricsAutoConfiguration' via constructor to bean named 'management.metrics-org.springframework.boot.actuate.autoconfigure.metrics.MetricsProperties'
2024-10-18T18:55:12.570+03:00 DEBUG [,,] 28528 --- [main] [                                                 ] o.s.b.f.s.DefaultListableBeanFactory     : Creating shared instance of singleton bean 'repositoryTagsProvider'
2024-10-18T18:55:12.571+03:00 DEBUG [,,] 28528 --- [main] [                                                 ] o.s.b.f.s.DefaultListableBeanFactory     : Autowiring by type from bean name 'metricsRepositoryMethodInvocationListener' via factory method to bean named 'repositoryTagsProvider'
2024-10-18T18:55:12.592+03:00 DEBUG [,,] 28528 --- [main] [                                                 ] o.s.d.r.c.s.RepositoryFactorySupport     : Initializing repository instance for com.example.kibana_deploy_template.user.repository.UserRepo…
2024-10-18T18:55:12.600+03:00 DEBUG [,,] 28528 --- [main] [                                                 ] tor$SharedEntityManagerInvocationHandler : Creating new EntityManager for shared EntityManager invocation
2024-10-18T18:55:12.622+03:00 DEBUG [,,] 28528 --- [main] [                                                 ] o.s.d.jpa.repository.query.NamedQuery    : Looking up named query User.findByEmail
2024-10-18T18:55:12.624+03:00 DEBUG [,,] 28528 --- [main] [                                                 ] cResourceLocalTransactionCoordinatorImpl : JDBC transaction marked for rollback-only (exception provided for stack trace)

java.lang.Exception: exception just for purpose of providing stack trace
	at org.hibernate.resource.transaction.backend.jdbc.internal.JdbcResourceLocalTransactionCoordinatorImpl$TransactionDriverControlImpl.markRollbackOnly(JdbcResourceLocalTransactionCoordinatorImpl.java:309) ~[hibernate-core-6.5.3.Final.jar:6.5.3.Final]
	at org.hibernate.internal.AbstractSharedSessionContract.buildNamedQuery(AbstractSharedSessionContract.java:1109) ~[hibernate-core-6.5.3.Final.jar:6.5.3.Final]
	at org.hibernate.internal.AbstractSharedSessionContract.createNamedQuery(AbstractSharedSessionContract.java:987) ~[hibernate-core-6.5.3.Final.jar:6.5.3.Final]
	at org.hibernate.internal.AbstractSharedSessionContract.createNamedQuery(AbstractSharedSessionContract.java:140) ~[hibernate-core-6.5.3.Final.jar:6.5.3.Final]
	at java.base/jdk.internal.reflect.NativeMethodAccessorImpl.invoke0(Native Method) ~[na:na]
	at java.base/jdk.internal.reflect.NativeMethodAccessorImpl.invoke(NativeMethodAccessorImpl.java:77) ~[na:na]
	at java.base/jdk.internal.reflect.DelegatingMethodAccessorImpl.invoke(DelegatingMethodAccessorImpl.java:43) ~[na:na]
	at java.base/java.lang.reflect.Method.invoke(Method.java:568) ~[na:na]
	at org.springframework.orm.jpa.ExtendedEntityManagerCreator$ExtendedEntityManagerInvocationHandler.invoke(ExtendedEntityManagerCreator.java:364) ~[spring-orm-6.1.13.jar:6.1.13]
	at jdk.proxy2/jdk.proxy2.$Proxy134.createNamedQuery(Unknown Source) ~[na:na]
	at org.springframework.data.jpa.repository.query.NamedQuery.hasNamedQuery(NamedQuery.java:112) ~[spring-data-jpa-3.3.4.jar:3.3.4]
	at org.springframework.data.jpa.repository.query.NamedQuery.lookupFrom(NamedQuery.java:138) ~[spring-data-jpa-3.3.4.jar:3.3.4]
	at org.springframework.data.jpa.repository.query.JpaQueryLookupStrategy$DeclaredQueryLookupStrategy.resolveQuery(JpaQueryLookupStrategy.java:180) ~[spring-data-jpa-3.3.4.jar:3.3.4]
	at org.springframework.data.jpa.repository.query.JpaQueryLookupStrategy$CreateIfNotFoundQueryLookupStrategy.resolveQuery(JpaQueryLookupStrategy.java:252) ~[spring-data-jpa-3.3.4.jar:3.3.4]
	at org.springframework.data.jpa.repository.query.JpaQueryLookupStrategy$AbstractQueryLookupStrategy.resolveQuery(JpaQueryLookupStrategy.java:95) ~[spring-data-jpa-3.3.4.jar:3.3.4]
	at org.springframework.data.repository.core.support.QueryExecutorMethodInterceptor.lookupQuery(QueryExecutorMethodInterceptor.java:115) ~[spring-data-commons-3.3.4.jar:3.3.4]
	at org.springframework.data.repository.core.support.QueryExecutorMethodInterceptor.mapMethodsToQuery(QueryExecutorMethodInterceptor.java:103) ~[spring-data-commons-3.3.4.jar:3.3.4]
	at org.springframework.data.repository.core.support.QueryExecutorMethodInterceptor.lambda$new$0(QueryExecutorMethodInterceptor.java:92) ~[spring-data-commons-3.3.4.jar:3.3.4]
	at java.base/java.util.Optional.map(Optional.java:260) ~[na:na]
	at org.springframework.data.repository.core.support.QueryExecutorMethodInterceptor.<init>(QueryExecutorMethodInterceptor.java:92) ~[spring-data-commons-3.3.4.jar:3.3.4]
	at org.springframework.data.repository.core.support.RepositoryFactorySupport.getRepository(RepositoryFactorySupport.java:357) ~[spring-data-commons-3.3.4.jar:3.3.4]
	at org.springframework.data.repository.core.support.RepositoryFactoryBeanSupport.lambda$afterPropertiesSet$5(RepositoryFactoryBeanSupport.java:286) ~[spring-data-commons-3.3.4.jar:3.3.4]
	at org.springframework.data.util.Lazy.getNullable(Lazy.java:135) ~[spring-data-commons-3.3.4.jar:3.3.4]
	at org.springframework.data.util.Lazy.get(Lazy.java:113) ~[spring-data-commons-3.3.4.jar:3.3.4]
	at org.springframework.data.repository.core.support.RepositoryFactoryBeanSupport.afterPropertiesSet(RepositoryFactoryBeanSupport.java:292) ~[spring-data-commons-3.3.4.jar:3.3.4]
	at org.springframework.data.jpa.repository.support.JpaRepositoryFactoryBean.afterPropertiesSet(JpaRepositoryFactoryBean.java:132) ~[spring-data-jpa-3.3.4.jar:3.3.4]
	at org.springframework.beans.factory.support.AbstractAutowireCapableBeanFactory.invokeInitMethods(AbstractAutowireCapableBeanFactory.java:1853) ~[spring-beans-6.1.13.jar:6.1.13]
	at org.springframework.beans.factory.support.AbstractAutowireCapableBeanFactory.initializeBean(AbstractAutowireCapableBeanFactory.java:1802) ~[spring-beans-6.1.13.jar:6.1.13]
	at org.springframework.beans.factory.support.AbstractAutowireCapableBeanFactory.doCreateBean(AbstractAutowireCapableBeanFactory.java:600) ~[spring-beans-6.1.13.jar:6.1.13]
	at org.springframework.beans.factory.support.AbstractAutowireCapableBeanFactory.createBean(AbstractAutowireCapableBeanFactory.java:522) ~[spring-beans-6.1.13.jar:6.1.13]
	at org.springframework.beans.factory.support.AbstractBeanFactory.lambda$doGetBean$0(AbstractBeanFactory.java:337) ~[spring-beans-6.1.13.jar:6.1.13]
	at org.springframework.beans.factory.support.DefaultSingletonBeanRegistry.getSingleton(DefaultSingletonBeanRegistry.java:234) ~[spring-beans-6.1.13.jar:6.1.13]
	at org.springframework.beans.factory.support.AbstractBeanFactory.doGetBean(AbstractBeanFactory.java:335) ~[spring-beans-6.1.13.jar:6.1.13]
	at org.springframework.beans.factory.support.AbstractBeanFactory.getBean(AbstractBeanFactory.java:200) ~[spring-beans-6.1.13.jar:6.1.13]
	at org.springframework.beans.factory.config.DependencyDescriptor.resolveCandidate(DependencyDescriptor.java:254) ~[spring-beans-6.1.13.jar:6.1.13]
	at org.springframework.beans.factory.support.DefaultListableBeanFactory.doResolveDependency(DefaultListableBeanFactory.java:1443) ~[spring-beans-6.1.13.jar:6.1.13]
	at org.springframework.beans.factory.support.DefaultListableBeanFactory.resolveDependency(DefaultListableBeanFactory.java:1353) ~[spring-beans-6.1.13.jar:6.1.13]
	at org.springframework.beans.factory.support.ConstructorResolver.resolveAutowiredArgument(ConstructorResolver.java:904) ~[spring-beans-6.1.13.jar:6.1.13]
	at org.springframework.beans.factory.support.ConstructorResolver.createArgumentArray(ConstructorResolver.java:782) ~[spring-beans-6.1.13.jar:6.1.13]
	at org.springframework.beans.factory.support.ConstructorResolver.autowireConstructor(ConstructorResolver.java:237) ~[spring-beans-6.1.13.jar:6.1.13]
	at org.springframework.beans.factory.support.AbstractAutowireCapableBeanFactory.autowireConstructor(AbstractAutowireCapableBeanFactory.java:1375) ~[spring-beans-6.1.13.jar:6.1.13]
	at org.springframework.beans.factory.support.AbstractAutowireCapableBeanFactory.createBeanInstance(AbstractAutowireCapableBeanFactory.java:1212) ~[spring-beans-6.1.13.jar:6.1.13]
	at org.springframework.beans.factory.support.AbstractAutowireCapableBeanFactory.doCreateBean(AbstractAutowireCapableBeanFactory.java:562) ~[spring-beans-6.1.13.jar:6.1.13]
	at org.springframework.beans.factory.support.AbstractAutowireCapableBeanFactory.createBean(AbstractAutowireCapableBeanFactory.java:522) ~[spring-beans-6.1.13.jar:6.1.13]
	at org.springframework.beans.factory.support.AbstractBeanFactory.lambda$doGetBean$0(AbstractBeanFactory.java:337) ~[spring-beans-6.1.13.jar:6.1.13]
	at org.springframework.beans.factory.support.DefaultSingletonBeanRegistry.getSingleton(DefaultSingletonBeanRegistry.java:234) ~[spring-beans-6.1.13.jar:6.1.13]
	at org.springframework.beans.factory.support.AbstractBeanFactory.doGetBean(AbstractBeanFactory.java:335) ~[spring-beans-6.1.13.jar:6.1.13]
	at org.springframework.beans.factory.support.AbstractBeanFactory.getBean(AbstractBeanFactory.java:200) ~[spring-beans-6.1.13.jar:6.1.13]
	at org.springframework.beans.factory.support.DefaultListableBeanFactory.preInstantiateSingletons(DefaultListableBeanFactory.java:975) ~[spring-beans-6.1.13.jar:6.1.13]
	at org.springframework.context.support.AbstractApplicationContext.finishBeanFactoryInitialization(AbstractApplicationContext.java:971) ~[spring-context-6.1.13.jar:6.1.13]
	at org.springframework.context.support.AbstractApplicationContext.refresh(AbstractApplicationContext.java:625) ~[spring-context-6.1.13.jar:6.1.13]
	at org.springframework.boot.web.servlet.context.ServletWebServerApplicationContext.refresh(ServletWebServerApplicationContext.java:146) ~[spring-boot-3.3.4.jar:3.3.4]
	at org.springframework.boot.SpringApplication.refresh(SpringApplication.java:754) ~[spring-boot-3.3.4.jar:3.3.4]
	at org.springframework.boot.SpringApplication.refreshContext(SpringApplication.java:456) ~[spring-boot-3.3.4.jar:3.3.4]
	at org.springframework.boot.SpringApplication.run(SpringApplication.java:335) ~[spring-boot-3.3.4.jar:3.3.4]
	at org.springframework.boot.SpringApplication.run(SpringApplication.java:1363) ~[spring-boot-3.3.4.jar:3.3.4]
	at org.springframework.boot.SpringApplication.run(SpringApplication.java:1352) ~[spring-boot-3.3.4.jar:3.3.4]
	at com.example.kibana_deploy_template.KibanaDeployTemplateApplication.main(KibanaDeployTemplateApplication.java:10) ~[classes/:na]

2024-10-18T18:55:12.624+03:00 DEBUG [,,] 28528 --- [main] [                                                 ] o.s.d.jpa.repository.query.NamedQuery    : Did not find named query User.findByEmail
2024-10-18T18:55:12.626+03:00 DEBUG [,,] 28528 --- [main] [                                                 ] tor$SharedEntityManagerInvocationHandler : Creating new EntityManager for shared EntityManager invocation
2024-10-18T18:55:12.654+03:00 DEBUG [,,] 28528 --- [main] [                                                 ] o.s.d.jpa.repository.query.NamedQuery    : Looking up named query User.findAllByGender
2024-10-18T18:55:12.655+03:00 DEBUG [,,] 28528 --- [main] [                                                 ] cResourceLocalTransactionCoordinatorImpl : JDBC transaction marked for rollback-only (exception provided for stack trace)

java.lang.Exception: exception just for purpose of providing stack trace
	at org.hibernate.resource.transaction.backend.jdbc.internal.JdbcResourceLocalTransactionCoordinatorImpl$TransactionDriverControlImpl.markRollbackOnly(JdbcResourceLocalTransactionCoordinatorImpl.java:309) ~[hibernate-core-6.5.3.Final.jar:6.5.3.Final]
	at org.hibernate.internal.AbstractSharedSessionContract.buildNamedQuery(AbstractSharedSessionContract.java:1109) ~[hibernate-core-6.5.3.Final.jar:6.5.3.Final]
	at org.hibernate.internal.AbstractSharedSessionContract.createNamedQuery(AbstractSharedSessionContract.java:987) ~[hibernate-core-6.5.3.Final.jar:6.5.3.Final]
	at org.hibernate.internal.AbstractSharedSessionContract.createNamedQuery(AbstractSharedSessionContract.java:140) ~[hibernate-core-6.5.3.Final.jar:6.5.3.Final]
	at java.base/jdk.internal.reflect.NativeMethodAccessorImpl.invoke0(Native Method) ~[na:na]
	at java.base/jdk.internal.reflect.NativeMethodAccessorImpl.invoke(NativeMethodAccessorImpl.java:77) ~[na:na]
	at java.base/jdk.internal.reflect.DelegatingMethodAccessorImpl.invoke(DelegatingMethodAccessorImpl.java:43) ~[na:na]
	at java.base/java.lang.reflect.Method.invoke(Method.java:568) ~[na:na]
	at org.springframework.orm.jpa.ExtendedEntityManagerCreator$ExtendedEntityManagerInvocationHandler.invoke(ExtendedEntityManagerCreator.java:364) ~[spring-orm-6.1.13.jar:6.1.13]
	at jdk.proxy2/jdk.proxy2.$Proxy134.createNamedQuery(Unknown Source) ~[na:na]
	at org.springframework.data.jpa.repository.query.NamedQuery.hasNamedQuery(NamedQuery.java:112) ~[spring-data-jpa-3.3.4.jar:3.3.4]
	at org.springframework.data.jpa.repository.query.NamedQuery.lookupFrom(NamedQuery.java:138) ~[spring-data-jpa-3.3.4.jar:3.3.4]
	at org.springframework.data.jpa.repository.query.JpaQueryLookupStrategy$DeclaredQueryLookupStrategy.resolveQuery(JpaQueryLookupStrategy.java:180) ~[spring-data-jpa-3.3.4.jar:3.3.4]
	at org.springframework.data.jpa.repository.query.JpaQueryLookupStrategy$CreateIfNotFoundQueryLookupStrategy.resolveQuery(JpaQueryLookupStrategy.java:252) ~[spring-data-jpa-3.3.4.jar:3.3.4]
	at org.springframework.data.jpa.repository.query.JpaQueryLookupStrategy$AbstractQueryLookupStrategy.resolveQuery(JpaQueryLookupStrategy.java:95) ~[spring-data-jpa-3.3.4.jar:3.3.4]
	at org.springframework.data.repository.core.support.QueryExecutorMethodInterceptor.lookupQuery(QueryExecutorMethodInterceptor.java:115) ~[spring-data-commons-3.3.4.jar:3.3.4]
	at org.springframework.data.repository.core.support.QueryExecutorMethodInterceptor.mapMethodsToQuery(QueryExecutorMethodInterceptor.java:103) ~[spring-data-commons-3.3.4.jar:3.3.4]
	at org.springframework.data.repository.core.support.QueryExecutorMethodInterceptor.lambda$new$0(QueryExecutorMethodInterceptor.java:92) ~[spring-data-commons-3.3.4.jar:3.3.4]
	at java.base/java.util.Optional.map(Optional.java:260) ~[na:na]
	at org.springframework.data.repository.core.support.QueryExecutorMethodInterceptor.<init>(QueryExecutorMethodInterceptor.java:92) ~[spring-data-commons-3.3.4.jar:3.3.4]
	at org.springframework.data.repository.core.support.RepositoryFactorySupport.getRepository(RepositoryFactorySupport.java:357) ~[spring-data-commons-3.3.4.jar:3.3.4]
	at org.springframework.data.repository.core.support.RepositoryFactoryBeanSupport.lambda$afterPropertiesSet$5(RepositoryFactoryBeanSupport.java:286) ~[spring-data-commons-3.3.4.jar:3.3.4]
	at org.springframework.data.util.Lazy.getNullable(Lazy.java:135) ~[spring-data-commons-3.3.4.jar:3.3.4]
	at org.springframework.data.util.Lazy.get(Lazy.java:113) ~[spring-data-commons-3.3.4.jar:3.3.4]
	at org.springframework.data.repository.core.support.RepositoryFactoryBeanSupport.afterPropertiesSet(RepositoryFactoryBeanSupport.java:292) ~[spring-data-commons-3.3.4.jar:3.3.4]
	at org.springframework.data.jpa.repository.support.JpaRepositoryFactoryBean.afterPropertiesSet(JpaRepositoryFactoryBean.java:132) ~[spring-data-jpa-3.3.4.jar:3.3.4]
	at org.springframework.beans.factory.support.AbstractAutowireCapableBeanFactory.invokeInitMethods(AbstractAutowireCapableBeanFactory.java:1853) ~[spring-beans-6.1.13.jar:6.1.13]
	at org.springframework.beans.factory.support.AbstractAutowireCapableBeanFactory.initializeBean(AbstractAutowireCapableBeanFactory.java:1802) ~[spring-beans-6.1.13.jar:6.1.13]
	at org.springframework.beans.factory.support.AbstractAutowireCapableBeanFactory.doCreateBean(AbstractAutowireCapableBeanFactory.java:600) ~[spring-beans-6.1.13.jar:6.1.13]
	at org.springframework.beans.factory.support.AbstractAutowireCapableBeanFactory.createBean(AbstractAutowireCapableBeanFactory.java:522) ~[spring-beans-6.1.13.jar:6.1.13]
	at org.springframework.beans.factory.support.AbstractBeanFactory.lambda$doGetBean$0(AbstractBeanFactory.java:337) ~[spring-beans-6.1.13.jar:6.1.13]
	at org.springframework.beans.factory.support.DefaultSingletonBeanRegistry.getSingleton(DefaultSingletonBeanRegistry.java:234) ~[spring-beans-6.1.13.jar:6.1.13]
	at org.springframework.beans.factory.support.AbstractBeanFactory.doGetBean(AbstractBeanFactory.java:335) ~[spring-beans-6.1.13.jar:6.1.13]
	at org.springframework.beans.factory.support.AbstractBeanFactory.getBean(AbstractBeanFactory.java:200) ~[spring-beans-6.1.13.jar:6.1.13]
	at org.springframework.beans.factory.config.DependencyDescriptor.resolveCandidate(DependencyDescriptor.java:254) ~[spring-beans-6.1.13.jar:6.1.13]
	at org.springframework.beans.factory.support.DefaultListableBeanFactory.doResolveDependency(DefaultListableBeanFactory.java:1443) ~[spring-beans-6.1.13.jar:6.1.13]
	at org.springframework.beans.factory.support.DefaultListableBeanFactory.resolveDependency(DefaultListableBeanFactory.java:1353) ~[spring-beans-6.1.13.jar:6.1.13]
	at org.springframework.beans.factory.support.ConstructorResolver.resolveAutowiredArgument(ConstructorResolver.java:904) ~[spring-beans-6.1.13.jar:6.1.13]
	at org.springframework.beans.factory.support.ConstructorResolver.createArgumentArray(ConstructorResolver.java:782) ~[spring-beans-6.1.13.jar:6.1.13]
	at org.springframework.beans.factory.support.ConstructorResolver.autowireConstructor(ConstructorResolver.java:237) ~[spring-beans-6.1.13.jar:6.1.13]
	at org.springframework.beans.factory.support.AbstractAutowireCapableBeanFactory.autowireConstructor(AbstractAutowireCapableBeanFactory.java:1375) ~[spring-beans-6.1.13.jar:6.1.13]
	at org.springframework.beans.factory.support.AbstractAutowireCapableBeanFactory.createBeanInstance(AbstractAutowireCapableBeanFactory.java:1212) ~[spring-beans-6.1.13.jar:6.1.13]
	at org.springframework.beans.factory.support.AbstractAutowireCapableBeanFactory.doCreateBean(AbstractAutowireCapableBeanFactory.java:562) ~[spring-beans-6.1.13.jar:6.1.13]
	at org.springframework.beans.factory.support.AbstractAutowireCapableBeanFactory.createBean(AbstractAutowireCapableBeanFactory.java:522) ~[spring-beans-6.1.13.jar:6.1.13]
	at org.springframework.beans.factory.support.AbstractBeanFactory.lambda$doGetBean$0(AbstractBeanFactory.java:337) ~[spring-beans-6.1.13.jar:6.1.13]
	at org.springframework.beans.factory.support.DefaultSingletonBeanRegistry.getSingleton(DefaultSingletonBeanRegistry.java:234) ~[spring-beans-6.1.13.jar:6.1.13]
	at org.springframework.beans.factory.support.AbstractBeanFactory.doGetBean(AbstractBeanFactory.java:335) ~[spring-beans-6.1.13.jar:6.1.13]
	at org.springframework.beans.factory.support.AbstractBeanFactory.getBean(AbstractBeanFactory.java:200) ~[spring-beans-6.1.13.jar:6.1.13]
	at org.springframework.beans.factory.support.DefaultListableBeanFactory.preInstantiateSingletons(DefaultListableBeanFactory.java:975) ~[spring-beans-6.1.13.jar:6.1.13]
	at org.springframework.context.support.AbstractApplicationContext.finishBeanFactoryInitialization(AbstractApplicationContext.java:971) ~[spring-context-6.1.13.jar:6.1.13]
	at org.springframework.context.support.AbstractApplicationContext.refresh(AbstractApplicationContext.java:625) ~[spring-context-6.1.13.jar:6.1.13]
	at org.springframework.boot.web.servlet.context.ServletWebServerApplicationContext.refresh(ServletWebServerApplicationContext.java:146) ~[spring-boot-3.3.4.jar:3.3.4]
	at org.springframework.boot.SpringApplication.refresh(SpringApplication.java:754) ~[spring-boot-3.3.4.jar:3.3.4]
	at org.springframework.boot.SpringApplication.refreshContext(SpringApplication.java:456) ~[spring-boot-3.3.4.jar:3.3.4]
	at org.springframework.boot.SpringApplication.run(SpringApplication.java:335) ~[spring-boot-3.3.4.jar:3.3.4]
	at org.springframework.boot.SpringApplication.run(SpringApplication.java:1363) ~[spring-boot-3.3.4.jar:3.3.4]
	at org.springframework.boot.SpringApplication.run(SpringApplication.java:1352) ~[spring-boot-3.3.4.jar:3.3.4]
	at com.example.kibana_deploy_template.KibanaDeployTemplateApplication.main(KibanaDeployTemplateApplication.java:10) ~[classes/:na]

2024-10-18T18:55:12.655+03:00 DEBUG [,,] 28528 --- [main] [                                                 ] o.s.d.jpa.repository.query.NamedQuery    : Did not find named query User.findAllByGender
2024-10-18T18:55:12.655+03:00 DEBUG [,,] 28528 --- [main] [                                                 ] tor$SharedEntityManagerInvocationHandler : Creating new EntityManager for shared EntityManager invocation
2024-10-18T18:55:12.658+03:00 DEBUG [,,] 28528 --- [main] [                                                 ] o.s.d.r.c.s.RepositoryFactorySupport     : Finished creation of repository instance for com.example.kibana_deploy_template.user.repository.UserRepo.
2024-10-18T18:55:12.664+03:00 DEBUG [,,] 28528 --- [main] [                                                 ] o.s.b.f.s.DefaultListableBeanFactory     : Autowiring by type from bean name 'userCommandServiceImpl' via constructor to bean named 'userRepo'
2024-10-18T18:55:12.681+03:00 DEBUG [,,] 28528 --- [main] [                                                 ] o.s.b.f.s.DefaultListableBeanFactory     : Creating shared instance of singleton bean 'userQueryServiceImpl'
2024-10-18T18:55:12.682+03:00 DEBUG [,,] 28528 --- [main] [                                                 ] o.s.b.f.s.DefaultListableBeanFactory     : Autowiring by type from bean name 'userQueryServiceImpl' via constructor to bean named 'userRepo'
2024-10-18T18:55:12.683+03:00 DEBUG [,,] 28528 --- [main] [                                                 ] o.s.b.f.s.DefaultListableBeanFactory     : Creating shared instance of singleton bean 'userControllerService'
2024-10-18T18:55:12.686+03:00 DEBUG [,,] 28528 --- [main] [                                                 ] o.s.b.f.s.DefaultListableBeanFactory     : Autowiring by type from bean name 'userControllerService' via constructor to bean named 'userCommandServiceImpl'
2024-10-18T18:55:12.686+03:00 DEBUG [,,] 28528 --- [main] [                                                 ] o.s.b.f.s.DefaultListableBeanFactory     : Autowiring by type from bean name 'userControllerService' via constructor to bean named 'userQueryServiceImpl'
2024-10-18T18:55:12.688+03:00 DEBUG [,,] 28528 --- [main] [                                                 ] o.s.b.f.s.DefaultListableBeanFactory     : Creating shared instance of singleton bean 'org.springframework.boot.autoconfigure.context.PropertyPlaceholderAutoConfiguration'
2024-10-18T18:55:12.689+03:00 DEBUG [,,] 28528 --- [main] [                                                 ] o.s.b.f.s.DefaultListableBeanFactory     : Creating shared instance of singleton bean 'org.springframework.boot.context.properties.EnableConfigurationPropertiesRegistrar.methodValidationExcludeFilter'
2024-10-18T18:55:12.691+03:00 DEBUG [,,] 28528 --- [main] [                                                 ] o.s.b.f.s.DefaultListableBeanFactory     : Creating shared instance of singleton bean 'org.springframework.boot.autoconfigure.websocket.servlet.WebSocketServletAutoConfiguration'
2024-10-18T18:55:12.691+03:00 DEBUG [,,] 28528 --- [main] [                                                 ] o.s.b.f.s.DefaultListableBeanFactory     : Creating shared instance of singleton bean 'org.springframework.boot.autoconfigure.web.servlet.DispatcherServletAutoConfiguration'
2024-10-18T18:55:12.692+03:00 DEBUG [,,] 28528 --- [main] [                                                 ] o.s.b.f.s.DefaultListableBeanFactory     : Creating shared instance of singleton bean 'org.springframework.boot.autoconfigure.task.TaskExecutorConfigurations$ThreadPoolTaskExecutorBuilderConfiguration'
2024-10-18T18:55:12.693+03:00 DEBUG [,,] 28528 --- [main] [                                                 ] o.s.b.f.s.DefaultListableBeanFactory     : Creating shared instance of singleton bean 'threadPoolTaskExecutorBuilder'
2024-10-18T18:55:12.693+03:00 DEBUG [,,] 28528 --- [main] [                                                 ] o.s.b.f.s.DefaultListableBeanFactory     : Creating shared instance of singleton bean 'spring.task.execution-org.springframework.boot.autoconfigure.task.TaskExecutionProperties'
2024-10-18T18:55:12.695+03:00 DEBUG [,,] 28528 --- [main] [                                                 ] o.s.b.f.s.DefaultListableBeanFactory     : Autowiring by type from bean name 'threadPoolTaskExecutorBuilder' via factory method to bean named 'spring.task.execution-org.springframework.boot.autoconfigure.task.TaskExecutionProperties'
2024-10-18T18:55:12.698+03:00 DEBUG [,,] 28528 --- [main] [                                                 ] o.s.b.f.s.DefaultListableBeanFactory     : Creating shared instance of singleton bean 'org.springframework.boot.autoconfigure.task.TaskExecutorConfigurations$TaskExecutorBuilderConfiguration'
2024-10-18T18:55:12.699+03:00 DEBUG [,,] 28528 --- [main] [                                                 ] o.s.b.f.s.DefaultListableBeanFactory     : Creating shared instance of singleton bean 'taskExecutorBuilder'
2024-10-18T18:55:12.699+03:00 DEBUG [,,] 28528 --- [main] [                                                 ] o.s.b.f.s.DefaultListableBeanFactory     : Autowiring by type from bean name 'taskExecutorBuilder' via factory method to bean named 'spring.task.execution-org.springframework.boot.autoconfigure.task.TaskExecutionProperties'
2024-10-18T18:55:12.701+03:00 DEBUG [,,] 28528 --- [main] [                                                 ] o.s.b.f.s.DefaultListableBeanFactory     : Creating shared instance of singleton bean 'org.springframework.boot.autoconfigure.task.TaskExecutorConfigurations$SimpleAsyncTaskExecutorBuilderConfiguration'
2024-10-18T18:55:12.701+03:00 DEBUG [,,] 28528 --- [main] [                                                 ] o.s.b.f.s.DefaultListableBeanFactory     : Autowiring by type from bean name 'org.springframework.boot.autoconfigure.task.TaskExecutorConfigurations$SimpleAsyncTaskExecutorBuilderConfiguration' via constructor to bean named 'spring.task.execution-org.springframework.boot.autoconfigure.task.TaskExecutionProperties'
2024-10-18T18:55:12.702+03:00 DEBUG [,,] 28528 --- [main] [                                                 ] o.s.b.f.s.DefaultListableBeanFactory     : Creating shared instance of singleton bean 'simpleAsyncTaskExecutorBuilder'
2024-10-18T18:55:12.704+03:00 DEBUG [,,] 28528 --- [main] [                                                 ] o.s.b.f.s.DefaultListableBeanFactory     : Creating shared instance of singleton bean 'org.springframework.boot.autoconfigure.task.TaskExecutorConfigurations$TaskExecutorConfiguration'
2024-10-18T18:55:12.705+03:00 DEBUG [,,] 28528 --- [main] [                                                 ] o.s.b.f.s.DefaultListableBeanFactory     : Creating shared instance of singleton bean 'org.springframework.boot.autoconfigure.task.TaskExecutionAutoConfiguration'
2024-10-18T18:55:12.705+03:00 DEBUG [,,] 28528 --- [main] [                                                 ] o.s.b.f.s.DefaultListableBeanFactory     : Creating shared instance of singleton bean 'org.springframework.boot.autoconfigure.web.servlet.error.ErrorMvcAutoConfiguration$WhitelabelErrorViewConfiguration'
2024-10-18T18:55:12.706+03:00 DEBUG [,,] 28528 --- [main] [                                                 ] o.s.b.f.s.DefaultListableBeanFactory     : Creating shared instance of singleton bean 'error'
2024-10-18T18:55:12.707+03:00 DEBUG [,,] 28528 --- [main] [                                                 ] o.s.b.f.s.DefaultListableBeanFactory     : Creating shared instance of singleton bean 'beanNameViewResolver'
2024-10-18T18:55:12.709+03:00 DEBUG [,,] 28528 --- [main] [                                                 ] o.s.b.f.s.DefaultListableBeanFactory     : Creating shared instance of singleton bean 'org.springframework.boot.autoconfigure.web.servlet.error.ErrorMvcAutoConfiguration$DefaultErrorViewResolverConfiguration'
2024-10-18T18:55:12.710+03:00 DEBUG [,,] 28528 --- [main] [                                                 ] o.s.b.f.s.DefaultListableBeanFactory     : Creating shared instance of singleton bean 'spring.web-org.springframework.boot.autoconfigure.web.WebProperties'
2024-10-18T18:55:12.712+03:00 DEBUG [,,] 28528 --- [main] [                                                 ] o.s.b.f.s.DefaultListableBeanFactory     : Autowiring by type from bean name 'org.springframework.boot.autoconfigure.web.servlet.error.ErrorMvcAutoConfiguration$DefaultErrorViewResolverConfiguration' via constructor to bean named 'org.springframework.boot.web.servlet.context.AnnotationConfigServletWebServerApplicationContext@3a3e4aff'
2024-10-18T18:55:12.712+03:00 DEBUG [,,] 28528 --- [main] [                                                 ] o.s.b.f.s.DefaultListableBeanFactory     : Autowiring by type from bean name 'org.springframework.boot.autoconfigure.web.servlet.error.ErrorMvcAutoConfiguration$DefaultErrorViewResolverConfiguration' via constructor to bean named 'spring.web-org.springframework.boot.autoconfigure.web.WebProperties'
2024-10-18T18:55:12.713+03:00 DEBUG [,,] 28528 --- [main] [                                                 ] o.s.b.f.s.DefaultListableBeanFactory     : Creating shared instance of singleton bean 'conventionErrorViewResolver'
2024-10-18T18:55:12.714+03:00 DEBUG [,,] 28528 --- [main] [                                                 ] o.s.b.f.s.DefaultListableBeanFactory     : Creating shared instance of singleton bean 'errorAttributes'
2024-10-18T18:55:12.715+03:00 DEBUG [,,] 28528 --- [main] [                                                 ] o.s.b.f.s.DefaultListableBeanFactory     : Creating shared instance of singleton bean 'basicErrorController'
2024-10-18T18:55:12.716+03:00 DEBUG [,,] 28528 --- [main] [                                                 ] o.s.b.f.s.DefaultListableBeanFactory     : Autowiring by type from bean name 'basicErrorController' via factory method to bean named 'errorAttributes'
2024-10-18T18:55:12.719+03:00 DEBUG [,,] 28528 --- [main] [                                                 ] o.s.b.f.s.DefaultListableBeanFactory     : Creating shared instance of singleton bean 'org.springframework.boot.autoconfigure.web.servlet.WebMvcAutoConfiguration$EnableWebMvcConfiguration'
2024-10-18T18:55:12.721+03:00 DEBUG [,,] 28528 --- [main] [                                                 ] o.s.b.f.s.DefaultListableBeanFactory     : Autowiring by type from bean name 'org.springframework.boot.autoconfigure.web.servlet.WebMvcAutoConfiguration$EnableWebMvcConfiguration' via constructor to bean named 'spring.mvc-org.springframework.boot.autoconfigure.web.servlet.WebMvcProperties'
2024-10-18T18:55:12.721+03:00 DEBUG [,,] 28528 --- [main] [                                                 ] o.s.b.f.s.DefaultListableBeanFactory     : Autowiring by type from bean name 'org.springframework.boot.autoconfigure.web.servlet.WebMvcAutoConfiguration$EnableWebMvcConfiguration' via constructor to bean named 'spring.web-org.springframework.boot.autoconfigure.web.WebProperties'
2024-10-18T18:55:12.721+03:00 DEBUG [,,] 28528 --- [main] [                                                 ] o.s.b.f.s.DefaultListableBeanFactory     : Autowiring by type from bean name 'org.springframework.boot.autoconfigure.web.servlet.WebMvcAutoConfiguration$EnableWebMvcConfiguration' via constructor to bean named 'org.springframework.beans.factory.support.DefaultListableBeanFactory@49f5c307'
2024-10-18T18:55:12.724+03:00 DEBUG [,,] 28528 --- [main] [                                                 ] o.s.b.f.s.DefaultListableBeanFactory     : Creating shared instance of singleton bean 'org.springframework.boot.autoconfigure.web.servlet.WebMvcAutoConfiguration$WebMvcAutoConfigurationAdapter'
2024-10-18T18:55:12.724+03:00 DEBUG [,,] 28528 --- [main] [                                                 ] o.s.b.f.s.DefaultListableBeanFactory     : Autowiring by type from bean name 'org.springframework.boot.autoconfigure.web.servlet.WebMvcAutoConfiguration$WebMvcAutoConfigurationAdapter' via constructor to bean named 'spring.web-org.springframework.boot.autoconfigure.web.WebProperties'
2024-10-18T18:55:12.724+03:00 DEBUG [,,] 28528 --- [main] [                                                 ] o.s.b.f.s.DefaultListableBeanFactory     : Autowiring by type from bean name 'org.springframework.boot.autoconfigure.web.servlet.WebMvcAutoConfiguration$WebMvcAutoConfigurationAdapter' via constructor to bean named 'spring.mvc-org.springframework.boot.autoconfigure.web.servlet.WebMvcProperties'
2024-10-18T18:55:12.724+03:00 DEBUG [,,] 28528 --- [main] [                                                 ] o.s.b.f.s.DefaultListableBeanFactory     : Autowiring by type from bean name 'org.springframework.boot.autoconfigure.web.servlet.WebMvcAutoConfiguration$WebMvcAutoConfigurationAdapter' via constructor to bean named 'org.springframework.beans.factory.support.DefaultListableBeanFactory@49f5c307'
2024-10-18T18:55:12.727+03:00 DEBUG [,,] 28528 --- [main] [                                                 ] o.s.b.f.s.DefaultListableBeanFactory     : Creating shared instance of singleton bean 'swaggerWebMvcConfigurer'
2024-10-18T18:55:12.727+03:00 DEBUG [,,] 28528 --- [main] [                                                 ] o.s.b.f.s.DefaultListableBeanFactory     : Creating shared instance of singleton bean 'org.springdoc.webmvc.ui.SwaggerConfig'
2024-10-18T18:55:12.729+03:00 DEBUG [,,] 28528 --- [main] [                                                 ] o.s.b.f.s.DefaultListableBeanFactory     : Creating shared instance of singleton bean 'org.springdoc.core.properties.SwaggerUiConfigParameters'
2024-10-18T18:55:12.730+03:00 DEBUG [,,] 28528 --- [main] [                                                 ] o.s.b.f.s.DefaultListableBeanFactory     : Creating shared instance of singleton bean 'org.springdoc.core.properties.SwaggerUiConfigProperties'
2024-10-18T18:55:12.735+03:00 DEBUG [,,] 28528 --- [main] [                                                 ] o.s.b.f.s.DefaultListableBeanFactory     : Autowiring by type from bean name 'org.springdoc.core.properties.SwaggerUiConfigParameters' via constructor to bean named 'org.springdoc.core.properties.SwaggerUiConfigProperties'
2024-10-18T18:55:12.740+03:00 DEBUG [,,] 28528 --- [main] [                                                 ] o.s.b.f.s.DefaultListableBeanFactory     : Creating shared instance of singleton bean 'indexPageTransformer'
2024-10-18T18:55:12.740+03:00 DEBUG [,,] 28528 --- [main] [                                                 ] o.s.b.f.s.DefaultListableBeanFactory     : Creating shared instance of singleton bean 'org.springdoc.core.properties.SwaggerUiOAuthProperties'
2024-10-18T18:55:12.744+03:00 DEBUG [,,] 28528 --- [main] [                                                 ] o.s.b.f.s.DefaultListableBeanFactory     : Creating shared instance of singleton bean 'swaggerWelcome'
2024-10-18T18:55:12.744+03:00 DEBUG [,,] 28528 --- [main] [                                                 ] o.s.b.f.s.DefaultListableBeanFactory     : Creating shared instance of singleton bean 'org.springdoc.core.properties.SpringDocConfigProperties'
2024-10-18T18:55:12.750+03:00 DEBUG [,,] 28528 --- [main] [                                                 ] o.s.b.f.s.DefaultListableBeanFactory     : Creating shared instance of singleton bean 'springWebProvider'
2024-10-18T18:55:12.750+03:00 DEBUG [,,] 28528 --- [main] [                                                 ] o.s.b.f.s.DefaultListableBeanFactory     : Creating shared instance of singleton bean 'org.springdoc.webmvc.core.configuration.SpringDocWebMvcConfiguration'
2024-10-18T18:55:12.756+03:00 DEBUG [,,] 28528 --- [main] [                                                 ] o.s.b.f.s.DefaultListableBeanFactory     : Autowiring by type from bean name 'swaggerWelcome' via factory method to bean named 'org.springdoc.core.properties.SwaggerUiConfigProperties'
2024-10-18T18:55:12.756+03:00 DEBUG [,,] 28528 --- [main] [                                                 ] o.s.b.f.s.DefaultListableBeanFactory     : Autowiring by type from bean name 'swaggerWelcome' via factory method to bean named 'org.springdoc.core.properties.SpringDocConfigProperties'
2024-10-18T18:55:12.756+03:00 DEBUG [,,] 28528 --- [main] [                                                 ] o.s.b.f.s.DefaultListableBeanFactory     : Autowiring by type from bean name 'swaggerWelcome' via factory method to bean named 'org.springdoc.core.properties.SwaggerUiConfigParameters'
2024-10-18T18:55:12.756+03:00 DEBUG [,,] 28528 --- [main] [                                                 ] o.s.b.f.s.DefaultListableBeanFactory     : Autowiring by type from bean name 'swaggerWelcome' via factory method to bean named 'springWebProvider'
2024-10-18T18:55:12.770+03:00 DEBUG [,,] 28528 --- [main] [                                                 ] o.s.b.f.s.DefaultListableBeanFactory     : Creating shared instance of singleton bean 'springdocObjectMapperProvider'
2024-10-18T18:55:12.770+03:00 DEBUG [,,] 28528 --- [main] [                                                 ] o.s.b.f.s.DefaultListableBeanFactory     : Creating shared instance of singleton bean 'org.springdoc.core.configuration.SpringDocConfiguration'
2024-10-18T18:55:12.774+03:00 DEBUG [,,] 28528 --- [main] [                                                 ] o.s.b.f.s.DefaultListableBeanFactory     : Autowiring by type from bean name 'springdocObjectMapperProvider' via factory method to bean named 'org.springdoc.core.properties.SpringDocConfigProperties'
2024-10-18T18:55:12.790+03:00 DEBUG [,,] 28528 --- [main] [                                                 ] o.s.b.f.s.DefaultListableBeanFactory     : Autowiring by type from bean name 'indexPageTransformer' via factory method to bean named 'org.springdoc.core.properties.SwaggerUiConfigProperties'
2024-10-18T18:55:12.790+03:00 DEBUG [,,] 28528 --- [main] [                                                 ] o.s.b.f.s.DefaultListableBeanFactory     : Autowiring by type from bean name 'indexPageTransformer' via factory method to bean named 'org.springdoc.core.properties.SwaggerUiOAuthProperties'
2024-10-18T18:55:12.790+03:00 DEBUG [,,] 28528 --- [main] [                                                 ] o.s.b.f.s.DefaultListableBeanFactory     : Autowiring by type from bean name 'indexPageTransformer' via factory method to bean named 'org.springdoc.core.properties.SwaggerUiConfigParameters'
2024-10-18T18:55:12.791+03:00 DEBUG [,,] 28528 --- [main] [                                                 ] o.s.b.f.s.DefaultListableBeanFactory     : Autowiring by type from bean name 'indexPageTransformer' via factory method to bean named 'swaggerWelcome'
2024-10-18T18:55:12.791+03:00 DEBUG [,,] 28528 --- [main] [                                                 ] o.s.b.f.s.DefaultListableBeanFactory     : Autowiring by type from bean name 'indexPageTransformer' via factory method to bean named 'springdocObjectMapperProvider'
2024-10-18T18:55:12.793+03:00 DEBUG [,,] 28528 --- [main] [                                                 ] o.s.b.f.s.DefaultListableBeanFactory     : Creating shared instance of singleton bean 'swaggerResourceResolver'
2024-10-18T18:55:12.793+03:00 DEBUG [,,] 28528 --- [main] [                                                 ] o.s.b.f.s.DefaultListableBeanFactory     : Autowiring by type from bean name 'swaggerResourceResolver' via factory method to bean named 'org.springdoc.core.properties.SwaggerUiConfigProperties'
2024-10-18T18:55:12.794+03:00 DEBUG [,,] 28528 --- [main] [                                                 ] o.s.b.f.s.DefaultListableBeanFactory     : Autowiring by type from bean name 'swaggerWebMvcConfigurer' via factory method to bean named 'org.springdoc.core.properties.SwaggerUiConfigParameters'
2024-10-18T18:55:12.794+03:00 DEBUG [,,] 28528 --- [main] [                                                 ] o.s.b.f.s.DefaultListableBeanFactory     : Autowiring by type from bean name 'swaggerWebMvcConfigurer' via factory method to bean named 'indexPageTransformer'
2024-10-18T18:55:12.794+03:00 DEBUG [,,] 28528 --- [main] [                                                 ] o.s.b.f.s.DefaultListableBeanFactory     : Autowiring by type from bean name 'swaggerWebMvcConfigurer' via factory method to bean named 'swaggerResourceResolver'
2024-10-18T18:55:12.795+03:00 DEBUG [,,] 28528 --- [main] [                                                 ] o.s.b.f.s.DefaultListableBeanFactory     : Creating shared instance of singleton bean 'openEntityManagerInViewInterceptorConfigurer'
2024-10-18T18:55:12.795+03:00 DEBUG [,,] 28528 --- [main] [                                                 ] o.s.b.f.s.DefaultListableBeanFactory     : Creating shared instance of singleton bean 'org.springframework.boot.autoconfigure.orm.jpa.JpaBaseConfiguration$JpaWebConfiguration'
2024-10-18T18:55:12.796+03:00 DEBUG [,,] 28528 --- [main] [                                                 ] o.s.b.f.s.DefaultListableBeanFactory     : Autowiring by type from bean name 'org.springframework.boot.autoconfigure.orm.jpa.JpaBaseConfiguration$JpaWebConfiguration' via constructor to bean named 'spring.jpa-org.springframework.boot.autoconfigure.orm.jpa.JpaProperties'
2024-10-18T18:55:12.796+03:00 DEBUG [,,] 28528 --- [main] [                                                 ] o.s.b.f.s.DefaultListableBeanFactory     : Creating shared instance of singleton bean 'openEntityManagerInViewInterceptor'
2024-10-18T18:55:12.796+03:00  WARN [,,] 28528 --- [main] [                                                 ] JpaBaseConfiguration$JpaWebConfiguration : spring.jpa.open-in-view is enabled by default. Therefore, database queries may be performed during view rendering. Explicitly configure spring.jpa.open-in-view to disable this warning
2024-10-18T18:55:12.798+03:00 DEBUG [,,] 28528 --- [main] [                                                 ] o.s.b.f.s.DefaultListableBeanFactory     : Autowiring by type from bean name 'openEntityManagerInViewInterceptorConfigurer' via factory method to bean named 'openEntityManagerInViewInterceptor'
2024-10-18T18:55:12.799+03:00 DEBUG [,,] 28528 --- [main] [                                                 ] o.s.b.f.s.DefaultListableBeanFactory     : Creating shared instance of singleton bean 'org.springframework.data.web.config.SpringDataWebConfiguration'
2024-10-18T18:55:12.799+03:00 DEBUG [,,] 28528 --- [main] [                                                 ] o.s.b.f.s.DefaultListableBeanFactory     : Autowiring by type from bean name 'org.springframework.data.web.config.SpringDataWebConfiguration' via constructor to bean named 'org.springframework.boot.web.servlet.context.AnnotationConfigServletWebServerApplicationContext@3a3e4aff'
2024-10-18T18:55:12.802+03:00 DEBUG [,,] 28528 --- [main] [                                                 ] o.s.b.f.s.DefaultListableBeanFactory     : Creating shared instance of singleton bean 'endpointObjectMapperWebMvcConfigurer'
2024-10-18T18:55:12.803+03:00 DEBUG [,,] 28528 --- [main] [                                                 ] o.s.b.f.s.DefaultListableBeanFactory     : Creating shared instance of singleton bean 'endpointObjectMapper'
2024-10-18T18:55:12.803+03:00 DEBUG [,,] 28528 --- [main] [                                                 ] o.s.b.f.s.DefaultListableBeanFactory     : Creating shared instance of singleton bean 'org.springframework.boot.actuate.autoconfigure.endpoint.jackson.JacksonEndpointAutoConfiguration'
2024-10-18T18:55:12.805+03:00 DEBUG [,,] 28528 --- [main] [                                                 ] o.s.b.f.s.DefaultListableBeanFactory     : Autowiring by type from bean name 'endpointObjectMapperWebMvcConfigurer' via factory method to bean named 'endpointObjectMapper'
2024-10-18T18:55:12.809+03:00 DEBUG [,,] 28528 --- [main] [                                                 ] o.s.b.f.s.DefaultListableBeanFactory     : Creating shared instance of singleton bean 'welcomePageHandlerMapping'
2024-10-18T18:55:12.810+03:00 DEBUG [,,] 28528 --- [main] [                                                 ] o.s.b.f.s.DefaultListableBeanFactory     : Creating shared instance of singleton bean 'mvcConversionService'
2024-10-18T18:55:12.819+03:00 DEBUG [,,] 28528 --- [main] [                                                 ] o.s.b.f.s.DefaultListableBeanFactory     : Creating shared instance of singleton bean 'mvcResourceUrlProvider'
2024-10-18T18:55:12.821+03:00 DEBUG [,,] 28528 --- [main] [                                                 ] o.s.b.f.s.DefaultListableBeanFactory     : Autowiring by type from bean name 'welcomePageHandlerMapping' via factory method to bean named 'org.springframework.boot.web.servlet.context.AnnotationConfigServletWebServerApplicationContext@3a3e4aff'
2024-10-18T18:55:12.821+03:00 DEBUG [,,] 28528 --- [main] [                                                 ] o.s.b.f.s.DefaultListableBeanFactory     : Autowiring by type from bean name 'welcomePageHandlerMapping' via factory method to bean named 'mvcConversionService'
2024-10-18T18:55:12.821+03:00 DEBUG [,,] 28528 --- [main] [                                                 ] o.s.b.f.s.DefaultListableBeanFactory     : Autowiring by type from bean name 'welcomePageHandlerMapping' via factory method to bean named 'mvcResourceUrlProvider'
2024-10-18T18:55:12.829+03:00 DEBUG [,,] 28528 --- [main] [                                                 ] o.s.b.f.s.DefaultListableBeanFactory     : Creating shared instance of singleton bean 'welcomePageNotAcceptableHandlerMapping'
2024-10-18T18:55:12.830+03:00 DEBUG [,,] 28528 --- [main] [                                                 ] o.s.b.f.s.DefaultListableBeanFactory     : Autowiring by type from bean name 'welcomePageNotAcceptableHandlerMapping' via factory method to bean named 'org.springframework.boot.web.servlet.context.AnnotationConfigServletWebServerApplicationContext@3a3e4aff'
2024-10-18T18:55:12.830+03:00 DEBUG [,,] 28528 --- [main] [                                                 ] o.s.b.f.s.DefaultListableBeanFactory     : Autowiring by type from bean name 'welcomePageNotAcceptableHandlerMapping' via factory method to bean named 'mvcConversionService'
2024-10-18T18:55:12.830+03:00 DEBUG [,,] 28528 --- [main] [                                                 ] o.s.b.f.s.DefaultListableBeanFactory     : Autowiring by type from bean name 'welcomePageNotAcceptableHandlerMapping' via factory method to bean named 'mvcResourceUrlProvider'
2024-10-18T18:55:12.832+03:00 DEBUG [,,] 28528 --- [main] [                                                 ] o.s.b.f.s.DefaultListableBeanFactory     : Creating shared instance of singleton bean 'localeResolver'
2024-10-18T18:55:12.833+03:00 DEBUG [,,] 28528 --- [main] [                                                 ] o.s.b.f.s.DefaultListableBeanFactory     : Creating shared instance of singleton bean 'themeResolver'
2024-10-18T18:55:12.834+03:00 DEBUG [,,] 28528 --- [main] [                                                 ] o.s.b.f.s.DefaultListableBeanFactory     : Creating shared instance of singleton bean 'flashMapManager'
2024-10-18T18:55:12.837+03:00 DEBUG [,,] 28528 --- [main] [                                                 ] o.s.b.f.s.DefaultListableBeanFactory     : Creating shared instance of singleton bean 'mvcValidator'
2024-10-18T18:55:12.840+03:00 DEBUG [,,] 28528 --- [main] [                                                 ] o.s.v.b.OptionalValidatorFactoryBean     : Failed to set up a Bean Validation provider

jakarta.validation.NoProviderFoundException: Unable to create a Configuration, because no Jakarta Bean Validation provider could be found. Add a provider like Hibernate Validator (RI) to your classpath.
	at jakarta.validation.Validation$GenericBootstrapImpl.configure(Validation.java:291) ~[jakarta.validation-api-3.0.2.jar:na]
	at org.springframework.validation.beanvalidation.LocalValidatorFactoryBean.afterPropertiesSet(LocalValidatorFactoryBean.java:270) ~[spring-context-6.1.13.jar:6.1.13]
	at org.springframework.validation.beanvalidation.OptionalValidatorFactoryBean.afterPropertiesSet(OptionalValidatorFactoryBean.java:39) ~[spring-context-6.1.13.jar:6.1.13]
	at org.springframework.boot.autoconfigure.validation.ValidatorAdapter.afterPropertiesSet(ValidatorAdapter.java:85) ~[spring-boot-autoconfigure-3.3.4.jar:3.3.4]
	at org.springframework.beans.factory.support.AbstractAutowireCapableBeanFactory.invokeInitMethods(AbstractAutowireCapableBeanFactory.java:1853) ~[spring-beans-6.1.13.jar:6.1.13]
	at org.springframework.beans.factory.support.AbstractAutowireCapableBeanFactory.initializeBean(AbstractAutowireCapableBeanFactory.java:1802) ~[spring-beans-6.1.13.jar:6.1.13]
	at org.springframework.beans.factory.support.AbstractAutowireCapableBeanFactory.doCreateBean(AbstractAutowireCapableBeanFactory.java:600) ~[spring-beans-6.1.13.jar:6.1.13]
	at org.springframework.beans.factory.support.AbstractAutowireCapableBeanFactory.createBean(AbstractAutowireCapableBeanFactory.java:522) ~[spring-beans-6.1.13.jar:6.1.13]
	at org.springframework.beans.factory.support.AbstractBeanFactory.lambda$doGetBean$0(AbstractBeanFactory.java:337) ~[spring-beans-6.1.13.jar:6.1.13]
	at org.springframework.beans.factory.support.DefaultSingletonBeanRegistry.getSingleton(DefaultSingletonBeanRegistry.java:234) ~[spring-beans-6.1.13.jar:6.1.13]
	at org.springframework.beans.factory.support.AbstractBeanFactory.doGetBean(AbstractBeanFactory.java:335) ~[spring-beans-6.1.13.jar:6.1.13]
	at org.springframework.beans.factory.support.AbstractBeanFactory.getBean(AbstractBeanFactory.java:200) ~[spring-beans-6.1.13.jar:6.1.13]
	at org.springframework.beans.factory.support.DefaultListableBeanFactory.preInstantiateSingletons(DefaultListableBeanFactory.java:975) ~[spring-beans-6.1.13.jar:6.1.13]
	at org.springframework.context.support.AbstractApplicationContext.finishBeanFactoryInitialization(AbstractApplicationContext.java:971) ~[spring-context-6.1.13.jar:6.1.13]
	at org.springframework.context.support.AbstractApplicationContext.refresh(AbstractApplicationContext.java:625) ~[spring-context-6.1.13.jar:6.1.13]
	at org.springframework.boot.web.servlet.context.ServletWebServerApplicationContext.refresh(ServletWebServerApplicationContext.java:146) ~[spring-boot-3.3.4.jar:3.3.4]
	at org.springframework.boot.SpringApplication.refresh(SpringApplication.java:754) ~[spring-boot-3.3.4.jar:3.3.4]
	at org.springframework.boot.SpringApplication.refreshContext(SpringApplication.java:456) ~[spring-boot-3.3.4.jar:3.3.4]
	at org.springframework.boot.SpringApplication.run(SpringApplication.java:335) ~[spring-boot-3.3.4.jar:3.3.4]
	at org.springframework.boot.SpringApplication.run(SpringApplication.java:1363) ~[spring-boot-3.3.4.jar:3.3.4]
	at org.springframework.boot.SpringApplication.run(SpringApplication.java:1352) ~[spring-boot-3.3.4.jar:3.3.4]
	at com.example.kibana_deploy_template.KibanaDeployTemplateApplication.main(KibanaDeployTemplateApplication.java:10) ~[classes/:na]

2024-10-18T18:55:12.842+03:00 DEBUG [,,] 28528 --- [main] [                                                 ] o.s.b.f.s.DefaultListableBeanFactory     : Creating shared instance of singleton bean 'mvcContentNegotiationManager'
2024-10-18T18:55:12.845+03:00 DEBUG [,,] 28528 --- [main] [                                                 ] o.s.b.f.s.DefaultListableBeanFactory     : Creating shared instance of singleton bean 'requestMappingHandlerMapping'
2024-10-18T18:55:12.847+03:00 DEBUG [,,] 28528 --- [main] [                                                 ] o.s.b.f.s.DefaultListableBeanFactory     : Autowiring by type from bean name 'requestMappingHandlerMapping' via factory method to bean named 'mvcContentNegotiationManager'
2024-10-18T18:55:12.847+03:00 DEBUG [,,] 28528 --- [main] [                                                 ] o.s.b.f.s.DefaultListableBeanFactory     : Autowiring by type from bean name 'requestMappingHandlerMapping' via factory method to bean named 'mvcConversionService'
2024-10-18T18:55:12.847+03:00 DEBUG [,,] 28528 --- [main] [                                                 ] o.s.b.f.s.DefaultListableBeanFactory     : Autowiring by type from bean name 'requestMappingHandlerMapping' via factory method to bean named 'mvcResourceUrlProvider'
2024-10-18T18:55:12.870+03:00 DEBUG [,,] 28528 --- [main] [                                                 ] _.s.web.servlet.HandlerMapping.Mappings  : 
	c.e.k.u.w.UserControllerService:
	{POST [/api/v1/users]}: createUser(CreateUserRequest)
	{DELETE [/api/v1/users/{email}]}: deleteUser(String)
	{PUT [/api/v1/users/{email}]}: updateUser(String,CreateUserRequest)
	{GET [/api/v1/users/{email}]}: getUserByEmail(String)
	{GET [/api/v1/users/gender/{gender}]}: getUsersByGender(String)
2024-10-18T18:55:12.876+03:00 DEBUG [,,] 28528 --- [main] [                                                 ] _.s.web.servlet.HandlerMapping.Mappings  : 
	o.s.b.a.w.s.e.BasicErrorController:
	{ [/error]}: error(HttpServletRequest)
	{ [/error], produces [text/html]}: errorHtml(HttpServletRequest,HttpServletResponse)
2024-10-18T18:55:12.888+03:00 DEBUG [,,] 28528 --- [main] [                                                 ] _.s.web.servlet.HandlerMapping.Mappings  : 
	o.s.w.a.OpenApiWebMvcResource:
	{GET [/v3/api-docs], produces [application/json]}: openapiJson(HttpServletRequest,String,Locale)
	{GET [/v3/api-docs.yaml], produces [application/vnd.oai.openapi]}: openapiYaml(HttpServletRequest,String,Locale)
2024-10-18T18:55:12.890+03:00 DEBUG [,,] 28528 --- [main] [                                                 ] _.s.web.servlet.HandlerMapping.Mappings  : 
	o.s.w.u.SwaggerWelcomeWebMvc:
	{GET [/swagger-ui.html]}: redirectToUi(HttpServletRequest)
2024-10-18T18:55:12.890+03:00 DEBUG [,,] 28528 --- [main] [                                                 ] _.s.web.servlet.HandlerMapping.Mappings  : 
	o.s.w.u.SwaggerConfigResource:
	{GET [/v3/api-docs/swagger-config], produces [application/json]}: openapiJson(HttpServletRequest)
2024-10-18T18:55:12.893+03:00 DEBUG [,,] 28528 --- [main] [                                                 ] s.w.s.m.m.a.RequestMappingHandlerMapping : 11 mappings in 'requestMappingHandlerMapping'
2024-10-18T18:55:12.899+03:00 DEBUG [,,] 28528 --- [main] [                                                 ] o.s.b.f.s.DefaultListableBeanFactory     : Creating shared instance of singleton bean 'mvcPatternParser'
2024-10-18T18:55:12.900+03:00 DEBUG [,,] 28528 --- [main] [                                                 ] o.s.b.f.s.DefaultListableBeanFactory     : Creating shared instance of singleton bean 'mvcUrlPathHelper'
2024-10-18T18:55:12.901+03:00 DEBUG [,,] 28528 --- [main] [                                                 ] o.s.b.f.s.DefaultListableBeanFactory     : Creating shared instance of singleton bean 'mvcPathMatcher'
2024-10-18T18:55:12.902+03:00 DEBUG [,,] 28528 --- [main] [                                                 ] o.s.b.f.s.DefaultListableBeanFactory     : Creating shared instance of singleton bean 'viewControllerHandlerMapping'
2024-10-18T18:55:12.903+03:00 DEBUG [,,] 28528 --- [main] [                                                 ] o.s.b.f.s.DefaultListableBeanFactory     : Autowiring by type from bean name 'viewControllerHandlerMapping' via factory method to bean named 'mvcConversionService'
2024-10-18T18:55:12.903+03:00 DEBUG [,,] 28528 --- [main] [                                                 ] o.s.b.f.s.DefaultListableBeanFactory     : Autowiring by type from bean name 'viewControllerHandlerMapping' via factory method to bean named 'mvcResourceUrlProvider'
2024-10-18T18:55:12.904+03:00 DEBUG [,,] 28528 --- [main] [                                                 ] o.s.b.f.s.DefaultListableBeanFactory     : Creating shared instance of singleton bean 'beanNameHandlerMapping'
2024-10-18T18:55:12.904+03:00 DEBUG [,,] 28528 --- [main] [                                                 ] o.s.b.f.s.DefaultListableBeanFactory     : Autowiring by type from bean name 'beanNameHandlerMapping' via factory method to bean named 'mvcConversionService'
2024-10-18T18:55:12.904+03:00 DEBUG [,,] 28528 --- [main] [                                                 ] o.s.b.f.s.DefaultListableBeanFactory     : Autowiring by type from bean name 'beanNameHandlerMapping' via factory method to bean named 'mvcResourceUrlProvider'
2024-10-18T18:55:12.906+03:00 DEBUG [,,] 28528 --- [main] [                                                 ] _.s.web.servlet.HandlerMapping.Mappings  : 'beanNameHandlerMapping' {}
2024-10-18T18:55:12.908+03:00 DEBUG [,,] 28528 --- [main] [                                                 ] o.s.b.f.s.DefaultListableBeanFactory     : Creating shared instance of singleton bean 'routerFunctionMapping'
2024-10-18T18:55:12.908+03:00 DEBUG [,,] 28528 --- [main] [                                                 ] o.s.b.f.s.DefaultListableBeanFactory     : Autowiring by type from bean name 'routerFunctionMapping' via factory method to bean named 'mvcConversionService'
2024-10-18T18:55:12.908+03:00 DEBUG [,,] 28528 --- [main] [                                                 ] o.s.b.f.s.DefaultListableBeanFactory     : Autowiring by type from bean name 'routerFunctionMapping' via factory method to bean named 'mvcResourceUrlProvider'
2024-10-18T18:55:12.909+03:00 DEBUG [,,] 28528 --- [main] [                                                 ] o.s.b.f.s.DefaultListableBeanFactory     : Creating shared instance of singleton bean 'messageConverters'
2024-10-18T18:55:12.909+03:00 DEBUG [,,] 28528 --- [main] [                                                 ] o.s.b.f.s.DefaultListableBeanFactory     : Creating shared instance of singleton bean 'org.springframework.boot.autoconfigure.http.HttpMessageConvertersAutoConfiguration'
2024-10-18T18:55:12.912+03:00 DEBUG [,,] 28528 --- [main] [                                                 ] o.s.b.f.s.DefaultListableBeanFactory     : Creating shared instance of singleton bean 'stringHttpMessageConverter'
2024-10-18T18:55:12.912+03:00 DEBUG [,,] 28528 --- [main] [                                                 ] o.s.b.f.s.DefaultListableBeanFactory     : Creating shared instance of singleton bean 'org.springframework.boot.autoconfigure.http.HttpMessageConvertersAutoConfiguration$StringHttpMessageConverterConfiguration'
2024-10-18T18:55:12.913+03:00 DEBUG [,,] 28528 --- [main] [                                                 ] o.s.b.f.s.DefaultListableBeanFactory     : Autowiring by type from bean name 'stringHttpMessageConverter' via factory method to bean named 'environment'
2024-10-18T18:55:12.916+03:00 DEBUG [,,] 28528 --- [main] [                                                 ] o.s.b.f.s.DefaultListableBeanFactory     : Creating shared instance of singleton bean 'mappingJackson2HttpMessageConverter'
2024-10-18T18:55:12.916+03:00 DEBUG [,,] 28528 --- [main] [                                                 ] o.s.b.f.s.DefaultListableBeanFactory     : Creating shared instance of singleton bean 'org.springframework.boot.autoconfigure.http.JacksonHttpMessageConvertersConfiguration$MappingJackson2HttpMessageConverterConfiguration'
2024-10-18T18:55:12.917+03:00 DEBUG [,,] 28528 --- [main] [                                                 ] o.s.b.f.s.DefaultListableBeanFactory     : Creating shared instance of singleton bean 'jacksonObjectMapper'
2024-10-18T18:55:12.917+03:00 DEBUG [,,] 28528 --- [main] [                                                 ] o.s.b.f.s.DefaultListableBeanFactory     : Creating shared instance of singleton bean 'org.springframework.boot.autoconfigure.jackson.JacksonAutoConfiguration$JacksonObjectMapperConfiguration'
2024-10-18T18:55:12.918+03:00 DEBUG [,,] 28528 --- [main] [                                                 ] o.s.b.f.s.DefaultListableBeanFactory     : Creating shared instance of singleton bean 'org.springframework.boot.autoconfigure.jackson.JacksonAutoConfiguration$JacksonObjectMapperBuilderConfiguration'
2024-10-18T18:55:12.919+03:00 DEBUG [,,] 28528 --- [main] [                                                 ] o.s.b.f.s.DefaultListableBeanFactory     : Creating shared instance of singleton bean 'standardJacksonObjectMapperBuilderCustomizer'
2024-10-18T18:55:12.919+03:00 DEBUG [,,] 28528 --- [main] [                                                 ] o.s.b.f.s.DefaultListableBeanFactory     : Creating shared instance of singleton bean 'org.springframework.boot.autoconfigure.jackson.JacksonAutoConfiguration$Jackson2ObjectMapperBuilderCustomizerConfiguration'
2024-10-18T18:55:12.920+03:00 DEBUG [,,] 28528 --- [main] [                                                 ] o.s.b.f.s.DefaultListableBeanFactory     : Creating shared instance of singleton bean 'spring.jackson-org.springframework.boot.autoconfigure.jackson.JacksonProperties'
2024-10-18T18:55:12.923+03:00 DEBUG [,,] 28528 --- [main] [                                                 ] o.s.b.f.s.DefaultListableBeanFactory     : Autowiring by type from bean name 'standardJacksonObjectMapperBuilderCustomizer' via factory method to bean named 'spring.jackson-org.springframework.boot.autoconfigure.jackson.JacksonProperties'
2024-10-18T18:55:12.923+03:00 DEBUG [,,] 28528 --- [main] [                                                 ] o.s.b.f.s.DefaultListableBeanFactory     : Creating shared instance of singleton bean 'parameterNamesModule'
2024-10-18T18:55:12.923+03:00 DEBUG [,,] 28528 --- [main] [                                                 ] o.s.b.f.s.DefaultListableBeanFactory     : Creating shared instance of singleton bean 'org.springframework.boot.autoconfigure.jackson.JacksonAutoConfiguration$ParameterNamesModuleConfiguration'
2024-10-18T18:55:12.927+03:00 DEBUG [,,] 28528 --- [main] [                                                 ] o.s.b.f.s.DefaultListableBeanFactory     : Creating shared instance of singleton bean 'jsonMixinModule'
2024-10-18T18:55:12.928+03:00 DEBUG [,,] 28528 --- [main] [                                                 ] o.s.b.f.s.DefaultListableBeanFactory     : Creating shared instance of singleton bean 'org.springframework.boot.autoconfigure.jackson.JacksonAutoConfiguration$JacksonMixinConfiguration'
2024-10-18T18:55:12.929+03:00 DEBUG [,,] 28528 --- [main] [                                                 ] o.s.b.f.s.DefaultListableBeanFactory     : Creating shared instance of singleton bean 'jsonMixinModuleEntries'
2024-10-18T18:55:12.929+03:00 DEBUG [,,] 28528 --- [main] [                                                 ] o.s.b.f.s.DefaultListableBeanFactory     : Autowiring by type from bean name 'jsonMixinModuleEntries' via factory method to bean named 'org.springframework.boot.web.servlet.context.AnnotationConfigServletWebServerApplicationContext@3a3e4aff'
2024-10-18T18:55:12.932+03:00 DEBUG [,,] 28528 --- [main] [                                                 ] o.s.b.f.s.DefaultListableBeanFactory     : Autowiring by type from bean name 'jsonMixinModule' via factory method to bean named 'org.springframework.boot.web.servlet.context.AnnotationConfigServletWebServerApplicationContext@3a3e4aff'
2024-10-18T18:55:12.933+03:00 DEBUG [,,] 28528 --- [main] [                                                 ] o.s.b.f.s.DefaultListableBeanFactory     : Autowiring by type from bean name 'jsonMixinModule' via factory method to bean named 'jsonMixinModuleEntries'
2024-10-18T18:55:12.934+03:00 DEBUG [,,] 28528 --- [main] [                                                 ] o.s.b.f.s.DefaultListableBeanFactory     : Creating shared instance of singleton bean 'jsonComponentModule'
2024-10-18T18:55:12.934+03:00 DEBUG [,,] 28528 --- [main] [                                                 ] o.s.b.f.s.DefaultListableBeanFactory     : Creating shared instance of singleton bean 'org.springframework.boot.autoconfigure.jackson.JacksonAutoConfiguration'
2024-10-18T18:55:12.942+03:00 DEBUG [,,] 28528 --- [main] [                                                 ] o.s.b.f.s.DefaultListableBeanFactory     : Creating shared instance of singleton bean 'jacksonGeoModule'
2024-10-18T18:55:12.942+03:00 DEBUG [,,] 28528 --- [main] [                                                 ] o.s.b.f.s.DefaultListableBeanFactory     : Creating shared instance of singleton bean 'org.springframework.data.web.config.SpringDataJacksonConfiguration'
2024-10-18T18:55:12.945+03:00 DEBUG [,,] 28528 --- [main] [                                                 ] o.s.b.f.s.DefaultListableBeanFactory     : Creating shared instance of singleton bean 'pageModule'
2024-10-18T18:55:12.948+03:00 DEBUG [,,] 28528 --- [main] [                                                 ] o.s.b.f.s.DefaultListableBeanFactory     : Autowiring by type from bean name 'jacksonObjectMapperBuilder' via factory method to bean named 'org.springframework.boot.web.servlet.context.AnnotationConfigServletWebServerApplicationContext@3a3e4aff'
2024-10-18T18:55:12.948+03:00 DEBUG [,,] 28528 --- [main] [                                                 ] o.s.b.f.s.DefaultListableBeanFactory     : Autowiring by type from bean name 'jacksonObjectMapperBuilder' via factory method to bean named 'standardJacksonObjectMapperBuilderCustomizer'
2024-10-18T18:55:12.951+03:00 DEBUG [,,] 28528 --- [main] [                                                 ] o.s.b.f.s.DefaultListableBeanFactory     : Autowiring by type from bean name 'jacksonObjectMapper' via factory method to bean named 'jacksonObjectMapperBuilder'
2024-10-18T18:55:12.970+03:00 DEBUG [,,] 28528 --- [main] [                                                 ] o.s.b.f.s.DefaultListableBeanFactory     : Autowiring by type from bean name 'mappingJackson2HttpMessageConverter' via factory method to bean named 'jacksonObjectMapper'
2024-10-18T18:55:12.974+03:00 DEBUG [,,] 28528 --- [RMI TCP Connection(3)-192.168.0.104] [                                                 ] sun.rmi.transport.tcp                    : RMI TCP Connection(3)-192.168.0.104: (port 53105) op = 82
2024-10-18T18:55:12.974+03:00 DEBUG [,,] 28528 --- [RMI TCP Connection(3)-192.168.0.104] [                                                 ] sun.rmi.transport.tcp                    : RMI TCP Connection(3)-192.168.0.104: (port 53105) op = 80
2024-10-18T18:55:12.975+03:00 DEBUG [,,] 28528 --- [RMI TCP Connection(3)-192.168.0.104] [                                                 ] sun.rmi.transport.tcp                    : RMI TCP Connection(3)-192.168.0.104: (port 53105) op = 82
2024-10-18T18:55:12.975+03:00 DEBUG [,,] 28528 --- [RMI TCP Connection(3)-192.168.0.104] [                                                 ] sun.rmi.transport.tcp                    : RMI TCP Connection(3)-192.168.0.104: (port 53105) op = 80
2024-10-18T18:55:12.976+03:00 DEBUG [,,] 28528 --- [RMI TCP Connection(3)-192.168.0.104] [                                                 ] sun.rmi.loader                           : RMI TCP Connection(3)-192.168.0.104: name = "[Ljava.rmi.server.ObjID;", codebase = "", defaultLoader = jdk.internal.loader.ClassLoaders$PlatformClassLoader@61537909
2024-10-18T18:55:12.976+03:00 DEBUG [,,] 28528 --- [RMI TCP Connection(3)-192.168.0.104] [                                                 ] sun.rmi.loader                           : RMI TCP Connection(3)-192.168.0.104: name = "java.rmi.server.ObjID", codebase = "", defaultLoader = jdk.internal.loader.ClassLoaders$PlatformClassLoader@61537909
2024-10-18T18:55:12.976+03:00 DEBUG [,,] 28528 --- [RMI TCP Connection(3)-192.168.0.104] [                                                 ] sun.rmi.loader                           : RMI TCP Connection(3)-192.168.0.104: name = "java.rmi.server.UID", codebase = "", defaultLoader = jdk.internal.loader.ClassLoaders$PlatformClassLoader@61537909
2024-10-18T18:55:12.976+03:00 DEBUG [,,] 28528 --- [RMI TCP Connection(3)-192.168.0.104] [                                                 ] sun.rmi.loader                           : RMI TCP Connection(3)-192.168.0.104: name = "java.rmi.dgc.Lease", codebase = "", defaultLoader = jdk.internal.loader.ClassLoaders$PlatformClassLoader@61537909
2024-10-18T18:55:12.976+03:00 DEBUG [,,] 28528 --- [RMI TCP Connection(3)-192.168.0.104] [                                                 ] sun.rmi.loader                           : RMI TCP Connection(3)-192.168.0.104: name = "java.rmi.dgc.VMID", codebase = "", defaultLoader = jdk.internal.loader.ClassLoaders$PlatformClassLoader@61537909
2024-10-18T18:55:12.976+03:00 DEBUG [,,] 28528 --- [RMI TCP Connection(3)-192.168.0.104] [                                                 ] sun.rmi.loader                           : RMI TCP Connection(3)-192.168.0.104: name = "[B", codebase = "", defaultLoader = jdk.internal.loader.ClassLoaders$PlatformClassLoader@61537909
2024-10-18T18:55:12.976+03:00 DEBUG [,,] 28528 --- [RMI TCP Connection(3)-192.168.0.104] [                                                 ] sun.rmi.transport.tcp                    : RMI TCP Connection(3)-192.168.0.104: (port 53105) op = 82
2024-10-18T18:55:12.977+03:00 DEBUG [,,] 28528 --- [RMI TCP Connection(3)-192.168.0.104] [                                                 ] sun.rmi.transport.tcp                    : RMI TCP Connection(3)-192.168.0.104: (port 53105) op = 84
2024-10-18T18:55:12.977+03:00 DEBUG [,,] 28528 --- [RMI TCP Connection(3)-192.168.0.104] [                                                 ] sun.rmi.transport.tcp                    : RMI TCP Connection(3)-192.168.0.104: (port 53105) op = 82
2024-10-18T18:55:12.977+03:00 DEBUG [,,] 28528 --- [RMI TCP Connection(3)-192.168.0.104] [                                                 ] sun.rmi.transport.tcp                    : RMI TCP Connection(3)-192.168.0.104: (port 53105) op = 80
2024-10-18T18:55:12.977+03:00 DEBUG [,,] 28528 --- [RMI TCP Connection(3)-192.168.0.104] [                                                 ] sun.rmi.transport.tcp                    : RMI TCP Connection(3)-192.168.0.104: (port 53105) op = 82
2024-10-18T18:55:12.977+03:00 DEBUG [,,] 28528 --- [RMI TCP Connection(3)-192.168.0.104] [                                                 ] sun.rmi.transport.tcp                    : RMI TCP Connection(3)-192.168.0.104: (port 53105) op = 80
2024-10-18T18:55:12.977+03:00 DEBUG [,,] 28528 --- [RMI TCP Connection(3)-192.168.0.104] [                                                 ] sun.rmi.loader                           : RMI TCP Connection(3)-192.168.0.104: name = "javax.management.ObjectName", codebase = ""
2024-10-18T18:55:12.977+03:00 DEBUG [,,] 28528 --- [RMI TCP Connection(3)-192.168.0.104] [                                                 ] javax.management.remote.rmi              : connectionId=rmi://192.168.0.104  6, name=org.springframework.boot:type=Admin,name=SpringApplication, attribute=Ready
2024-10-18T18:55:12.978+03:00 DEBUG [,,] 28528 --- [RMI TCP Connection(3)-192.168.0.104] [                                                 ] sun.rmi.server.call                      : RMI TCP Connection(3)-192.168.0.104: [192.168.0.104] exception: 

javax.management.InstanceNotFoundException: org.springframework.boot:type=Admin,name=SpringApplication
	at java.management/com.sun.jmx.interceptor.DefaultMBeanServerInterceptor.getMBean(DefaultMBeanServerInterceptor.java:1088) ~[na:na]
	at java.management/com.sun.jmx.interceptor.DefaultMBeanServerInterceptor.getAttribute(DefaultMBeanServerInterceptor.java:640) ~[na:na]
	at java.management/com.sun.jmx.mbeanserver.JmxMBeanServer.getAttribute(JmxMBeanServer.java:679) ~[na:na]
	at java.management.rmi/javax.management.remote.rmi.RMIConnectionImpl.doOperation(RMIConnectionImpl.java:1449) ~[na:na]
	at java.management.rmi/javax.management.remote.rmi.RMIConnectionImpl$PrivilegedOperation.run(RMIConnectionImpl.java:1310) ~[na:na]
	at java.management.rmi/javax.management.remote.rmi.RMIConnectionImpl.doPrivilegedOperation(RMIConnectionImpl.java:1405) ~[na:na]
	at java.management.rmi/javax.management.remote.rmi.RMIConnectionImpl.getAttribute(RMIConnectionImpl.java:639) ~[na:na]
	at java.base/jdk.internal.reflect.NativeMethodAccessorImpl.invoke0(Native Method) ~[na:na]
	at java.base/jdk.internal.reflect.NativeMethodAccessorImpl.invoke(NativeMethodAccessorImpl.java:77) ~[na:na]
	at java.base/jdk.internal.reflect.DelegatingMethodAccessorImpl.invoke(DelegatingMethodAccessorImpl.java:43) ~[na:na]
	at java.base/java.lang.reflect.Method.invoke(Method.java:568) ~[na:na]
	at java.rmi/sun.rmi.server.UnicastServerRef.dispatch(UnicastServerRef.java:360) ~[na:na]
	at java.rmi/sun.rmi.transport.Transport$1.run(Transport.java:200) ~[na:na]
	at java.rmi/sun.rmi.transport.Transport$1.run(Transport.java:197) ~[na:na]
	at java.base/java.security.AccessController.doPrivileged(AccessController.java:712) ~[na:na]
	at java.rmi/sun.rmi.transport.Transport.serviceCall(Transport.java:196) ~[na:na]
	at java.rmi/sun.rmi.transport.tcp.TCPTransport.handleMessages(TCPTransport.java:587) ~[na:na]
	at java.rmi/sun.rmi.transport.tcp.TCPTransport$ConnectionHandler.run0(TCPTransport.java:828) ~[na:na]
	at java.rmi/sun.rmi.transport.tcp.TCPTransport$ConnectionHandler.lambda$run$0(TCPTransport.java:705) ~[na:na]
	at java.base/java.security.AccessController.doPrivileged(AccessController.java:399) ~[na:na]
	at java.rmi/sun.rmi.transport.tcp.TCPTransport$ConnectionHandler.run(TCPTransport.java:704) ~[na:na]
	at java.base/java.util.concurrent.ThreadPoolExecutor.runWorker(ThreadPoolExecutor.java:1136) ~[na:na]
	at java.base/java.util.concurrent.ThreadPoolExecutor$Worker.run(ThreadPoolExecutor.java:635) ~[na:na]
	at java.base/java.lang.Thread.run(Thread.java:833) ~[na:na]

2024-10-18T18:55:12.979+03:00 DEBUG [,,] 28528 --- [RMI TCP Connection(3)-192.168.0.104] [                                                 ] sun.rmi.transport.tcp                    : RMI TCP Connection(3)-192.168.0.104: (port 53105) op = 82
2024-10-18T18:55:12.979+03:00 DEBUG [,,] 28528 --- [RMI TCP Connection(3)-192.168.0.104] [                                                 ] sun.rmi.transport.tcp                    : RMI TCP Connection(3)-192.168.0.104: (port 53105) op = 80
2024-10-18T18:55:12.979+03:00 DEBUG [,,] 28528 --- [RMI TCP Connection(3)-192.168.0.104] [                                                 ] javax.management.remote.rmi              : [javax.management.remote.rmi.RMIConnectionImpl@529eda20: connectionId=rmi://192.168.0.104  6] closing.
2024-10-18T18:55:12.979+03:00 DEBUG [,,] 28528 --- [RMI TCP Connection(3)-192.168.0.104] [                                                 ] javax.management.remote.rmi              : [javax.management.remote.rmi.RMIConnectionImpl@529eda20: connectionId=rmi://192.168.0.104  6] closed.
2024-10-18T18:55:12.983+03:00 DEBUG [,,] 28528 --- [main] [                                                 ] o.s.b.f.s.DefaultListableBeanFactory     : Creating shared instance of singleton bean 'resourceHandlerMapping'
2024-10-18T18:55:12.983+03:00 DEBUG [,,] 28528 --- [main] [                                                 ] o.s.b.f.s.DefaultListableBeanFactory     : Autowiring by type from bean name 'resourceHandlerMapping' via factory method to bean named 'mvcContentNegotiationManager'
2024-10-18T18:55:12.984+03:00 DEBUG [,,] 28528 --- [main] [                                                 ] o.s.b.f.s.DefaultListableBeanFactory     : Autowiring by type from bean name 'resourceHandlerMapping' via factory method to bean named 'mvcConversionService'
2024-10-18T18:55:12.984+03:00 DEBUG [,,] 28528 --- [main] [                                                 ] o.s.b.f.s.DefaultListableBeanFactory     : Autowiring by type from bean name 'resourceHandlerMapping' via factory method to bean named 'mvcResourceUrlProvider'
2024-10-18T18:55:12.993+03:00 DEBUG [,,] 28528 --- [main] [                                                 ] _.s.web.servlet.HandlerMapping.Mappings  : 'resourceHandlerMapping' {/webjars/**=ResourceHttpRequestHandler [classpath [META-INF/resources/webjars/]], /**=ResourceHttpRequestHandler [classpath [META-INF/resources/], classpath [resources/], classpath [static/], classpath [public/], ServletContext [/]], /swagger-ui*/*swagger-initializer.js=ResourceHttpRequestHandler [classpath [META-INF/resources/webjars/]], /swagger-ui*/**=ResourceHttpRequestHandler [classpath [META-INF/resources/webjars/]]}
2024-10-18T18:55:12.995+03:00 DEBUG [,,] 28528 --- [main] [                                                 ] o.s.b.f.s.DefaultListableBeanFactory     : Creating shared instance of singleton bean 'defaultServletHandlerMapping'
2024-10-18T18:55:12.996+03:00 DEBUG [,,] 28528 --- [main] [                                                 ] o.s.b.f.s.DefaultListableBeanFactory     : Creating shared instance of singleton bean 'requestMappingHandlerAdapter'
2024-10-18T18:55:12.997+03:00 DEBUG [,,] 28528 --- [main] [                                                 ] o.s.b.f.s.DefaultListableBeanFactory     : Autowiring by type from bean name 'requestMappingHandlerAdapter' via factory method to bean named 'mvcContentNegotiationManager'
2024-10-18T18:55:12.997+03:00 DEBUG [,,] 28528 --- [main] [                                                 ] o.s.b.f.s.DefaultListableBeanFactory     : Autowiring by type from bean name 'requestMappingHandlerAdapter' via factory method to bean named 'mvcConversionService'
2024-10-18T18:55:12.997+03:00 DEBUG [,,] 28528 --- [main] [                                                 ] o.s.b.f.s.DefaultListableBeanFactory     : Autowiring by type from bean name 'requestMappingHandlerAdapter' via factory method to bean named 'mvcValidator'
2024-10-18T18:55:13.001+03:00 DEBUG [,,] 28528 --- [main] [                                                 ] o.s.b.f.s.DefaultListableBeanFactory     : Creating shared instance of singleton bean 'sortResolver'
2024-10-18T18:55:13.002+03:00 DEBUG [,,] 28528 --- [main] [                                                 ] o.s.b.f.s.DefaultListableBeanFactory     : Creating shared instance of singleton bean 'sortCustomizer'
2024-10-18T18:55:13.002+03:00 DEBUG [,,] 28528 --- [main] [                                                 ] o.s.b.f.s.DefaultListableBeanFactory     : Creating shared instance of singleton bean 'org.springframework.boot.autoconfigure.data.web.SpringDataWebAutoConfiguration'
2024-10-18T18:55:13.003+03:00 DEBUG [,,] 28528 --- [main] [                                                 ] o.s.b.f.s.DefaultListableBeanFactory     : Creating shared instance of singleton bean 'spring.data.web-org.springframework.boot.autoconfigure.data.web.SpringDataWebProperties'
2024-10-18T18:55:13.004+03:00 DEBUG [,,] 28528 --- [main] [                                                 ] o.s.b.f.s.DefaultListableBeanFactory     : Autowiring by type from bean name 'org.springframework.boot.autoconfigure.data.web.SpringDataWebAutoConfiguration' via constructor to bean named 'spring.data.web-org.springframework.boot.autoconfigure.data.web.SpringDataWebProperties'
2024-10-18T18:55:13.006+03:00 DEBUG [,,] 28528 --- [main] [                                                 ] o.s.b.f.s.DefaultListableBeanFactory     : Creating shared instance of singleton bean 'pageableResolver'
2024-10-18T18:55:13.008+03:00 DEBUG [,,] 28528 --- [main] [                                                 ] o.s.b.f.s.DefaultListableBeanFactory     : Creating shared instance of singleton bean 'pageableCustomizer'
2024-10-18T18:55:13.011+03:00 DEBUG [,,] 28528 --- [main] [                                                 ] o.s.b.f.s.DefaultListableBeanFactory     : Creating shared instance of singleton bean 'applicationTaskExecutor'
2024-10-18T18:55:13.011+03:00 DEBUG [,,] 28528 --- [main] [                                                 ] o.s.b.f.s.DefaultListableBeanFactory     : Autowiring by type from bean name 'applicationTaskExecutor' via factory method to bean named 'taskExecutorBuilder'
2024-10-18T18:55:13.013+03:00 DEBUG [,,] 28528 --- [main] [                                                 ] o.s.s.concurrent.ThreadPoolTaskExecutor  : Initializing ExecutorService 'applicationTaskExecutor'
2024-10-18T18:55:13.023+03:00 DEBUG [,,] 28528 --- [main] [                                                 ] s.w.s.m.m.a.RequestMappingHandlerAdapter : ControllerAdvice beans: 0 @ModelAttribute, 0 @InitBinder, 1 RequestBodyAdvice, 1 ResponseBodyAdvice
2024-10-18T18:55:13.044+03:00 DEBUG [,,] 28528 --- [main] [                                                 ] o.s.b.f.s.DefaultListableBeanFactory     : Creating shared instance of singleton bean 'handlerFunctionAdapter'
2024-10-18T18:55:13.046+03:00 DEBUG [,,] 28528 --- [main] [                                                 ] o.s.b.f.s.DefaultListableBeanFactory     : Creating shared instance of singleton bean 'mvcUriComponentsContributor'
2024-10-18T18:55:13.046+03:00 DEBUG [,,] 28528 --- [main] [                                                 ] o.s.b.f.s.DefaultListableBeanFactory     : Autowiring by type from bean name 'mvcUriComponentsContributor' via factory method to bean named 'mvcConversionService'
2024-10-18T18:55:13.046+03:00 DEBUG [,,] 28528 --- [main] [                                                 ] o.s.b.f.s.DefaultListableBeanFactory     : Autowiring by type from bean name 'mvcUriComponentsContributor' via factory method to bean named 'requestMappingHandlerAdapter'
2024-10-18T18:55:13.047+03:00 DEBUG [,,] 28528 --- [main] [                                                 ] o.s.b.f.s.DefaultListableBeanFactory     : Creating shared instance of singleton bean 'httpRequestHandlerAdapter'
2024-10-18T18:55:13.048+03:00 DEBUG [,,] 28528 --- [main] [                                                 ] o.s.b.f.s.DefaultListableBeanFactory     : Creating shared instance of singleton bean 'simpleControllerHandlerAdapter'
2024-10-18T18:55:13.048+03:00 DEBUG [,,] 28528 --- [main] [                                                 ] o.s.b.f.s.DefaultListableBeanFactory     : Creating shared instance of singleton bean 'handlerExceptionResolver'
2024-10-18T18:55:13.048+03:00 DEBUG [,,] 28528 --- [main] [                                                 ] o.s.b.f.s.DefaultListableBeanFactory     : Autowiring by type from bean name 'handlerExceptionResolver' via factory method to bean named 'mvcContentNegotiationManager'
2024-10-18T18:55:13.051+03:00 DEBUG [,,] 28528 --- [main] [                                                 ] .m.m.a.ExceptionHandlerExceptionResolver : ControllerAdvice beans: 1 @ExceptionHandler, 1 ResponseBodyAdvice
2024-10-18T18:55:13.053+03:00 DEBUG [,,] 28528 --- [main] [                                                 ] o.s.b.f.s.DefaultListableBeanFactory     : Creating shared instance of singleton bean 'mvcViewResolver'
2024-10-18T18:55:13.053+03:00 DEBUG [,,] 28528 --- [main] [                                                 ] o.s.b.f.s.DefaultListableBeanFactory     : Autowiring by type from bean name 'mvcViewResolver' via factory method to bean named 'mvcContentNegotiationManager'
2024-10-18T18:55:13.055+03:00 DEBUG [,,] 28528 --- [main] [                                                 ] o.s.b.f.s.DefaultListableBeanFactory     : Creating shared instance of singleton bean 'viewNameTranslator'
2024-10-18T18:55:13.056+03:00 DEBUG [,,] 28528 --- [main] [                                                 ] o.s.b.f.s.DefaultListableBeanFactory     : Creating shared instance of singleton bean 'defaultViewResolver'
2024-10-18T18:55:13.060+03:00 DEBUG [,,] 28528 --- [main] [                                                 ] o.s.b.f.s.DefaultListableBeanFactory     : Creating shared instance of singleton bean 'viewResolver'
2024-10-18T18:55:13.061+03:00 DEBUG [,,] 28528 --- [main] [                                                 ] o.s.b.f.s.DefaultListableBeanFactory     : Autowiring by type from bean name 'viewResolver' via factory method to bean named 'org.springframework.beans.factory.support.DefaultListableBeanFactory@49f5c307'
2024-10-18T18:55:13.062+03:00 DEBUG [,,] 28528 --- [main] [                                                 ] o.s.b.f.s.DefaultListableBeanFactory     : Creating shared instance of singleton bean 'viewResolver'
2024-10-18T18:55:13.063+03:00 DEBUG [,,] 28528 --- [main] [                                                 ] o.s.b.f.s.DefaultListableBeanFactory     : Creating shared instance of singleton bean 'org.springdoc.core.configuration.SpringDocConfiguration$QuerydslProvider'
2024-10-18T18:55:13.063+03:00 DEBUG [,,] 28528 --- [main] [                                                 ] o.s.b.f.s.DefaultListableBeanFactory     : Creating shared instance of singleton bean 'queryDslQuerydslPredicateOperationCustomizer'
2024-10-18T18:55:13.064+03:00 DEBUG [,,] 28528 --- [main] [                                                 ] o.s.b.f.s.DefaultListableBeanFactory     : Creating shared instance of singleton bean 'org.springdoc.core.configuration.SpringDocConfiguration$OpenApiResourceAdvice'
2024-10-18T18:55:13.065+03:00 DEBUG [,,] 28528 --- [main] [                                                 ] o.s.b.f.s.DefaultListableBeanFactory     : Autowiring by type from bean name 'org.springdoc.core.configuration.SpringDocConfiguration$OpenApiResourceAdvice' via constructor to bean named 'org.springdoc.core.configuration.SpringDocConfiguration'
2024-10-18T18:55:13.065+03:00 DEBUG [,,] 28528 --- [main] [                                                 ] o.s.b.f.s.DefaultListableBeanFactory     : Creating shared instance of singleton bean 'org.springdoc.core.configuration.SpringDocConfiguration$SpringDocSpringDataWebPropertiesProvider'
2024-10-18T18:55:13.066+03:00 DEBUG [,,] 28528 --- [main] [                                                 ] o.s.b.f.s.DefaultListableBeanFactory     : Creating shared instance of singleton bean 'springDataWebPropertiesProvider'
2024-10-18T18:55:13.067+03:00 DEBUG [,,] 28528 --- [main] [                                                 ] o.s.b.f.s.DefaultListableBeanFactory     : Creating shared instance of singleton bean 'org.springdoc.core.configuration.SpringDocConfiguration$WebConversionServiceConfiguration'
2024-10-18T18:55:13.067+03:00 DEBUG [,,] 28528 --- [main] [                                                 ] o.s.b.f.s.DefaultListableBeanFactory     : Creating shared instance of singleton bean 'webConversionServiceProvider'
2024-10-18T18:55:13.068+03:00 DEBUG [,,] 28528 --- [main] [                                                 ] o.s.b.f.s.DefaultListableBeanFactory     : Creating shared instance of singleton bean 'localSpringDocParameterNameDiscoverer'
2024-10-18T18:55:13.070+03:00 DEBUG [,,] 28528 --- [main] [                                                 ] o.s.b.f.s.DefaultListableBeanFactory     : Creating shared instance of singleton bean 'additionalModelsConverter'
2024-10-18T18:55:13.070+03:00 DEBUG [,,] 28528 --- [main] [                                                 ] o.s.b.f.s.DefaultListableBeanFactory     : Autowiring by type from bean name 'additionalModelsConverter' via factory method to bean named 'springdocObjectMapperProvider'
2024-10-18T18:55:13.071+03:00 DEBUG [,,] 28528 --- [main] [                                                 ] o.s.b.f.s.DefaultListableBeanFactory     : Creating shared instance of singleton bean 'fileSupportConverter'
2024-10-18T18:55:13.071+03:00 DEBUG [,,] 28528 --- [main] [                                                 ] o.s.b.f.s.DefaultListableBeanFactory     : Autowiring by type from bean name 'fileSupportConverter' via factory method to bean named 'springdocObjectMapperProvider'
2024-10-18T18:55:13.072+03:00 DEBUG [,,] 28528 --- [main] [                                                 ] o.s.b.f.s.DefaultListableBeanFactory     : Creating shared instance of singleton bean 'responseSupportConverter'
2024-10-18T18:55:13.072+03:00 DEBUG [,,] 28528 --- [main] [                                                 ] o.s.b.f.s.DefaultListableBeanFactory     : Autowiring by type from bean name 'responseSupportConverter' via factory method to bean named 'springdocObjectMapperProvider'
2024-10-18T18:55:13.072+03:00 DEBUG [,,] 28528 --- [main] [                                                 ] o.s.b.f.s.DefaultListableBeanFactory     : Creating shared instance of singleton bean 'schemaPropertyDeprecatingConverter'
2024-10-18T18:55:13.073+03:00 DEBUG [,,] 28528 --- [main] [                                                 ] o.s.b.f.s.DefaultListableBeanFactory     : Creating shared instance of singleton bean 'polymorphicModelConverter'
2024-10-18T18:55:13.073+03:00 DEBUG [,,] 28528 --- [main] [                                                 ] o.s.b.f.s.DefaultListableBeanFactory     : Autowiring by type from bean name 'polymorphicModelConverter' via factory method to bean named 'springdocObjectMapperProvider'
2024-10-18T18:55:13.074+03:00 DEBUG [,,] 28528 --- [main] [                                                 ] o.s.b.f.s.DefaultListableBeanFactory     : Creating shared instance of singleton bean 'openAPIBuilder'
2024-10-18T18:55:13.075+03:00 DEBUG [,,] 28528 --- [main] [                                                 ] o.s.b.f.s.DefaultListableBeanFactory     : Creating shared instance of singleton bean 'securityParser'
2024-10-18T18:55:13.076+03:00 DEBUG [,,] 28528 --- [main] [                                                 ] o.s.b.f.s.DefaultListableBeanFactory     : Creating shared instance of singleton bean 'propertyResolverUtils'
2024-10-18T18:55:13.076+03:00 DEBUG [,,] 28528 --- [main] [                                                 ] o.s.b.f.s.DefaultListableBeanFactory     : Autowiring by type from bean name 'propertyResolverUtils' via factory method to bean named 'org.springframework.beans.factory.support.DefaultListableBeanFactory@49f5c307'
2024-10-18T18:55:13.076+03:00 DEBUG [,,] 28528 --- [main] [                                                 ] o.s.b.f.s.DefaultListableBeanFactory     : Autowiring by type from bean name 'propertyResolverUtils' via factory method to bean named 'messageSource'
2024-10-18T18:55:13.076+03:00 DEBUG [,,] 28528 --- [main] [                                                 ] o.s.b.f.s.DefaultListableBeanFactory     : Autowiring by type from bean name 'propertyResolverUtils' via factory method to bean named 'org.springdoc.core.properties.SpringDocConfigProperties'
2024-10-18T18:55:13.077+03:00 DEBUG [,,] 28528 --- [main] [                                                 ] o.s.b.f.s.DefaultListableBeanFactory     : Autowiring by type from bean name 'securityParser' via factory method to bean named 'propertyResolverUtils'
2024-10-18T18:55:13.079+03:00 DEBUG [,,] 28528 --- [main] [                                                 ] o.s.b.f.s.DefaultListableBeanFactory     : Autowiring by type from bean name 'openAPIBuilder' via factory method to bean named 'securityParser'
2024-10-18T18:55:13.079+03:00 DEBUG [,,] 28528 --- [main] [                                                 ] o.s.b.f.s.DefaultListableBeanFactory     : Autowiring by type from bean name 'openAPIBuilder' via factory method to bean named 'org.springdoc.core.properties.SpringDocConfigProperties'
2024-10-18T18:55:13.079+03:00 DEBUG [,,] 28528 --- [main] [                                                 ] o.s.b.f.s.DefaultListableBeanFactory     : Autowiring by type from bean name 'openAPIBuilder' via factory method to bean named 'propertyResolverUtils'
2024-10-18T18:55:13.081+03:00 DEBUG [,,] 28528 --- [main] [                                                 ] o.s.b.f.s.DefaultListableBeanFactory     : Creating shared instance of singleton bean 'modelConverterRegistrar'
2024-10-18T18:55:13.082+03:00 DEBUG [,,] 28528 --- [main] [                                                 ] o.s.b.f.s.DefaultListableBeanFactory     : Creating shared instance of singleton bean 'pageableOpenAPIConverter'
2024-10-18T18:55:13.082+03:00 DEBUG [,,] 28528 --- [main] [                                                 ] o.s.b.f.s.DefaultListableBeanFactory     : Creating shared instance of singleton bean 'org.springdoc.core.configuration.SpringDocPageableConfiguration'
2024-10-18T18:55:13.082+03:00 DEBUG [,,] 28528 --- [main] [                                                 ] o.s.b.f.s.DefaultListableBeanFactory     : Autowiring by type from bean name 'pageableOpenAPIConverter' via factory method to bean named 'springdocObjectMapperProvider'
2024-10-18T18:55:13.084+03:00 DEBUG [,,] 28528 --- [main] [                                                 ] o.s.b.f.s.DefaultListableBeanFactory     : Creating shared instance of singleton bean 'sortOpenAPIConverter'
2024-10-18T18:55:13.084+03:00 DEBUG [,,] 28528 --- [main] [                                                 ] o.s.b.f.s.DefaultListableBeanFactory     : Creating shared instance of singleton bean 'org.springdoc.core.configuration.SpringDocSortConfiguration'
2024-10-18T18:55:13.085+03:00 DEBUG [,,] 28528 --- [main] [                                                 ] o.s.b.f.s.DefaultListableBeanFactory     : Autowiring by type from bean name 'sortOpenAPIConverter' via factory method to bean named 'springdocObjectMapperProvider'
2024-10-18T18:55:13.094+03:00 DEBUG [,,] 28528 --- [main] [                                                 ] o.s.b.f.s.DefaultListableBeanFactory     : Creating shared instance of singleton bean 'operationBuilder'
2024-10-18T18:55:13.095+03:00 DEBUG [,,] 28528 --- [main] [                                                 ] o.s.b.f.s.DefaultListableBeanFactory     : Creating shared instance of singleton bean 'parameterBuilder'
2024-10-18T18:55:13.095+03:00 DEBUG [,,] 28528 --- [main] [                                                 ] o.s.b.f.s.DefaultListableBeanFactory     : Creating shared instance of singleton bean 'delegatingMethodParameterCustomizer'
2024-10-18T18:55:13.098+03:00 DEBUG [,,] 28528 --- [main] [                                                 ] o.s.b.f.s.DefaultListableBeanFactory     : Autowiring by type from bean name 'parameterBuilder' via factory method to bean named 'propertyResolverUtils'
2024-10-18T18:55:13.098+03:00 DEBUG [,,] 28528 --- [main] [                                                 ] o.s.b.f.s.DefaultListableBeanFactory     : Autowiring by type from bean name 'parameterBuilder' via factory method to bean named 'springdocObjectMapperProvider'
2024-10-18T18:55:13.101+03:00 DEBUG [,,] 28528 --- [main] [                                                 ] o.s.b.f.s.DefaultListableBeanFactory     : Creating shared instance of singleton bean 'requestBodyBuilder'
2024-10-18T18:55:13.101+03:00 DEBUG [,,] 28528 --- [main] [                                                 ] o.s.b.f.s.DefaultListableBeanFactory     : Autowiring by type from bean name 'requestBodyBuilder' via factory method to bean named 'parameterBuilder'
2024-10-18T18:55:13.103+03:00 DEBUG [,,] 28528 --- [main] [                                                 ] o.s.b.f.s.DefaultListableBeanFactory     : Autowiring by type from bean name 'operationBuilder' via factory method to bean named 'parameterBuilder'
2024-10-18T18:55:13.103+03:00 DEBUG [,,] 28528 --- [main] [                                                 ] o.s.b.f.s.DefaultListableBeanFactory     : Autowiring by type from bean name 'operationBuilder' via factory method to bean named 'requestBodyBuilder'
2024-10-18T18:55:13.103+03:00 DEBUG [,,] 28528 --- [main] [                                                 ] o.s.b.f.s.DefaultListableBeanFactory     : Autowiring by type from bean name 'operationBuilder' via factory method to bean named 'securityParser'
2024-10-18T18:55:13.103+03:00 DEBUG [,,] 28528 --- [main] [                                                 ] o.s.b.f.s.DefaultListableBeanFactory     : Autowiring by type from bean name 'operationBuilder' via factory method to bean named 'propertyResolverUtils'
2024-10-18T18:55:13.104+03:00 DEBUG [,,] 28528 --- [main] [                                                 ] o.s.b.f.s.DefaultListableBeanFactory     : Creating shared instance of singleton bean 'genericReturnTypeParser'
2024-10-18T18:55:13.105+03:00 DEBUG [,,] 28528 --- [main] [                                                 ] o.s.b.f.s.DefaultListableBeanFactory     : Creating shared instance of singleton bean 'springDocProviders'
2024-10-18T18:55:13.107+03:00 DEBUG [,,] 28528 --- [main] [                                                 ] o.s.b.f.s.DefaultListableBeanFactory     : Creating shared instance of singleton bean 'routerFunctionProvider'
2024-10-18T18:55:13.107+03:00 DEBUG [,,] 28528 --- [main] [                                                 ] o.s.b.f.s.DefaultListableBeanFactory     : Creating shared instance of singleton bean 'org.springdoc.webmvc.core.configuration.SpringDocWebMvcConfiguration$SpringDocWebMvcRouterConfiguration'
2024-10-18T18:55:13.108+03:00 DEBUG [,,] 28528 --- [main] [                                                 ] o.s.b.f.s.DefaultListableBeanFactory     : Autowiring by type from bean name 'springDocProviders' via factory method to bean named 'springdocObjectMapperProvider'
2024-10-18T18:55:13.109+03:00 DEBUG [,,] 28528 --- [main] [                                                 ] o.s.b.f.s.DefaultListableBeanFactory     : Creating shared instance of singleton bean 'springDocCustomizers'
2024-10-18T18:55:13.113+03:00 DEBUG [,,] 28528 --- [main] [                                                 ] o.s.b.f.s.DefaultListableBeanFactory     : Creating shared instance of singleton bean 'org.springdoc.core.configuration.SpringDocUIConfiguration'
2024-10-18T18:55:13.114+03:00 DEBUG [,,] 28528 --- [main] [                                                 ] o.s.b.f.s.DefaultListableBeanFactory     : Creating shared instance of singleton bean 'org.springdoc.webmvc.core.configuration.SpringDocWebMvcConfiguration$SpringDocWebMvcActuatorConfiguration'
2024-10-18T18:55:13.115+03:00 DEBUG [,,] 28528 --- [main] [                                                 ] o.s.b.f.s.DefaultListableBeanFactory     : Creating shared instance of singleton bean 'openApiResource'
2024-10-18T18:55:13.116+03:00 DEBUG [,,] 28528 --- [main] [                                                 ] o.s.b.f.s.DefaultListableBeanFactory     : Creating shared instance of singleton bean 'requestBuilder'
2024-10-18T18:55:13.117+03:00 DEBUG [,,] 28528 --- [main] [                                                 ] o.s.b.f.s.DefaultListableBeanFactory     : Autowiring by type from bean name 'requestBuilder' via factory method to bean named 'parameterBuilder'
2024-10-18T18:55:13.117+03:00 DEBUG [,,] 28528 --- [main] [                                                 ] o.s.b.f.s.DefaultListableBeanFactory     : Autowiring by type from bean name 'requestBuilder' via factory method to bean named 'requestBodyBuilder'
2024-10-18T18:55:13.117+03:00 DEBUG [,,] 28528 --- [main] [                                                 ] o.s.b.f.s.DefaultListableBeanFactory     : Autowiring by type from bean name 'requestBuilder' via factory method to bean named 'operationBuilder'
2024-10-18T18:55:13.117+03:00 DEBUG [,,] 28528 --- [main] [                                                 ] o.s.b.f.s.DefaultListableBeanFactory     : Autowiring by type from bean name 'requestBuilder' via factory method to bean named 'localSpringDocParameterNameDiscoverer'
2024-10-18T18:55:13.120+03:00 DEBUG [,,] 28528 --- [main] [                                                 ] o.s.b.f.s.DefaultListableBeanFactory     : Creating shared instance of singleton bean 'responseBuilder'
2024-10-18T18:55:13.120+03:00 DEBUG [,,] 28528 --- [main] [                                                 ] o.s.b.f.s.DefaultListableBeanFactory     : Autowiring by type from bean name 'responseBuilder' via factory method to bean named 'operationBuilder'
2024-10-18T18:55:13.121+03:00 DEBUG [,,] 28528 --- [main] [                                                 ] o.s.b.f.s.DefaultListableBeanFactory     : Autowiring by type from bean name 'responseBuilder' via factory method to bean named 'genericReturnTypeParser'
2024-10-18T18:55:13.121+03:00 DEBUG [,,] 28528 --- [main] [                                                 ] o.s.b.f.s.DefaultListableBeanFactory     : Autowiring by type from bean name 'responseBuilder' via factory method to bean named 'org.springdoc.core.properties.SpringDocConfigProperties'
2024-10-18T18:55:13.121+03:00 DEBUG [,,] 28528 --- [main] [                                                 ] o.s.b.f.s.DefaultListableBeanFactory     : Autowiring by type from bean name 'responseBuilder' via factory method to bean named 'propertyResolverUtils'
2024-10-18T18:55:13.122+03:00 DEBUG [,,] 28528 --- [main] [                                                 ] o.s.b.f.s.DefaultListableBeanFactory     : Autowiring by type from bean name 'openApiResource' via factory method to bean named 'requestBuilder'
2024-10-18T18:55:13.122+03:00 DEBUG [,,] 28528 --- [main] [                                                 ] o.s.b.f.s.DefaultListableBeanFactory     : Autowiring by type from bean name 'openApiResource' via factory method to bean named 'responseBuilder'
2024-10-18T18:55:13.122+03:00 DEBUG [,,] 28528 --- [main] [                                                 ] o.s.b.f.s.DefaultListableBeanFactory     : Autowiring by type from bean name 'openApiResource' via factory method to bean named 'operationBuilder'
2024-10-18T18:55:13.122+03:00 DEBUG [,,] 28528 --- [main] [                                                 ] o.s.b.f.s.DefaultListableBeanFactory     : Autowiring by type from bean name 'openApiResource' via factory method to bean named 'org.springdoc.core.properties.SpringDocConfigProperties'
2024-10-18T18:55:13.122+03:00 DEBUG [,,] 28528 --- [main] [                                                 ] o.s.b.f.s.DefaultListableBeanFactory     : Autowiring by type from bean name 'openApiResource' via factory method to bean named 'springDocProviders'
2024-10-18T18:55:13.122+03:00 DEBUG [,,] 28528 --- [main] [                                                 ] o.s.b.f.s.DefaultListableBeanFactory     : Autowiring by type from bean name 'openApiResource' via factory method to bean named 'springDocCustomizers'
2024-10-18T18:55:13.127+03:00 DEBUG [,,] 28528 --- [main] [                                                 ] o.s.b.f.s.DefaultListableBeanFactory     : Creating shared instance of singleton bean 'swaggerConfigResource'
2024-10-18T18:55:13.127+03:00 DEBUG [,,] 28528 --- [main] [                                                 ] o.s.b.f.s.DefaultListableBeanFactory     : Autowiring by type from bean name 'swaggerConfigResource' via factory method to bean named 'swaggerWelcome'
2024-10-18T18:55:13.128+03:00 DEBUG [,,] 28528 --- [main] [                                                 ] o.s.b.f.s.DefaultListableBeanFactory     : Creating shared instance of singleton bean 'org.springframework.boot.actuate.autoconfigure.audit.AuditEventsEndpointAutoConfiguration'
2024-10-18T18:55:13.128+03:00 DEBUG [,,] 28528 --- [main] [                                                 ] o.s.b.f.s.DefaultListableBeanFactory     : Creating shared instance of singleton bean 'org.springframework.boot.autoconfigure.availability.ApplicationAvailabilityAutoConfiguration'
2024-10-18T18:55:13.128+03:00 DEBUG [,,] 28528 --- [main] [                                                 ] o.s.b.f.s.DefaultListableBeanFactory     : Creating shared instance of singleton bean 'applicationAvailability'
2024-10-18T18:55:13.130+03:00 DEBUG [,,] 28528 --- [main] [                                                 ] o.s.b.f.s.DefaultListableBeanFactory     : Creating shared instance of singleton bean 'org.springframework.boot.actuate.autoconfigure.availability.AvailabilityHealthContributorAutoConfiguration'
2024-10-18T18:55:13.131+03:00 DEBUG [,,] 28528 --- [main] [                                                 ] o.s.b.f.s.DefaultListableBeanFactory     : Creating shared instance of singleton bean 'org.springframework.boot.actuate.autoconfigure.beans.BeansEndpointAutoConfiguration'
2024-10-18T18:55:13.131+03:00 DEBUG [,,] 28528 --- [main] [                                                 ] o.s.b.f.s.DefaultListableBeanFactory     : Creating shared instance of singleton bean 'beansEndpoint'
2024-10-18T18:55:13.132+03:00 DEBUG [,,] 28528 --- [main] [                                                 ] o.s.b.f.s.DefaultListableBeanFactory     : Autowiring by type from bean name 'beansEndpoint' via factory method to bean named 'org.springframework.boot.web.servlet.context.AnnotationConfigServletWebServerApplicationContext@3a3e4aff'
2024-10-18T18:55:13.133+03:00 DEBUG [,,] 28528 --- [main] [                                                 ] o.s.b.f.s.DefaultListableBeanFactory     : Creating shared instance of singleton bean 'org.springframework.boot.autoconfigure.transaction.jta.JtaAutoConfiguration'
2024-10-18T18:55:13.133+03:00 DEBUG [,,] 28528 --- [main] [                                                 ] o.s.b.f.s.DefaultListableBeanFactory     : Creating shared instance of singleton bean 'org.springframework.boot.autoconfigure.jdbc.DataSourceJmxConfiguration$Hikari'
2024-10-18T18:55:13.135+03:00 DEBUG [,,] 28528 --- [main] [                                                 ] o.s.b.f.s.DefaultListableBeanFactory     : Autowiring by type from bean name 'org.springframework.boot.autoconfigure.jdbc.DataSourceJmxConfiguration$Hikari' via constructor to bean named 'dataSource'
2024-10-18T18:55:13.136+03:00 DEBUG [,,] 28528 --- [main] [                                                 ] o.s.b.f.s.DefaultListableBeanFactory     : Creating shared instance of singleton bean 'org.springframework.boot.autoconfigure.jdbc.DataSourceJmxConfiguration'
2024-10-18T18:55:13.136+03:00 DEBUG [,,] 28528 --- [main] [                                                 ] o.s.b.f.s.DefaultListableBeanFactory     : Creating shared instance of singleton bean 'org.springframework.boot.autoconfigure.jdbc.metadata.DataSourcePoolMetadataProvidersConfiguration'
2024-10-18T18:55:13.137+03:00 DEBUG [,,] 28528 --- [main] [                                                 ] o.s.b.f.s.DefaultListableBeanFactory     : Creating shared instance of singleton bean 'org.springframework.boot.autoconfigure.jdbc.DataSourceAutoConfiguration'
2024-10-18T18:55:13.137+03:00 DEBUG [,,] 28528 --- [main] [                                                 ] o.s.b.f.s.DefaultListableBeanFactory     : Creating shared instance of singleton bean 'org.springframework.boot.autoconfigure.transaction.TransactionManagerCustomizationAutoConfiguration'
2024-10-18T18:55:13.138+03:00 DEBUG [,,] 28528 --- [main] [                                                 ] o.s.b.f.s.DefaultListableBeanFactory     : Creating shared instance of singleton bean 'platformTransactionManagerCustomizers'
2024-10-18T18:55:13.139+03:00 DEBUG [,,] 28528 --- [main] [                                                 ] o.s.b.f.s.DefaultListableBeanFactory     : Creating shared instance of singleton bean 'transactionExecutionListeners'
2024-10-18T18:55:13.140+03:00 DEBUG [,,] 28528 --- [main] [                                                 ] o.s.b.f.s.DefaultListableBeanFactory     : Creating shared instance of singleton bean 'spring.transaction-org.springframework.boot.autoconfigure.transaction.TransactionProperties'
2024-10-18T18:55:13.142+03:00 DEBUG [,,] 28528 --- [main] [                                                 ] o.s.b.f.s.DefaultListableBeanFactory     : Creating shared instance of singleton bean 'org.springframework.boot.autoconfigure.orm.jpa.JpaBaseConfiguration$PersistenceManagedTypesConfiguration'
2024-10-18T18:55:13.142+03:00 DEBUG [,,] 28528 --- [main] [                                                 ] o.s.b.f.s.DefaultListableBeanFactory     : Creating shared instance of singleton bean 'transactionManager'
2024-10-18T18:55:13.148+03:00 DEBUG [,,] 28528 --- [main] [                                                 ] o.s.b.f.s.DefaultListableBeanFactory     : Creating shared instance of singleton bean 'org.springframework.boot.autoconfigure.orm.jpa.HibernateJpaAutoConfiguration'
2024-10-18T18:55:13.148+03:00 DEBUG [,,] 28528 --- [main] [                                                 ] o.s.b.f.s.DefaultListableBeanFactory     : Creating shared instance of singleton bean 'org.springframework.boot.actuate.autoconfigure.cache.CachesEndpointAutoConfiguration'
2024-10-18T18:55:13.149+03:00 DEBUG [,,] 28528 --- [main] [                                                 ] o.s.b.f.s.DefaultListableBeanFactory     : Creating shared instance of singleton bean 'cachesEndpoint'
2024-10-18T18:55:13.152+03:00 DEBUG [,,] 28528 --- [main] [                                                 ] o.s.b.f.s.DefaultListableBeanFactory     : Creating shared instance of singleton bean 'org.springframework.boot.actuate.autoconfigure.health.HealthEndpointConfiguration'
2024-10-18T18:55:13.152+03:00 DEBUG [,,] 28528 --- [main] [                                                 ] o.s.b.f.s.DefaultListableBeanFactory     : Creating shared instance of singleton bean 'healthStatusAggregator'
2024-10-18T18:55:13.153+03:00 DEBUG [,,] 28528 --- [main] [                                                 ] o.s.b.f.s.DefaultListableBeanFactory     : Creating shared instance of singleton bean 'management.endpoint.health-org.springframework.boot.actuate.autoconfigure.health.HealthEndpointProperties'
2024-10-18T18:55:13.155+03:00 DEBUG [,,] 28528 --- [main] [                                                 ] o.s.b.f.s.DefaultListableBeanFactory     : Autowiring by type from bean name 'healthStatusAggregator' via factory method to bean named 'management.endpoint.health-org.springframework.boot.actuate.autoconfigure.health.HealthEndpointProperties'
2024-10-18T18:55:13.156+03:00 DEBUG [,,] 28528 --- [main] [                                                 ] o.s.b.f.s.DefaultListableBeanFactory     : Creating shared instance of singleton bean 'healthHttpCodeStatusMapper'
2024-10-18T18:55:13.156+03:00 DEBUG [,,] 28528 --- [main] [                                                 ] o.s.b.f.s.DefaultListableBeanFactory     : Autowiring by type from bean name 'healthHttpCodeStatusMapper' via factory method to bean named 'management.endpoint.health-org.springframework.boot.actuate.autoconfigure.health.HealthEndpointProperties'
2024-10-18T18:55:13.157+03:00 DEBUG [,,] 28528 --- [main] [                                                 ] o.s.b.f.s.DefaultListableBeanFactory     : Creating shared instance of singleton bean 'healthEndpointGroups'
2024-10-18T18:55:13.158+03:00 DEBUG [,,] 28528 --- [main] [                                                 ] o.s.b.f.s.DefaultListableBeanFactory     : Autowiring by type from bean name 'healthEndpointGroups' via factory method to bean named 'org.springframework.boot.web.servlet.context.AnnotationConfigServletWebServerApplicationContext@3a3e4aff'
2024-10-18T18:55:13.158+03:00 DEBUG [,,] 28528 --- [main] [                                                 ] o.s.b.f.s.DefaultListableBeanFactory     : Autowiring by type from bean name 'healthEndpointGroups' via factory method to bean named 'management.endpoint.health-org.springframework.boot.actuate.autoconfigure.health.HealthEndpointProperties'
2024-10-18T18:55:13.162+03:00 DEBUG [,,] 28528 --- [main] [                                                 ] o.s.b.f.s.DefaultListableBeanFactory     : Creating shared instance of singleton bean 'healthContributorRegistry'
2024-10-18T18:55:13.163+03:00 DEBUG [,,] 28528 --- [main] [                                                 ] o.s.b.f.s.DefaultListableBeanFactory     : Creating shared instance of singleton bean 'diskSpaceHealthIndicator'
2024-10-18T18:55:13.163+03:00 DEBUG [,,] 28528 --- [main] [                                                 ] o.s.b.f.s.DefaultListableBeanFactory     : Creating shared instance of singleton bean 'org.springframework.boot.actuate.autoconfigure.system.DiskSpaceHealthContributorAutoConfiguration'
2024-10-18T18:55:13.164+03:00 DEBUG [,,] 28528 --- [main] [                                                 ] o.s.b.f.s.DefaultListableBeanFactory     : Creating shared instance of singleton bean 'management.health.diskspace-org.springframework.boot.actuate.autoconfigure.system.DiskSpaceHealthIndicatorProperties'
2024-10-18T18:55:13.165+03:00 DEBUG [,,] 28528 --- [main] [                                                 ] o.s.b.f.s.DefaultListableBeanFactory     : Autowiring by type from bean name 'diskSpaceHealthIndicator' via factory method to bean named 'management.health.diskspace-org.springframework.boot.actuate.autoconfigure.system.DiskSpaceHealthIndicatorProperties'
2024-10-18T18:55:13.166+03:00 DEBUG [,,] 28528 --- [main] [                                                 ] o.s.b.f.s.DefaultListableBeanFactory     : Creating shared instance of singleton bean 'pingHealthContributor'
2024-10-18T18:55:13.166+03:00 DEBUG [,,] 28528 --- [main] [                                                 ] o.s.b.f.s.DefaultListableBeanFactory     : Creating shared instance of singleton bean 'org.springframework.boot.actuate.autoconfigure.health.HealthContributorAutoConfiguration'
2024-10-18T18:55:13.167+03:00 DEBUG [,,] 28528 --- [main] [                                                 ] o.s.b.f.s.DefaultListableBeanFactory     : Creating shared instance of singleton bean 'dbHealthContributor'
2024-10-18T18:55:13.167+03:00 DEBUG [,,] 28528 --- [main] [                                                 ] o.s.b.f.s.DefaultListableBeanFactory     : Creating shared instance of singleton bean 'org.springframework.boot.actuate.autoconfigure.jdbc.DataSourceHealthContributorAutoConfiguration'
2024-10-18T18:55:13.169+03:00 DEBUG [,,] 28528 --- [main] [                                                 ] o.s.b.f.s.DefaultListableBeanFactory     : Creating shared instance of singleton bean 'management.health.db-org.springframework.boot.actuate.autoconfigure.jdbc.DataSourceHealthIndicatorProperties'
2024-10-18T18:55:13.170+03:00 DEBUG [,,] 28528 --- [main] [                                                 ] o.s.b.f.s.DefaultListableBeanFactory     : Autowiring by type from bean name 'dbHealthContributor' via factory method to bean named 'dataSource'
2024-10-18T18:55:13.170+03:00 DEBUG [,,] 28528 --- [main] [                                                 ] o.s.b.f.s.DefaultListableBeanFactory     : Autowiring by type from bean name 'dbHealthContributor' via factory method to bean named 'management.health.db-org.springframework.boot.actuate.autoconfigure.jdbc.DataSourceHealthIndicatorProperties'
2024-10-18T18:55:13.173+03:00 DEBUG [,,] 28528 --- [main] [                                                 ] o.s.b.f.s.DefaultListableBeanFactory     : Autowiring by type from bean name 'healthContributorRegistry' via factory method to bean named 'org.springframework.boot.web.servlet.context.AnnotationConfigServletWebServerApplicationContext@3a3e4aff'
2024-10-18T18:55:13.174+03:00 DEBUG [,,] 28528 --- [main] [                                                 ] o.s.b.f.s.DefaultListableBeanFactory     : Autowiring by type from bean name 'healthContributorRegistry' via factory method to bean named 'healthEndpointGroups'
2024-10-18T18:55:13.174+03:00 DEBUG [,,] 28528 --- [main] [                                                 ] o.s.b.f.s.DefaultListableBeanFactory     : Autowiring by type from bean name 'healthContributorRegistry' via factory method to bean named 'diskSpaceHealthIndicator'
2024-10-18T18:55:13.174+03:00 DEBUG [,,] 28528 --- [main] [                                                 ] o.s.b.f.s.DefaultListableBeanFactory     : Autowiring by type from bean name 'healthContributorRegistry' via factory method to bean named 'pingHealthContributor'
2024-10-18T18:55:13.174+03:00 DEBUG [,,] 28528 --- [main] [                                                 ] o.s.b.f.s.DefaultListableBeanFactory     : Autowiring by type from bean name 'healthContributorRegistry' via factory method to bean named 'dbHealthContributor'
2024-10-18T18:55:13.176+03:00 DEBUG [,,] 28528 --- [main] [                                                 ] o.s.b.f.s.DefaultListableBeanFactory     : Creating shared instance of singleton bean 'healthEndpointGroupMembershipValidator'
2024-10-18T18:55:13.177+03:00 DEBUG [,,] 28528 --- [main] [                                                 ] o.s.b.f.s.DefaultListableBeanFactory     : Autowiring by type from bean name 'healthEndpointGroupMembershipValidator' via factory method to bean named 'management.endpoint.health-org.springframework.boot.actuate.autoconfigure.health.HealthEndpointProperties'
2024-10-18T18:55:13.177+03:00 DEBUG [,,] 28528 --- [main] [                                                 ] o.s.b.f.s.DefaultListableBeanFactory     : Autowiring by type from bean name 'healthEndpointGroupMembershipValidator' via factory method to bean named 'healthContributorRegistry'
2024-10-18T18:55:13.178+03:00 DEBUG [,,] 28528 --- [main] [                                                 ] o.s.b.f.s.DefaultListableBeanFactory     : Creating shared instance of singleton bean 'healthEndpoint'
2024-10-18T18:55:13.178+03:00 DEBUG [,,] 28528 --- [main] [                                                 ] o.s.b.f.s.DefaultListableBeanFactory     : Autowiring by type from bean name 'healthEndpoint' via factory method to bean named 'healthContributorRegistry'
2024-10-18T18:55:13.178+03:00 DEBUG [,,] 28528 --- [main] [                                                 ] o.s.b.f.s.DefaultListableBeanFactory     : Autowiring by type from bean name 'healthEndpoint' via factory method to bean named 'healthEndpointGroups'
2024-10-18T18:55:13.178+03:00 DEBUG [,,] 28528 --- [main] [                                                 ] o.s.b.f.s.DefaultListableBeanFactory     : Autowiring by type from bean name 'healthEndpoint' via factory method to bean named 'management.endpoint.health-org.springframework.boot.actuate.autoconfigure.health.HealthEndpointProperties'
2024-10-18T18:55:13.181+03:00 DEBUG [,,] 28528 --- [main] [                                                 ] o.s.b.f.s.DefaultListableBeanFactory     : Creating shared instance of singleton bean 'org.springframework.boot.actuate.autoconfigure.health.HealthEndpointWebExtensionConfiguration$MvcAdditionalHealthEndpointPathsConfiguration'
2024-10-18T18:55:13.181+03:00 DEBUG [,,] 28528 --- [main] [                                                 ] o.s.b.f.s.DefaultListableBeanFactory     : Creating shared instance of singleton bean 'healthEndpointWebMvcHandlerMapping'
2024-10-18T18:55:13.181+03:00 DEBUG [,,] 28528 --- [main] [                                                 ] o.s.b.f.s.DefaultListableBeanFactory     : Creating shared instance of singleton bean 'webEndpointDiscoverer'
2024-10-18T18:55:13.182+03:00 DEBUG [,,] 28528 --- [main] [                                                 ] o.s.b.f.s.DefaultListableBeanFactory     : Creating shared instance of singleton bean 'endpointOperationParameterMapper'
2024-10-18T18:55:13.182+03:00 DEBUG [,,] 28528 --- [main] [                                                 ] o.s.b.f.s.DefaultListableBeanFactory     : Creating shared instance of singleton bean 'org.springframework.boot.actuate.autoconfigure.endpoint.EndpointAutoConfiguration'
2024-10-18T18:55:13.185+03:00 DEBUG [,,] 28528 --- [main] [                                                 ] o.s.b.f.s.DefaultListableBeanFactory     : Creating shared instance of singleton bean 'endpointMediaTypes'
2024-10-18T18:55:13.186+03:00 DEBUG [,,] 28528 --- [main] [                                                 ] o.s.b.f.s.DefaultListableBeanFactory     : Autowiring by type from bean name 'webEndpointDiscoverer' via factory method to bean named 'endpointOperationParameterMapper'
2024-10-18T18:55:13.186+03:00 DEBUG [,,] 28528 --- [main] [                                                 ] o.s.b.f.s.DefaultListableBeanFactory     : Autowiring by type from bean name 'webEndpointDiscoverer' via factory method to bean named 'endpointMediaTypes'
2024-10-18T18:55:13.187+03:00 DEBUG [,,] 28528 --- [main] [                                                 ] o.s.b.f.s.DefaultListableBeanFactory     : Creating shared instance of singleton bean 'endpointCachingOperationInvokerAdvisor'
2024-10-18T18:55:13.187+03:00 DEBUG [,,] 28528 --- [main] [                                                 ] o.s.b.f.s.DefaultListableBeanFactory     : Autowiring by type from bean name 'endpointCachingOperationInvokerAdvisor' via factory method to bean named 'environment'
2024-10-18T18:55:13.188+03:00 DEBUG [,,] 28528 --- [main] [                                                 ] o.s.b.f.s.DefaultListableBeanFactory     : Creating shared instance of singleton bean 'webExposeExcludePropertyEndpointFilter'
2024-10-18T18:55:13.190+03:00 DEBUG [,,] 28528 --- [main] [                                                 ] o.s.b.f.s.DefaultListableBeanFactory     : Autowiring by type from bean name 'healthEndpointWebMvcHandlerMapping' via factory method to bean named 'webEndpointDiscoverer'
2024-10-18T18:55:13.190+03:00 DEBUG [,,] 28528 --- [main] [                                                 ] o.s.b.f.s.DefaultListableBeanFactory     : Autowiring by type from bean name 'healthEndpointWebMvcHandlerMapping' via factory method to bean named 'healthEndpointGroups'
2024-10-18T18:55:13.202+03:00 DEBUG [,,] 28528 --- [main] [                                                 ] o.s.b.f.s.DefaultListableBeanFactory     : Creating shared instance of singleton bean 'healthEndpointWebExtension'
2024-10-18T18:55:13.202+03:00 DEBUG [,,] 28528 --- [main] [                                                 ] o.s.b.f.s.DefaultListableBeanFactory     : Creating shared instance of singleton bean 'org.springframework.boot.actuate.autoconfigure.health.HealthEndpointWebExtensionConfiguration'
2024-10-18T18:55:13.203+03:00 DEBUG [,,] 28528 --- [main] [                                                 ] o.s.b.f.s.DefaultListableBeanFactory     : Autowiring by type from bean name 'healthEndpointWebExtension' via factory method to bean named 'healthContributorRegistry'
2024-10-18T18:55:13.203+03:00 DEBUG [,,] 28528 --- [main] [                                                 ] o.s.b.f.s.DefaultListableBeanFactory     : Autowiring by type from bean name 'healthEndpointWebExtension' via factory method to bean named 'healthEndpointGroups'
2024-10-18T18:55:13.203+03:00 DEBUG [,,] 28528 --- [main] [                                                 ] o.s.b.f.s.DefaultListableBeanFactory     : Autowiring by type from bean name 'healthEndpointWebExtension' via factory method to bean named 'management.endpoint.health-org.springframework.boot.actuate.autoconfigure.health.HealthEndpointProperties'
2024-10-18T18:55:13.205+03:00 DEBUG [,,] 28528 --- [main] [                                                 ] o.s.b.f.s.DefaultListableBeanFactory     : Creating shared instance of singleton bean 'infoEndpoint'
2024-10-18T18:55:13.205+03:00 DEBUG [,,] 28528 --- [main] [                                                 ] o.s.b.f.s.DefaultListableBeanFactory     : Creating shared instance of singleton bean 'org.springframework.boot.actuate.autoconfigure.info.InfoEndpointAutoConfiguration'
2024-10-18T18:55:13.206+03:00 DEBUG [,,] 28528 --- [main] [                                                 ] o.s.b.f.s.DefaultListableBeanFactory     : Creating shared instance of singleton bean 'conditionsReportEndpoint'
2024-10-18T18:55:13.207+03:00 DEBUG [,,] 28528 --- [main] [                                                 ] o.s.b.f.s.DefaultListableBeanFactory     : Creating shared instance of singleton bean 'org.springframework.boot.actuate.autoconfigure.condition.ConditionsReportEndpointAutoConfiguration'
2024-10-18T18:55:13.207+03:00 DEBUG [,,] 28528 --- [main] [                                                 ] o.s.b.f.s.DefaultListableBeanFactory     : Autowiring by type from bean name 'conditionsReportEndpoint' via factory method to bean named 'org.springframework.boot.web.servlet.context.AnnotationConfigServletWebServerApplicationContext@3a3e4aff'
2024-10-18T18:55:13.207+03:00 DEBUG [,,] 28528 --- [main] [                                                 ] o.s.b.f.s.DefaultListableBeanFactory     : Creating shared instance of singleton bean 'configurationPropertiesReportEndpoint'
2024-10-18T18:55:13.208+03:00 DEBUG [,,] 28528 --- [main] [                                                 ] o.s.b.f.s.DefaultListableBeanFactory     : Creating shared instance of singleton bean 'org.springframework.boot.actuate.autoconfigure.context.properties.ConfigurationPropertiesReportEndpointAutoConfiguration'
2024-10-18T18:55:13.208+03:00 DEBUG [,,] 28528 --- [main] [                                                 ] o.s.b.f.s.DefaultListableBeanFactory     : Creating shared instance of singleton bean 'management.endpoint.configprops-org.springframework.boot.actuate.autoconfigure.context.properties.ConfigurationPropertiesReportEndpointProperties'
2024-10-18T18:55:13.209+03:00 DEBUG [,,] 28528 --- [main] [                                                 ] o.s.b.f.s.DefaultListableBeanFactory     : Autowiring by type from bean name 'configurationPropertiesReportEndpoint' via factory method to bean named 'management.endpoint.configprops-org.springframework.boot.actuate.autoconfigure.context.properties.ConfigurationPropertiesReportEndpointProperties'
2024-10-18T18:55:13.214+03:00 DEBUG [,,] 28528 --- [main] [                                                 ] o.s.b.f.s.DefaultListableBeanFactory     : Creating shared instance of singleton bean 'environmentEndpoint'
2024-10-18T18:55:13.214+03:00 DEBUG [,,] 28528 --- [main] [                                                 ] o.s.b.f.s.DefaultListableBeanFactory     : Creating shared instance of singleton bean 'org.springframework.boot.actuate.autoconfigure.env.EnvironmentEndpointAutoConfiguration'
2024-10-18T18:55:13.214+03:00 DEBUG [,,] 28528 --- [main] [                                                 ] o.s.b.f.s.DefaultListableBeanFactory     : Creating shared instance of singleton bean 'management.endpoint.env-org.springframework.boot.actuate.autoconfigure.env.EnvironmentEndpointProperties'
2024-10-18T18:55:13.215+03:00 DEBUG [,,] 28528 --- [main] [                                                 ] o.s.b.f.s.DefaultListableBeanFactory     : Autowiring by type from bean name 'environmentEndpoint' via factory method to bean named 'environment'
2024-10-18T18:55:13.215+03:00 DEBUG [,,] 28528 --- [main] [                                                 ] o.s.b.f.s.DefaultListableBeanFactory     : Autowiring by type from bean name 'environmentEndpoint' via factory method to bean named 'management.endpoint.env-org.springframework.boot.actuate.autoconfigure.env.EnvironmentEndpointProperties'
2024-10-18T18:55:13.217+03:00 DEBUG [,,] 28528 --- [main] [                                                 ] o.s.b.f.s.DefaultListableBeanFactory     : Creating shared instance of singleton bean 'logFileWebEndpoint'
2024-10-18T18:55:13.217+03:00 DEBUG [,,] 28528 --- [main] [                                                 ] o.s.b.f.s.DefaultListableBeanFactory     : Creating shared instance of singleton bean 'org.springframework.boot.actuate.autoconfigure.logging.LogFileWebEndpointAutoConfiguration'
2024-10-18T18:55:13.217+03:00 DEBUG [,,] 28528 --- [main] [                                                 ] o.s.b.f.s.DefaultListableBeanFactory     : Creating shared instance of singleton bean 'management.endpoint.logfile-org.springframework.boot.actuate.autoconfigure.logging.LogFileWebEndpointProperties'
2024-10-18T18:55:13.218+03:00 DEBUG [,,] 28528 --- [main] [                                                 ] o.s.b.f.s.DefaultListableBeanFactory     : Autowiring by type from bean name 'logFileWebEndpoint' via factory method to bean named 'management.endpoint.logfile-org.springframework.boot.actuate.autoconfigure.logging.LogFileWebEndpointProperties'
2024-10-18T18:55:13.219+03:00 DEBUG [,,] 28528 --- [main] [                                                 ] o.s.b.f.s.DefaultListableBeanFactory     : Creating shared instance of singleton bean 'loggersEndpoint'
2024-10-18T18:55:13.219+03:00 DEBUG [,,] 28528 --- [main] [                                                 ] o.s.b.f.s.DefaultListableBeanFactory     : Creating shared instance of singleton bean 'org.springframework.boot.actuate.autoconfigure.logging.LoggersEndpointAutoConfiguration'
2024-10-18T18:55:13.219+03:00 DEBUG [,,] 28528 --- [main] [                                                 ] o.s.b.f.s.DefaultListableBeanFactory     : Autowiring by type from bean name 'loggersEndpoint' via factory method to bean named 'springBootLoggingSystem'
2024-10-18T18:55:13.221+03:00 DEBUG [,,] 28528 --- [main] [                                                 ] o.s.b.f.s.DefaultListableBeanFactory     : Creating shared instance of singleton bean 'heapDumpWebEndpoint'
2024-10-18T18:55:13.221+03:00 DEBUG [,,] 28528 --- [main] [                                                 ] o.s.b.f.s.DefaultListableBeanFactory     : Creating shared instance of singleton bean 'org.springframework.boot.actuate.autoconfigure.management.HeapDumpWebEndpointAutoConfiguration'
2024-10-18T18:55:13.222+03:00 DEBUG [,,] 28528 --- [main] [                                                 ] o.s.b.f.s.DefaultListableBeanFactory     : Creating shared instance of singleton bean 'dumpEndpoint'
2024-10-18T18:55:13.222+03:00 DEBUG [,,] 28528 --- [main] [                                                 ] o.s.b.f.s.DefaultListableBeanFactory     : Creating shared instance of singleton bean 'org.springframework.boot.actuate.autoconfigure.management.ThreadDumpEndpointAutoConfiguration'
2024-10-18T18:55:13.223+03:00 DEBUG [,,] 28528 --- [main] [                                                 ] o.s.b.f.s.DefaultListableBeanFactory     : Creating shared instance of singleton bean 'prometheusEndpoint'
2024-10-18T18:55:13.223+03:00 DEBUG [,,] 28528 --- [main] [                                                 ] o.s.b.f.s.DefaultListableBeanFactory     : Creating shared instance of singleton bean 'org.springframework.boot.actuate.autoconfigure.metrics.export.prometheus.PrometheusMetricsExportAutoConfiguration$PrometheusScrapeEndpointConfiguration'
2024-10-18T18:55:13.224+03:00 DEBUG [,,] 28528 --- [main] [                                                 ] o.s.b.f.s.DefaultListableBeanFactory     : Autowiring by type from bean name 'prometheusEndpoint' via factory method to bean named 'prometheusRegistry'
2024-10-18T18:55:13.224+03:00 DEBUG [,,] 28528 --- [main] [                                                 ] o.s.b.f.s.DefaultListableBeanFactory     : Autowiring by type from bean name 'prometheusEndpoint' via factory method to bean named 'prometheusConfig'
2024-10-18T18:55:13.225+03:00 DEBUG [,,] 28528 --- [main] [                                                 ] o.s.b.f.s.DefaultListableBeanFactory     : Creating shared instance of singleton bean 'metricsEndpoint'
2024-10-18T18:55:13.226+03:00 DEBUG [,,] 28528 --- [main] [                                                 ] o.s.b.f.s.DefaultListableBeanFactory     : Creating shared instance of singleton bean 'org.springframework.boot.actuate.autoconfigure.metrics.MetricsEndpointAutoConfiguration'
2024-10-18T18:55:13.226+03:00 DEBUG [,,] 28528 --- [main] [                                                 ] o.s.b.f.s.DefaultListableBeanFactory     : Autowiring by type from bean name 'metricsEndpoint' via factory method to bean named 'prometheusMeterRegistry'
2024-10-18T18:55:13.228+03:00 DEBUG [,,] 28528 --- [main] [                                                 ] o.s.b.f.s.DefaultListableBeanFactory     : Creating shared instance of singleton bean 'sbomEndpoint'
2024-10-18T18:55:13.228+03:00 DEBUG [,,] 28528 --- [main] [                                                 ] o.s.b.f.s.DefaultListableBeanFactory     : Creating shared instance of singleton bean 'org.springframework.boot.actuate.autoconfigure.sbom.SbomEndpointAutoConfiguration'
2024-10-18T18:55:13.228+03:00 DEBUG [,,] 28528 --- [main] [                                                 ] o.s.b.f.s.DefaultListableBeanFactory     : Creating shared instance of singleton bean 'management.endpoint.sbom-org.springframework.boot.actuate.sbom.SbomProperties'
2024-10-18T18:55:13.229+03:00 DEBUG [,,] 28528 --- [main] [                                                 ] o.s.b.f.s.DefaultListableBeanFactory     : Autowiring by type from bean name 'org.springframework.boot.actuate.autoconfigure.sbom.SbomEndpointAutoConfiguration' via constructor to bean named 'management.endpoint.sbom-org.springframework.boot.actuate.sbom.SbomProperties'
2024-10-18T18:55:13.230+03:00 DEBUG [,,] 28528 --- [main] [                                                 ] o.s.b.f.s.DefaultListableBeanFactory     : Autowiring by type from bean name 'sbomEndpoint' via factory method to bean named 'org.springframework.boot.web.servlet.context.AnnotationConfigServletWebServerApplicationContext@3a3e4aff'
2024-10-18T18:55:13.231+03:00 DEBUG [,,] 28528 --- [main] [                                                 ] o.s.b.f.s.DefaultListableBeanFactory     : Creating shared instance of singleton bean 'scheduledTasksEndpoint'
2024-10-18T18:55:13.231+03:00 DEBUG [,,] 28528 --- [main] [                                                 ] o.s.b.f.s.DefaultListableBeanFactory     : Creating shared instance of singleton bean 'org.springframework.boot.actuate.autoconfigure.scheduling.ScheduledTasksEndpointAutoConfiguration'
2024-10-18T18:55:13.232+03:00 DEBUG [,,] 28528 --- [main] [                                                 ] o.s.b.f.s.DefaultListableBeanFactory     : Creating shared instance of singleton bean 'mappingsEndpoint'
2024-10-18T18:55:13.232+03:00 DEBUG [,,] 28528 --- [main] [                                                 ] o.s.b.f.s.DefaultListableBeanFactory     : Creating shared instance of singleton bean 'org.springframework.boot.actuate.autoconfigure.web.mappings.MappingsEndpointAutoConfiguration'
2024-10-18T18:55:13.232+03:00 DEBUG [,,] 28528 --- [main] [                                                 ] o.s.b.f.s.DefaultListableBeanFactory     : Autowiring by type from bean name 'mappingsEndpoint' via factory method to bean named 'org.springframework.boot.web.servlet.context.AnnotationConfigServletWebServerApplicationContext@3a3e4aff'
2024-10-18T18:55:13.233+03:00 DEBUG [,,] 28528 --- [main] [                                                 ] o.s.b.f.s.DefaultListableBeanFactory     : Creating shared instance of singleton bean 'dispatcherServletMappingDescriptionProvider'
2024-10-18T18:55:13.233+03:00 DEBUG [,,] 28528 --- [main] [                                                 ] o.s.b.f.s.DefaultListableBeanFactory     : Creating shared instance of singleton bean 'org.springframework.boot.actuate.autoconfigure.web.mappings.MappingsEndpointAutoConfiguration$ServletWebConfiguration$SpringMvcConfiguration'
2024-10-18T18:55:13.234+03:00 DEBUG [,,] 28528 --- [main] [                                                 ] o.s.b.f.s.DefaultListableBeanFactory     : Creating shared instance of singleton bean 'servletMappingDescriptionProvider'
2024-10-18T18:55:13.234+03:00 DEBUG [,,] 28528 --- [main] [                                                 ] o.s.b.f.s.DefaultListableBeanFactory     : Creating shared instance of singleton bean 'org.springframework.boot.actuate.autoconfigure.web.mappings.MappingsEndpointAutoConfiguration$ServletWebConfiguration'
2024-10-18T18:55:13.235+03:00 DEBUG [,,] 28528 --- [main] [                                                 ] o.s.b.f.s.DefaultListableBeanFactory     : Creating shared instance of singleton bean 'filterMappingDescriptionProvider'
2024-10-18T18:55:13.242+03:00 DEBUG [,,] 28528 --- [main] [                                                 ] o.s.b.f.s.DefaultListableBeanFactory     : Creating shared instance of singleton bean 'org.springframework.boot.actuate.autoconfigure.health.HealthEndpointAutoConfiguration'
2024-10-18T18:55:13.242+03:00 DEBUG [,,] 28528 --- [main] [                                                 ] o.s.b.f.s.DefaultListableBeanFactory     : Creating shared instance of singleton bean 'org.springframework.boot.autoconfigure.info.ProjectInfoAutoConfiguration'
2024-10-18T18:55:13.243+03:00 DEBUG [,,] 28528 --- [main] [                                                 ] o.s.b.f.s.DefaultListableBeanFactory     : Creating shared instance of singleton bean 'spring.info-org.springframework.boot.autoconfigure.info.ProjectInfoProperties'
2024-10-18T18:55:13.244+03:00 DEBUG [,,] 28528 --- [main] [                                                 ] o.s.b.f.s.DefaultListableBeanFactory     : Autowiring by type from bean name 'org.springframework.boot.autoconfigure.info.ProjectInfoAutoConfiguration' via constructor to bean named 'spring.info-org.springframework.boot.autoconfigure.info.ProjectInfoProperties'
2024-10-18T18:55:13.244+03:00 DEBUG [,,] 28528 --- [main] [                                                 ] o.s.b.f.s.DefaultListableBeanFactory     : Creating shared instance of singleton bean 'org.springframework.boot.actuate.autoconfigure.info.InfoContributorAutoConfiguration'
2024-10-18T18:55:13.246+03:00 DEBUG [,,] 28528 --- [main] [                                                 ] o.s.b.f.s.DefaultListableBeanFactory     : Creating shared instance of singleton bean 'management.info-org.springframework.boot.actuate.autoconfigure.info.InfoContributorProperties'
2024-10-18T18:55:13.247+03:00 DEBUG [,,] 28528 --- [main] [                                                 ] o.s.b.f.s.DefaultListableBeanFactory     : Creating shared instance of singleton bean 'org.springframework.boot.actuate.autoconfigure.web.servlet.ServletManagementContextAutoConfiguration'
2024-10-18T18:55:13.247+03:00 DEBUG [,,] 28528 --- [main] [                                                 ] o.s.b.f.s.DefaultListableBeanFactory     : Creating shared instance of singleton bean 'servletWebChildContextFactory'
2024-10-18T18:55:13.248+03:00 DEBUG [,,] 28528 --- [main] [                                                 ] o.s.b.f.s.DefaultListableBeanFactory     : Creating shared instance of singleton bean 'managementServletContext'
2024-10-18T18:55:13.248+03:00 DEBUG [,,] 28528 --- [main] [                                                 ] o.s.b.f.s.DefaultListableBeanFactory     : Autowiring by type from bean name 'managementServletContext' via factory method to bean named 'management.endpoints.web-org.springframework.boot.actuate.autoconfigure.endpoint.web.WebEndpointProperties'
2024-10-18T18:55:13.249+03:00 DEBUG [,,] 28528 --- [main] [                                                 ] o.s.b.f.s.DefaultListableBeanFactory     : Creating shared instance of singleton bean 'org.springframework.boot.autoconfigure.jmx.JmxAutoConfiguration'
2024-10-18T18:55:13.249+03:00 DEBUG [,,] 28528 --- [main] [                                                 ] o.s.b.f.s.DefaultListableBeanFactory     : Creating shared instance of singleton bean 'spring.jmx-org.springframework.boot.autoconfigure.jmx.JmxProperties'
2024-10-18T18:55:13.250+03:00 DEBUG [,,] 28528 --- [main] [                                                 ] o.s.b.f.s.DefaultListableBeanFactory     : Autowiring by type from bean name 'org.springframework.boot.autoconfigure.jmx.JmxAutoConfiguration' via constructor to bean named 'spring.jmx-org.springframework.boot.autoconfigure.jmx.JmxProperties'
2024-10-18T18:55:13.250+03:00 DEBUG [,,] 28528 --- [main] [                                                 ] o.s.b.f.s.DefaultListableBeanFactory     : Creating shared instance of singleton bean 'mbeanExporter'
2024-10-18T18:55:13.251+03:00 DEBUG [,,] 28528 --- [main] [                                                 ] o.s.b.f.s.DefaultListableBeanFactory     : Creating shared instance of singleton bean 'objectNamingStrategy'
2024-10-18T18:55:13.252+03:00 DEBUG [,,] 28528 --- [main] [                                                 ] o.s.b.f.s.DefaultListableBeanFactory     : Autowiring by type from bean name 'mbeanExporter' via factory method to bean named 'objectNamingStrategy'
2024-10-18T18:55:13.252+03:00 DEBUG [,,] 28528 --- [main] [                                                 ] o.s.b.f.s.DefaultListableBeanFactory     : Autowiring by type from bean name 'mbeanExporter' via factory method to bean named 'org.springframework.beans.factory.support.DefaultListableBeanFactory@49f5c307'
2024-10-18T18:55:13.255+03:00 DEBUG [,,] 28528 --- [main] [                                                 ] o.s.b.f.s.DefaultListableBeanFactory     : Creating shared instance of singleton bean 'mbeanServer'
2024-10-18T18:55:13.255+03:00 DEBUG [,,] 28528 --- [main] [                                                 ] o.springframework.jmx.support.JmxUtils   : Found MBeanServer: com.sun.jmx.mbeanserver.JmxMBeanServer@5c0369c4
2024-10-18T18:55:13.264+03:00 DEBUG [,,] 28528 --- [main] [                                                 ] o.s.b.f.s.DefaultListableBeanFactory     : Creating shared instance of singleton bean 'org.springframework.boot.actuate.autoconfigure.endpoint.jmx.JmxEndpointAutoConfiguration'
2024-10-18T18:55:13.265+03:00 DEBUG [,,] 28528 --- [main] [                                                 ] o.s.b.f.s.DefaultListableBeanFactory     : Creating shared instance of singleton bean 'management.endpoints.jmx-org.springframework.boot.actuate.autoconfigure.endpoint.jmx.JmxEndpointProperties'
2024-10-18T18:55:13.266+03:00 DEBUG [,,] 28528 --- [main] [                                                 ] o.s.b.f.s.DefaultListableBeanFactory     : Autowiring by type from bean name 'org.springframework.boot.actuate.autoconfigure.endpoint.jmx.JmxEndpointAutoConfiguration' via constructor to bean named 'org.springframework.boot.web.servlet.context.AnnotationConfigServletWebServerApplicationContext@3a3e4aff'
2024-10-18T18:55:13.266+03:00 DEBUG [,,] 28528 --- [main] [                                                 ] o.s.b.f.s.DefaultListableBeanFactory     : Autowiring by type from bean name 'org.springframework.boot.actuate.autoconfigure.endpoint.jmx.JmxEndpointAutoConfiguration' via constructor to bean named 'management.endpoints.jmx-org.springframework.boot.actuate.autoconfigure.endpoint.jmx.JmxEndpointProperties'
2024-10-18T18:55:13.266+03:00 DEBUG [,,] 28528 --- [main] [                                                 ] o.s.b.f.s.DefaultListableBeanFactory     : Autowiring by type from bean name 'org.springframework.boot.actuate.autoconfigure.endpoint.jmx.JmxEndpointAutoConfiguration' via constructor to bean named 'spring.jmx-org.springframework.boot.autoconfigure.jmx.JmxProperties'
2024-10-18T18:55:13.267+03:00 DEBUG [,,] 28528 --- [main] [                                                 ] o.s.b.f.s.DefaultListableBeanFactory     : Creating shared instance of singleton bean 'jmxAnnotationEndpointDiscoverer'
2024-10-18T18:55:13.267+03:00 DEBUG [,,] 28528 --- [main] [                                                 ] o.s.b.f.s.DefaultListableBeanFactory     : Autowiring by type from bean name 'jmxAnnotationEndpointDiscoverer' via factory method to bean named 'endpointOperationParameterMapper'
2024-10-18T18:55:13.267+03:00 DEBUG [,,] 28528 --- [main] [                                                 ] o.s.b.f.s.DefaultListableBeanFactory     : Creating shared instance of singleton bean 'jmxIncludeExcludePropertyEndpointFilter'
2024-10-18T18:55:13.269+03:00 DEBUG [,,] 28528 --- [main] [                                                 ] o.s.b.f.s.DefaultListableBeanFactory     : Creating shared instance of singleton bean 'endpointObjectNameFactory'
2024-10-18T18:55:13.269+03:00 DEBUG [,,] 28528 --- [main] [                                                 ] o.s.b.f.s.DefaultListableBeanFactory     : Autowiring by type from bean name 'endpointObjectNameFactory' via factory method to bean named 'mbeanServer'
2024-10-18T18:55:13.270+03:00 DEBUG [,,] 28528 --- [main] [                                                 ] o.s.b.f.s.DefaultListableBeanFactory     : Creating shared instance of singleton bean 'jmxMBeanExporter'
2024-10-18T18:55:13.270+03:00 DEBUG [,,] 28528 --- [main] [                                                 ] o.s.b.f.s.DefaultListableBeanFactory     : Autowiring by type from bean name 'jmxMBeanExporter' via factory method to bean named 'mbeanServer'
2024-10-18T18:55:13.270+03:00 DEBUG [,,] 28528 --- [main] [                                                 ] o.s.b.f.s.DefaultListableBeanFactory     : Autowiring by type from bean name 'jmxMBeanExporter' via factory method to bean named 'endpointObjectNameFactory'
2024-10-18T18:55:13.270+03:00 DEBUG [,,] 28528 --- [main] [                                                 ] o.s.b.f.s.DefaultListableBeanFactory     : Autowiring by type from bean name 'jmxMBeanExporter' via factory method to bean named 'jmxAnnotationEndpointDiscoverer'
2024-10-18T18:55:13.288+03:00 DEBUG [,,] 28528 --- [main] [                                                 ] o.s.b.f.s.DefaultListableBeanFactory     : Creating shared instance of singleton bean 'eagerlyInitializeJmxEndpointExporter'
2024-10-18T18:55:13.289+03:00 DEBUG [,,] 28528 --- [main] [                                                 ] o.s.b.f.s.DefaultListableBeanFactory     : Creating shared instance of singleton bean 'controllerEndpointDiscoverer'
2024-10-18T18:55:13.289+03:00 DEBUG [,,] 28528 --- [main] [                                                 ] o.s.b.f.s.DefaultListableBeanFactory     : Creating shared instance of singleton bean 'controllerExposeExcludePropertyEndpointFilter'
2024-10-18T18:55:13.290+03:00 DEBUG [,,] 28528 --- [main] [                                                 ] o.s.b.f.s.DefaultListableBeanFactory     : Creating shared instance of singleton bean 'pathMappedEndpoints'
2024-10-18T18:55:13.291+03:00 DEBUG [,,] 28528 --- [main] [                                                 ] o.s.b.f.s.DefaultListableBeanFactory     : Autowiring by type from bean name 'pathMappedEndpoints' via factory method to bean named 'jmxAnnotationEndpointDiscoverer'
2024-10-18T18:55:13.291+03:00 DEBUG [,,] 28528 --- [main] [                                                 ] o.s.b.f.s.DefaultListableBeanFactory     : Autowiring by type from bean name 'pathMappedEndpoints' via factory method to bean named 'servletEndpointDiscoverer'
2024-10-18T18:55:13.291+03:00 DEBUG [,,] 28528 --- [main] [                                                 ] o.s.b.f.s.DefaultListableBeanFactory     : Autowiring by type from bean name 'pathMappedEndpoints' via factory method to bean named 'webEndpointDiscoverer'
2024-10-18T18:55:13.291+03:00 DEBUG [,,] 28528 --- [main] [                                                 ] o.s.b.f.s.DefaultListableBeanFactory     : Autowiring by type from bean name 'pathMappedEndpoints' via factory method to bean named 'controllerEndpointDiscoverer'
2024-10-18T18:55:13.296+03:00 DEBUG [,,] 28528 --- [main] [                                                 ] o.s.b.f.s.DefaultListableBeanFactory     : Creating shared instance of singleton bean 'meterRegistryCloser'
2024-10-18T18:55:13.296+03:00 DEBUG [,,] 28528 --- [main] [                                                 ] o.s.b.f.s.DefaultListableBeanFactory     : Creating shared instance of singleton bean 'org.springframework.boot.actuate.autoconfigure.tracing.BravePropagationConfigurations$NoPropagation'
2024-10-18T18:55:13.297+03:00 DEBUG [,,] 28528 --- [main] [                                                 ] o.s.b.f.s.DefaultListableBeanFactory     : Creating shared instance of singleton bean 'currentSpanCustomizer'
2024-10-18T18:55:13.297+03:00 DEBUG [,,] 28528 --- [main] [                                                 ] o.s.b.f.s.DefaultListableBeanFactory     : Autowiring by type from bean name 'currentSpanCustomizer' via factory method to bean named 'braveTracing'
2024-10-18T18:55:13.298+03:00 DEBUG [,,] 28528 --- [main] [                                                 ] o.s.b.f.s.DefaultListableBeanFactory     : Creating shared instance of singleton bean 'braveSpanCustomizer'
2024-10-18T18:55:13.298+03:00 DEBUG [,,] 28528 --- [main] [                                                 ] o.s.b.f.s.DefaultListableBeanFactory     : Autowiring by type from bean name 'braveSpanCustomizer' via factory method to bean named 'currentSpanCustomizer'
2024-10-18T18:55:13.299+03:00 DEBUG [,,] 28528 --- [main] [                                                 ] o.s.b.f.s.DefaultListableBeanFactory     : Creating shared instance of singleton bean 'org.springframework.boot.actuate.autoconfigure.metrics.CompositeMeterRegistryAutoConfiguration'
2024-10-18T18:55:13.299+03:00 DEBUG [,,] 28528 --- [main] [                                                 ] o.s.b.f.s.DefaultListableBeanFactory     : Creating shared instance of singleton bean 'org.springframework.boot.actuate.autoconfigure.metrics.JvmMetricsAutoConfiguration'
2024-10-18T18:55:13.299+03:00 DEBUG [,,] 28528 --- [main] [                                                 ] o.s.b.f.s.DefaultListableBeanFactory     : Creating shared instance of singleton bean 'jvmGcMetrics'
2024-10-18T18:55:13.302+03:00 DEBUG [,,] 28528 --- [main] [                                                 ] o.s.b.f.s.DefaultListableBeanFactory     : Creating shared instance of singleton bean 'jvmHeapPressureMetrics'
2024-10-18T18:55:13.305+03:00 DEBUG [,,] 28528 --- [main] [                                                 ] o.s.b.f.s.DefaultListableBeanFactory     : Creating shared instance of singleton bean 'jvmMemoryMetrics'
2024-10-18T18:55:13.305+03:00 DEBUG [,,] 28528 --- [main] [                                                 ] o.s.b.f.s.DefaultListableBeanFactory     : Creating shared instance of singleton bean 'jvmThreadMetrics'
2024-10-18T18:55:13.306+03:00 DEBUG [,,] 28528 --- [main] [                                                 ] o.s.b.f.s.DefaultListableBeanFactory     : Creating shared instance of singleton bean 'classLoaderMetrics'
2024-10-18T18:55:13.306+03:00 DEBUG [,,] 28528 --- [main] [                                                 ] o.s.b.f.s.DefaultListableBeanFactory     : Creating shared instance of singleton bean 'jvmInfoMetrics'
2024-10-18T18:55:13.306+03:00 DEBUG [,,] 28528 --- [main] [                                                 ] o.s.b.f.s.DefaultListableBeanFactory     : Creating shared instance of singleton bean 'jvmCompilationMetrics'
2024-10-18T18:55:13.307+03:00 DEBUG [,,] 28528 --- [main] [                                                 ] o.s.b.f.s.DefaultListableBeanFactory     : Creating shared instance of singleton bean 'org.springframework.boot.actuate.autoconfigure.metrics.LogbackMetricsAutoConfiguration'
2024-10-18T18:55:13.308+03:00 DEBUG [,,] 28528 --- [main] [                                                 ] o.s.b.f.s.DefaultListableBeanFactory     : Creating shared instance of singleton bean 'logbackMetrics'
2024-10-18T18:55:13.309+03:00 DEBUG [,,] 28528 --- [main] [                                                 ] o.s.b.f.s.DefaultListableBeanFactory     : Creating shared instance of singleton bean 'org.springframework.boot.actuate.autoconfigure.metrics.SystemMetricsAutoConfiguration'
2024-10-18T18:55:13.309+03:00 DEBUG [,,] 28528 --- [main] [                                                 ] o.s.b.f.s.DefaultListableBeanFactory     : Creating shared instance of singleton bean 'uptimeMetrics'
2024-10-18T18:55:13.310+03:00 DEBUG [,,] 28528 --- [main] [                                                 ] o.s.b.f.s.DefaultListableBeanFactory     : Creating shared instance of singleton bean 'processorMetrics'
2024-10-18T18:55:13.311+03:00 DEBUG [,,] 28528 --- [main] [                                                 ] o.s.b.f.s.DefaultListableBeanFactory     : Creating shared instance of singleton bean 'fileDescriptorMetrics'
2024-10-18T18:55:13.312+03:00 DEBUG [,,] 28528 --- [main] [                                                 ] o.s.b.f.s.DefaultListableBeanFactory     : Creating shared instance of singleton bean 'diskSpaceMetrics'
2024-10-18T18:55:13.312+03:00 DEBUG [,,] 28528 --- [main] [                                                 ] o.s.b.f.s.DefaultListableBeanFactory     : Autowiring by type from bean name 'diskSpaceMetrics' via factory method to bean named 'management.metrics-org.springframework.boot.actuate.autoconfigure.metrics.MetricsProperties'
2024-10-18T18:55:13.312+03:00 DEBUG [,,] 28528 --- [main] [                                                 ] o.s.b.f.s.DefaultListableBeanFactory     : Creating shared instance of singleton bean 'org.springframework.boot.actuate.autoconfigure.metrics.integration.IntegrationMetricsAutoConfiguration'
2024-10-18T18:55:13.313+03:00 DEBUG [,,] 28528 --- [main] [                                                 ] o.s.b.f.s.DefaultListableBeanFactory     : Creating shared instance of singleton bean 'org.springframework.boot.actuate.autoconfigure.metrics.jdbc.DataSourcePoolMetricsAutoConfiguration$HikariDataSourceMetricsConfiguration'
2024-10-18T18:55:13.313+03:00 DEBUG [,,] 28528 --- [main] [                                                 ] o.s.b.f.s.DefaultListableBeanFactory     : Creating shared instance of singleton bean 'hikariDataSourceMeterBinder'
2024-10-18T18:55:13.313+03:00 DEBUG [,,] 28528 --- [main] [                                                 ] o.s.b.f.s.DefaultListableBeanFactory     : Creating shared instance of singleton bean 'org.springframework.boot.actuate.autoconfigure.metrics.jdbc.DataSourcePoolMetricsAutoConfiguration$DataSourcePoolMetadataMetricsConfiguration'
2024-10-18T18:55:13.314+03:00 DEBUG [,,] 28528 --- [main] [                                                 ] o.s.b.f.s.DefaultListableBeanFactory     : Creating shared instance of singleton bean 'dataSourcePoolMetadataMeterBinder'
2024-10-18T18:55:13.314+03:00 DEBUG [,,] 28528 --- [main] [                                                 ] o.s.b.f.s.DefaultListableBeanFactory     : Autowiring by type from bean name 'dataSourcePoolMetadataMeterBinder' via factory method to bean named 'dataSource'
2024-10-18T18:55:13.314+03:00 DEBUG [,,] 28528 --- [main] [                                                 ] o.s.b.f.s.DefaultListableBeanFactory     : Creating shared instance of singleton bean 'org.springframework.boot.actuate.autoconfigure.metrics.jdbc.DataSourcePoolMetricsAutoConfiguration'
2024-10-18T18:55:13.315+03:00 DEBUG [,,] 28528 --- [main] [                                                 ] o.s.b.f.s.DefaultListableBeanFactory     : Creating shared instance of singleton bean 'org.springframework.boot.actuate.autoconfigure.metrics.startup.StartupTimeMetricsListenerAutoConfiguration'
2024-10-18T18:55:13.315+03:00 DEBUG [,,] 28528 --- [main] [                                                 ] o.s.b.f.s.DefaultListableBeanFactory     : Creating shared instance of singleton bean 'startupTimeMetrics'
2024-10-18T18:55:13.315+03:00 DEBUG [,,] 28528 --- [main] [                                                 ] o.s.b.f.s.DefaultListableBeanFactory     : Autowiring by type from bean name 'startupTimeMetrics' via factory method to bean named 'prometheusMeterRegistry'
2024-10-18T18:55:13.316+03:00 DEBUG [,,] 28528 --- [main] [                                                 ] o.s.b.f.s.DefaultListableBeanFactory     : Creating shared instance of singleton bean 'org.springframework.boot.autoconfigure.task.TaskSchedulingConfigurations$ThreadPoolTaskSchedulerBuilderConfiguration'
2024-10-18T18:55:13.316+03:00 DEBUG [,,] 28528 --- [main] [                                                 ] o.s.b.f.s.DefaultListableBeanFactory     : Creating shared instance of singleton bean 'threadPoolTaskSchedulerBuilder'
2024-10-18T18:55:13.317+03:00 DEBUG [,,] 28528 --- [main] [                                                 ] o.s.b.f.s.DefaultListableBeanFactory     : Creating shared instance of singleton bean 'spring.task.scheduling-org.springframework.boot.autoconfigure.task.TaskSchedulingProperties'
2024-10-18T18:55:13.318+03:00 DEBUG [,,] 28528 --- [main] [                                                 ] o.s.b.f.s.DefaultListableBeanFactory     : Autowiring by type from bean name 'threadPoolTaskSchedulerBuilder' via factory method to bean named 'spring.task.scheduling-org.springframework.boot.autoconfigure.task.TaskSchedulingProperties'
2024-10-18T18:55:13.320+03:00 DEBUG [,,] 28528 --- [main] [                                                 ] o.s.b.f.s.DefaultListableBeanFactory     : Creating shared instance of singleton bean 'org.springframework.boot.autoconfigure.task.TaskSchedulingConfigurations$TaskSchedulerBuilderConfiguration'
2024-10-18T18:55:13.320+03:00 DEBUG [,,] 28528 --- [main] [                                                 ] o.s.b.f.s.DefaultListableBeanFactory     : Creating shared instance of singleton bean 'taskSchedulerBuilder'
2024-10-18T18:55:13.320+03:00 DEBUG [,,] 28528 --- [main] [                                                 ] o.s.b.f.s.DefaultListableBeanFactory     : Autowiring by type from bean name 'taskSchedulerBuilder' via factory method to bean named 'spring.task.scheduling-org.springframework.boot.autoconfigure.task.TaskSchedulingProperties'
2024-10-18T18:55:13.321+03:00 DEBUG [,,] 28528 --- [main] [                                                 ] o.s.b.f.s.DefaultListableBeanFactory     : Creating shared instance of singleton bean 'org.springframework.boot.autoconfigure.task.TaskSchedulingConfigurations$SimpleAsyncTaskSchedulerBuilderConfiguration'
2024-10-18T18:55:13.321+03:00 DEBUG [,,] 28528 --- [main] [                                                 ] o.s.b.f.s.DefaultListableBeanFactory     : Autowiring by type from bean name 'org.springframework.boot.autoconfigure.task.TaskSchedulingConfigurations$SimpleAsyncTaskSchedulerBuilderConfiguration' via constructor to bean named 'spring.task.scheduling-org.springframework.boot.autoconfigure.task.TaskSchedulingProperties'
2024-10-18T18:55:13.322+03:00 DEBUG [,,] 28528 --- [main] [                                                 ] o.s.b.f.s.DefaultListableBeanFactory     : Creating shared instance of singleton bean 'simpleAsyncTaskSchedulerBuilder'
2024-10-18T18:55:13.324+03:00 DEBUG [,,] 28528 --- [main] [                                                 ] o.s.b.f.s.DefaultListableBeanFactory     : Creating shared instance of singleton bean 'org.springframework.boot.autoconfigure.task.TaskSchedulingAutoConfiguration'
2024-10-18T18:55:13.325+03:00 DEBUG [,,] 28528 --- [main] [                                                 ] o.s.b.f.s.DefaultListableBeanFactory     : Creating shared instance of singleton bean 'org.springframework.boot.actuate.autoconfigure.metrics.task.TaskExecutorMetricsAutoConfiguration'
2024-10-18T18:55:13.331+03:00 DEBUG [,,] 28528 --- [main] [                                                 ] o.s.b.f.s.DefaultListableBeanFactory     : Creating shared instance of singleton bean 'eagerTaskExecutorMetrics'
2024-10-18T18:55:13.332+03:00 DEBUG [,,] 28528 --- [main] [                                                 ] o.s.b.f.s.DefaultListableBeanFactory     : Creating shared instance of singleton bean 'org.springframework.boot.actuate.autoconfigure.metrics.web.tomcat.TomcatMetricsAutoConfiguration'
2024-10-18T18:55:13.332+03:00 DEBUG [,,] 28528 --- [main] [                                                 ] o.s.b.f.s.DefaultListableBeanFactory     : Creating shared instance of singleton bean 'tomcatMetricsBinder'
2024-10-18T18:55:13.332+03:00 DEBUG [,,] 28528 --- [main] [                                                 ] o.s.b.f.s.DefaultListableBeanFactory     : Autowiring by type from bean name 'tomcatMetricsBinder' via factory method to bean named 'prometheusMeterRegistry'
2024-10-18T18:55:13.333+03:00 DEBUG [,,] 28528 --- [main] [                                                 ] o.s.b.f.s.DefaultListableBeanFactory     : Creating shared instance of singleton bean 'org.springframework.boot.actuate.autoconfigure.observation.ObservationAutoConfiguration$ObservedAspectConfiguration'
2024-10-18T18:55:13.333+03:00 DEBUG [,,] 28528 --- [main] [                                                 ] o.s.b.f.s.DefaultListableBeanFactory     : Creating shared instance of singleton bean 'observedAspect'
2024-10-18T18:55:13.333+03:00 DEBUG [,,] 28528 --- [main] [                                                 ] o.s.b.f.s.DefaultListableBeanFactory     : Autowiring by type from bean name 'observedAspect' via factory method to bean named 'observationRegistry'
2024-10-18T18:55:13.334+03:00 DEBUG [,,] 28528 --- [main] [                                                 ] o.s.b.f.s.DefaultListableBeanFactory     : Creating shared instance of singleton bean 'org.springframework.boot.actuate.autoconfigure.observation.ObservationAutoConfiguration$MeterObservationHandlerConfiguration'
2024-10-18T18:55:13.334+03:00 DEBUG [,,] 28528 --- [main] [                                                 ] o.s.b.f.s.DefaultListableBeanFactory     : Creating shared instance of singleton bean 'org.springframework.boot.autoconfigure.http.JacksonHttpMessageConvertersConfiguration'
2024-10-18T18:55:13.334+03:00 DEBUG [,,] 28528 --- [main] [                                                 ] o.s.b.f.s.DefaultListableBeanFactory     : Creating shared instance of singleton bean 'org.springframework.boot.autoconfigure.web.client.RestClientAutoConfiguration'
2024-10-18T18:55:13.335+03:00 DEBUG [,,] 28528 --- [main] [                                                 ] o.s.b.f.s.DefaultListableBeanFactory     : Creating shared instance of singleton bean 'httpMessageConvertersRestClientCustomizer'
2024-10-18T18:55:13.335+03:00 DEBUG [,,] 28528 --- [main] [                                                 ] o.s.b.f.s.DefaultListableBeanFactory     : Creating shared instance of singleton bean 'restClientSsl'
2024-10-18T18:55:13.336+03:00 DEBUG [,,] 28528 --- [main] [                                                 ] o.s.b.f.s.DefaultListableBeanFactory     : Autowiring by type from bean name 'restClientSsl' via factory method to bean named 'sslBundleRegistry'
2024-10-18T18:55:13.336+03:00 DEBUG [,,] 28528 --- [main] [                                                 ] o.s.b.f.s.DefaultListableBeanFactory     : Creating shared instance of singleton bean 'restClientBuilderConfigurer'
2024-10-18T18:55:13.337+03:00 DEBUG [,,] 28528 --- [main] [                                                 ] o.s.b.f.s.DefaultListableBeanFactory     : Creating shared instance of singleton bean 'observationRestClientCustomizer'
2024-10-18T18:55:13.337+03:00 DEBUG [,,] 28528 --- [main] [                                                 ] o.s.b.f.s.DefaultListableBeanFactory     : Creating shared instance of singleton bean 'org.springframework.boot.actuate.autoconfigure.observation.web.client.RestClientObservationConfiguration'
2024-10-18T18:55:13.337+03:00 DEBUG [,,] 28528 --- [main] [                                                 ] o.s.b.f.s.DefaultListableBeanFactory     : Autowiring by type from bean name 'observationRestClientCustomizer' via factory method to bean named 'observationRegistry'
2024-10-18T18:55:13.337+03:00 DEBUG [,,] 28528 --- [main] [                                                 ] o.s.b.f.s.DefaultListableBeanFactory     : Autowiring by type from bean name 'observationRestClientCustomizer' via factory method to bean named 'management.observations-org.springframework.boot.actuate.autoconfigure.observation.ObservationProperties'
2024-10-18T18:55:13.339+03:00 DEBUG [,,] 28528 --- [main] [                                                 ] o.s.b.f.s.DefaultListableBeanFactory     : Creating shared instance of singleton bean 'org.springframework.boot.autoconfigure.web.client.RestTemplateAutoConfiguration'
2024-10-18T18:55:13.340+03:00 DEBUG [,,] 28528 --- [main] [                                                 ] o.s.b.f.s.DefaultListableBeanFactory     : Creating shared instance of singleton bean 'org.springframework.boot.actuate.autoconfigure.observation.web.client.RestTemplateObservationConfiguration'
2024-10-18T18:55:13.340+03:00 DEBUG [,,] 28528 --- [main] [                                                 ] o.s.b.f.s.DefaultListableBeanFactory     : Creating shared instance of singleton bean 'observationRestTemplateCustomizer'
2024-10-18T18:55:13.340+03:00 DEBUG [,,] 28528 --- [main] [                                                 ] o.s.b.f.s.DefaultListableBeanFactory     : Autowiring by type from bean name 'observationRestTemplateCustomizer' via factory method to bean named 'observationRegistry'
2024-10-18T18:55:13.340+03:00 DEBUG [,,] 28528 --- [main] [                                                 ] o.s.b.f.s.DefaultListableBeanFactory     : Autowiring by type from bean name 'observationRestTemplateCustomizer' via factory method to bean named 'management.observations-org.springframework.boot.actuate.autoconfigure.observation.ObservationProperties'
2024-10-18T18:55:13.341+03:00 DEBUG [,,] 28528 --- [main] [                                                 ] o.s.b.f.s.DefaultListableBeanFactory     : Creating shared instance of singleton bean 'org.springframework.boot.actuate.autoconfigure.observation.web.client.HttpClientObservationsAutoConfiguration'
2024-10-18T18:55:13.341+03:00 DEBUG [,,] 28528 --- [main] [                                                 ] o.s.b.f.s.DefaultListableBeanFactory     : Creating shared instance of singleton bean 'org.springframework.boot.actuate.autoconfigure.scheduling.ScheduledTasksObservabilityAutoConfiguration'
2024-10-18T18:55:13.341+03:00 DEBUG [,,] 28528 --- [main] [                                                 ] o.s.b.f.s.DefaultListableBeanFactory     : Creating shared instance of singleton bean 'observabilitySchedulingConfigurer'
2024-10-18T18:55:13.342+03:00 DEBUG [,,] 28528 --- [main] [                                                 ] o.s.b.f.s.DefaultListableBeanFactory     : Autowiring by type from bean name 'observabilitySchedulingConfigurer' via factory method to bean named 'observationRegistry'
2024-10-18T18:55:13.342+03:00 DEBUG [,,] 28528 --- [main] [                                                 ] o.s.b.f.s.DefaultListableBeanFactory     : Creating shared instance of singleton bean 'org.springframework.boot.actuate.autoconfigure.tracing.zipkin.ZipkinConfigurations$HttpClientSenderConfiguration'
2024-10-18T18:55:13.344+03:00 DEBUG [,,] 28528 --- [main] [                                                 ] o.s.b.f.s.DefaultListableBeanFactory     : Creating shared instance of singleton bean 'org.springframework.boot.actuate.autoconfigure.tracing.zipkin.ZipkinConfigurations$SenderConfiguration'
2024-10-18T18:55:13.344+03:00 DEBUG [,,] 28528 --- [main] [                                                 ] o.s.b.f.s.DefaultListableBeanFactory     : Creating shared instance of singleton bean 'org.springframework.boot.actuate.autoconfigure.web.exchanges.HttpExchangesEndpointAutoConfiguration'
2024-10-18T18:55:13.344+03:00 DEBUG [,,] 28528 --- [main] [                                                 ] o.s.b.f.s.DefaultListableBeanFactory     : Creating shared instance of singleton bean 'org.springframework.boot.autoconfigure.admin.SpringApplicationAdminJmxAutoConfiguration'
2024-10-18T18:55:13.345+03:00 DEBUG [,,] 28528 --- [main] [                                                 ] o.s.b.f.s.DefaultListableBeanFactory     : Creating shared instance of singleton bean 'springApplicationAdminRegistrar'
2024-10-18T18:55:13.345+03:00 DEBUG [,,] 28528 --- [main] [                                                 ] o.s.b.f.s.DefaultListableBeanFactory     : Autowiring by type from bean name 'springApplicationAdminRegistrar' via factory method to bean named 'environment'
2024-10-18T18:55:13.346+03:00 DEBUG [,,] 28528 --- [main] [                                                 ] inMXBeanRegistrar$SpringApplicationAdmin : Application Admin MBean registered with name 'org.springframework.boot:type=Admin,name=SpringApplication'
2024-10-18T18:55:13.347+03:00 DEBUG [,,] 28528 --- [main] [                                                 ] o.s.b.f.s.DefaultListableBeanFactory     : Creating shared instance of singleton bean 'org.springframework.boot.autoconfigure.aop.AopAutoConfiguration$AspectJAutoProxyingConfiguration$CglibAutoProxyConfiguration'
2024-10-18T18:55:13.347+03:00 DEBUG [,,] 28528 --- [main] [                                                 ] o.s.b.f.s.DefaultListableBeanFactory     : Creating shared instance of singleton bean 'org.springframework.boot.autoconfigure.aop.AopAutoConfiguration$AspectJAutoProxyingConfiguration'
2024-10-18T18:55:13.348+03:00 DEBUG [,,] 28528 --- [main] [                                                 ] o.s.b.f.s.DefaultListableBeanFactory     : Creating shared instance of singleton bean 'org.springframework.boot.autoconfigure.aop.AopAutoConfiguration'
2024-10-18T18:55:13.348+03:00 DEBUG [,,] 28528 --- [main] [                                                 ] o.s.b.f.s.DefaultListableBeanFactory     : Creating shared instance of singleton bean 'org.springframework.boot.autoconfigure.context.ConfigurationPropertiesAutoConfiguration'
2024-10-18T18:55:13.348+03:00 DEBUG [,,] 28528 --- [main] [                                                 ] o.s.b.f.s.DefaultListableBeanFactory     : Creating shared instance of singleton bean 'org.springframework.boot.autoconfigure.context.LifecycleAutoConfiguration'
2024-10-18T18:55:13.348+03:00 DEBUG [,,] 28528 --- [main] [                                                 ] o.s.b.f.s.DefaultListableBeanFactory     : Creating shared instance of singleton bean 'lifecycleProcessor'
2024-10-18T18:55:13.349+03:00 DEBUG [,,] 28528 --- [main] [                                                 ] o.s.b.f.s.DefaultListableBeanFactory     : Creating shared instance of singleton bean 'spring.lifecycle-org.springframework.boot.autoconfigure.context.LifecycleProperties'
2024-10-18T18:55:13.349+03:00 DEBUG [,,] 28528 --- [main] [                                                 ] o.s.b.f.s.DefaultListableBeanFactory     : Autowiring by type from bean name 'lifecycleProcessor' via factory method to bean named 'spring.lifecycle-org.springframework.boot.autoconfigure.context.LifecycleProperties'
2024-10-18T18:55:13.351+03:00 DEBUG [,,] 28528 --- [main] [                                                 ] o.s.b.f.s.DefaultListableBeanFactory     : Creating shared instance of singleton bean 'org.springframework.boot.autoconfigure.dao.PersistenceExceptionTranslationAutoConfiguration'
2024-10-18T18:55:13.351+03:00 DEBUG [,,] 28528 --- [main] [                                                 ] o.s.b.f.s.DefaultListableBeanFactory     : Creating shared instance of singleton bean 'org.springframework.boot.autoconfigure.data.jpa.JpaRepositoriesAutoConfiguration'
2024-10-18T18:55:13.352+03:00 DEBUG [,,] 28528 --- [main] [                                                 ] o.s.b.f.s.DefaultListableBeanFactory     : Creating shared instance of singleton bean 'org.springframework.data.jpa.util.JpaMetamodelCacheCleanup'
2024-10-18T18:55:13.352+03:00 DEBUG [,,] 28528 --- [main] [                                                 ] o.s.b.f.s.DefaultListableBeanFactory     : Creating shared instance of singleton bean 'org.springframework.data.jpa.repository.support.JpaEvaluationContextExtension'
2024-10-18T18:55:13.353+03:00 DEBUG [,,] 28528 --- [main] [                                                 ] o.s.b.f.s.DefaultListableBeanFactory     : Creating shared instance of singleton bean 'data-jpa.repository-aot-processor#0'
2024-10-18T18:55:13.356+03:00 DEBUG [,,] 28528 --- [main] [                                                 ] o.s.b.f.s.DefaultListableBeanFactory     : Creating shared instance of singleton bean 'org.springframework.data.web.config.ProjectingArgumentResolverRegistrar'
2024-10-18T18:55:13.357+03:00 DEBUG [,,] 28528 --- [main] [                                                 ] o.s.b.f.s.DefaultListableBeanFactory     : Creating shared instance of singleton bean 'offsetResolver'
2024-10-18T18:55:13.359+03:00 DEBUG [,,] 28528 --- [main] [                                                 ] o.s.b.f.s.DefaultListableBeanFactory     : Creating shared instance of singleton bean 'org.springframework.boot.autoconfigure.jdbc.JdbcTemplateConfiguration'
2024-10-18T18:55:13.360+03:00 DEBUG [,,] 28528 --- [main] [                                                 ] o.s.b.f.s.DefaultListableBeanFactory     : Creating shared instance of singleton bean 'jdbcTemplate'
2024-10-18T18:55:13.360+03:00 DEBUG [,,] 28528 --- [main] [                                                 ] o.s.b.f.s.DefaultListableBeanFactory     : Creating shared instance of singleton bean 'spring.jdbc-org.springframework.boot.autoconfigure.jdbc.JdbcProperties'
2024-10-18T18:55:13.361+03:00 DEBUG [,,] 28528 --- [main] [                                                 ] o.s.b.f.s.DefaultListableBeanFactory     : Autowiring by type from bean name 'jdbcTemplate' via factory method to bean named 'dataSource'
2024-10-18T18:55:13.361+03:00 DEBUG [,,] 28528 --- [main] [                                                 ] o.s.b.f.s.DefaultListableBeanFactory     : Autowiring by type from bean name 'jdbcTemplate' via factory method to bean named 'spring.jdbc-org.springframework.boot.autoconfigure.jdbc.JdbcProperties'
2024-10-18T18:55:13.366+03:00 DEBUG [,,] 28528 --- [main] [                                                 ] o.s.b.f.s.DefaultListableBeanFactory     : Creating shared instance of singleton bean 'org.springframework.boot.autoconfigure.jdbc.NamedParameterJdbcTemplateConfiguration'
2024-10-18T18:55:13.367+03:00 DEBUG [,,] 28528 --- [main] [                                                 ] o.s.b.f.s.DefaultListableBeanFactory     : Creating shared instance of singleton bean 'namedParameterJdbcTemplate'
2024-10-18T18:55:13.368+03:00 DEBUG [,,] 28528 --- [main] [                                                 ] o.s.b.f.s.DefaultListableBeanFactory     : Autowiring by type from bean name 'namedParameterJdbcTemplate' via factory method to bean named 'jdbcTemplate'
2024-10-18T18:55:13.371+03:00 DEBUG [,,] 28528 --- [main] [                                                 ] o.s.b.f.s.DefaultListableBeanFactory     : Creating shared instance of singleton bean 'org.springframework.boot.autoconfigure.jdbc.JdbcTemplateAutoConfiguration'
2024-10-18T18:55:13.371+03:00 DEBUG [,,] 28528 --- [main] [                                                 ] o.s.b.f.s.DefaultListableBeanFactory     : Creating shared instance of singleton bean 'org.springframework.boot.autoconfigure.jdbc.JdbcClientAutoConfiguration'
2024-10-18T18:55:13.372+03:00 DEBUG [,,] 28528 --- [main] [                                                 ] o.s.b.f.s.DefaultListableBeanFactory     : Creating shared instance of singleton bean 'jdbcClient'
2024-10-18T18:55:13.372+03:00 DEBUG [,,] 28528 --- [main] [                                                 ] o.s.b.f.s.DefaultListableBeanFactory     : Autowiring by type from bean name 'jdbcClient' via factory method to bean named 'namedParameterJdbcTemplate'
2024-10-18T18:55:13.373+03:00 DEBUG [,,] 28528 --- [main] [                                                 ] o.s.b.f.s.DefaultListableBeanFactory     : Creating shared instance of singleton bean 'org.springframework.boot.autoconfigure.sql.init.SqlInitializationAutoConfiguration'
2024-10-18T18:55:13.374+03:00 DEBUG [,,] 28528 --- [main] [                                                 ] o.s.b.f.s.DefaultListableBeanFactory     : Creating shared instance of singleton bean 'org.springframework.boot.autoconfigure.jdbc.DataSourceTransactionManagerAutoConfiguration$JdbcTransactionManagerConfiguration'
2024-10-18T18:55:13.375+03:00 DEBUG [,,] 28528 --- [main] [                                                 ] o.s.b.f.s.DefaultListableBeanFactory     : Creating shared instance of singleton bean 'org.springframework.boot.autoconfigure.jdbc.DataSourceTransactionManagerAutoConfiguration'
2024-10-18T18:55:13.376+03:00 DEBUG [,,] 28528 --- [main] [                                                 ] o.s.b.f.s.DefaultListableBeanFactory     : Creating shared instance of singleton bean 'org.springframework.boot.autoconfigure.transaction.TransactionAutoConfiguration$EnableTransactionManagementConfiguration$CglibAutoProxyConfiguration'
2024-10-18T18:55:13.376+03:00 DEBUG [,,] 28528 --- [main] [                                                 ] o.s.b.f.s.DefaultListableBeanFactory     : Creating shared instance of singleton bean 'org.springframework.boot.autoconfigure.transaction.TransactionAutoConfiguration$EnableTransactionManagementConfiguration'
2024-10-18T18:55:13.377+03:00 DEBUG [,,] 28528 --- [main] [                                                 ] o.s.b.f.s.DefaultListableBeanFactory     : Creating shared instance of singleton bean 'org.springframework.boot.autoconfigure.transaction.TransactionAutoConfiguration$TransactionTemplateConfiguration'
2024-10-18T18:55:13.377+03:00 DEBUG [,,] 28528 --- [main] [                                                 ] o.s.b.f.s.DefaultListableBeanFactory     : Creating shared instance of singleton bean 'transactionTemplate'
2024-10-18T18:55:13.377+03:00 DEBUG [,,] 28528 --- [main] [                                                 ] o.s.b.f.s.DefaultListableBeanFactory     : Autowiring by type from bean name 'transactionTemplate' via factory method to bean named 'transactionManager'
2024-10-18T18:55:13.379+03:00 DEBUG [,,] 28528 --- [main] [                                                 ] o.s.b.f.s.DefaultListableBeanFactory     : Creating shared instance of singleton bean 'org.springframework.boot.autoconfigure.transaction.TransactionAutoConfiguration'
2024-10-18T18:55:13.380+03:00 DEBUG [,,] 28528 --- [main] [                                                 ] o.s.b.f.s.DefaultListableBeanFactory     : Creating shared instance of singleton bean 'org.springframework.boot.autoconfigure.web.embedded.EmbeddedWebServerFactoryCustomizerAutoConfiguration'
2024-10-18T18:55:13.380+03:00 DEBUG [,,] 28528 --- [main] [                                                 ] o.s.b.f.s.DefaultListableBeanFactory     : Creating shared instance of singleton bean 'multipartResolver'
2024-10-18T18:55:13.381+03:00 DEBUG [,,] 28528 --- [main] [                                                 ] o.s.b.f.s.DefaultListableBeanFactory     : Creating shared instance of singleton bean 'org.springframework.boot.actuate.autoconfigure.endpoint.web.servlet.WebMvcEndpointManagementContextConfiguration'
2024-10-18T18:55:13.382+03:00 DEBUG [,,] 28528 --- [main] [                                                 ] o.s.b.f.s.DefaultListableBeanFactory     : Creating shared instance of singleton bean 'webEndpointServletHandlerMapping'
2024-10-18T18:55:13.382+03:00 DEBUG [,,] 28528 --- [main] [                                                 ] o.s.b.f.s.DefaultListableBeanFactory     : Creating shared instance of singleton bean 'management.endpoints.web.cors-org.springframework.boot.actuate.autoconfigure.endpoint.web.CorsEndpointProperties'
2024-10-18T18:55:13.384+03:00 DEBUG [,,] 28528 --- [main] [                                                 ] o.s.b.f.s.DefaultListableBeanFactory     : Autowiring by type from bean name 'webEndpointServletHandlerMapping' via factory method to bean named 'webEndpointDiscoverer'
2024-10-18T18:55:13.384+03:00 DEBUG [,,] 28528 --- [main] [                                                 ] o.s.b.f.s.DefaultListableBeanFactory     : Autowiring by type from bean name 'webEndpointServletHandlerMapping' via factory method to bean named 'servletEndpointDiscoverer'
2024-10-18T18:55:13.384+03:00 DEBUG [,,] 28528 --- [main] [                                                 ] o.s.b.f.s.DefaultListableBeanFactory     : Autowiring by type from bean name 'webEndpointServletHandlerMapping' via factory method to bean named 'controllerEndpointDiscoverer'
2024-10-18T18:55:13.384+03:00 DEBUG [,,] 28528 --- [main] [                                                 ] o.s.b.f.s.DefaultListableBeanFactory     : Autowiring by type from bean name 'webEndpointServletHandlerMapping' via factory method to bean named 'endpointMediaTypes'
2024-10-18T18:55:13.384+03:00 DEBUG [,,] 28528 --- [main] [                                                 ] o.s.b.f.s.DefaultListableBeanFactory     : Autowiring by type from bean name 'webEndpointServletHandlerMapping' via factory method to bean named 'management.endpoints.web.cors-org.springframework.boot.actuate.autoconfigure.endpoint.web.CorsEndpointProperties'
2024-10-18T18:55:13.384+03:00 DEBUG [,,] 28528 --- [main] [                                                 ] o.s.b.f.s.DefaultListableBeanFactory     : Autowiring by type from bean name 'webEndpointServletHandlerMapping' via factory method to bean named 'management.endpoints.web-org.springframework.boot.actuate.autoconfigure.endpoint.web.WebEndpointProperties'
2024-10-18T18:55:13.384+03:00 DEBUG [,,] 28528 --- [main] [                                                 ] o.s.b.f.s.DefaultListableBeanFactory     : Autowiring by type from bean name 'webEndpointServletHandlerMapping' via factory method to bean named 'environment'
2024-10-18T18:55:13.385+03:00  INFO [,,] 28528 --- [main] [                                                 ] o.s.b.a.e.web.EndpointLinksResolver      : Exposing 3 endpoints beneath base path '/actuator'
2024-10-18T18:55:13.393+03:00 DEBUG [,,] 28528 --- [main] [                                                 ] o.s.b.f.s.DefaultListableBeanFactory     : Creating shared instance of singleton bean 'controllerEndpointHandlerMapping'
2024-10-18T18:55:13.393+03:00 DEBUG [,,] 28528 --- [main] [                                                 ] o.s.b.f.s.DefaultListableBeanFactory     : Autowiring by type from bean name 'controllerEndpointHandlerMapping' via factory method to bean named 'controllerEndpointDiscoverer'
2024-10-18T18:55:13.393+03:00 DEBUG [,,] 28528 --- [main] [                                                 ] o.s.b.f.s.DefaultListableBeanFactory     : Autowiring by type from bean name 'controllerEndpointHandlerMapping' via factory method to bean named 'management.endpoints.web.cors-org.springframework.boot.actuate.autoconfigure.endpoint.web.CorsEndpointProperties'
2024-10-18T18:55:13.393+03:00 DEBUG [,,] 28528 --- [main] [                                                 ] o.s.b.f.s.DefaultListableBeanFactory     : Autowiring by type from bean name 'controllerEndpointHandlerMapping' via factory method to bean named 'management.endpoints.web-org.springframework.boot.actuate.autoconfigure.endpoint.web.WebEndpointProperties'
2024-10-18T18:55:13.397+03:00 DEBUG [,,] 28528 --- [main] [                                                 ] o.s.b.f.s.DefaultListableBeanFactory     : Creating shared instance of singleton bean 'org.springframework.boot.actuate.autoconfigure.web.server.ManagementContextAutoConfiguration$SameManagementContextConfiguration$EnableSameManagementContextConfiguration'
2024-10-18T18:55:13.398+03:00 DEBUG [,,] 28528 --- [main] [                                                 ] o.s.b.f.s.DefaultListableBeanFactory     : Creating shared instance of singleton bean 'org.springframework.boot.actuate.autoconfigure.web.server.ManagementContextAutoConfiguration$SameManagementContextConfiguration'
2024-10-18T18:55:13.398+03:00 DEBUG [,,] 28528 --- [main] [                                                 ] o.s.b.f.s.DefaultListableBeanFactory     : Autowiring by type from bean name 'org.springframework.boot.actuate.autoconfigure.web.server.ManagementContextAutoConfiguration$SameManagementContextConfiguration' via constructor to bean named 'environment'
2024-10-18T18:55:13.398+03:00 DEBUG [,,] 28528 --- [main] [                                                 ] o.s.b.f.s.DefaultListableBeanFactory     : Creating shared instance of singleton bean 'org.springframework.boot.actuate.autoconfigure.web.server.ManagementContextAutoConfiguration'
2024-10-18T18:55:13.399+03:00 DEBUG [,,] 28528 --- [main] [                                                 ] o.s.b.f.s.DefaultListableBeanFactory     : Creating shared instance of singleton bean 'management.server-org.springframework.boot.actuate.autoconfigure.web.server.ManagementServerProperties'
2024-10-18T18:55:13.407+03:00 DEBUG [,,] 28528 --- [main] [                                                 ] o.s.j.e.a.AnnotationMBeanExporter        : Registering beans for JMX exposure on startup
2024-10-18T18:55:13.408+03:00 DEBUG [,,] 28528 --- [main] [                                                 ] o.s.j.e.a.AnnotationMBeanExporter        : Auto-detecting user-defined JMX MBeans
2024-10-18T18:55:13.408+03:00 DEBUG [,,] 28528 --- [main] [                                                 ] o.s.j.e.a.AnnotationMBeanExporter        : Bean with name 'dataSource' has been autodetected for JMX exposure
2024-10-18T18:55:13.412+03:00 DEBUG [,,] 28528 --- [main] [                                                 ] o.s.j.e.a.AnnotationMBeanExporter        : Located MBean 'dataSource': registering with JMX server as MBean [com.zaxxer.hikari:name=dataSource,type=HikariDataSource]
2024-10-18T18:55:13.433+03:00 DEBUG [,,] 28528 --- [main] [                                                 ] o.s.c.support.DefaultLifecycleProcessor  : Starting beans in phase -2147483647
2024-10-18T18:55:13.433+03:00 DEBUG [,,] 28528 --- [main] [                                                 ] o.s.c.support.DefaultLifecycleProcessor  : Successfully started bean 'springBootLoggingLifecycle'
2024-10-18T18:55:13.433+03:00 DEBUG [,,] 28528 --- [main] [                                                 ] o.s.c.support.DefaultLifecycleProcessor  : Starting beans in phase 2147481599
2024-10-18T18:55:13.444+03:00  INFO [,,] 28528 --- [main] [                                                 ] o.s.b.w.embedded.tomcat.TomcatWebServer  : Tomcat started on port 8080 (http) with context path '/'
2024-10-18T18:55:13.445+03:00 DEBUG [,,] 28528 --- [main] [                                                 ] o.s.c.support.DefaultLifecycleProcessor  : Successfully started bean 'webServerStartStop'
2024-10-18T18:55:13.445+03:00 DEBUG [,,] 28528 --- [main] [                                                 ] o.s.c.support.DefaultLifecycleProcessor  : Starting beans in phase 2147482623
2024-10-18T18:55:13.445+03:00 DEBUG [,,] 28528 --- [main] [                                                 ] o.s.c.support.DefaultLifecycleProcessor  : Successfully started bean 'webServerGracefulShutdown'
2024-10-18T18:55:13.445+03:00 DEBUG [,,] 28528 --- [main] [                                                 ] o.s.c.support.DefaultLifecycleProcessor  : Starting beans in phase 2147483647
2024-10-18T18:55:13.457+03:00 DEBUG [,,] 28528 --- [main] [                                                 ] .s.b.a.l.ConditionEvaluationReportLogger : 


============================
CONDITIONS EVALUATION REPORT
============================


Positive matches:
-----------------

   AopAutoConfiguration matched:
      - @ConditionalOnProperty (spring.aop.auto=true) matched (OnPropertyCondition)

   AopAutoConfiguration.AspectJAutoProxyingConfiguration matched:
      - @ConditionalOnClass found required class 'org.aspectj.weaver.Advice' (OnClassCondition)

   AopAutoConfiguration.AspectJAutoProxyingConfiguration.CglibAutoProxyConfiguration matched:
      - @ConditionalOnProperty (spring.aop.proxy-target-class=true) matched (OnPropertyCondition)

   ApplicationAvailabilityAutoConfiguration#applicationAvailability matched:
      - @ConditionalOnMissingBean (types: org.springframework.boot.availability.ApplicationAvailability; SearchStrategy: all) did not find any beans (OnBeanCondition)

   AuditEventsEndpointAutoConfiguration matched:
      - @ConditionalOnAvailableEndpoint marked as exposed by a 'management.endpoints.jmx.exposure' property (OnAvailableEndpointCondition)

   BeansEndpointAutoConfiguration matched:
      - @ConditionalOnAvailableEndpoint marked as exposed by a 'management.endpoints.jmx.exposure' property (OnAvailableEndpointCondition)

   BeansEndpointAutoConfiguration#beansEndpoint matched:
      - @ConditionalOnMissingBean (types: org.springframework.boot.actuate.beans.BeansEndpoint; SearchStrategy: all) did not find any beans (OnBeanCondition)

   BraveAutoConfiguration matched:
      - @ConditionalOnClass found required classes 'brave.Tracer', 'io.micrometer.tracing.brave.bridge.BraveTracer' (OnClassCondition)

   BraveAutoConfiguration#braveCurrentTraceContext matched:
      - @ConditionalOnMissingBean (types: brave.propagation.CurrentTraceContext; SearchStrategy: all) did not find any beans (OnBeanCondition)

   BraveAutoConfiguration#bravePropagator matched:
      - @ConditionalOnMissingBean (types: io.micrometer.tracing.brave.bridge.BravePropagator; SearchStrategy: all) did not find any beans (OnBeanCondition)

   BraveAutoConfiguration#braveSampler matched:
      - @ConditionalOnMissingBean (types: brave.sampler.Sampler; SearchStrategy: all) did not find any beans (OnBeanCondition)

   BraveAutoConfiguration#braveSpanCustomizer matched:
      - @ConditionalOnMissingBean (types: io.micrometer.tracing.SpanCustomizer; SearchStrategy: all) did not find any beans (OnBeanCondition)

   BraveAutoConfiguration#braveTracer matched:
      - @ConditionalOnMissingBean (types: brave.Tracer; SearchStrategy: all) did not find any beans (OnBeanCondition)

   BraveAutoConfiguration#braveTracerBridge matched:
      - @ConditionalOnMissingBean (types: io.micrometer.tracing.Tracer; SearchStrategy: all) did not find any beans (OnBeanCondition)

   BraveAutoConfiguration#braveTracing matched:
      - @ConditionalOnMissingBean (types: brave.Tracing; SearchStrategy: all) did not find any beans (OnBeanCondition)

   BraveAutoConfiguration#compositeSpanHandler matched:
      - @ConditionalOnMissingBean (types: io.micrometer.tracing.brave.bridge.CompositeSpanHandler; SearchStrategy: all) did not find any beans (OnBeanCondition)

   BraveAutoConfiguration#currentSpanCustomizer matched:
      - @ConditionalOnMissingBean (types: brave.SpanCustomizer; SearchStrategy: all) did not find any beans (OnBeanCondition)

   BravePropagationConfigurations.PropagationWithBaggage matched:
      - @ConditionalOnProperty (management.tracing.baggage.enabled) matched (OnPropertyCondition)

   BravePropagationConfigurations.PropagationWithBaggage#correlationFieldsCorrelationScopeCustomizer matched:
      - @ConditionalOnProperty (management.tracing.baggage.correlation.enabled) matched (OnPropertyCondition)

   BravePropagationConfigurations.PropagationWithBaggage#correlationScopeDecorator matched:
      - @ConditionalOnMissingBean (types: brave.baggage.CorrelationScopeDecorator; SearchStrategy: all) did not find any beans (OnBeanCondition)

   BravePropagationConfigurations.PropagationWithBaggage#mdcCorrelationScopeDecoratorBuilder matched:
      - @ConditionalOnMissingBean (types: brave.baggage.CorrelationScopeDecorator$Builder; SearchStrategy: all) did not find any beans (OnBeanCondition)

   BravePropagationConfigurations.PropagationWithBaggage#propagationFactory matched:
      - @ConditionalOnProperty (management.tracing.enabled) matched (OnPropertyCondition)
      - @ConditionalOnMissingBean (types: brave.propagation.Propagation$Factory; SearchStrategy: all) did not find any beans (OnBeanCondition)

   BravePropagationConfigurations.PropagationWithBaggage#propagationFactoryBuilder matched:
      - @ConditionalOnMissingBean (types: brave.baggage.BaggagePropagation$FactoryBuilder; SearchStrategy: all) did not find any beans (OnBeanCondition)

   CacheMeterBinderProvidersConfiguration matched:
      - @ConditionalOnClass found required class 'io.micrometer.core.instrument.binder.MeterBinder' (OnClassCondition)

   CachesEndpointAutoConfiguration matched:
      - @ConditionalOnClass found required class 'org.springframework.cache.CacheManager' (OnClassCondition)
      - @ConditionalOnAvailableEndpoint marked as exposed by a 'management.endpoints.jmx.exposure' property (OnAvailableEndpointCondition)

   CachesEndpointAutoConfiguration#cachesEndpoint matched:
      - @ConditionalOnMissingBean (types: org.springframework.boot.actuate.cache.CachesEndpoint; SearchStrategy: all) did not find any beans (OnBeanCondition)

   CompositeMeterRegistryAutoConfiguration matched:
      - @ConditionalOnClass found required class 'io.micrometer.core.instrument.composite.CompositeMeterRegistry' (OnClassCondition)

   ConditionsReportEndpointAutoConfiguration matched:
      - @ConditionalOnAvailableEndpoint marked as exposed by a 'management.endpoints.jmx.exposure' property (OnAvailableEndpointCondition)

   ConditionsReportEndpointAutoConfiguration#conditionsReportEndpoint matched:
      - @ConditionalOnMissingBean (types: org.springframework.boot.actuate.autoconfigure.condition.ConditionsReportEndpoint; SearchStrategy: current) did not find any beans (OnBeanCondition)

   ConfigurationPropertiesReportEndpointAutoConfiguration matched:
      - @ConditionalOnAvailableEndpoint marked as exposed by a 'management.endpoints.jmx.exposure' property (OnAvailableEndpointCondition)

   ConfigurationPropertiesReportEndpointAutoConfiguration#configurationPropertiesReportEndpoint matched:
      - @ConditionalOnMissingBean (types: org.springframework.boot.actuate.context.properties.ConfigurationPropertiesReportEndpoint; SearchStrategy: all) did not find any beans (OnBeanCondition)

   DataSourceAutoConfiguration matched:
      - @ConditionalOnClass found required classes 'javax.sql.DataSource', 'org.springframework.jdbc.datasource.embedded.EmbeddedDatabaseType' (OnClassCondition)
      - @ConditionalOnMissingBean (types: io.r2dbc.spi.ConnectionFactory; SearchStrategy: all) did not find any beans (OnBeanCondition)

   DataSourceAutoConfiguration.PooledDataSourceConfiguration matched:
      - AnyNestedCondition 1 matched 1 did not; NestedCondition on DataSourceAutoConfiguration.PooledDataSourceCondition.PooledDataSourceAvailable PooledDataSource found supported DataSource; NestedCondition on DataSourceAutoConfiguration.PooledDataSourceCondition.ExplicitType @ConditionalOnProperty (spring.datasource.type) did not find property 'type' (DataSourceAutoConfiguration.PooledDataSourceCondition)
      - @ConditionalOnMissingBean (types: javax.sql.DataSource,javax.sql.XADataSource; SearchStrategy: all) did not find any beans (OnBeanCondition)

   DataSourceAutoConfiguration.PooledDataSourceConfiguration#jdbcConnectionDetails matched:
      - @ConditionalOnMissingBean (types: org.springframework.boot.autoconfigure.jdbc.JdbcConnectionDetails; SearchStrategy: all) did not find any beans (OnBeanCondition)

   DataSourceConfiguration.Hikari matched:
      - @ConditionalOnClass found required class 'com.zaxxer.hikari.HikariDataSource' (OnClassCondition)
      - @ConditionalOnProperty (spring.datasource.type=com.zaxxer.hikari.HikariDataSource) matched (OnPropertyCondition)
      - @ConditionalOnMissingBean (types: javax.sql.DataSource; SearchStrategy: all) did not find any beans (OnBeanCondition)

   DataSourceHealthContributorAutoConfiguration matched:
      - @ConditionalOnClass found required classes 'org.springframework.jdbc.core.JdbcTemplate', 'org.springframework.jdbc.datasource.lookup.AbstractRoutingDataSource' (OnClassCondition)
      - @ConditionalOnEnabledHealthIndicator management.health.defaults.enabled is considered true (OnEnabledHealthIndicatorCondition)
      - @ConditionalOnBean (types: javax.sql.DataSource; SearchStrategy: all) found bean 'dataSource' (OnBeanCondition)

   DataSourceHealthContributorAutoConfiguration#dbHealthContributor matched:
      - @ConditionalOnMissingBean (names: dbHealthIndicator,dbHealthContributor; SearchStrategy: all) did not find any beans (OnBeanCondition)

   DataSourceInitializationConfiguration matched:
      - @ConditionalOnClass found required class 'org.springframework.jdbc.datasource.init.DatabasePopulator' (OnClassCondition)
      - @ConditionalOnSingleCandidate (types: javax.sql.DataSource; SearchStrategy: all) found a single bean 'dataSource'; @ConditionalOnMissingBean (types: org.springframework.boot.autoconfigure.sql.init.SqlDataSourceScriptDatabaseInitializer,org.springframework.boot.autoconfigure.sql.init.SqlR2dbcScriptDatabaseInitializer; SearchStrategy: all) did not find any beans (OnBeanCondition)

   DataSourceJmxConfiguration matched:
      - @ConditionalOnProperty (spring.jmx.enabled=true) matched (OnPropertyCondition)

   DataSourceJmxConfiguration.Hikari matched:
      - @ConditionalOnClass found required class 'com.zaxxer.hikari.HikariDataSource' (OnClassCondition)
      - @ConditionalOnSingleCandidate (types: javax.sql.DataSource; SearchStrategy: all) found a single bean 'dataSource' (OnBeanCondition)

   DataSourcePoolMetadataProvidersConfiguration.HikariPoolDataSourceMetadataProviderConfiguration matched:
      - @ConditionalOnClass found required class 'com.zaxxer.hikari.HikariDataSource' (OnClassCondition)

   DataSourcePoolMetricsAutoConfiguration matched:
      - @ConditionalOnClass found required classes 'javax.sql.DataSource', 'io.micrometer.core.instrument.MeterRegistry' (OnClassCondition)
      - @ConditionalOnBean (types: javax.sql.DataSource,io.micrometer.core.instrument.MeterRegistry; SearchStrategy: all) found beans 'prometheusMeterRegistry', 'dataSource' (OnBeanCondition)

   DataSourcePoolMetricsAutoConfiguration.DataSourcePoolMetadataMetricsConfiguration matched:
      - @ConditionalOnBean (types: org.springframework.boot.jdbc.metadata.DataSourcePoolMetadataProvider; SearchStrategy: all) found bean 'hikariPoolDataSourceMetadataProvider' (OnBeanCondition)

   DataSourcePoolMetricsAutoConfiguration.HikariDataSourceMetricsConfiguration matched:
      - @ConditionalOnClass found required class 'com.zaxxer.hikari.HikariDataSource' (OnClassCondition)

   DataSourceTransactionManagerAutoConfiguration matched:
      - @ConditionalOnClass found required classes 'javax.sql.DataSource', 'org.springframework.jdbc.core.JdbcTemplate', 'org.springframework.transaction.TransactionManager' (OnClassCondition)

   DataSourceTransactionManagerAutoConfiguration.JdbcTransactionManagerConfiguration matched:
      - @ConditionalOnSingleCandidate (types: javax.sql.DataSource; SearchStrategy: all) found a single bean 'dataSource' (OnBeanCondition)

   DiskSpaceHealthContributorAutoConfiguration matched:
      - @ConditionalOnEnabledHealthIndicator management.health.defaults.enabled is considered true (OnEnabledHealthIndicatorCondition)

   DiskSpaceHealthContributorAutoConfiguration#diskSpaceHealthIndicator matched:
      - @ConditionalOnMissingBean (names: diskSpaceHealthIndicator; SearchStrategy: all) did not find any beans (OnBeanCondition)

   DispatcherServletAutoConfiguration matched:
      - @ConditionalOnClass found required class 'org.springframework.web.servlet.DispatcherServlet' (OnClassCondition)
      - found 'session' scope (OnWebApplicationCondition)

   DispatcherServletAutoConfiguration.DispatcherServletConfiguration matched:
      - @ConditionalOnClass found required class 'jakarta.servlet.ServletRegistration' (OnClassCondition)
      - Default DispatcherServlet did not find dispatcher servlet beans (DispatcherServletAutoConfiguration.DefaultDispatcherServletCondition)

   DispatcherServletAutoConfiguration.DispatcherServletRegistrationConfiguration matched:
      - @ConditionalOnClass found required class 'jakarta.servlet.ServletRegistration' (OnClassCondition)
      - DispatcherServlet Registration did not find servlet registration bean (DispatcherServletAutoConfiguration.DispatcherServletRegistrationCondition)

   DispatcherServletAutoConfiguration.DispatcherServletRegistrationConfiguration#dispatcherServletRegistration matched:
      - @ConditionalOnBean (names: dispatcherServlet types: org.springframework.web.servlet.DispatcherServlet; SearchStrategy: all) found bean 'dispatcherServlet' (OnBeanCondition)

   EmbeddedWebServerFactoryCustomizerAutoConfiguration matched:
      - @ConditionalOnWebApplication (required) found 'session' scope (OnWebApplicationCondition)
      - @ConditionalOnWarDeployment the application is not deployed as a WAR file. (OnWarDeploymentCondition)

   EmbeddedWebServerFactoryCustomizerAutoConfiguration.TomcatWebServerFactoryCustomizerConfiguration matched:
      - @ConditionalOnClass found required classes 'org.apache.catalina.startup.Tomcat', 'org.apache.coyote.UpgradeProtocol' (OnClassCondition)

   EndpointAutoConfiguration#endpointCachingOperationInvokerAdvisor matched:
      - @ConditionalOnMissingBean (types: org.springframework.boot.actuate.endpoint.invoker.cache.CachingOperationInvokerAdvisor; SearchStrategy: all) did not find any beans (OnBeanCondition)

   EndpointAutoConfiguration#endpointOperationParameterMapper matched:
      - @ConditionalOnMissingBean (types: org.springframework.boot.actuate.endpoint.invoke.ParameterValueMapper; SearchStrategy: all) did not find any beans (OnBeanCondition)

   EnvironmentEndpointAutoConfiguration matched:
      - @ConditionalOnAvailableEndpoint marked as exposed by a 'management.endpoints.jmx.exposure' property (OnAvailableEndpointCondition)

   EnvironmentEndpointAutoConfiguration#environmentEndpoint matched:
      - @ConditionalOnMissingBean (types: org.springframework.boot.actuate.env.EnvironmentEndpoint; SearchStrategy: all) did not find any beans (OnBeanCondition)

   ErrorMvcAutoConfiguration matched:
      - @ConditionalOnClass found required classes 'jakarta.servlet.Servlet', 'org.springframework.web.servlet.DispatcherServlet' (OnClassCondition)
      - found 'session' scope (OnWebApplicationCondition)

   ErrorMvcAutoConfiguration#basicErrorController matched:
      - @ConditionalOnMissingBean (types: org.springframework.boot.web.servlet.error.ErrorController; SearchStrategy: current) did not find any beans (OnBeanCondition)

   ErrorMvcAutoConfiguration#errorAttributes matched:
      - @ConditionalOnMissingBean (types: org.springframework.boot.web.servlet.error.ErrorAttributes; SearchStrategy: current) did not find any beans (OnBeanCondition)

   ErrorMvcAutoConfiguration.DefaultErrorViewResolverConfiguration#conventionErrorViewResolver matched:
      - @ConditionalOnBean (types: org.springframework.web.servlet.DispatcherServlet; SearchStrategy: all) found bean 'dispatcherServlet'; @ConditionalOnMissingBean (types: org.springframework.boot.autoconfigure.web.servlet.error.ErrorViewResolver; SearchStrategy: all) did not find any beans (OnBeanCondition)

   ErrorMvcAutoConfiguration.WhitelabelErrorViewConfiguration matched:
      - @ConditionalOnProperty (server.error.whitelabel.enabled) matched (OnPropertyCondition)
      - ErrorTemplate Missing did not find error template view (ErrorMvcAutoConfiguration.ErrorTemplateMissingCondition)

   ErrorMvcAutoConfiguration.WhitelabelErrorViewConfiguration#beanNameViewResolver matched:
      - @ConditionalOnMissingBean (types: org.springframework.web.servlet.view.BeanNameViewResolver; SearchStrategy: all) did not find any beans (OnBeanCondition)

   ErrorMvcAutoConfiguration.WhitelabelErrorViewConfiguration#defaultErrorView matched:
      - @ConditionalOnMissingBean (names: error; SearchStrategy: all) did not find any beans (OnBeanCondition)

   GenericCacheConfiguration matched:
      - Cache org.springframework.boot.autoconfigure.cache.GenericCacheConfiguration automatic cache type (CacheCondition)

   HealthContributorAutoConfiguration#pingHealthContributor matched:
      - @ConditionalOnEnabledHealthIndicator management.health.defaults.enabled is considered true (OnEnabledHealthIndicatorCondition)

   HealthEndpointAutoConfiguration matched:
      - @ConditionalOnAvailableEndpoint marked as exposed by a 'management.endpoints.jmx.exposure' property (OnAvailableEndpointCondition)

   HealthEndpointConfiguration#healthContributorRegistry matched:
      - @ConditionalOnMissingBean (types: org.springframework.boot.actuate.health.HealthContributorRegistry; SearchStrategy: all) did not find any beans (OnBeanCondition)

   HealthEndpointConfiguration#healthEndpoint matched:
      - @ConditionalOnMissingBean (types: org.springframework.boot.actuate.health.HealthEndpoint; SearchStrategy: all) did not find any beans (OnBeanCondition)

   HealthEndpointConfiguration#healthEndpointGroupMembershipValidator matched:
      - @ConditionalOnProperty (management.endpoint.health.validate-group-membership=true) matched (OnPropertyCondition)

   HealthEndpointConfiguration#healthEndpointGroups matched:
      - @ConditionalOnMissingBean (types: org.springframework.boot.actuate.health.HealthEndpointGroups; SearchStrategy: all) did not find any beans (OnBeanCondition)

   HealthEndpointConfiguration#healthHttpCodeStatusMapper matched:
      - @ConditionalOnMissingBean (types: org.springframework.boot.actuate.health.HttpCodeStatusMapper; SearchStrategy: all) did not find any beans (OnBeanCondition)

   HealthEndpointConfiguration#healthStatusAggregator matched:
      - @ConditionalOnMissingBean (types: org.springframework.boot.actuate.health.StatusAggregator; SearchStrategy: all) did not find any beans (OnBeanCondition)

   HealthEndpointWebExtensionConfiguration matched:
      - found 'session' scope (OnWebApplicationCondition)
      - @ConditionalOnAvailableEndpoint marked as exposed by a 'management.endpoints.web.exposure' property (OnAvailableEndpointCondition)
      - @ConditionalOnBean (types: org.springframework.boot.actuate.health.HealthEndpoint; SearchStrategy: all) found bean 'healthEndpoint' (OnBeanCondition)

   HealthEndpointWebExtensionConfiguration#healthEndpointWebExtension matched:
      - @ConditionalOnMissingBean (types: org.springframework.boot.actuate.health.HealthEndpointWebExtension; SearchStrategy: all) did not find any beans (OnBeanCondition)

   HealthEndpointWebExtensionConfiguration.MvcAdditionalHealthEndpointPathsConfiguration matched:
      - @ConditionalOnAvailableEndpoint marked as exposed by a 'management.endpoints.web.exposure' property (OnAvailableEndpointCondition)
      - @ConditionalOnBean (types: org.springframework.web.servlet.DispatcherServlet; SearchStrategy: all) found bean 'dispatcherServlet' (OnBeanCondition)

   HeapDumpWebEndpointAutoConfiguration matched:
      - @ConditionalOnAvailableEndpoint marked as exposed by a 'management.endpoints.jmx.exposure' property (OnAvailableEndpointCondition)

   HeapDumpWebEndpointAutoConfiguration#heapDumpWebEndpoint matched:
      - @ConditionalOnMissingBean (types: org.springframework.boot.actuate.management.HeapDumpWebEndpoint; SearchStrategy: all) did not find any beans (OnBeanCondition)

   HibernateJpaAutoConfiguration matched:
      - @ConditionalOnClass found required classes 'org.springframework.orm.jpa.LocalContainerEntityManagerFactoryBean', 'jakarta.persistence.EntityManager', 'org.hibernate.engine.spi.SessionImplementor' (OnClassCondition)

   HibernateJpaConfiguration matched:
      - @ConditionalOnSingleCandidate (types: javax.sql.DataSource; SearchStrategy: all) found a single bean 'dataSource' (OnBeanCondition)

   HttpClientObservationsAutoConfiguration matched:
      - @ConditionalOnClass found required class 'io.micrometer.observation.Observation' (OnClassCondition)
      - @ConditionalOnBean (types: io.micrometer.observation.ObservationRegistry; SearchStrategy: all) found bean 'observationRegistry' (OnBeanCondition)

   HttpClientObservationsAutoConfiguration.MeterFilterConfiguration matched:
      - @ConditionalOnClass found required class 'io.micrometer.core.instrument.MeterRegistry' (OnClassCondition)
      - @ConditionalOnBean (types: io.micrometer.core.instrument.MeterRegistry; SearchStrategy: all) found bean 'prometheusMeterRegistry' (OnBeanCondition)

   HttpEncodingAutoConfiguration matched:
      - @ConditionalOnClass found required class 'org.springframework.web.filter.CharacterEncodingFilter' (OnClassCondition)
      - found 'session' scope (OnWebApplicationCondition)
      - @ConditionalOnProperty (server.servlet.encoding.enabled) matched (OnPropertyCondition)

   HttpEncodingAutoConfiguration#characterEncodingFilter matched:
      - @ConditionalOnMissingBean (types: org.springframework.web.filter.CharacterEncodingFilter; SearchStrategy: all) did not find any beans (OnBeanCondition)

   HttpExchangesEndpointAutoConfiguration matched:
      - @ConditionalOnAvailableEndpoint marked as exposed by a 'management.endpoints.jmx.exposure' property (OnAvailableEndpointCondition)

   HttpMessageConvertersAutoConfiguration matched:
      - @ConditionalOnClass found required class 'org.springframework.http.converter.HttpMessageConverter' (OnClassCondition)
      - NoneNestedConditions 0 matched 1 did not; NestedCondition on HttpMessageConvertersAutoConfiguration.NotReactiveWebApplicationCondition.ReactiveWebApplication did not find reactive web application classes (HttpMessageConvertersAutoConfiguration.NotReactiveWebApplicationCondition)

   HttpMessageConvertersAutoConfiguration#messageConverters matched:
      - @ConditionalOnMissingBean (types: org.springframework.boot.autoconfigure.http.HttpMessageConverters; SearchStrategy: all) did not find any beans (OnBeanCondition)

   HttpMessageConvertersAutoConfiguration.StringHttpMessageConverterConfiguration matched:
      - @ConditionalOnClass found required class 'org.springframework.http.converter.StringHttpMessageConverter' (OnClassCondition)

   HttpMessageConvertersAutoConfiguration.StringHttpMessageConverterConfiguration#stringHttpMessageConverter matched:
      - @ConditionalOnMissingBean (types: org.springframework.http.converter.StringHttpMessageConverter; SearchStrategy: all) did not find any beans (OnBeanCondition)

   InfoEndpointAutoConfiguration matched:
      - @ConditionalOnAvailableEndpoint marked as exposed by a 'management.endpoints.jmx.exposure' property (OnAvailableEndpointCondition)

   InfoEndpointAutoConfiguration#infoEndpoint matched:
      - @ConditionalOnMissingBean (types: org.springframework.boot.actuate.info.InfoEndpoint; SearchStrategy: all) did not find any beans (OnBeanCondition)

   JacksonAutoConfiguration matched:
      - @ConditionalOnClass found required class 'com.fasterxml.jackson.databind.ObjectMapper' (OnClassCondition)

   JacksonAutoConfiguration.Jackson2ObjectMapperBuilderCustomizerConfiguration matched:
      - @ConditionalOnClass found required class 'org.springframework.http.converter.json.Jackson2ObjectMapperBuilder' (OnClassCondition)

   JacksonAutoConfiguration.JacksonObjectMapperBuilderConfiguration matched:
      - @ConditionalOnClass found required class 'org.springframework.http.converter.json.Jackson2ObjectMapperBuilder' (OnClassCondition)

   JacksonAutoConfiguration.JacksonObjectMapperBuilderConfiguration#jacksonObjectMapperBuilder matched:
      - @ConditionalOnMissingBean (types: org.springframework.http.converter.json.Jackson2ObjectMapperBuilder; SearchStrategy: all) did not find any beans (OnBeanCondition)

   JacksonAutoConfiguration.JacksonObjectMapperConfiguration matched:
      - @ConditionalOnClass found required class 'org.springframework.http.converter.json.Jackson2ObjectMapperBuilder' (OnClassCondition)

   JacksonAutoConfiguration.JacksonObjectMapperConfiguration#jacksonObjectMapper matched:
      - @ConditionalOnMissingBean (types: com.fasterxml.jackson.databind.ObjectMapper; SearchStrategy: all) did not find any beans (OnBeanCondition)

   JacksonAutoConfiguration.ParameterNamesModuleConfiguration matched:
      - @ConditionalOnClass found required class 'com.fasterxml.jackson.module.paramnames.ParameterNamesModule' (OnClassCondition)

   JacksonAutoConfiguration.ParameterNamesModuleConfiguration#parameterNamesModule matched:
      - @ConditionalOnMissingBean (types: com.fasterxml.jackson.module.paramnames.ParameterNamesModule; SearchStrategy: all) did not find any beans (OnBeanCondition)

   JacksonEndpointAutoConfiguration#endpointObjectMapper matched:
      - @ConditionalOnClass found required classes 'com.fasterxml.jackson.databind.ObjectMapper', 'org.springframework.http.converter.json.Jackson2ObjectMapperBuilder' (OnClassCondition)
      - @ConditionalOnProperty (management.endpoints.jackson.isolated-object-mapper) matched (OnPropertyCondition)

   JacksonHttpMessageConvertersConfiguration.MappingJackson2HttpMessageConverterConfiguration matched:
      - @ConditionalOnClass found required class 'com.fasterxml.jackson.databind.ObjectMapper' (OnClassCondition)
      - @ConditionalOnProperty (spring.mvc.converters.preferred-json-mapper=jackson) matched (OnPropertyCondition)
      - @ConditionalOnBean (types: com.fasterxml.jackson.databind.ObjectMapper; SearchStrategy: all) found bean 'jacksonObjectMapper' (OnBeanCondition)

   JacksonHttpMessageConvertersConfiguration.MappingJackson2HttpMessageConverterConfiguration#mappingJackson2HttpMessageConverter matched:
      - @ConditionalOnMissingBean (types: org.springframework.http.converter.json.MappingJackson2HttpMessageConverter ignored: org.springframework.hateoas.server.mvc.TypeConstrainedMappingJackson2HttpMessageConverter,org.springframework.data.rest.webmvc.alps.AlpsJsonHttpMessageConverter; SearchStrategy: all) did not find any beans (OnBeanCondition)

   JdbcClientAutoConfiguration matched:
      - @ConditionalOnSingleCandidate (types: org.springframework.jdbc.core.namedparam.NamedParameterJdbcTemplate; SearchStrategy: all) found a single bean 'namedParameterJdbcTemplate'; @ConditionalOnMissingBean (types: org.springframework.jdbc.core.simple.JdbcClient; SearchStrategy: all) did not find any beans (OnBeanCondition)

   JdbcTemplateAutoConfiguration matched:
      - @ConditionalOnClass found required classes 'javax.sql.DataSource', 'org.springframework.jdbc.core.JdbcTemplate' (OnClassCondition)
      - @ConditionalOnSingleCandidate (types: javax.sql.DataSource; SearchStrategy: all) found a single bean 'dataSource' (OnBeanCondition)

   JdbcTemplateConfiguration matched:
      - @ConditionalOnMissingBean (types: org.springframework.jdbc.core.JdbcOperations; SearchStrategy: all) did not find any beans (OnBeanCondition)

   JmxAutoConfiguration matched:
      - @ConditionalOnClass found required class 'org.springframework.jmx.export.MBeanExporter' (OnClassCondition)
      - @ConditionalOnProperty (spring.jmx.enabled=true) matched (OnPropertyCondition)

   JmxAutoConfiguration#mbeanExporter matched:
      - @ConditionalOnMissingBean (types: org.springframework.jmx.export.MBeanExporter; SearchStrategy: current) did not find any beans (OnBeanCondition)

   JmxAutoConfiguration#mbeanServer matched:
      - @ConditionalOnMissingBean (types: javax.management.MBeanServer; SearchStrategy: all) did not find any beans (OnBeanCondition)

   JmxAutoConfiguration#objectNamingStrategy matched:
      - @ConditionalOnMissingBean (types: org.springframework.jmx.export.naming.ObjectNamingStrategy; SearchStrategy: current) did not find any beans (OnBeanCondition)

   JmxEndpointAutoConfiguration matched:
      - @ConditionalOnProperty (spring.jmx.enabled=true) matched (OnPropertyCondition)

   JmxEndpointAutoConfiguration#endpointObjectNameFactory matched:
      - @ConditionalOnMissingBean (types: org.springframework.boot.actuate.endpoint.jmx.EndpointObjectNameFactory; SearchStrategy: current) did not find any beans (OnBeanCondition)

   JmxEndpointAutoConfiguration#jmxAnnotationEndpointDiscoverer matched:
      - @ConditionalOnMissingBean (types: org.springframework.boot.actuate.endpoint.jmx.JmxEndpointsSupplier; SearchStrategy: all) did not find any beans (OnBeanCondition)

   JmxEndpointAutoConfiguration#jmxMBeanExporter matched:
      - @ConditionalOnSingleCandidate (types: javax.management.MBeanServer; SearchStrategy: all) found a single bean 'mbeanServer' (OnBeanCondition)

   JpaBaseConfiguration#entityManagerFactory matched:
      - @ConditionalOnMissingBean (types: org.springframework.orm.jpa.LocalContainerEntityManagerFactoryBean,jakarta.persistence.EntityManagerFactory; SearchStrategy: all) did not find any beans (OnBeanCondition)

   JpaBaseConfiguration#entityManagerFactoryBuilder matched:
      - @ConditionalOnMissingBean (types: org.springframework.boot.orm.jpa.EntityManagerFactoryBuilder; SearchStrategy: all) did not find any beans (OnBeanCondition)

   JpaBaseConfiguration#jpaVendorAdapter matched:
      - @ConditionalOnMissingBean (types: org.springframework.orm.jpa.JpaVendorAdapter; SearchStrategy: all) did not find any beans (OnBeanCondition)

   JpaBaseConfiguration#transactionManager matched:
      - @ConditionalOnMissingBean (types: org.springframework.transaction.TransactionManager; SearchStrategy: all) did not find any beans (OnBeanCondition)

   JpaBaseConfiguration.JpaWebConfiguration matched:
      - @ConditionalOnClass found required class 'org.springframework.web.servlet.config.annotation.WebMvcConfigurer' (OnClassCondition)
      - found 'session' scope (OnWebApplicationCondition)
      - @ConditionalOnProperty (spring.jpa.open-in-view=true) matched (OnPropertyCondition)
      - @ConditionalOnMissingBean (types: org.springframework.orm.jpa.support.OpenEntityManagerInViewInterceptor,org.springframework.orm.jpa.support.OpenEntityManagerInViewFilter; SearchStrategy: all) did not find any beans (OnBeanCondition)

   JpaBaseConfiguration.PersistenceManagedTypesConfiguration matched:
      - @ConditionalOnMissingBean (types: org.springframework.orm.jpa.LocalContainerEntityManagerFactoryBean,jakarta.persistence.EntityManagerFactory; SearchStrategy: all) did not find any beans (OnBeanCondition)

   JpaBaseConfiguration.PersistenceManagedTypesConfiguration#persistenceManagedTypes matched:
      - @ConditionalOnMissingBean (types: org.springframework.orm.jpa.persistenceunit.PersistenceManagedTypes; SearchStrategy: all) did not find any beans (OnBeanCondition)

   JpaRepositoriesAutoConfiguration matched:
      - @ConditionalOnClass found required class 'org.springframework.data.jpa.repository.JpaRepository' (OnClassCondition)
      - @ConditionalOnProperty (spring.data.jpa.repositories.enabled=true) matched (OnPropertyCondition)
      - @ConditionalOnBean (types: javax.sql.DataSource; SearchStrategy: all) found bean 'dataSource'; @ConditionalOnMissingBean (types: org.springframework.data.jpa.repository.support.JpaRepositoryFactoryBean,org.springframework.data.jpa.repository.config.JpaRepositoryConfigExtension; SearchStrategy: all) did not find any beans (OnBeanCondition)

   JtaAutoConfiguration matched:
      - @ConditionalOnClass found required class 'jakarta.transaction.Transaction' (OnClassCondition)
      - @ConditionalOnProperty (spring.jta.enabled) matched (OnPropertyCondition)

   JvmMetricsAutoConfiguration matched:
      - @ConditionalOnClass found required class 'io.micrometer.core.instrument.MeterRegistry' (OnClassCondition)
      - @ConditionalOnBean (types: io.micrometer.core.instrument.MeterRegistry; SearchStrategy: all) found bean 'prometheusMeterRegistry' (OnBeanCondition)

   JvmMetricsAutoConfiguration#classLoaderMetrics matched:
      - @ConditionalOnMissingBean (types: io.micrometer.core.instrument.binder.jvm.ClassLoaderMetrics; SearchStrategy: all) did not find any beans (OnBeanCondition)

   JvmMetricsAutoConfiguration#jvmCompilationMetrics matched:
      - @ConditionalOnMissingBean (types: io.micrometer.core.instrument.binder.jvm.JvmCompilationMetrics; SearchStrategy: all) did not find any beans (OnBeanCondition)

   JvmMetricsAutoConfiguration#jvmGcMetrics matched:
      - @ConditionalOnMissingBean (types: io.micrometer.core.instrument.binder.jvm.JvmGcMetrics; SearchStrategy: all) did not find any beans (OnBeanCondition)

   JvmMetricsAutoConfiguration#jvmHeapPressureMetrics matched:
      - @ConditionalOnMissingBean (types: io.micrometer.core.instrument.binder.jvm.JvmHeapPressureMetrics; SearchStrategy: all) did not find any beans (OnBeanCondition)

   JvmMetricsAutoConfiguration#jvmInfoMetrics matched:
      - @ConditionalOnMissingBean (types: io.micrometer.core.instrument.binder.jvm.JvmInfoMetrics; SearchStrategy: all) did not find any beans (OnBeanCondition)

   JvmMetricsAutoConfiguration#jvmMemoryMetrics matched:
      - @ConditionalOnMissingBean (types: io.micrometer.core.instrument.binder.jvm.JvmMemoryMetrics; SearchStrategy: all) did not find any beans (OnBeanCondition)

   JvmMetricsAutoConfiguration#jvmThreadMetrics matched:
      - @ConditionalOnMissingBean (types: io.micrometer.core.instrument.binder.jvm.JvmThreadMetrics; SearchStrategy: all) did not find any beans (OnBeanCondition)

   LifecycleAutoConfiguration#defaultLifecycleProcessor matched:
      - @ConditionalOnMissingBean (names: lifecycleProcessor; SearchStrategy: current) did not find any beans (OnBeanCondition)

   LogFileWebEndpointAutoConfiguration matched:
      - @ConditionalOnAvailableEndpoint marked as exposed by a 'management.endpoints.jmx.exposure' property (OnAvailableEndpointCondition)

   LogFileWebEndpointAutoConfiguration#logFileWebEndpoint matched:
      - Log File found logging.file.name test.log (LogFileWebEndpointAutoConfiguration.LogFileCondition)
      - @ConditionalOnMissingBean (types: org.springframework.boot.actuate.logging.LogFileWebEndpoint; SearchStrategy: all) did not find any beans (OnBeanCondition)

   LogbackMetricsAutoConfiguration matched:
      - @ConditionalOnClass found required classes 'io.micrometer.core.instrument.MeterRegistry', 'ch.qos.logback.classic.LoggerContext', 'org.slf4j.LoggerFactory' (OnClassCondition)
      - LogbackLoggingCondition ILoggerFactory is a Logback LoggerContext (LogbackMetricsAutoConfiguration.LogbackLoggingCondition)
      - @ConditionalOnBean (types: io.micrometer.core.instrument.MeterRegistry; SearchStrategy: all) found bean 'prometheusMeterRegistry' (OnBeanCondition)

   LogbackMetricsAutoConfiguration#logbackMetrics matched:
      - @ConditionalOnMissingBean (types: io.micrometer.core.instrument.binder.logging.LogbackMetrics; SearchStrategy: all) did not find any beans (OnBeanCondition)

   LoggersEndpointAutoConfiguration matched:
      - @ConditionalOnAvailableEndpoint marked as exposed by a 'management.endpoints.jmx.exposure' property (OnAvailableEndpointCondition)

   LoggersEndpointAutoConfiguration#loggersEndpoint matched:
      - Logging System enabled (LoggersEndpointAutoConfiguration.OnEnabledLoggingSystemCondition)
      - @ConditionalOnBean (types: org.springframework.boot.logging.LoggingSystem; SearchStrategy: all) found bean 'springBootLoggingSystem'; @ConditionalOnMissingBean (types: org.springframework.boot.actuate.logging.LoggersEndpoint; SearchStrategy: all) did not find any beans (OnBeanCondition)

   ManagementContextAutoConfiguration.SameManagementContextConfiguration matched:
      - Management Port actual port type (SAME) matched required type (OnManagementPortCondition)

   MappingsEndpointAutoConfiguration matched:
      - @ConditionalOnAvailableEndpoint marked as exposed by a 'management.endpoints.jmx.exposure' property (OnAvailableEndpointCondition)

   MappingsEndpointAutoConfiguration.ServletWebConfiguration matched:
      - found 'session' scope (OnWebApplicationCondition)

   MappingsEndpointAutoConfiguration.ServletWebConfiguration.SpringMvcConfiguration matched:
      - @ConditionalOnClass found required class 'org.springframework.web.servlet.DispatcherServlet' (OnClassCondition)
      - @ConditionalOnBean (types: org.springframework.web.servlet.DispatcherServlet; SearchStrategy: all) found bean 'dispatcherServlet' (OnBeanCondition)

   MetricsAutoConfiguration matched:
      - @ConditionalOnClass found required class 'io.micrometer.core.annotation.Timed' (OnClassCondition)

   MetricsAutoConfiguration#micrometerClock matched:
      - @ConditionalOnMissingBean (types: io.micrometer.core.instrument.Clock; SearchStrategy: all) did not find any beans (OnBeanCondition)

   MetricsEndpointAutoConfiguration matched:
      - @ConditionalOnClass found required class 'io.micrometer.core.annotation.Timed' (OnClassCondition)
      - @ConditionalOnAvailableEndpoint marked as exposed by a 'management.endpoints.jmx.exposure' property (OnAvailableEndpointCondition)

   MetricsEndpointAutoConfiguration#metricsEndpoint matched:
      - @ConditionalOnBean (types: io.micrometer.core.instrument.MeterRegistry; SearchStrategy: all) found bean 'prometheusMeterRegistry'; @ConditionalOnMissingBean (types: org.springframework.boot.actuate.metrics.MetricsEndpoint; SearchStrategy: all) did not find any beans (OnBeanCondition)

   MicrometerTracingAutoConfiguration matched:
      - @ConditionalOnClass found required class 'io.micrometer.tracing.Tracer' (OnClassCondition)
      - @ConditionalOnBean (types: io.micrometer.tracing.Tracer; SearchStrategy: all) found bean 'braveTracerBridge' (OnBeanCondition)

   MicrometerTracingAutoConfiguration#defaultTracingObservationHandler matched:
      - @ConditionalOnMissingBean (types: io.micrometer.tracing.handler.DefaultTracingObservationHandler; SearchStrategy: all) did not find any beans (OnBeanCondition)

   MicrometerTracingAutoConfiguration#propagatingReceiverTracingObservationHandler matched:
      - @ConditionalOnBean (types: io.micrometer.tracing.propagation.Propagator; SearchStrategy: all) found bean 'bravePropagator'; @ConditionalOnMissingBean (types: io.micrometer.tracing.handler.PropagatingReceiverTracingObservationHandler; SearchStrategy: all) did not find any beans (OnBeanCondition)

   MicrometerTracingAutoConfiguration#propagatingSenderTracingObservationHandler matched:
      - @ConditionalOnBean (types: io.micrometer.tracing.propagation.Propagator; SearchStrategy: all) found bean 'bravePropagator'; @ConditionalOnMissingBean (types: io.micrometer.tracing.handler.PropagatingSenderTracingObservationHandler; SearchStrategy: all) did not find any beans (OnBeanCondition)

   MultipartAutoConfiguration matched:
      - @ConditionalOnClass found required classes 'jakarta.servlet.Servlet', 'org.springframework.web.multipart.support.StandardServletMultipartResolver', 'jakarta.servlet.MultipartConfigElement' (OnClassCondition)
      - found 'session' scope (OnWebApplicationCondition)
      - @ConditionalOnProperty (spring.servlet.multipart.enabled) matched (OnPropertyCondition)

   MultipartAutoConfiguration#multipartConfigElement matched:
      - @ConditionalOnMissingBean (types: jakarta.servlet.MultipartConfigElement; SearchStrategy: all) did not find any beans (OnBeanCondition)

   MultipartAutoConfiguration#multipartResolver matched:
      - @ConditionalOnMissingBean (types: org.springframework.web.multipart.MultipartResolver; SearchStrategy: all) did not find any beans (OnBeanCondition)

   NamedParameterJdbcTemplateConfiguration matched:
      - @ConditionalOnSingleCandidate (types: org.springframework.jdbc.core.JdbcTemplate; SearchStrategy: all) found a single bean 'jdbcTemplate'; @ConditionalOnMissingBean (types: org.springframework.jdbc.core.namedparam.NamedParameterJdbcOperations; SearchStrategy: all) did not find any beans (OnBeanCondition)

   NoOpCacheConfiguration matched:
      - Cache org.springframework.boot.autoconfigure.cache.NoOpCacheConfiguration automatic cache type (CacheCondition)

   ObservationAutoConfiguration matched:
      - @ConditionalOnClass found required class 'io.micrometer.observation.ObservationRegistry' (OnClassCondition)

   ObservationAutoConfiguration#observationRegistry matched:
      - @ConditionalOnMissingBean (types: io.micrometer.observation.ObservationRegistry; SearchStrategy: all) did not find any beans (OnBeanCondition)

   ObservationAutoConfiguration.MeterObservationHandlerConfiguration matched:
      - @ConditionalOnBean (types: io.micrometer.core.instrument.MeterRegistry; SearchStrategy: all) found bean 'prometheusMeterRegistry'; @ConditionalOnMissingBean (types: io.micrometer.core.instrument.observation.MeterObservationHandler; SearchStrategy: all) did not find any beans (OnBeanCondition)

   ObservationAutoConfiguration.MeterObservationHandlerConfiguration.TracingAndMetricsObservationHandlerConfiguration matched:
      - @ConditionalOnBean (types: io.micrometer.tracing.Tracer; SearchStrategy: all) found bean 'braveTracerBridge' (OnBeanCondition)

   ObservationAutoConfiguration.MetricsWithTracingConfiguration matched:
      - @ConditionalOnClass found required classes 'io.micrometer.core.instrument.MeterRegistry', 'io.micrometer.tracing.Tracer' (OnClassCondition)

   ObservationAutoConfiguration.ObservedAspectConfiguration matched:
      - @ConditionalOnClass found required class 'org.aspectj.weaver.Advice' (OnClassCondition)

   ObservationAutoConfiguration.ObservedAspectConfiguration#observedAspect matched:
      - @ConditionalOnMissingBean (types: io.micrometer.observation.aop.ObservedAspect; SearchStrategy: all) did not find any beans (OnBeanCondition)

   PersistenceExceptionTranslationAutoConfiguration matched:
      - @ConditionalOnClass found required class 'org.springframework.dao.annotation.PersistenceExceptionTranslationPostProcessor' (OnClassCondition)

   PersistenceExceptionTranslationAutoConfiguration#persistenceExceptionTranslationPostProcessor matched:
      - @ConditionalOnProperty (spring.dao.exceptiontranslation.enabled) matched (OnPropertyCondition)
      - @ConditionalOnMissingBean (types: org.springframework.dao.annotation.PersistenceExceptionTranslationPostProcessor; SearchStrategy: all) did not find any beans (OnBeanCondition)

   PrometheusExemplarsAutoConfiguration matched:
      - @ConditionalOnClass found required classes 'io.micrometer.tracing.Tracer', 'io.prometheus.metrics.tracer.common.SpanContext' (OnClassCondition)
      - @ConditionalOnBean (types: io.micrometer.tracing.Tracer; SearchStrategy: all) found bean 'braveTracerBridge' (OnBeanCondition)

   PrometheusExemplarsAutoConfiguration#spanContext matched:
      - @ConditionalOnMissingBean (types: io.prometheus.metrics.tracer.common.SpanContext; SearchStrategy: all) did not find any beans (OnBeanCondition)

   PrometheusMetricsExportAutoConfiguration matched:
      - @ConditionalOnClass found required class 'io.micrometer.prometheusmetrics.PrometheusMeterRegistry' (OnClassCondition)
      - @ConditionalOnEnabledMetricsExport management.defaults.metrics.export.enabled is considered true (OnMetricsExportEnabledCondition)
      - @ConditionalOnBean (types: io.micrometer.core.instrument.Clock; SearchStrategy: all) found bean 'micrometerClock' (OnBeanCondition)

   PrometheusMetricsExportAutoConfiguration#prometheusConfig matched:
      - @ConditionalOnMissingBean (types: io.micrometer.prometheusmetrics.PrometheusConfig; SearchStrategy: all) did not find any beans (OnBeanCondition)

   PrometheusMetricsExportAutoConfiguration#prometheusMeterRegistry matched:
      - @ConditionalOnMissingBean (types: io.micrometer.prometheusmetrics.PrometheusMeterRegistry; SearchStrategy: all) did not find any beans (OnBeanCondition)

   PrometheusMetricsExportAutoConfiguration#prometheusRegistry matched:
      - @ConditionalOnMissingBean (types: io.prometheus.metrics.model.registry.PrometheusRegistry; SearchStrategy: all) did not find any beans (OnBeanCondition)

   PrometheusMetricsExportAutoConfiguration.PrometheusScrapeEndpointConfiguration matched:
      - @ConditionalOnAvailableEndpoint marked as exposed by a 'management.endpoints.jmx.exposure' property (OnAvailableEndpointCondition)

   PrometheusMetricsExportAutoConfiguration.PrometheusScrapeEndpointConfiguration#prometheusEndpoint matched:
      - @ConditionalOnMissingBean (types: org.springframework.boot.actuate.metrics.export.prometheus.PrometheusScrapeEndpoint,org.springframework.boot.actuate.metrics.export.prometheus.PrometheusSimpleclientScrapeEndpoint; SearchStrategy: all) did not find any beans (OnBeanCondition)

   PropertyPlaceholderAutoConfiguration#propertySourcesPlaceholderConfigurer matched:
      - @ConditionalOnMissingBean (types: org.springframework.context.support.PropertySourcesPlaceholderConfigurer; SearchStrategy: current) did not find any beans (OnBeanCondition)

   RepositoryMetricsAutoConfiguration matched:
      - @ConditionalOnClass found required class 'org.springframework.data.repository.Repository' (OnClassCondition)
      - @ConditionalOnBean (types: io.micrometer.core.instrument.MeterRegistry; SearchStrategy: all) found bean 'prometheusMeterRegistry' (OnBeanCondition)

   RepositoryMetricsAutoConfiguration#metricsRepositoryMethodInvocationListener matched:
      - @ConditionalOnMissingBean (types: org.springframework.boot.actuate.metrics.data.MetricsRepositoryMethodInvocationListener; SearchStrategy: all) did not find any beans (OnBeanCondition)

   RepositoryMetricsAutoConfiguration#repositoryTagsProvider matched:
      - @ConditionalOnMissingBean (types: org.springframework.boot.actuate.metrics.data.RepositoryTagsProvider; SearchStrategy: all) did not find any beans (OnBeanCondition)

   RestClientAutoConfiguration matched:
      - @ConditionalOnClass found required class 'org.springframework.web.client.RestClient' (OnClassCondition)
      - NoneNestedConditions 0 matched 1 did not; NestedCondition on NotReactiveWebApplicationCondition.ReactiveWebApplication did not find reactive web application classes (NotReactiveWebApplicationCondition)

   RestClientAutoConfiguration#httpMessageConvertersRestClientCustomizer matched:
      - @ConditionalOnMissingBean (types: org.springframework.boot.autoconfigure.web.client.HttpMessageConvertersRestClientCustomizer; SearchStrategy: all) did not find any beans (OnBeanCondition)

   RestClientAutoConfiguration#restClientBuilder matched:
      - @ConditionalOnMissingBean (types: org.springframework.web.client.RestClient$Builder; SearchStrategy: all) did not find any beans (OnBeanCondition)

   RestClientAutoConfiguration#restClientBuilderConfigurer matched:
      - @ConditionalOnMissingBean (types: org.springframework.boot.autoconfigure.web.client.RestClientBuilderConfigurer; SearchStrategy: all) did not find any beans (OnBeanCondition)

   RestClientAutoConfiguration#restClientSsl matched:
      - @ConditionalOnBean (types: org.springframework.boot.ssl.SslBundles; SearchStrategy: all) found bean 'sslBundleRegistry'; @ConditionalOnMissingBean (types: org.springframework.boot.autoconfigure.web.client.RestClientSsl; SearchStrategy: all) did not find any beans (OnBeanCondition)

   RestClientObservationConfiguration matched:
      - @ConditionalOnClass found required class 'org.springframework.web.client.RestClient' (OnClassCondition)
      - @ConditionalOnBean (types: org.springframework.web.client.RestClient$Builder; SearchStrategy: all) found bean 'restClientBuilder' (OnBeanCondition)

   RestTemplateAutoConfiguration matched:
      - @ConditionalOnClass found required class 'org.springframework.web.client.RestTemplate' (OnClassCondition)
      - NoneNestedConditions 0 matched 1 did not; NestedCondition on NotReactiveWebApplicationCondition.ReactiveWebApplication did not find reactive web application classes (NotReactiveWebApplicationCondition)

   RestTemplateAutoConfiguration#restTemplateBuilder matched:
      - @ConditionalOnMissingBean (types: org.springframework.boot.web.client.RestTemplateBuilder; SearchStrategy: all) did not find any beans (OnBeanCondition)

   RestTemplateObservationConfiguration matched:
      - @ConditionalOnClass found required class 'org.springframework.web.client.RestTemplate' (OnClassCondition)
      - @ConditionalOnBean (types: org.springframework.boot.web.client.RestTemplateBuilder; SearchStrategy: all) found bean 'restTemplateBuilder' (OnBeanCondition)

   SbomEndpointAutoConfiguration matched:
      - @ConditionalOnAvailableEndpoint marked as exposed by a 'management.endpoints.jmx.exposure' property (OnAvailableEndpointCondition)

   SbomEndpointAutoConfiguration#sbomEndpoint matched:
      - @ConditionalOnMissingBean (types: org.springframework.boot.actuate.sbom.SbomEndpoint; SearchStrategy: all) did not find any beans (OnBeanCondition)

   ScheduledTasksEndpointAutoConfiguration matched:
      - @ConditionalOnAvailableEndpoint marked as exposed by a 'management.endpoints.jmx.exposure' property (OnAvailableEndpointCondition)

   ScheduledTasksEndpointAutoConfiguration#scheduledTasksEndpoint matched:
      - @ConditionalOnMissingBean (types: org.springframework.boot.actuate.scheduling.ScheduledTasksEndpoint; SearchStrategy: all) did not find any beans (OnBeanCondition)

   ScheduledTasksObservabilityAutoConfiguration matched:
      - @ConditionalOnClass found required class 'org.springframework.scheduling.concurrent.ThreadPoolTaskScheduler' (OnClassCondition)
      - @ConditionalOnBean (types: io.micrometer.observation.ObservationRegistry; SearchStrategy: all) found bean 'observationRegistry' (OnBeanCondition)

   ServletEndpointManagementContextConfiguration matched:
      - found 'session' scope (OnWebApplicationCondition)

   ServletEndpointManagementContextConfiguration.WebMvcServletEndpointManagementContextConfiguration matched:
      - @ConditionalOnClass found required class 'org.springframework.web.servlet.DispatcherServlet' (OnClassCondition)

   ServletManagementContextAutoConfiguration matched:
      - @ConditionalOnClass found required class 'jakarta.servlet.Servlet' (OnClassCondition)
      - found 'session' scope (OnWebApplicationCondition)

   ServletWebServerFactoryAutoConfiguration matched:
      - @ConditionalOnClass found required class 'jakarta.servlet.ServletRequest' (OnClassCondition)
      - found 'session' scope (OnWebApplicationCondition)

   ServletWebServerFactoryAutoConfiguration#tomcatServletWebServerFactoryCustomizer matched:
      - @ConditionalOnClass found required class 'org.apache.catalina.startup.Tomcat' (OnClassCondition)

   ServletWebServerFactoryConfiguration.EmbeddedTomcat matched:
      - @ConditionalOnClass found required classes 'jakarta.servlet.Servlet', 'org.apache.catalina.startup.Tomcat', 'org.apache.coyote.UpgradeProtocol' (OnClassCondition)
      - @ConditionalOnMissingBean (types: org.springframework.boot.web.servlet.server.ServletWebServerFactory; SearchStrategy: current) did not find any beans (OnBeanCondition)

   SimpleCacheConfiguration matched:
      - Cache org.springframework.boot.autoconfigure.cache.SimpleCacheConfiguration automatic cache type (CacheCondition)

   SpringApplicationAdminJmxAutoConfiguration matched:
      - @ConditionalOnProperty (spring.application.admin.enabled=true) matched (OnPropertyCondition)

   SpringApplicationAdminJmxAutoConfiguration#springApplicationAdminRegistrar matched:
      - @ConditionalOnMissingBean (types: org.springframework.boot.admin.SpringApplicationAdminMXBeanRegistrar; SearchStrategy: all) did not find any beans (OnBeanCondition)

   SpringDataWebAutoConfiguration matched:
      - @ConditionalOnClass found required classes 'org.springframework.data.web.PageableHandlerMethodArgumentResolver', 'org.springframework.web.servlet.config.annotation.WebMvcConfigurer' (OnClassCondition)
      - found 'session' scope (OnWebApplicationCondition)
      - @ConditionalOnMissingBean (types: org.springframework.data.web.PageableHandlerMethodArgumentResolver; SearchStrategy: all) did not find any beans (OnBeanCondition)

   SpringDataWebAutoConfiguration#pageableCustomizer matched:
      - @ConditionalOnMissingBean (types: org.springframework.data.web.config.PageableHandlerMethodArgumentResolverCustomizer; SearchStrategy: all) did not find any beans (OnBeanCondition)

   SpringDataWebAutoConfiguration#sortCustomizer matched:
      - @ConditionalOnMissingBean (types: org.springframework.data.web.config.SortHandlerMethodArgumentResolverCustomizer; SearchStrategy: all) did not find any beans (OnBeanCondition)

   SpringDocConfigProperties matched:
      - @ConditionalOnProperty (springdoc.api-docs.enabled) matched (OnPropertyCondition)
      - @ConditionalOnBean (types: org.springdoc.core.configuration.SpringDocConfiguration; SearchStrategy: all) found bean 'org.springdoc.core.configuration.SpringDocConfiguration' (OnBeanCondition)

   SpringDocConfiguration matched:
      - @ConditionalOnWebApplication (required) found 'session' scope (OnWebApplicationCondition)
      - @ConditionalOnProperty (springdoc.api-docs.enabled) matched (OnPropertyCondition)

   SpringDocConfiguration#fileSupportConverter matched:
      - @ConditionalOnMissingBean (types: org.springdoc.core.converters.FileSupportConverter; SearchStrategy: all) did not find any beans (OnBeanCondition)

   SpringDocConfiguration#openAPIBuilder matched:
      - @ConditionalOnMissingBean (types: org.springdoc.core.service.OpenAPIService; SearchStrategy: all) did not find any beans (OnBeanCondition)

   SpringDocConfiguration#operationBuilder matched:
      - @ConditionalOnMissingBean (types: org.springdoc.core.service.OperationService; SearchStrategy: all) did not find any beans (OnBeanCondition)

   SpringDocConfiguration#parameterBuilder matched:
      - @ConditionalOnMissingBean (types: org.springdoc.core.service.GenericParameterService; SearchStrategy: all) did not find any beans (OnBeanCondition)

   SpringDocConfiguration#polymorphicModelConverter matched:
      - @ConditionalOnProperty (springdoc.model-converters.polymorphic-converter.enabled) matched (OnPropertyCondition)
      - @ConditionalOnMissingBean (types: org.springdoc.core.converters.PolymorphicModelConverter; SearchStrategy: all) did not find any beans (OnBeanCondition)

   SpringDocConfiguration#requestBodyBuilder matched:
      - @ConditionalOnMissingBean (types: org.springdoc.core.service.RequestBodyService; SearchStrategy: all) did not find any beans (OnBeanCondition)

   SpringDocConfiguration#responseSupportConverter matched:
      - @ConditionalOnMissingBean (types: org.springdoc.core.converters.ResponseSupportConverter; SearchStrategy: all) did not find any beans (OnBeanCondition)

   SpringDocConfiguration#schemaPropertyDeprecatingConverter matched:
      - @ConditionalOnProperty (springdoc.model-converters.deprecating-converter.enabled) matched (OnPropertyCondition)
      - @ConditionalOnMissingBean (types: org.springdoc.core.converters.SchemaPropertyDeprecatingConverter; SearchStrategy: all) did not find any beans (OnBeanCondition)

   SpringDocConfiguration#securityParser matched:
      - @ConditionalOnMissingBean (types: org.springdoc.core.service.SecurityService; SearchStrategy: all) did not find any beans (OnBeanCondition)

   SpringDocConfiguration#springDocCustomizers matched:
      - @ConditionalOnMissingBean (types: org.springdoc.core.customizers.SpringDocCustomizers; SearchStrategy: all) did not find any beans (OnBeanCondition)

   SpringDocConfiguration#springDocProviders matched:
      - @ConditionalOnMissingBean (types: org.springdoc.core.providers.SpringDocProviders; SearchStrategy: all) did not find any beans (OnBeanCondition)

   SpringDocConfiguration#springdocObjectMapperProvider matched:
      - @ConditionalOnMissingBean (types: org.springdoc.core.providers.ObjectMapperProvider; SearchStrategy: all) did not find any beans (OnBeanCondition)

   SpringDocConfiguration.QuerydslProvider matched:
      - @ConditionalOnClass found required class 'org.springframework.data.querydsl.binding.QuerydslBindingsFactory' (OnClassCondition)

   SpringDocConfiguration.QuerydslProvider#queryDslQuerydslPredicateOperationCustomizer matched:
      - @ConditionalOnMissingBean (types: org.springdoc.core.customizers.QuerydslPredicateOperationCustomizer; SearchStrategy: all) did not find any beans (OnBeanCondition)

   SpringDocConfiguration.SpringDocSpringDataWebPropertiesProvider matched:
      - @ConditionalOnClass found required class 'org.springframework.boot.autoconfigure.data.web.SpringDataWebProperties' (OnClassCondition)

   SpringDocConfiguration.SpringDocSpringDataWebPropertiesProvider#springDataWebPropertiesProvider matched:
      - @ConditionalOnMissingBean (types: org.springdoc.core.providers.SpringDataWebPropertiesProvider; SearchStrategy: all) did not find any beans (OnBeanCondition)

   SpringDocConfiguration.WebConversionServiceConfiguration matched:
      - @ConditionalOnClass found required class 'org.springframework.boot.autoconfigure.web.format.WebConversionService' (OnClassCondition)

   SpringDocPageableConfiguration matched:
      - @ConditionalOnClass found required class 'org.springframework.data.domain.Pageable' (OnClassCondition)
      - @ConditionalOnWebApplication (required) found 'session' scope (OnWebApplicationCondition)
      - @ConditionalOnProperty (springdoc.api-docs.enabled) matched (OnPropertyCondition)
      - @ConditionalOnBean (types: org.springdoc.core.configuration.SpringDocConfiguration; SearchStrategy: all) found bean 'org.springdoc.core.configuration.SpringDocConfiguration' (OnBeanCondition)

   SpringDocPageableConfiguration#delegatingMethodParameterCustomizer matched:
      - @ConditionalOnMissingBean (types: org.springdoc.core.customizers.DelegatingMethodParameterCustomizer; SearchStrategy: all) did not find any beans (OnBeanCondition)

   SpringDocPageableConfiguration#pageableOpenAPIConverter matched:
      - @ConditionalOnProperty (springdoc.model-converters.pageable-converter.enabled) matched (OnPropertyCondition)
      - @ConditionalOnMissingBean (types: org.springdoc.core.converters.PageableOpenAPIConverter; SearchStrategy: all) did not find any beans (OnBeanCondition)

   SpringDocSortConfiguration matched:
      - @ConditionalOnClass found required class 'org.springframework.data.domain.Sort' (OnClassCondition)
      - @ConditionalOnWebApplication (required) found 'session' scope (OnWebApplicationCondition)
      - @ConditionalOnProperty (springdoc.api-docs.enabled) matched (OnPropertyCondition)
      - @ConditionalOnBean (types: org.springdoc.core.configuration.SpringDocConfiguration; SearchStrategy: all) found bean 'org.springdoc.core.configuration.SpringDocConfiguration' (OnBeanCondition)

   SpringDocSortConfiguration#sortOpenAPIConverter matched:
      - @ConditionalOnProperty (springdoc.model-converters.sort-converter.enabled) matched (OnPropertyCondition)
      - @ConditionalOnMissingBean (types: org.springdoc.core.converters.SortOpenAPIConverter; SearchStrategy: all) did not find any beans (OnBeanCondition)

   SpringDocUIConfiguration matched:
      - @ConditionalOnWebApplication (required) found 'session' scope (OnWebApplicationCondition)
      - @ConditionalOnBean (types: org.springdoc.core.configuration.SpringDocConfiguration; SearchStrategy: all) found bean 'org.springdoc.core.configuration.SpringDocConfiguration' (OnBeanCondition)

   SpringDocWebMvcConfiguration matched:
      - found 'session' scope (OnWebApplicationCondition)
      - @ConditionalOnProperty (springdoc.api-docs.enabled) matched (OnPropertyCondition)
      - @ConditionalOnBean (types: org.springdoc.core.configuration.SpringDocConfiguration; SearchStrategy: all) found bean 'org.springdoc.core.configuration.SpringDocConfiguration' (OnBeanCondition)

   SpringDocWebMvcConfiguration#openApiResource matched:
      - @ConditionalOnProperty (springdoc.use-management-port=false) matched (OnPropertyCondition)
      - @ConditionalOnMissingBean (types: org.springdoc.webmvc.api.OpenApiWebMvcResource; SearchStrategy: all) did not find any beans (OnBeanCondition)

   SpringDocWebMvcConfiguration#requestBuilder matched:
      - @ConditionalOnMissingBean (types: org.springdoc.webmvc.core.service.RequestService; SearchStrategy: all) did not find any beans (OnBeanCondition)

   SpringDocWebMvcConfiguration#responseBuilder matched:
      - @ConditionalOnMissingBean (types: org.springdoc.core.service.GenericResponseService; SearchStrategy: all) did not find any beans (OnBeanCondition)

   SpringDocWebMvcConfiguration#springWebProvider matched:
      - @ConditionalOnMissingBean (types: org.springdoc.core.providers.SpringWebProvider; SearchStrategy: all) did not find any beans (OnBeanCondition)

   SpringDocWebMvcConfiguration.SpringDocWebMvcActuatorConfiguration matched:
      - @ConditionalOnClass found required class 'org.springframework.boot.actuate.endpoint.web.servlet.WebMvcEndpointHandlerMapping' (OnClassCondition)

   SpringDocWebMvcConfiguration.SpringDocWebMvcRouterConfiguration matched:
      - @ConditionalOnClass found required class 'org.springframework.web.servlet.function.RouterFunction' (OnClassCondition)

   SpringDocWebMvcConfiguration.SpringDocWebMvcRouterConfiguration#routerFunctionProvider matched:
      - @ConditionalOnMissingBean (types: org.springdoc.webmvc.core.providers.RouterFunctionWebMvcProvider; SearchStrategy: all) did not find any beans (OnBeanCondition)

   SqlInitializationAutoConfiguration matched:
      - @ConditionalOnProperty (spring.sql.init.enabled) matched (OnPropertyCondition)
      - NoneNestedConditions 0 matched 1 did not; NestedCondition on SqlInitializationAutoConfiguration.SqlInitializationModeCondition.ModeIsNever @ConditionalOnProperty (spring.sql.init.mode=never) did not find property 'mode' (SqlInitializationAutoConfiguration.SqlInitializationModeCondition)

   SslAutoConfiguration#sslBundleRegistry matched:
      - @ConditionalOnMissingBean (types: org.springframework.boot.ssl.SslBundleRegistry,org.springframework.boot.ssl.SslBundles; SearchStrategy: all) did not find any beans (OnBeanCondition)

   StartupTimeMetricsListenerAutoConfiguration matched:
      - @ConditionalOnClass found required class 'io.micrometer.core.instrument.MeterRegistry' (OnClassCondition)
      - @ConditionalOnBean (types: io.micrometer.core.instrument.MeterRegistry; SearchStrategy: all) found bean 'prometheusMeterRegistry' (OnBeanCondition)

   StartupTimeMetricsListenerAutoConfiguration#startupTimeMetrics matched:
      - @ConditionalOnMissingBean (types: org.springframework.boot.actuate.metrics.startup.StartupTimeMetricsListener; SearchStrategy: all) did not find any beans (OnBeanCondition)

   SwaggerConfig matched:
      - found 'session' scope (OnWebApplicationCondition)
      - @ConditionalOnProperty (springdoc.swagger-ui.enabled) matched (OnPropertyCondition)
      - @ConditionalOnBean (types: org.springdoc.core.configuration.SpringDocConfiguration; SearchStrategy: all) found bean 'org.springdoc.core.configuration.SpringDocConfiguration' (OnBeanCondition)

   SwaggerConfig#indexPageTransformer matched:
      - @ConditionalOnMissingBean (types: org.springdoc.webmvc.ui.SwaggerIndexTransformer; SearchStrategy: all) did not find any beans (OnBeanCondition)

   SwaggerConfig#swaggerConfigResource matched:
      - @ConditionalOnProperty (springdoc.use-management-port=false) matched (OnPropertyCondition)
      - @ConditionalOnMissingBean (types: org.springdoc.webmvc.ui.SwaggerConfigResource; SearchStrategy: all) did not find any beans (OnBeanCondition)

   SwaggerConfig#swaggerResourceResolver matched:
      - @ConditionalOnMissingBean (types: org.springdoc.webmvc.ui.SwaggerResourceResolver; SearchStrategy: all) did not find any beans (OnBeanCondition)

   SwaggerConfig#swaggerWebMvcConfigurer matched:
      - @ConditionalOnMissingBean (types: org.springdoc.webmvc.ui.SwaggerWebMvcConfigurer; SearchStrategy: all) did not find any beans (OnBeanCondition)

   SwaggerConfig#swaggerWelcome matched:
      - @ConditionalOnProperty (springdoc.use-management-port=false) matched (OnPropertyCondition)
      - @ConditionalOnMissingBean (types: org.springdoc.webmvc.ui.SwaggerWelcomeWebMvc; SearchStrategy: all) did not find any beans (OnBeanCondition)

   SwaggerUiConfigParameters matched:
      - @ConditionalOnProperty (springdoc.swagger-ui.enabled) matched (OnPropertyCondition)
      - @ConditionalOnBean (types: org.springdoc.core.configuration.SpringDocConfiguration; SearchStrategy: all) found bean 'org.springdoc.core.configuration.SpringDocConfiguration' (OnBeanCondition)

   SwaggerUiConfigProperties matched:
      - @ConditionalOnProperty (springdoc.swagger-ui.enabled) matched (OnPropertyCondition)
      - @ConditionalOnBean (types: org.springdoc.core.configuration.SpringDocConfiguration; SearchStrategy: all) found bean 'org.springdoc.core.configuration.SpringDocConfiguration' (OnBeanCondition)

   SwaggerUiOAuthProperties matched:
      - @ConditionalOnProperty (springdoc.swagger-ui.enabled) matched (OnPropertyCondition)
      - @ConditionalOnBean (types: org.springdoc.core.configuration.SpringDocConfiguration; SearchStrategy: all) found bean 'org.springdoc.core.configuration.SpringDocConfiguration' (OnBeanCondition)

   SystemMetricsAutoConfiguration matched:
      - @ConditionalOnClass found required class 'io.micrometer.core.instrument.MeterRegistry' (OnClassCondition)
      - @ConditionalOnBean (types: io.micrometer.core.instrument.MeterRegistry; SearchStrategy: all) found bean 'prometheusMeterRegistry' (OnBeanCondition)

   SystemMetricsAutoConfiguration#diskSpaceMetrics matched:
      - @ConditionalOnMissingBean (types: org.springframework.boot.actuate.metrics.system.DiskSpaceMetricsBinder; SearchStrategy: all) did not find any beans (OnBeanCondition)

   SystemMetricsAutoConfiguration#fileDescriptorMetrics matched:
      - @ConditionalOnMissingBean (types: io.micrometer.core.instrument.binder.system.FileDescriptorMetrics; SearchStrategy: all) did not find any beans (OnBeanCondition)

   SystemMetricsAutoConfiguration#processorMetrics matched:
      - @ConditionalOnMissingBean (types: io.micrometer.core.instrument.binder.system.ProcessorMetrics; SearchStrategy: all) did not find any beans (OnBeanCondition)

   SystemMetricsAutoConfiguration#uptimeMetrics matched:
      - @ConditionalOnMissingBean (types: io.micrometer.core.instrument.binder.system.UptimeMetrics; SearchStrategy: all) did not find any beans (OnBeanCondition)

   TaskExecutionAutoConfiguration matched:
      - @ConditionalOnClass found required class 'org.springframework.scheduling.concurrent.ThreadPoolTaskExecutor' (OnClassCondition)

   TaskExecutorConfigurations.SimpleAsyncTaskExecutorBuilderConfiguration#simpleAsyncTaskExecutorBuilder matched:
      - @ConditionalOnMissingBean (types: org.springframework.boot.task.SimpleAsyncTaskExecutorBuilder; SearchStrategy: all) did not find any beans (OnBeanCondition)
      - @ConditionalOnThreading found PLATFORM (OnThreadingCondition)

   TaskExecutorConfigurations.TaskExecutorBuilderConfiguration#taskExecutorBuilder matched:
      - @ConditionalOnMissingBean (types: org.springframework.boot.task.TaskExecutorBuilder; SearchStrategy: all) did not find any beans (OnBeanCondition)

   TaskExecutorConfigurations.TaskExecutorConfiguration matched:
      - @ConditionalOnMissingBean (types: java.util.concurrent.Executor; SearchStrategy: all) did not find any beans (OnBeanCondition)

   TaskExecutorConfigurations.TaskExecutorConfiguration#applicationTaskExecutor matched:
      - @ConditionalOnThreading found PLATFORM (OnThreadingCondition)

   TaskExecutorConfigurations.ThreadPoolTaskExecutorBuilderConfiguration#threadPoolTaskExecutorBuilder matched:
      - @ConditionalOnMissingBean (types: org.springframework.boot.task.TaskExecutorBuilder,org.springframework.boot.task.ThreadPoolTaskExecutorBuilder; SearchStrategy: all) did not find any beans (OnBeanCondition)

   TaskExecutorMetricsAutoConfiguration matched:
      - @ConditionalOnClass found required class 'io.micrometer.core.instrument.binder.jvm.ExecutorServiceMetrics' (OnClassCondition)
      - @ConditionalOnBean (types: java.util.concurrent.Executor,io.micrometer.core.instrument.MeterRegistry; SearchStrategy: all) found beans 'prometheusMeterRegistry', 'applicationTaskExecutor' (OnBeanCondition)

   TaskSchedulingAutoConfiguration matched:
      - @ConditionalOnClass found required class 'org.springframework.scheduling.concurrent.ThreadPoolTaskScheduler' (OnClassCondition)

   TaskSchedulingConfigurations.SimpleAsyncTaskSchedulerBuilderConfiguration#simpleAsyncTaskSchedulerBuilder matched:
      - @ConditionalOnMissingBean (types: org.springframework.boot.task.SimpleAsyncTaskSchedulerBuilder; SearchStrategy: all) did not find any beans (OnBeanCondition)
      - @ConditionalOnThreading found PLATFORM (OnThreadingCondition)

   TaskSchedulingConfigurations.TaskSchedulerBuilderConfiguration#taskSchedulerBuilder matched:
      - @ConditionalOnMissingBean (types: org.springframework.boot.task.TaskSchedulerBuilder; SearchStrategy: all) did not find any beans (OnBeanCondition)

   TaskSchedulingConfigurations.ThreadPoolTaskSchedulerBuilderConfiguration#threadPoolTaskSchedulerBuilder matched:
      - @ConditionalOnMissingBean (types: org.springframework.boot.task.TaskSchedulerBuilder,org.springframework.boot.task.ThreadPoolTaskSchedulerBuilder; SearchStrategy: all) did not find any beans (OnBeanCondition)

   ThreadDumpEndpointAutoConfiguration matched:
      - @ConditionalOnAvailableEndpoint marked as exposed by a 'management.endpoints.jmx.exposure' property (OnAvailableEndpointCondition)

   ThreadDumpEndpointAutoConfiguration#dumpEndpoint matched:
      - @ConditionalOnMissingBean (types: org.springframework.boot.actuate.management.ThreadDumpEndpoint; SearchStrategy: all) did not find any beans (OnBeanCondition)

   TomcatMetricsAutoConfiguration matched:
      - @ConditionalOnClass found required classes 'io.micrometer.core.instrument.binder.tomcat.TomcatMetrics', 'org.apache.catalina.Manager' (OnClassCondition)
      - @ConditionalOnWebApplication (required) found 'session' scope (OnWebApplicationCondition)

   TomcatMetricsAutoConfiguration#tomcatMetricsBinder matched:
      - @ConditionalOnBean (types: io.micrometer.core.instrument.MeterRegistry; SearchStrategy: all) found bean 'prometheusMeterRegistry'; @ConditionalOnMissingBean (types: io.micrometer.core.instrument.binder.tomcat.TomcatMetrics,org.springframework.boot.actuate.metrics.web.tomcat.TomcatMetricsBinder; SearchStrategy: all) did not find any beans (OnBeanCondition)

   TransactionAutoConfiguration matched:
      - @ConditionalOnClass found required class 'org.springframework.transaction.PlatformTransactionManager' (OnClassCondition)

   TransactionAutoConfiguration.EnableTransactionManagementConfiguration matched:
      - @ConditionalOnBean (types: org.springframework.transaction.TransactionManager; SearchStrategy: all) found bean 'transactionManager'; @ConditionalOnMissingBean (types: org.springframework.transaction.annotation.AbstractTransactionManagementConfiguration; SearchStrategy: all) did not find any beans (OnBeanCondition)

   TransactionAutoConfiguration.EnableTransactionManagementConfiguration.CglibAutoProxyConfiguration matched:
      - @ConditionalOnProperty (spring.aop.proxy-target-class=true) matched (OnPropertyCondition)

   TransactionAutoConfiguration.TransactionTemplateConfiguration matched:
      - @ConditionalOnSingleCandidate (types: org.springframework.transaction.PlatformTransactionManager; SearchStrategy: all) found a single bean 'transactionManager' (OnBeanCondition)

   TransactionAutoConfiguration.TransactionTemplateConfiguration#transactionTemplate matched:
      - @ConditionalOnMissingBean (types: org.springframework.transaction.support.TransactionOperations; SearchStrategy: all) did not find any beans (OnBeanCondition)

   TransactionManagerCustomizationAutoConfiguration matched:
      - @ConditionalOnClass found required class 'org.springframework.transaction.PlatformTransactionManager' (OnClassCondition)

   TransactionManagerCustomizationAutoConfiguration#platformTransactionManagerCustomizers matched:
      - @ConditionalOnMissingBean (types: org.springframework.boot.autoconfigure.transaction.TransactionManagerCustomizers; SearchStrategy: all) did not find any beans (OnBeanCondition)

   WebEndpointAutoConfiguration matched:
      - @ConditionalOnWebApplication (required) found 'session' scope (OnWebApplicationCondition)

   WebEndpointAutoConfiguration#controllerEndpointDiscoverer matched:
      - @ConditionalOnMissingBean (types: org.springframework.boot.actuate.endpoint.web.annotation.ControllerEndpointsSupplier; SearchStrategy: all) did not find any beans (OnBeanCondition)

   WebEndpointAutoConfiguration#endpointMediaTypes matched:
      - @ConditionalOnMissingBean (types: org.springframework.boot.actuate.endpoint.web.EndpointMediaTypes; SearchStrategy: all) did not find any beans (OnBeanCondition)

   WebEndpointAutoConfiguration#pathMappedEndpoints matched:
      - @ConditionalOnMissingBean (types: org.springframework.boot.actuate.endpoint.web.PathMappedEndpoints; SearchStrategy: all) did not find any beans (OnBeanCondition)

   WebEndpointAutoConfiguration#webEndpointDiscoverer matched:
      - @ConditionalOnMissingBean (types: org.springframework.boot.actuate.endpoint.web.WebEndpointsSupplier; SearchStrategy: all) did not find any beans (OnBeanCondition)

   WebEndpointAutoConfiguration.WebEndpointServletConfiguration matched:
      - found 'session' scope (OnWebApplicationCondition)

   WebEndpointAutoConfiguration.WebEndpointServletConfiguration#servletEndpointDiscoverer matched:
      - @ConditionalOnMissingBean (types: org.springframework.boot.actuate.endpoint.web.annotation.ServletEndpointsSupplier; SearchStrategy: all) did not find any beans (OnBeanCondition)

   WebMvcAutoConfiguration matched:
      - @ConditionalOnClass found required classes 'jakarta.servlet.Servlet', 'org.springframework.web.servlet.DispatcherServlet', 'org.springframework.web.servlet.config.annotation.WebMvcConfigurer' (OnClassCondition)
      - found 'session' scope (OnWebApplicationCondition)
      - @ConditionalOnMissingBean (types: org.springframework.web.servlet.config.annotation.WebMvcConfigurationSupport; SearchStrategy: all) did not find any beans (OnBeanCondition)

   WebMvcAutoConfiguration#formContentFilter matched:
      - @ConditionalOnProperty (spring.mvc.formcontent.filter.enabled) matched (OnPropertyCondition)
      - @ConditionalOnMissingBean (types: org.springframework.web.filter.FormContentFilter; SearchStrategy: all) did not find any beans (OnBeanCondition)

   WebMvcAutoConfiguration.EnableWebMvcConfiguration#flashMapManager matched:
      - @ConditionalOnMissingBean (names: flashMapManager; SearchStrategy: all) did not find any beans (OnBeanCondition)

   WebMvcAutoConfiguration.EnableWebMvcConfiguration#localeResolver matched:
      - @ConditionalOnMissingBean (names: localeResolver; SearchStrategy: all) did not find any beans (OnBeanCondition)

   WebMvcAutoConfiguration.EnableWebMvcConfiguration#themeResolver matched:
      - @ConditionalOnMissingBean (names: themeResolver; SearchStrategy: all) did not find any beans (OnBeanCondition)

   WebMvcAutoConfiguration.WebMvcAutoConfigurationAdapter#defaultViewResolver matched:
      - @ConditionalOnMissingBean (types: org.springframework.web.servlet.view.InternalResourceViewResolver; SearchStrategy: all) did not find any beans (OnBeanCondition)

   WebMvcAutoConfiguration.WebMvcAutoConfigurationAdapter#requestContextFilter matched:
      - @ConditionalOnMissingBean (types: org.springframework.web.context.request.RequestContextListener,org.springframework.web.filter.RequestContextFilter; SearchStrategy: all) did not find any beans (OnBeanCondition)

   WebMvcAutoConfiguration.WebMvcAutoConfigurationAdapter#viewResolver matched:
      - @ConditionalOnBean (types: org.springframework.web.servlet.ViewResolver; SearchStrategy: all) found beans 'defaultViewResolver', 'beanNameViewResolver', 'mvcViewResolver'; @ConditionalOnMissingBean (names: viewResolver types: org.springframework.web.servlet.view.ContentNegotiatingViewResolver; SearchStrategy: all) did not find any beans (OnBeanCondition)

   WebMvcEndpointManagementContextConfiguration matched:
      - @ConditionalOnClass found required class 'org.springframework.web.servlet.DispatcherServlet' (OnClassCondition)
      - found 'session' scope (OnWebApplicationCondition)
      - @ConditionalOnBean (types: org.springframework.web.servlet.DispatcherServlet,org.springframework.boot.actuate.endpoint.web.WebEndpointsSupplier; SearchStrategy: all) found beans 'webEndpointDiscoverer', 'dispatcherServlet' (OnBeanCondition)

   WebMvcEndpointManagementContextConfiguration#controllerEndpointHandlerMapping matched:
      - @ConditionalOnMissingBean (types: org.springframework.boot.actuate.endpoint.web.servlet.ControllerEndpointHandlerMapping; SearchStrategy: all) did not find any beans (OnBeanCondition)

   WebMvcEndpointManagementContextConfiguration#endpointObjectMapperWebMvcConfigurer matched:
      - @ConditionalOnBean (types: org.springframework.boot.actuate.endpoint.jackson.EndpointObjectMapper; SearchStrategy: all) found bean 'endpointObjectMapper' (OnBeanCondition)

   WebMvcEndpointManagementContextConfiguration#webEndpointServletHandlerMapping matched:
      - @ConditionalOnMissingBean (types: org.springframework.boot.actuate.endpoint.web.servlet.WebMvcEndpointHandlerMapping; SearchStrategy: all) did not find any beans (OnBeanCondition)

   WebMvcObservationAutoConfiguration matched:
      - @ConditionalOnClass found required classes 'org.springframework.web.servlet.DispatcherServlet', 'io.micrometer.observation.Observation' (OnClassCondition)
      - found 'session' scope (OnWebApplicationCondition)
      - @ConditionalOnBean (types: io.micrometer.observation.ObservationRegistry; SearchStrategy: all) found bean 'observationRegistry' (OnBeanCondition)

   WebMvcObservationAutoConfiguration#webMvcObservationFilter matched:
      - @ConditionalOnMissingBean (types: org.springframework.web.filter.ServerHttpObservationFilter; SearchStrategy: all) did not find any beans (OnBeanCondition)

   WebMvcObservationAutoConfiguration.MeterFilterConfiguration matched:
      - @ConditionalOnClass found required class 'io.micrometer.core.instrument.MeterRegistry' (OnClassCondition)
      - @ConditionalOnBean (types: io.micrometer.core.instrument.MeterRegistry; SearchStrategy: all) found bean 'prometheusMeterRegistry' (OnBeanCondition)

   WebSocketServletAutoConfiguration matched:
      - @ConditionalOnClass found required classes 'jakarta.servlet.Servlet', 'jakarta.websocket.server.ServerContainer' (OnClassCondition)
      - found 'session' scope (OnWebApplicationCondition)

   WebSocketServletAutoConfiguration.TomcatWebSocketConfiguration matched:
      - @ConditionalOnClass found required classes 'org.apache.catalina.startup.Tomcat', 'org.apache.tomcat.websocket.server.WsSci' (OnClassCondition)

   WebSocketServletAutoConfiguration.TomcatWebSocketConfiguration#websocketServletWebServerCustomizer matched:
      - @ConditionalOnMissingBean (names: websocketServletWebServerCustomizer; SearchStrategy: all) did not find any beans (OnBeanCondition)

   ZipkinAutoConfiguration matched:
      - @ConditionalOnClass found required class 'zipkin2.reporter.Encoding' (OnClassCondition)

   ZipkinAutoConfiguration#encoding matched:
      - @ConditionalOnMissingBean (types: zipkin2.reporter.Encoding; SearchStrategy: all) did not find any beans (OnBeanCondition)

   ZipkinAutoConfiguration#zipkinConnectionDetails matched:
      - @ConditionalOnMissingBean (types: org.springframework.boot.actuate.autoconfigure.tracing.zipkin.ZipkinConnectionDetails; SearchStrategy: all) did not find any beans (OnBeanCondition)

   ZipkinConfigurations.BraveConfiguration matched:
      - @ConditionalOnClass found required class 'zipkin2.reporter.brave.AsyncZipkinSpanHandler' (OnClassCondition)

   ZipkinConfigurations.BraveConfiguration#asyncZipkinSpanHandler matched:
      - @ConditionalOnProperty (management.tracing.enabled) matched (OnPropertyCondition)
      - @ConditionalOnBean (types: zipkin2.reporter.BytesMessageSender; SearchStrategy: all) found bean 'restTemplateSender'; @ConditionalOnMissingBean (types: zipkin2.reporter.brave.AsyncZipkinSpanHandler; SearchStrategy: all) did not find any beans (OnBeanCondition)

   ZipkinConfigurations.BraveConfiguration#mutableSpanBytesEncoder matched:
      - @ConditionalOnMissingBean (types: brave.handler.MutableSpan; SearchStrategy: all) did not find any beans (OnBeanCondition)

   ZipkinConfigurations.HttpClientSenderConfiguration matched:
      - @ConditionalOnClass found required class 'java.net.http.HttpClient' (OnClassCondition)

   ZipkinConfigurations.RestTemplateSenderConfiguration matched:
      - @ConditionalOnClass found required class 'org.springframework.web.client.RestTemplate' (OnClassCondition)

   ZipkinConfigurations.RestTemplateSenderConfiguration#restTemplateSender matched:
      - @ConditionalOnMissingBean (types: zipkin2.reporter.BytesMessageSender; SearchStrategy: all) did not find any beans (OnBeanCondition)


Negative matches:
-----------------

   ActiveMQAutoConfiguration:
      Did not match:
         - @ConditionalOnClass did not find required class 'jakarta.jms.ConnectionFactory' (OnClassCondition)

   AopAutoConfiguration.AspectJAutoProxyingConfiguration.JdkDynamicAutoProxyConfiguration:
      Did not match:
         - @ConditionalOnProperty (spring.aop.proxy-target-class=false) did not find property 'proxy-target-class' (OnPropertyCondition)

   AopAutoConfiguration.ClassProxyingConfiguration:
      Did not match:
         - @ConditionalOnMissingClass found unwanted class 'org.aspectj.weaver.Advice' (OnClassCondition)

   AppOpticsMetricsExportAutoConfiguration:
      Did not match:
         - @ConditionalOnClass did not find required class 'io.micrometer.appoptics.AppOpticsMeterRegistry' (OnClassCondition)

   ArtemisAutoConfiguration:
      Did not match:
         - @ConditionalOnClass did not find required class 'jakarta.jms.ConnectionFactory' (OnClassCondition)

   AtlasMetricsExportAutoConfiguration:
      Did not match:
         - @ConditionalOnClass did not find required class 'io.micrometer.atlas.AtlasMeterRegistry' (OnClassCondition)

   AuditAutoConfiguration:
      Did not match:
         - @ConditionalOnBean (types: org.springframework.boot.actuate.audit.AuditEventRepository; SearchStrategy: all) did not find any beans of type org.springframework.boot.actuate.audit.AuditEventRepository (OnBeanCondition)
      Matched:
         - @ConditionalOnProperty (management.auditevents.enabled) matched (OnPropertyCondition)

   AuditEventsEndpointAutoConfiguration#auditEventsEndpoint:
      Did not match:
         - @ConditionalOnBean (types: org.springframework.boot.actuate.audit.AuditEventRepository; SearchStrategy: all) did not find any beans of type org.springframework.boot.actuate.audit.AuditEventRepository (OnBeanCondition)

   AvailabilityHealthContributorAutoConfiguration#livenessStateHealthIndicator:
      Did not match:
         - @ConditionalOnProperty (management.health.livenessstate.enabled=true) did not find property 'enabled' (OnPropertyCondition)

   AvailabilityHealthContributorAutoConfiguration#readinessStateHealthIndicator:
      Did not match:
         - @ConditionalOnProperty (management.health.readinessstate.enabled=true) did not find property 'enabled' (OnPropertyCondition)

   AvailabilityProbesAutoConfiguration:
      Did not match:
         - Probes availability not running on a supported cloud platform (AvailabilityProbesAutoConfiguration.ProbesCondition)

   BatchAutoConfiguration:
      Did not match:
         - @ConditionalOnClass did not find required class 'org.springframework.batch.core.launch.JobLauncher' (OnClassCondition)

   BatchObservationAutoConfiguration:
      Did not match:
         - @ConditionalOnClass did not find required class 'org.springframework.batch.core.configuration.annotation.BatchObservabilityBeanPostProcessor' (OnClassCondition)

   BravePropagationConfigurations.NoPropagation#noopPropagationFactory:
      Did not match:
         - @ConditionalOnMissingBean (types: brave.propagation.Propagation$Factory; SearchStrategy: all) found beans of type 'brave.propagation.Propagation$Factory' propagationFactory (OnBeanCondition)

   BravePropagationConfigurations.PropagationWithoutBaggage:
      Did not match:
         - @ConditionalOnProperty (management.tracing.baggage.enabled=false) did not find property 'management.tracing.baggage.enabled' (OnPropertyCondition)

   Cache2kCacheConfiguration:
      Did not match:
         - @ConditionalOnClass did not find required class 'org.cache2k.Cache2kBuilder' (OnClassCondition)

   CacheAutoConfiguration:
      Did not match:
         - @ConditionalOnBean (types: org.springframework.cache.interceptor.CacheAspectSupport; SearchStrategy: all) did not find any beans of type org.springframework.cache.interceptor.CacheAspectSupport (OnBeanCondition)
      Matched:
         - @ConditionalOnClass found required class 'org.springframework.cache.CacheManager' (OnClassCondition)

   CacheAutoConfiguration.CacheManagerEntityManagerFactoryDependsOnPostProcessor:
      Did not match:
         - Ancestor org.springframework.boot.autoconfigure.cache.CacheAutoConfiguration did not match (ConditionEvaluationReport.AncestorsMatchedCondition)
      Matched:
         - @ConditionalOnClass found required class 'org.springframework.orm.jpa.LocalContainerEntityManagerFactoryBean' (OnClassCondition)

   CacheMeterBinderProvidersConfiguration.Cache2kCacheMeterBinderProviderConfiguration:
      Did not match:
         - @ConditionalOnClass did not find required classes 'org.cache2k.Cache2kBuilder', 'org.cache2k.extra.spring.SpringCache2kCache', 'org.cache2k.extra.micrometer.Cache2kCacheMetrics' (OnClassCondition)

   CacheMeterBinderProvidersConfiguration.CaffeineCacheMeterBinderProviderConfiguration:
      Did not match:
         - @ConditionalOnClass did not find required classes 'org.springframework.cache.caffeine.CaffeineCache', 'com.github.benmanes.caffeine.cache.Cache' (OnClassCondition)

   CacheMeterBinderProvidersConfiguration.HazelcastCacheMeterBinderProviderConfiguration:
      Did not match:
         - @ConditionalOnClass did not find required classes 'com.hazelcast.spring.cache.HazelcastCache', 'com.hazelcast.core.Hazelcast' (OnClassCondition)

   CacheMeterBinderProvidersConfiguration.JCacheCacheMeterBinderProviderConfiguration:
      Did not match:
         - @ConditionalOnClass did not find required classes 'org.springframework.cache.jcache.JCacheCache', 'javax.cache.CacheManager' (OnClassCondition)

   CacheMeterBinderProvidersConfiguration.RedisCacheMeterBinderProviderConfiguration:
      Did not match:
         - @ConditionalOnClass did not find required class 'org.springframework.data.redis.cache.RedisCache' (OnClassCondition)

   CacheMetricsAutoConfiguration:
      Did not match:
         - @ConditionalOnBean (types: org.springframework.cache.CacheManager; SearchStrategy: all) did not find any beans of type org.springframework.cache.CacheManager (OnBeanCondition)

   CachesEndpointAutoConfiguration#cachesEndpointWebExtension:
      Did not match:
         - @ConditionalOnAvailableEndpoint no 'management.endpoints' property marked it as exposed (OnAvailableEndpointCondition)
      Matched:
         - @ConditionalOnBean (types: org.springframework.boot.actuate.cache.CachesEndpoint; SearchStrategy: all) found bean 'cachesEndpoint'; @ConditionalOnMissingBean (types: org.springframework.boot.actuate.cache.CachesEndpointWebExtension; SearchStrategy: all) did not find any beans (OnBeanCondition)

   CaffeineCacheConfiguration:
      Did not match:
         - @ConditionalOnClass did not find required class 'com.github.benmanes.caffeine.cache.Caffeine' (OnClassCondition)

   CassandraAutoConfiguration:
      Did not match:
         - @ConditionalOnClass did not find required class 'com.datastax.oss.driver.api.core.CqlSession' (OnClassCondition)

   CassandraDataAutoConfiguration:
      Did not match:
         - @ConditionalOnClass did not find required class 'com.datastax.oss.driver.api.core.CqlSession' (OnClassCondition)

   CassandraHealthContributorAutoConfiguration:
      Did not match:
         - @ConditionalOnClass did not find required class 'com.datastax.oss.driver.api.core.CqlSession' (OnClassCondition)

   CassandraReactiveDataAutoConfiguration:
      Did not match:
         - @ConditionalOnClass did not find required class 'com.datastax.oss.driver.api.core.CqlSession' (OnClassCondition)

   CassandraReactiveHealthContributorAutoConfiguration:
      Did not match:
         - @ConditionalOnClass did not find required class 'com.datastax.oss.driver.api.core.CqlSession' (OnClassCondition)

   CassandraReactiveRepositoriesAutoConfiguration:
      Did not match:
         - @ConditionalOnClass did not find required class 'org.springframework.data.cassandra.ReactiveSession' (OnClassCondition)

   CassandraRepositoriesAutoConfiguration:
      Did not match:
         - @ConditionalOnClass did not find required class 'com.datastax.oss.driver.api.core.CqlSession' (OnClassCondition)

   ClientHttpConnectorAutoConfiguration:
      Did not match:
         - @ConditionalOnClass did not find required class 'org.springframework.web.reactive.function.client.WebClient' (OnClassCondition)

   CloudFoundryActuatorAutoConfiguration:
      Did not match:
         - @ConditionalOnCloudPlatform did not find CLOUD_FOUNDRY (OnCloudPlatformCondition)
      Matched:
         - @ConditionalOnClass found required class 'org.springframework.web.servlet.DispatcherServlet' (OnClassCondition)
         - found 'session' scope (OnWebApplicationCondition)
         - @ConditionalOnProperty (management.cloudfoundry.enabled) matched (OnPropertyCondition)

   CodecsAutoConfiguration:
      Did not match:
         - @ConditionalOnClass did not find required class 'org.springframework.web.reactive.function.client.WebClient' (OnClassCondition)

   CompositeMeterRegistryConfiguration:
      Did not match:
         - NoneNestedConditions 1 matched 1 did not; NestedCondition on CompositeMeterRegistryConfiguration.MultipleNonPrimaryMeterRegistriesCondition.SingleInjectableMeterRegistry @ConditionalOnSingleCandidate (types: io.micrometer.core.instrument.MeterRegistry; SearchStrategy: all) found a single bean 'prometheusMeterRegistry'; NestedCondition on CompositeMeterRegistryConfiguration.MultipleNonPrimaryMeterRegistriesCondition.NoMeterRegistryCondition @ConditionalOnMissingBean (types: io.micrometer.core.instrument.MeterRegistry; SearchStrategy: all) found beans of type 'io.micrometer.core.instrument.MeterRegistry' prometheusMeterRegistry (CompositeMeterRegistryConfiguration.MultipleNonPrimaryMeterRegistriesCondition)

   ConfigurationPropertiesReportEndpointAutoConfiguration#configurationPropertiesReportEndpointWebExtension:
      Did not match:
         - @ConditionalOnAvailableEndpoint no 'management.endpoints' property marked it as exposed (OnAvailableEndpointCondition)
      Matched:
         - @ConditionalOnBean (types: org.springframework.boot.actuate.context.properties.ConfigurationPropertiesReportEndpoint; SearchStrategy: all) found bean 'configurationPropertiesReportEndpoint'; @ConditionalOnMissingBean (types: org.springframework.boot.actuate.context.properties.ConfigurationPropertiesReportEndpointWebExtension; SearchStrategy: all) did not find any beans (OnBeanCondition)

   ConnectionFactoryHealthContributorAutoConfiguration:
      Did not match:
         - @ConditionalOnClass did not find required class 'io.r2dbc.spi.ConnectionFactory' (OnClassCondition)

   ConnectionPoolMetricsAutoConfiguration:
      Did not match:
         - @ConditionalOnClass did not find required class 'io.r2dbc.pool.ConnectionPool' (OnClassCondition)

   CouchbaseAutoConfiguration:
      Did not match:
         - @ConditionalOnClass did not find required class 'com.couchbase.client.java.Cluster' (OnClassCondition)

   CouchbaseCacheConfiguration:
      Did not match:
         - @ConditionalOnClass did not find required class 'com.couchbase.client.java.Cluster' (OnClassCondition)

   CouchbaseDataAutoConfiguration:
      Did not match:
         - @ConditionalOnClass did not find required class 'com.couchbase.client.java.Bucket' (OnClassCondition)

   CouchbaseHealthContributorAutoConfiguration:
      Did not match:
         - @ConditionalOnClass did not find required class 'com.couchbase.client.java.Cluster' (OnClassCondition)

   CouchbaseReactiveDataAutoConfiguration:
      Did not match:
         - @ConditionalOnClass did not find required class 'com.couchbase.client.java.Cluster' (OnClassCondition)

   CouchbaseReactiveHealthContributorAutoConfiguration:
      Did not match:
         - @ConditionalOnClass did not find required class 'com.couchbase.client.java.Cluster' (OnClassCondition)

   CouchbaseReactiveRepositoriesAutoConfiguration:
      Did not match:
         - @ConditionalOnClass did not find required class 'com.couchbase.client.java.Cluster' (OnClassCondition)

   CouchbaseRepositoriesAutoConfiguration:
      Did not match:
         - @ConditionalOnClass did not find required class 'com.couchbase.client.java.Bucket' (OnClassCondition)

   DataSourceAutoConfiguration.EmbeddedDatabaseConfiguration:
      Did not match:
         - EmbeddedDataSource spring.datasource.url is set (DataSourceAutoConfiguration.EmbeddedDatabaseCondition)

   DataSourceCheckpointRestoreConfiguration:
      Did not match:
         - @ConditionalOnClass did not find required class 'org.crac.Resource' (OnClassCondition)

   DataSourceConfiguration.Dbcp2:
      Did not match:
         - @ConditionalOnClass did not find required class 'org.apache.commons.dbcp2.BasicDataSource' (OnClassCondition)

   DataSourceConfiguration.Generic:
      Did not match:
         - @ConditionalOnProperty (spring.datasource.type) did not find property 'spring.datasource.type' (OnPropertyCondition)

   DataSourceConfiguration.OracleUcp:
      Did not match:
         - @ConditionalOnClass did not find required classes 'oracle.ucp.jdbc.PoolDataSourceImpl', 'oracle.jdbc.OracleConnection' (OnClassCondition)

   DataSourceConfiguration.Tomcat:
      Did not match:
         - @ConditionalOnClass did not find required class 'org.apache.tomcat.jdbc.pool.DataSource' (OnClassCondition)

   DataSourceJmxConfiguration.TomcatDataSourceJmxConfiguration:
      Did not match:
         - @ConditionalOnClass did not find required class 'org.apache.tomcat.jdbc.pool.DataSourceProxy' (OnClassCondition)

   DataSourcePoolMetadataProvidersConfiguration.CommonsDbcp2PoolDataSourceMetadataProviderConfiguration:
      Did not match:
         - @ConditionalOnClass did not find required class 'org.apache.commons.dbcp2.BasicDataSource' (OnClassCondition)

   DataSourcePoolMetadataProvidersConfiguration.OracleUcpPoolDataSourceMetadataProviderConfiguration:
      Did not match:
         - @ConditionalOnClass did not find required classes 'oracle.ucp.jdbc.PoolDataSource', 'oracle.jdbc.OracleConnection' (OnClassCondition)

   DataSourcePoolMetadataProvidersConfiguration.TomcatDataSourcePoolMetadataProviderConfiguration:
      Did not match:
         - @ConditionalOnClass did not find required class 'org.apache.tomcat.jdbc.pool.DataSource' (OnClassCondition)

   DataSourceTransactionManagerAutoConfiguration.JdbcTransactionManagerConfiguration#transactionManager:
      Did not match:
         - @ConditionalOnMissingBean (types: org.springframework.transaction.TransactionManager; SearchStrategy: all) found beans of type 'org.springframework.transaction.TransactionManager' transactionManager (OnBeanCondition)

   DatadogMetricsExportAutoConfiguration:
      Did not match:
         - @ConditionalOnClass did not find required class 'io.micrometer.datadog.DatadogMeterRegistry' (OnClassCondition)

   DispatcherServletAutoConfiguration.DispatcherServletConfiguration#multipartResolver:
      Did not match:
         - @ConditionalOnBean (types: org.springframework.web.multipart.MultipartResolver; SearchStrategy: all) did not find any beans of type org.springframework.web.multipart.MultipartResolver (OnBeanCondition)

   DynatraceMetricsExportAutoConfiguration:
      Did not match:
         - @ConditionalOnClass did not find required class 'io.micrometer.dynatrace.DynatraceMeterRegistry' (OnClassCondition)

   ElasticMetricsExportAutoConfiguration:
      Did not match:
         - @ConditionalOnClass did not find required class 'io.micrometer.elastic.ElasticMeterRegistry' (OnClassCondition)

   ElasticsearchClientAutoConfiguration:
      Did not match:
         - @ConditionalOnClass did not find required class 'co.elastic.clients.elasticsearch.ElasticsearchClient' (OnClassCondition)

   ElasticsearchDataAutoConfiguration:
      Did not match:
         - @ConditionalOnClass did not find required class 'org.springframework.data.elasticsearch.client.elc.ElasticsearchTemplate' (OnClassCondition)

   ElasticsearchReactiveHealthContributorAutoConfiguration:
      Did not match:
         - @ConditionalOnClass did not find required class 'reactor.core.publisher.Flux' (OnClassCondition)

   ElasticsearchRepositoriesAutoConfiguration:
      Did not match:
         - @ConditionalOnClass did not find required class 'org.springframework.data.elasticsearch.repository.ElasticsearchRepository' (OnClassCondition)

   ElasticsearchRestClientAutoConfiguration:
      Did not match:
         - @ConditionalOnClass did not find required class 'org.elasticsearch.client.RestClientBuilder' (OnClassCondition)

   ElasticsearchRestHealthContributorAutoConfiguration:
      Did not match:
         - @ConditionalOnClass did not find required class 'org.elasticsearch.client.RestClient' (OnClassCondition)

   EmbeddedLdapAutoConfiguration:
      Did not match:
         - @ConditionalOnClass did not find required class 'com.unboundid.ldap.listener.InMemoryDirectoryServer' (OnClassCondition)

   EmbeddedWebServerFactoryCustomizerAutoConfiguration.JettyWebServerFactoryCustomizerConfiguration:
      Did not match:
         - @ConditionalOnClass did not find required classes 'org.eclipse.jetty.server.Server', 'org.eclipse.jetty.util.Loader', 'org.eclipse.jetty.ee10.webapp.WebAppContext' (OnClassCondition)

   EmbeddedWebServerFactoryCustomizerAutoConfiguration.NettyWebServerFactoryCustomizerConfiguration:
      Did not match:
         - @ConditionalOnClass did not find required class 'reactor.netty.http.server.HttpServer' (OnClassCondition)

   EmbeddedWebServerFactoryCustomizerAutoConfiguration.TomcatWebServerFactoryCustomizerConfiguration#tomcatVirtualThreadsProtocolHandlerCustomizer:
      Did not match:
         - @ConditionalOnThreading did not find VIRTUAL (OnThreadingCondition)

   EmbeddedWebServerFactoryCustomizerAutoConfiguration.UndertowWebServerFactoryCustomizerConfiguration:
      Did not match:
         - @ConditionalOnClass did not find required classes 'io.undertow.Undertow', 'org.xnio.SslClientAuthMode' (OnClassCondition)

   EnvironmentEndpointAutoConfiguration#environmentEndpointWebExtension:
      Did not match:
         - @ConditionalOnAvailableEndpoint no 'management.endpoints' property marked it as exposed (OnAvailableEndpointCondition)
      Matched:
         - @ConditionalOnBean (types: org.springframework.boot.actuate.env.EnvironmentEndpoint; SearchStrategy: all) found bean 'environmentEndpoint'; @ConditionalOnMissingBean (types: org.springframework.boot.actuate.env.EnvironmentEndpointWebExtension; SearchStrategy: all) did not find any beans (OnBeanCondition)

   ErrorWebFluxAutoConfiguration:
      Did not match:
         - @ConditionalOnClass did not find required class 'org.springframework.web.reactive.config.WebFluxConfigurer' (OnClassCondition)

   FlywayAutoConfiguration:
      Did not match:
         - @ConditionalOnClass did not find required class 'org.flywaydb.core.Flyway' (OnClassCondition)

   FlywayEndpointAutoConfiguration:
      Did not match:
         - @ConditionalOnClass did not find required class 'org.flywaydb.core.Flyway' (OnClassCondition)

   FreeMarkerAutoConfiguration:
      Did not match:
         - @ConditionalOnClass did not find required class 'freemarker.template.Configuration' (OnClassCondition)

   GangliaMetricsExportAutoConfiguration:
      Did not match:
         - @ConditionalOnClass did not find required class 'io.micrometer.ganglia.GangliaMeterRegistry' (OnClassCondition)

   GraphQlAutoConfiguration:
      Did not match:
         - @ConditionalOnClass did not find required class 'graphql.GraphQL' (OnClassCondition)

   GraphQlObservationAutoConfiguration:
      Did not match:
         - @ConditionalOnClass did not find required class 'graphql.GraphQL' (OnClassCondition)

   GraphQlQueryByExampleAutoConfiguration:
      Did not match:
         - @ConditionalOnClass did not find required class 'graphql.GraphQL' (OnClassCondition)

   GraphQlQuerydslAutoConfiguration:
      Did not match:
         - @ConditionalOnClass did not find required class 'com.querydsl.core.Query' (OnClassCondition)

   GraphQlRSocketAutoConfiguration:
      Did not match:
         - @ConditionalOnClass did not find required class 'graphql.GraphQL' (OnClassCondition)

   GraphQlReactiveQueryByExampleAutoConfiguration:
      Did not match:
         - @ConditionalOnClass did not find required class 'graphql.GraphQL' (OnClassCondition)

   GraphQlReactiveQuerydslAutoConfiguration:
      Did not match:
         - @ConditionalOnClass did not find required class 'com.querydsl.core.Query' (OnClassCondition)

   GraphQlWebFluxAutoConfiguration:
      Did not match:
         - @ConditionalOnClass did not find required class 'graphql.GraphQL' (OnClassCondition)

   GraphQlWebFluxSecurityAutoConfiguration:
      Did not match:
         - @ConditionalOnClass did not find required class 'graphql.GraphQL' (OnClassCondition)

   GraphQlWebMvcAutoConfiguration:
      Did not match:
         - @ConditionalOnClass did not find required class 'graphql.GraphQL' (OnClassCondition)

   GraphQlWebMvcSecurityAutoConfiguration:
      Did not match:
         - @ConditionalOnClass did not find required class 'graphql.GraphQL' (OnClassCondition)

   GraphiteMetricsExportAutoConfiguration:
      Did not match:
         - @ConditionalOnClass did not find required class 'io.micrometer.graphite.GraphiteMeterRegistry' (OnClassCondition)

   GroovyTemplateAutoConfiguration:
      Did not match:
         - @ConditionalOnClass did not find required class 'groovy.text.markup.MarkupTemplateEngine' (OnClassCondition)

   GsonAutoConfiguration:
      Did not match:
         - @ConditionalOnClass did not find required class 'com.google.gson.Gson' (OnClassCondition)

   GsonHttpMessageConvertersConfiguration:
      Did not match:
         - @ConditionalOnClass did not find required class 'com.google.gson.Gson' (OnClassCondition)

   H2ConsoleAutoConfiguration:
      Did not match:
         - @ConditionalOnClass did not find required class 'org.h2.server.web.JakartaWebServlet' (OnClassCondition)

   HazelcastAutoConfiguration:
      Did not match:
         - @ConditionalOnClass did not find required class 'com.hazelcast.core.HazelcastInstance' (OnClassCondition)

   HazelcastCacheConfiguration:
      Did not match:
         - @ConditionalOnClass did not find required class 'com.hazelcast.core.HazelcastInstance' (OnClassCondition)

   HazelcastHealthContributorAutoConfiguration:
      Did not match:
         - @ConditionalOnClass did not find required class 'com.hazelcast.core.HazelcastInstance' (OnClassCondition)

   HazelcastJpaDependencyAutoConfiguration:
      Did not match:
         - @ConditionalOnClass did not find required class 'com.hazelcast.core.HazelcastInstance' (OnClassCondition)

   HealthEndpointReactiveWebExtensionConfiguration:
      Did not match:
         - did not find reactive web application classes (OnWebApplicationCondition)

   HealthEndpointWebExtensionConfiguration.JerseyAdditionalHealthEndpointPathsConfiguration:
      Did not match:
         - @ConditionalOnClass did not find required class 'org.glassfish.jersey.server.ResourceConfig' (OnClassCondition)

   HibernateMetricsAutoConfiguration:
      Did not match:
         - @ConditionalOnClass did not find required class 'org.hibernate.stat.HibernateMetrics' (OnClassCondition)

   HttpExchangesAutoConfiguration:
      Did not match:
         - @ConditionalOnBean (types: org.springframework.boot.actuate.web.exchanges.HttpExchangeRepository; SearchStrategy: all) did not find any beans of type org.springframework.boot.actuate.web.exchanges.HttpExchangeRepository (OnBeanCondition)
      Matched:
         - @ConditionalOnWebApplication (required) found 'session' scope (OnWebApplicationCondition)
         - @ConditionalOnProperty (management.httpexchanges.recording.enabled) matched (OnPropertyCondition)

   HttpExchangesAutoConfiguration.ReactiveHttpExchangesConfiguration:
      Did not match:
         - did not find reactive web application classes (OnWebApplicationCondition)
         - Ancestor org.springframework.boot.actuate.autoconfigure.web.exchanges.HttpExchangesAutoConfiguration did not match (ConditionEvaluationReport.AncestorsMatchedCondition)

   HttpExchangesAutoConfiguration.ServletHttpExchangesConfiguration:
      Did not match:
         - Ancestor org.springframework.boot.actuate.autoconfigure.web.exchanges.HttpExchangesAutoConfiguration did not match (ConditionEvaluationReport.AncestorsMatchedCondition)
      Matched:
         - found 'session' scope (OnWebApplicationCondition)

   HttpExchangesEndpointAutoConfiguration#httpExchangesEndpoint:
      Did not match:
         - @ConditionalOnBean (types: org.springframework.boot.actuate.web.exchanges.HttpExchangeRepository; SearchStrategy: all) did not find any beans of type org.springframework.boot.actuate.web.exchanges.HttpExchangeRepository (OnBeanCondition)

   HttpHandlerAutoConfiguration:
      Did not match:
         - @ConditionalOnClass did not find required class 'org.springframework.web.reactive.DispatcherHandler' (OnClassCondition)

   HumioMetricsExportAutoConfiguration:
      Did not match:
         - @ConditionalOnClass did not find required class 'io.micrometer.humio.HumioMeterRegistry' (OnClassCondition)

   HypermediaAutoConfiguration:
      Did not match:
         - @ConditionalOnClass did not find required class 'org.springframework.hateoas.EntityModel' (OnClassCondition)

   InfinispanCacheConfiguration:
      Did not match:
         - @ConditionalOnClass did not find required class 'org.infinispan.spring.embedded.provider.SpringEmbeddedCacheManager' (OnClassCondition)

   InfluxDbAutoConfiguration:
      Did not match:
         - @ConditionalOnClass did not find required class 'org.influxdb.InfluxDB' (OnClassCondition)

   InfluxDbHealthContributorAutoConfiguration:
      Did not match:
         - @ConditionalOnClass did not find required class 'org.influxdb.InfluxDB' (OnClassCondition)

   InfluxMetricsExportAutoConfiguration:
      Did not match:
         - @ConditionalOnClass did not find required class 'io.micrometer.influx.InfluxMeterRegistry' (OnClassCondition)

   InfoContributorAutoConfiguration#buildInfoContributor:
      Did not match:
         - @ConditionalOnSingleCandidate (types: org.springframework.boot.info.BuildProperties; SearchStrategy: all) did not find any beans (OnBeanCondition)
      Matched:
         - @ConditionalOnEnabledInfoContributor management.info.defaults.enabled is considered true (OnEnabledInfoContributorCondition)

   InfoContributorAutoConfiguration#envInfoContributor:
      Did not match:
         - @ConditionalOnEnabledInfoContributor management.info.env.enabled is not true (OnEnabledInfoContributorCondition)

   InfoContributorAutoConfiguration#gitInfoContributor:
      Did not match:
         - @ConditionalOnSingleCandidate (types: org.springframework.boot.info.GitProperties; SearchStrategy: all) did not find any beans (OnBeanCondition)
      Matched:
         - @ConditionalOnEnabledInfoContributor management.info.defaults.enabled is considered true (OnEnabledInfoContributorCondition)

   InfoContributorAutoConfiguration#javaInfoContributor:
      Did not match:
         - @ConditionalOnEnabledInfoContributor management.info.java.enabled is not true (OnEnabledInfoContributorCondition)

   InfoContributorAutoConfiguration#osInfoContributor:
      Did not match:
         - @ConditionalOnEnabledInfoContributor management.info.os.enabled is not true (OnEnabledInfoContributorCondition)

   InfoContributorAutoConfiguration#processInfoContributor:
      Did not match:
         - @ConditionalOnEnabledInfoContributor management.info.process.enabled is not true (OnEnabledInfoContributorCondition)

   IntegrationAutoConfiguration:
      Did not match:
         - @ConditionalOnClass did not find required class 'org.springframework.integration.config.EnableIntegration' (OnClassCondition)

   IntegrationGraphEndpointAutoConfiguration:
      Did not match:
         - @ConditionalOnClass did not find required class 'org.springframework.integration.graph.IntegrationGraphServer' (OnClassCondition)

   JCacheCacheConfiguration:
      Did not match:
         - @ConditionalOnClass did not find required class 'javax.cache.Caching' (OnClassCondition)

   JacksonHttpMessageConvertersConfiguration.MappingJackson2XmlHttpMessageConverterConfiguration:
      Did not match:
         - @ConditionalOnClass did not find required class 'com.fasterxml.jackson.dataformat.xml.XmlMapper' (OnClassCondition)

   JdbcRepositoriesAutoConfiguration:
      Did not match:
         - @ConditionalOnClass did not find required class 'org.springframework.data.jdbc.repository.config.AbstractJdbcConfiguration' (OnClassCondition)

   JerseyAutoConfiguration:
      Did not match:
         - @ConditionalOnClass did not find required class 'org.glassfish.jersey.server.spring.SpringComponentProvider' (OnClassCondition)

   JerseySameManagementContextConfiguration:
      Did not match:
         - @ConditionalOnClass did not find required class 'org.glassfish.jersey.server.ResourceConfig' (OnClassCondition)

   JerseyServerMetricsAutoConfiguration:
      Did not match:
         - @ConditionalOnClass did not find required class 'org.glassfish.jersey.micrometer.server.ObservationApplicationEventListener' (OnClassCondition)

   JerseyWebEndpointManagementContextConfiguration:
      Did not match:
         - @ConditionalOnClass did not find required class 'org.glassfish.jersey.server.ResourceConfig' (OnClassCondition)

   JettyMetricsAutoConfiguration:
      Did not match:
         - @ConditionalOnClass did not find required class 'org.eclipse.jetty.server.Server' (OnClassCondition)

   JmsAutoConfiguration:
      Did not match:
         - @ConditionalOnClass did not find required class 'jakarta.jms.Message' (OnClassCondition)

   JmsHealthContributorAutoConfiguration:
      Did not match:
         - @ConditionalOnClass did not find required class 'jakarta.jms.ConnectionFactory' (OnClassCondition)

   JmxMetricsExportAutoConfiguration:
      Did not match:
         - @ConditionalOnClass did not find required class 'io.micrometer.jmx.JmxMeterRegistry' (OnClassCondition)

   JndiConnectionFactoryAutoConfiguration:
      Did not match:
         - @ConditionalOnClass did not find required class 'org.springframework.jms.core.JmsTemplate' (OnClassCondition)

   JndiDataSourceAutoConfiguration:
      Did not match:
         - @ConditionalOnProperty (spring.datasource.jndi-name) did not find property 'jndi-name' (OnPropertyCondition)
      Matched:
         - @ConditionalOnClass found required classes 'javax.sql.DataSource', 'org.springframework.jdbc.datasource.embedded.EmbeddedDatabaseType' (OnClassCondition)

   JndiJtaConfiguration:
      Did not match:
         - @ConditionalOnJndi JNDI environment is not available (OnJndiCondition)
      Matched:
         - @ConditionalOnClass found required class 'org.springframework.transaction.jta.JtaTransactionManager' (OnClassCondition)

   JooqAutoConfiguration:
      Did not match:
         - @ConditionalOnClass did not find required class 'org.jooq.DSLContext' (OnClassCondition)

   JpaRepositoriesAutoConfiguration#entityManagerFactoryBootstrapExecutorCustomizer:
      Did not match:
         - AnyNestedCondition 0 matched 2 did not; NestedCondition on JpaRepositoriesAutoConfiguration.BootstrapExecutorCondition.LazyBootstrapMode @ConditionalOnProperty (spring.data.jpa.repositories.bootstrap-mode=lazy) did not find property 'bootstrap-mode'; NestedCondition on JpaRepositoriesAutoConfiguration.BootstrapExecutorCondition.DeferredBootstrapMode @ConditionalOnProperty (spring.data.jpa.repositories.bootstrap-mode=deferred) did not find property 'bootstrap-mode' (JpaRepositoriesAutoConfiguration.BootstrapExecutorCondition)

   JsonbAutoConfiguration:
      Did not match:
         - @ConditionalOnClass did not find required class 'jakarta.json.bind.Jsonb' (OnClassCondition)

   JsonbHttpMessageConvertersConfiguration:
      Did not match:
         - @ConditionalOnClass did not find required class 'jakarta.json.bind.Jsonb' (OnClassCondition)

   KafkaAutoConfiguration:
      Did not match:
         - @ConditionalOnClass did not find required class 'org.springframework.kafka.core.KafkaTemplate' (OnClassCondition)

   KafkaMetricsAutoConfiguration:
      Did not match:
         - @ConditionalOnClass did not find required class 'org.springframework.kafka.core.ProducerFactory' (OnClassCondition)

   KairosMetricsExportAutoConfiguration:
      Did not match:
         - @ConditionalOnClass did not find required class 'io.micrometer.kairos.KairosMeterRegistry' (OnClassCondition)

   LdapAutoConfiguration:
      Did not match:
         - @ConditionalOnClass did not find required class 'org.springframework.ldap.core.ContextSource' (OnClassCondition)

   LdapHealthContributorAutoConfiguration:
      Did not match:
         - @ConditionalOnClass did not find required class 'org.springframework.ldap.core.LdapOperations' (OnClassCondition)

   LdapRepositoriesAutoConfiguration:
      Did not match:
         - @ConditionalOnClass did not find required class 'org.springframework.data.ldap.repository.LdapRepository' (OnClassCondition)

   LettuceMetricsAutoConfiguration:
      Did not match:
         - @ConditionalOnClass did not find required class 'io.lettuce.core.metrics.MicrometerCommandLatencyRecorder' (OnClassCondition)

   LiquibaseAutoConfiguration:
      Did not match:
         - @ConditionalOnClass did not find required class 'liquibase.change.DatabaseChange' (OnClassCondition)

   LiquibaseEndpointAutoConfiguration:
      Did not match:
         - @ConditionalOnClass did not find required class 'liquibase.integration.spring.SpringLiquibase' (OnClassCondition)

   Log4J2MetricsAutoConfiguration:
      Did not match:
         - @ConditionalOnClass did not find required class 'org.apache.logging.log4j.core.LoggerContext' (OnClassCondition)

   MailHealthContributorAutoConfiguration:
      Did not match:
         - @ConditionalOnClass did not find required class 'org.springframework.mail.javamail.JavaMailSenderImpl' (OnClassCondition)

   MailSenderAutoConfiguration:
      Did not match:
         - @ConditionalOnClass did not find required class 'jakarta.mail.internet.MimeMessage' (OnClassCondition)

   MailSenderValidatorAutoConfiguration:
      Did not match:
         - @ConditionalOnSingleCandidate did not find required type 'org.springframework.mail.javamail.JavaMailSenderImpl' (OnBeanCondition)

   ManagementContextAutoConfiguration.DifferentManagementContextConfiguration:
      Did not match:
         - Management Port actual port type (SAME) did not match required type (DIFFERENT) (OnManagementPortCondition)

   ManagementWebSecurityAutoConfiguration:
      Did not match:
         - AllNestedConditions 1 matched 1 did not; NestedCondition on DefaultWebSecurityCondition.Beans @ConditionalOnMissingBean (types: org.springframework.security.web.SecurityFilterChain; SearchStrategy: all) did not find any beans; NestedCondition on DefaultWebSecurityCondition.Classes @ConditionalOnClass did not find required classes 'org.springframework.security.web.SecurityFilterChain', 'org.springframework.security.config.annotation.web.builders.HttpSecurity' (DefaultWebSecurityCondition)
      Matched:
         - found 'session' scope (OnWebApplicationCondition)

   MappingsEndpointAutoConfiguration.ReactiveWebConfiguration:
      Did not match:
         - @ConditionalOnClass did not find required class 'org.springframework.web.reactive.DispatcherHandler' (OnClassCondition)

   MessageSourceAutoConfiguration:
      Did not match:
         - ResourceBundle did not find bundle with basename messages (MessageSourceAutoConfiguration.ResourceBundleCondition)

   MetricsAspectsAutoConfiguration:
      Did not match:
         - AnyNestedCondition 0 matched 2 did not; NestedCondition on MetricsAspectsAutoConfiguration.ObservationAnnotationsEnabledCondition.ManagementObservationsEnabledCondition @ConditionalOnProperty (management.observations.annotations.enabled=true) did not find property 'enabled'; NestedCondition on MetricsAspectsAutoConfiguration.ObservationAnnotationsEnabledCondition.MicrometerObservationsEnabledCondition @ConditionalOnProperty (micrometer.observations.annotations.enabled=true) did not find property 'enabled' (MetricsAspectsAutoConfiguration.ObservationAnnotationsEnabledCondition)
      Matched:
         - @ConditionalOnClass found required classes 'io.micrometer.core.instrument.MeterRegistry', 'org.aspectj.weaver.Advice' (OnClassCondition)

   MicrometerTracingAutoConfiguration.SpanAspectConfiguration:
      Did not match:
         - AnyNestedCondition 0 matched 2 did not; NestedCondition on MicrometerTracingAutoConfiguration.ObservationAnnotationsEnabledCondition.ManagementObservationsEnabledCondition @ConditionalOnProperty (management.observations.annotations.enabled=true) did not find property 'enabled'; NestedCondition on MicrometerTracingAutoConfiguration.ObservationAnnotationsEnabledCondition.MicrometerObservationsEnabledCondition @ConditionalOnProperty (micrometer.observations.annotations.enabled=true) did not find property 'enabled' (MicrometerTracingAutoConfiguration.ObservationAnnotationsEnabledCondition)
      Matched:
         - @ConditionalOnClass found required class 'org.aspectj.weaver.Advice' (OnClassCondition)

   MongoAutoConfiguration:
      Did not match:
         - @ConditionalOnClass did not find required class 'com.mongodb.client.MongoClient' (OnClassCondition)

   MongoDataAutoConfiguration:
      Did not match:
         - @ConditionalOnClass did not find required class 'com.mongodb.client.MongoClient' (OnClassCondition)

   MongoHealthContributorAutoConfiguration:
      Did not match:
         - @ConditionalOnClass did not find required class 'org.springframework.data.mongodb.core.MongoTemplate' (OnClassCondition)

   MongoMetricsAutoConfiguration:
      Did not match:
         - @ConditionalOnClass did not find required class 'com.mongodb.MongoClientSettings' (OnClassCondition)

   MongoReactiveAutoConfiguration:
      Did not match:
         - @ConditionalOnClass did not find required class 'com.mongodb.reactivestreams.client.MongoClient' (OnClassCondition)

   MongoReactiveDataAutoConfiguration:
      Did not match:
         - @ConditionalOnClass did not find required class 'com.mongodb.reactivestreams.client.MongoClient' (OnClassCondition)

   MongoReactiveHealthContributorAutoConfiguration:
      Did not match:
         - @ConditionalOnClass did not find required class 'reactor.core.publisher.Flux' (OnClassCondition)

   MongoReactiveRepositoriesAutoConfiguration:
      Did not match:
         - @ConditionalOnClass did not find required class 'com.mongodb.reactivestreams.client.MongoClient' (OnClassCondition)

   MongoRepositoriesAutoConfiguration:
      Did not match:
         - @ConditionalOnClass did not find required class 'com.mongodb.client.MongoClient' (OnClassCondition)

   MultipleOpenApiSupportConfiguration:
      Did not match:
         - AnyNestedCondition 0 matched 2 did not; NestedCondition on MultipleOpenApiSupportCondition.OnActuatorDifferentPort found non-matching nested conditions Management Port actual port type (SAME) did not match required type (DIFFERENT), @ConditionalOnProperty (springdoc.show-actuator) did not find property 'springdoc.show-actuator'; NestedCondition on MultipleOpenApiSupportCondition.OnMultipleOpenApiSupportCondition AnyNestedCondition 0 matched 2 did not; NestedCondition on MultipleOpenApiGroupsCondition.OnGroupConfigProperty @ConditionalOnProperty (springdoc.group-configs[0].group) did not find property 'springdoc.group-configs[0].group'; NestedCondition on MultipleOpenApiGroupsCondition.OnGroupedOpenApiBean @ConditionalOnBean (types: org.springdoc.core.models.GroupedOpenApi; SearchStrategy: all) did not find any beans of type org.springdoc.core.models.GroupedOpenApi (MultipleOpenApiSupportCondition)
      Matched:
         - found 'session' scope (OnWebApplicationCondition)
         - @ConditionalOnProperty (springdoc.api-docs.enabled) matched (OnPropertyCondition)

   MultipleOpenApiSupportConfiguration.SpringDocWebMvcActuatorDifferentConfiguration:
      Did not match:
         - Management Port actual port type (SAME) did not match required type (DIFFERENT) (OnManagementPortCondition)
         - Ancestor org.springdoc.webmvc.core.configuration.MultipleOpenApiSupportConfiguration did not match (ConditionEvaluationReport.AncestorsMatchedCondition)
      Matched:
         - @ConditionalOnClass found required class 'org.springframework.boot.actuate.endpoint.web.servlet.WebMvcEndpointHandlerMapping' (OnClassCondition)

   MustacheAutoConfiguration:
      Did not match:
         - @ConditionalOnClass did not find required class 'com.samskivert.mustache.Mustache' (OnClassCondition)

   Neo4jAutoConfiguration:
      Did not match:
         - @ConditionalOnClass did not find required class 'org.neo4j.driver.Driver' (OnClassCondition)

   Neo4jDataAutoConfiguration:
      Did not match:
         - @ConditionalOnClass did not find required class 'org.neo4j.driver.Driver' (OnClassCondition)

   Neo4jHealthContributorAutoConfiguration:
      Did not match:
         - @ConditionalOnClass did not find required class 'org.neo4j.driver.Driver' (OnClassCondition)

   Neo4jReactiveDataAutoConfiguration:
      Did not match:
         - @ConditionalOnClass did not find required class 'org.neo4j.driver.Driver' (OnClassCondition)

   Neo4jReactiveRepositoriesAutoConfiguration:
      Did not match:
         - @ConditionalOnClass did not find required class 'org.neo4j.driver.Driver' (OnClassCondition)

   Neo4jRepositoriesAutoConfiguration:
      Did not match:
         - @ConditionalOnClass did not find required class 'org.neo4j.driver.Driver' (OnClassCondition)

   NettyAutoConfiguration:
      Did not match:
         - @ConditionalOnClass did not find required class 'io.netty.util.NettyRuntime' (OnClassCondition)

   NewRelicMetricsExportAutoConfiguration:
      Did not match:
         - @ConditionalOnClass did not find required class 'io.micrometer.newrelic.NewRelicMeterRegistry' (OnClassCondition)

   NoOpMeterRegistryConfiguration:
      Did not match:
         - @ConditionalOnMissingBean (types: io.micrometer.core.instrument.MeterRegistry; SearchStrategy: all) found beans of type 'io.micrometer.core.instrument.MeterRegistry' prometheusMeterRegistry (OnBeanCondition)

   NoopTracerAutoConfiguration:
      Did not match:
         - @ConditionalOnMissingBean (types: io.micrometer.tracing.Tracer; SearchStrategy: all) found beans of type 'io.micrometer.tracing.Tracer' braveTracerBridge (OnBeanCondition)
      Matched:
         - @ConditionalOnClass found required class 'io.micrometer.tracing.Tracer' (OnClassCondition)

   OAuth2AuthorizationServerAutoConfiguration:
      Did not match:
         - @ConditionalOnClass did not find required class 'org.springframework.security.oauth2.server.authorization.OAuth2Authorization' (OnClassCondition)

   OAuth2AuthorizationServerJwtAutoConfiguration:
      Did not match:
         - @ConditionalOnClass did not find required class 'org.springframework.security.oauth2.server.authorization.OAuth2Authorization' (OnClassCondition)

   OAuth2ClientAutoConfiguration:
      Did not match:
         - @ConditionalOnClass did not find required class 'org.springframework.security.config.annotation.web.configuration.EnableWebSecurity' (OnClassCondition)

   OAuth2ResourceServerAutoConfiguration:
      Did not match:
         - @ConditionalOnClass did not find required class 'org.springframework.security.oauth2.server.resource.authentication.BearerTokenAuthenticationToken' (OnClassCondition)

   ObservationAutoConfiguration.MeterObservationHandlerConfiguration.OnlyMetricsMeterObservationHandlerConfiguration:
      Did not match:
         - @ConditionalOnMissingBean (types: io.micrometer.tracing.Tracer; SearchStrategy: all) found beans of type 'io.micrometer.tracing.Tracer' braveTracerBridge (OnBeanCondition)

   ObservationAutoConfiguration.OnlyMetricsConfiguration:
      Did not match:
         - @ConditionalOnMissingClass found unwanted class 'io.micrometer.tracing.Tracer' (OnClassCondition)

   ObservationAutoConfiguration.OnlyTracingConfiguration:
      Did not match:
         - @ConditionalOnMissingClass found unwanted class 'io.micrometer.core.instrument.MeterRegistry' (OnClassCondition)

   org.springframework.boot.actuate.autoconfigure.opentelemetry.OpenTelemetryAutoConfiguration:
      Did not match:
         - @ConditionalOnClass did not find required class 'io.opentelemetry.sdk.OpenTelemetrySdk' (OnClassCondition)

   org.springframework.boot.actuate.autoconfigure.tracing.OpenTelemetryAutoConfiguration:
      Did not match:
         - @ConditionalOnClass did not find required class 'io.micrometer.tracing.otel.bridge.OtelTracer' (OnClassCondition)

   OtlpAutoConfiguration:
      Did not match:
         - @ConditionalOnClass did not find required class 'io.micrometer.tracing.otel.bridge.OtelTracer' (OnClassCondition)

   OtlpMetricsExportAutoConfiguration:
      Did not match:
         - @ConditionalOnClass did not find required class 'io.micrometer.registry.otlp.OtlpMeterRegistry' (OnClassCondition)

   ProjectInfoAutoConfiguration#buildProperties:
      Did not match:
         - @ConditionalOnResource did not find resource '${spring.info.build.location:classpath:META-INF/build-info.properties}' (OnResourceCondition)

   ProjectInfoAutoConfiguration#gitProperties:
      Did not match:
         - GitResource did not find git info at classpath:git.properties (ProjectInfoAutoConfiguration.GitResourceAvailableCondition)

   PrometheusSimpleclientExemplarsAutoConfiguration:
      Did not match:
         - @ConditionalOnClass did not find required class 'io.prometheus.client.exemplars.tracer.common.SpanContextSupplier' (OnClassCondition)

   PrometheusSimpleclientMetricsExportAutoConfiguration:
      Did not match:
         - @ConditionalOnClass did not find required class 'io.micrometer.prometheus.PrometheusMeterRegistry' (OnClassCondition)

   PulsarAutoConfiguration:
      Did not match:
         - @ConditionalOnClass did not find required class 'org.apache.pulsar.client.api.PulsarClient' (OnClassCondition)

   PulsarReactiveAutoConfiguration:
      Did not match:
         - @ConditionalOnClass did not find required class 'org.apache.pulsar.client.api.PulsarClient' (OnClassCondition)

   QuartzAutoConfiguration:
      Did not match:
         - @ConditionalOnClass did not find required class 'org.quartz.Scheduler' (OnClassCondition)

   QuartzEndpointAutoConfiguration:
      Did not match:
         - @ConditionalOnClass did not find required class 'org.quartz.Scheduler' (OnClassCondition)

   R2dbcAutoConfiguration:
      Did not match:
         - @ConditionalOnClass did not find required class 'io.r2dbc.spi.ConnectionFactory' (OnClassCondition)

   R2dbcDataAutoConfiguration:
      Did not match:
         - @ConditionalOnClass did not find required class 'org.springframework.data.r2dbc.core.R2dbcEntityTemplate' (OnClassCondition)

   R2dbcInitializationConfiguration:
      Did not match:
         - @ConditionalOnClass did not find required classes 'io.r2dbc.spi.ConnectionFactory', 'org.springframework.r2dbc.connection.init.DatabasePopulator' (OnClassCondition)

   R2dbcObservationAutoConfiguration:
      Did not match:
         - @ConditionalOnClass did not find required class 'io.r2dbc.proxy.ProxyConnectionFactory' (OnClassCondition)

   R2dbcRepositoriesAutoConfiguration:
      Did not match:
         - @ConditionalOnClass did not find required class 'io.r2dbc.spi.ConnectionFactory' (OnClassCondition)

   R2dbcTransactionManagerAutoConfiguration:
      Did not match:
         - @ConditionalOnClass did not find required class 'org.springframework.r2dbc.connection.R2dbcTransactionManager' (OnClassCondition)

   RSocketGraphQlClientAutoConfiguration:
      Did not match:
         - @ConditionalOnClass did not find required class 'graphql.GraphQL' (OnClassCondition)

   RSocketMessagingAutoConfiguration:
      Did not match:
         - @ConditionalOnClass did not find required class 'io.rsocket.RSocket' (OnClassCondition)

   RSocketRequesterAutoConfiguration:
      Did not match:
         - @ConditionalOnClass did not find required class 'io.rsocket.RSocket' (OnClassCondition)

   RSocketSecurityAutoConfiguration:
      Did not match:
         - @ConditionalOnClass did not find required class 'org.springframework.security.rsocket.core.SecuritySocketAcceptorInterceptor' (OnClassCondition)

   RSocketServerAutoConfiguration:
      Did not match:
         - @ConditionalOnClass did not find required class 'io.rsocket.core.RSocketServer' (OnClassCondition)

   RSocketStrategiesAutoConfiguration:
      Did not match:
         - @ConditionalOnClass did not find required class 'io.netty.buffer.PooledByteBufAllocator' (OnClassCondition)

   RabbitAutoConfiguration:
      Did not match:
         - @ConditionalOnClass did not find required class 'com.rabbitmq.client.Channel' (OnClassCondition)

   RabbitHealthContributorAutoConfiguration:
      Did not match:
         - @ConditionalOnClass did not find required class 'org.springframework.amqp.rabbit.core.RabbitTemplate' (OnClassCondition)

   RabbitMetricsAutoConfiguration:
      Did not match:
         - @ConditionalOnClass did not find required class 'com.rabbitmq.client.ConnectionFactory' (OnClassCondition)

   ReactiveCloudFoundryActuatorAutoConfiguration:
      Did not match:
         - @ConditionalOnWebApplication did not find reactive web application classes (OnWebApplicationCondition)

   ReactiveElasticsearchClientAutoConfiguration:
      Did not match:
         - @ConditionalOnClass did not find required class 'co.elastic.clients.transport.ElasticsearchTransport' (OnClassCondition)

   ReactiveElasticsearchRepositoriesAutoConfiguration:
      Did not match:
         - @ConditionalOnClass did not find required class 'reactor.core.publisher.Mono' (OnClassCondition)

   ReactiveHealthEndpointConfiguration:
      Did not match:
         - @ConditionalOnClass did not find required class 'reactor.core.publisher.Flux' (OnClassCondition)

   ReactiveManagementContextAutoConfiguration:
      Did not match:
         - @ConditionalOnClass did not find required class 'reactor.core.publisher.Flux' (OnClassCondition)

   ReactiveManagementWebSecurityAutoConfiguration:
      Did not match:
         - @ConditionalOnClass did not find required class 'org.springframework.security.config.annotation.web.reactive.EnableWebFluxSecurity' (OnClassCondition)

   ReactiveMultipartAutoConfiguration:
      Did not match:
         - @ConditionalOnClass did not find required class 'org.springframework.web.reactive.config.WebFluxConfigurer' (OnClassCondition)

   ReactiveOAuth2ClientAutoConfiguration:
      Did not match:
         - @ConditionalOnClass did not find required class 'reactor.core.publisher.Flux' (OnClassCondition)

   ReactiveOAuth2ResourceServerAutoConfiguration:
      Did not match:
         - @ConditionalOnClass did not find required class 'org.springframework.security.config.annotation.web.reactive.EnableWebFluxSecurity' (OnClassCondition)

   ReactiveSecurityAutoConfiguration:
      Did not match:
         - @ConditionalOnClass did not find required class 'reactor.core.publisher.Flux' (OnClassCondition)

   ReactiveUserDetailsServiceAutoConfiguration:
      Did not match:
         - @ConditionalOnClass did not find required class 'org.springframework.security.authentication.ReactiveAuthenticationManager' (OnClassCondition)

   ReactiveWebServerFactoryAutoConfiguration:
      Did not match:
         - @ConditionalOnWebApplication did not find reactive web application classes (OnWebApplicationCondition)

   ReactorAutoConfiguration:
      Did not match:
         - @ConditionalOnClass did not find required class 'reactor.core.publisher.Hooks' (OnClassCondition)

   RedisAutoConfiguration:
      Did not match:
         - @ConditionalOnClass did not find required class 'org.springframework.data.redis.core.RedisOperations' (OnClassCondition)

   RedisCacheConfiguration:
      Did not match:
         - @ConditionalOnClass did not find required class 'org.springframework.data.redis.connection.RedisConnectionFactory' (OnClassCondition)

   RedisHealthContributorAutoConfiguration:
      Did not match:
         - @ConditionalOnClass did not find required class 'org.springframework.data.redis.connection.RedisConnectionFactory' (OnClassCondition)

   RedisReactiveAutoConfiguration:
      Did not match:
         - @ConditionalOnClass did not find required class 'reactor.core.publisher.Flux' (OnClassCondition)

   RedisReactiveHealthContributorAutoConfiguration:
      Did not match:
         - @ConditionalOnClass did not find required class 'reactor.core.publisher.Flux' (OnClassCondition)

   RedisRepositoriesAutoConfiguration:
      Did not match:
         - @ConditionalOnClass did not find required class 'org.springframework.data.redis.repository.configuration.EnableRedisRepositories' (OnClassCondition)

   RepositoryRestMvcAutoConfiguration:
      Did not match:
         - @ConditionalOnClass did not find required class 'org.springframework.data.rest.webmvc.config.RepositoryRestMvcConfiguration' (OnClassCondition)

   Saml2RelyingPartyAutoConfiguration:
      Did not match:
         - @ConditionalOnClass did not find required class 'org.springframework.security.saml2.provider.service.registration.RelyingPartyRegistrationRepository' (OnClassCondition)

   SbomEndpointAutoConfiguration#sbomEndpointWebExtension:
      Did not match:
         - @ConditionalOnAvailableEndpoint no 'management.endpoints' property marked it as exposed (OnAvailableEndpointCondition)
      Matched:
         - @ConditionalOnBean (types: org.springframework.boot.actuate.sbom.SbomEndpoint; SearchStrategy: all) found bean 'sbomEndpoint'; @ConditionalOnMissingBean (types: org.springframework.boot.actuate.sbom.SbomEndpointWebExtension; SearchStrategy: all) did not find any beans (OnBeanCondition)

   SecurityAutoConfiguration:
      Did not match:
         - @ConditionalOnClass did not find required class 'org.springframework.security.authentication.DefaultAuthenticationEventPublisher' (OnClassCondition)

   SecurityFilterAutoConfiguration:
      Did not match:
         - @ConditionalOnClass did not find required class 'org.springframework.security.config.http.SessionCreationPolicy' (OnClassCondition)

   SecurityRequestMatchersManagementContextConfiguration:
      Did not match:
         - @ConditionalOnClass did not find required class 'org.springframework.security.web.util.matcher.RequestMatcher' (OnClassCondition)

   SendGridAutoConfiguration:
      Did not match:
         - @ConditionalOnClass did not find required class 'com.sendgrid.SendGrid' (OnClassCondition)

   ServletEndpointManagementContextConfiguration.JerseyServletEndpointManagementContextConfiguration:
      Did not match:
         - @ConditionalOnClass did not find required class 'org.glassfish.jersey.server.ResourceConfig' (OnClassCondition)

   ServletManagementContextAutoConfiguration.ApplicationContextFilterConfiguration:
      Did not match:
         - @ConditionalOnProperty (management.server.add-application-context-header=true) did not find property 'add-application-context-header' (OnPropertyCondition)

   ServletWebServerFactoryAutoConfiguration.ForwardedHeaderFilterConfiguration:
      Did not match:
         - @ConditionalOnProperty (server.forward-headers-strategy=framework) did not find property 'server.forward-headers-strategy' (OnPropertyCondition)

   ServletWebServerFactoryConfiguration.EmbeddedJetty:
      Did not match:
         - @ConditionalOnClass did not find required classes 'org.eclipse.jetty.server.Server', 'org.eclipse.jetty.util.Loader', 'org.eclipse.jetty.ee10.webapp.WebAppContext' (OnClassCondition)

   ServletWebServerFactoryConfiguration.EmbeddedUndertow:
      Did not match:
         - @ConditionalOnClass did not find required classes 'io.undertow.Undertow', 'org.xnio.SslClientAuthMode' (OnClassCondition)

   SessionAutoConfiguration:
      Did not match:
         - @ConditionalOnClass did not find required class 'org.springframework.session.Session' (OnClassCondition)

   SessionsEndpointAutoConfiguration:
      Did not match:
         - @ConditionalOnClass did not find required class 'org.springframework.session.Session' (OnClassCondition)

   ShutdownEndpointAutoConfiguration:
      Did not match:
         - @ConditionalOnAvailableEndpoint no property management.endpoint.shutdown.enabled found so using endpoint default of false (OnAvailableEndpointCondition)

   SignalFxMetricsExportAutoConfiguration:
      Did not match:
         - @ConditionalOnClass did not find required class 'io.micrometer.signalfx.SignalFxMeterRegistry' (OnClassCondition)

   SimpleMetricsExportAutoConfiguration:
      Did not match:
         - @ConditionalOnMissingBean (types: io.micrometer.core.instrument.MeterRegistry; SearchStrategy: all) found beans of type 'io.micrometer.core.instrument.MeterRegistry' prometheusMeterRegistry (OnBeanCondition)
      Matched:
         - @ConditionalOnEnabledMetricsExport management.defaults.metrics.export.enabled is considered true (OnMetricsExportEnabledCondition)

   SpringDocConfiguration#propertiesResolverForSchema:
      Did not match:
         - @ConditionalOnProperty (springdoc.api-docs.resolve-schema-properties) did not find property 'springdoc.api-docs.resolve-schema-properties' (OnPropertyCondition)

   SpringDocConfiguration#propertyCustomizingConverter:
      Did not match:
         - @ConditionalOnBean (types: org.springdoc.core.customizers.PropertyCustomizer; SearchStrategy: all) did not find any beans of type org.springdoc.core.customizers.PropertyCustomizer (OnBeanCondition)

   SpringDocConfiguration#springdocBeanFactoryPostProcessor:
      Did not match:
         - AnyNestedCondition 0 matched 2 did not; NestedCondition on CacheOrGroupedOpenApiCondition.OnCacheDisabled found non-matching nested conditions @ConditionalOnProperty (springdoc.cache.disabled) did not find property 'springdoc.cache.disabled'; NestedCondition on CacheOrGroupedOpenApiCondition.OnMultipleOpenApiSupportCondition AnyNestedCondition 0 matched 2 did not; NestedCondition on MultipleOpenApiSupportCondition.OnActuatorDifferentPort found non-matching nested conditions Management Port actual port type (SAME) did not match required type (DIFFERENT), @ConditionalOnProperty (springdoc.show-actuator) did not find property 'springdoc.show-actuator'; NestedCondition on MultipleOpenApiSupportCondition.OnMultipleOpenApiSupportCondition AnyNestedCondition 0 matched 2 did not; NestedCondition on MultipleOpenApiGroupsCondition.OnGroupConfigProperty @ConditionalOnProperty (springdoc.group-configs[0].group) did not find property 'springdoc.group-configs[0].group'; NestedCondition on MultipleOpenApiGroupsCondition.OnGroupedOpenApiBean @ConditionalOnBean (types: org.springdoc.core.models.GroupedOpenApi; SearchStrategy: all) did not find any beans of type org.springdoc.core.models.GroupedOpenApi (CacheOrGroupedOpenApiCondition)
      Matched:
         - @ConditionalOnClass found required class 'org.springframework.boot.context.properties.bind.BindResult' (OnClassCondition)

   SpringDocConfiguration#springdocBeanFactoryPostProcessor2:
      Did not match:
         - @ConditionalOnMissingClass found unwanted class 'org.springframework.boot.context.properties.bind.BindResult' (OnClassCondition)

   SpringDocConfiguration.SpringDocActuatorConfiguration:
      Did not match:
         - @ConditionalOnProperty (springdoc.show-actuator) did not find property 'springdoc.show-actuator' (OnPropertyCondition)
      Matched:
         - @ConditionalOnClass found required class 'org.springframework.boot.actuate.autoconfigure.endpoint.web.WebEndpointProperties' (OnClassCondition)

   SpringDocConfiguration.SpringDocRepositoryRestConfiguration:
      Did not match:
         - @ConditionalOnClass did not find required class 'org.springframework.data.rest.core.config.RepositoryRestConfiguration' (OnClassCondition)

   SpringDocConfiguration.SpringDocWebFluxSupportConfiguration:
      Did not match:
         - @ConditionalOnClass did not find required class 'reactor.core.publisher.Flux' (OnClassCondition)

   SpringDocDataRestConfiguration:
      Did not match:
         - @ConditionalOnClass did not find required class 'org.springframework.data.rest.core.config.RepositoryRestConfiguration' (OnClassCondition)

   SpringDocFunctionCatalogConfiguration:
      Did not match:
         - @ConditionalOnClass did not find required class 'org.springframework.cloud.function.web.function.FunctionEndpointInitializer' (OnClassCondition)

   SpringDocGroovyConfiguration:
      Did not match:
         - @ConditionalOnClass did not find required class 'groovy.lang.MetaClass' (OnClassCondition)

   SpringDocHateoasConfiguration:
      Did not match:
         - @ConditionalOnClass did not find required class 'org.springframework.hateoas.server.LinkRelationProvider' (OnClassCondition)

   SpringDocJacksonKotlinModuleConfiguration:
      Did not match:
         - @ConditionalOnClass did not find required class 'com.fasterxml.jackson.module.kotlin.KotlinModule' (OnClassCondition)

   SpringDocJavadocConfiguration:
      Did not match:
         - @ConditionalOnClass did not find required class 'com.github.therapi.runtimejavadoc.CommentFormatter' (OnClassCondition)

   SpringDocKotlinConfiguration:
      Did not match:
         - @ConditionalOnClass did not find required class 'kotlin.coroutines.Continuation' (OnClassCondition)

   SpringDocKotlinxConfiguration:
      Did not match:
         - @ConditionalOnClass did not find required class 'kotlinx.coroutines.flow.Flow' (OnClassCondition)

   SpringDocSecurityConfiguration:
      Did not match:
         - @ConditionalOnClass did not find required class 'org.springframework.security.web.SecurityFilterChain' (OnClassCondition)

   SpringDocSortConfiguration#delegatingMethodParameterCustomizer:
      Did not match:
         - @ConditionalOnMissingBean (types: org.springdoc.core.customizers.DelegatingMethodParameterCustomizer; SearchStrategy: all) found beans of type 'org.springdoc.core.customizers.DelegatingMethodParameterCustomizer' delegatingMethodParameterCustomizer (OnBeanCondition)

   SpringDocWebMvcConfiguration.SpringDocWebMvcActuatorConfiguration#actuatorProvider:
      Did not match:
         - @ConditionalOnExpression (#{${springdoc.show-actuator:false} or ${springdoc.use-management-port:false}}) resulted in false (OnExpressionCondition)

   SpringDocWebMvcConfiguration.SpringDocWebMvcActuatorConfiguration#openApiActuatorResource:
      Did not match:
         - @ConditionalOnProperty (springdoc.use-management-port) did not find property 'springdoc.use-management-port' (OnPropertyCondition)

   StackdriverMetricsExportAutoConfiguration:
      Did not match:
         - @ConditionalOnClass did not find required class 'io.micrometer.stackdriver.StackdriverMeterRegistry' (OnClassCondition)

   StartupEndpointAutoConfiguration:
      Did not match:
         - ApplicationStartup configured applicationStartup is of type class org.springframework.core.metrics.DefaultApplicationStartup, expected BufferingApplicationStartup. (StartupEndpointAutoConfiguration.ApplicationStartupCondition)

   StatsdMetricsExportAutoConfiguration:
      Did not match:
         - @ConditionalOnClass did not find required class 'io.micrometer.statsd.StatsdMeterRegistry' (OnClassCondition)

   SwaggerConfig#springWebProvider:
      Did not match:
         - @ConditionalOnMissingBean (types: org.springdoc.core.providers.SpringWebProvider; SearchStrategy: all) found beans of type 'org.springdoc.core.providers.SpringWebProvider' springWebProvider (OnBeanCondition)

   SwaggerConfig#swaggerUiConfigParameters:
      Did not match:
         - @ConditionalOnMissingBean (types: org.springdoc.core.properties.SwaggerUiConfigParameters; SearchStrategy: all) found beans of type 'org.springdoc.core.properties.SwaggerUiConfigParameters' org.springdoc.core.properties.SwaggerUiConfigParameters (OnBeanCondition)

   SwaggerConfig#swaggerUiHome:
      Did not match:
         - @ConditionalOnProperty (springdoc.swagger-ui.use-root-path=true) did not find property 'springdoc.swagger-ui.use-root-path' (OnPropertyCondition)

   SwaggerConfig.SwaggerActuatorWelcomeConfiguration:
      Did not match:
         - @ConditionalOnProperty (springdoc.use-management-port) did not find property 'springdoc.use-management-port' (OnPropertyCondition)
      Matched:
         - @ConditionalOnClass found required class 'org.springframework.boot.actuate.endpoint.web.servlet.WebMvcEndpointHandlerMapping' (OnClassCondition)

   TaskExecutorConfigurations.SimpleAsyncTaskExecutorBuilderConfiguration#simpleAsyncTaskExecutorBuilderVirtualThreads:
      Did not match:
         - @ConditionalOnMissingBean (types: org.springframework.boot.task.SimpleAsyncTaskExecutorBuilder; SearchStrategy: all) found beans of type 'org.springframework.boot.task.SimpleAsyncTaskExecutorBuilder' simpleAsyncTaskExecutorBuilder (OnBeanCondition)

   TaskExecutorConfigurations.TaskExecutorConfiguration#applicationTaskExecutorVirtualThreads:
      Did not match:
         - @ConditionalOnThreading did not find VIRTUAL (OnThreadingCondition)

   TaskSchedulingAutoConfiguration#scheduledBeanLazyInitializationExcludeFilter:
      Did not match:
         - @ConditionalOnBean (names: org.springframework.context.annotation.internalScheduledAnnotationProcessor; SearchStrategy: all) did not find any beans named org.springframework.context.annotation.internalScheduledAnnotationProcessor (OnBeanCondition)

   TaskSchedulingConfigurations.SimpleAsyncTaskSchedulerBuilderConfiguration#simpleAsyncTaskSchedulerBuilderVirtualThreads:
      Did not match:
         - @ConditionalOnMissingBean (types: org.springframework.boot.task.SimpleAsyncTaskSchedulerBuilder; SearchStrategy: all) found beans of type 'org.springframework.boot.task.SimpleAsyncTaskSchedulerBuilder' simpleAsyncTaskSchedulerBuilder (OnBeanCondition)

   TaskSchedulingConfigurations.TaskSchedulerConfiguration:
      Did not match:
         - @ConditionalOnBean (names: org.springframework.context.annotation.internalScheduledAnnotationProcessor; SearchStrategy: all) did not find any beans named org.springframework.context.annotation.internalScheduledAnnotationProcessor (OnBeanCondition)

   ThymeleafAutoConfiguration:
      Did not match:
         - @ConditionalOnClass did not find required class 'org.thymeleaf.spring6.SpringTemplateEngine' (OnClassCondition)

   TransactionAutoConfiguration#transactionalOperator:
      Did not match:
         - @ConditionalOnSingleCandidate (types: org.springframework.transaction.ReactiveTransactionManager; SearchStrategy: all) did not find any beans (OnBeanCondition)

   TransactionAutoConfiguration.AspectJTransactionManagementConfiguration:
      Did not match:
         - @ConditionalOnBean (types: org.springframework.transaction.aspectj.AbstractTransactionAspect; SearchStrategy: all) did not find any beans of type org.springframework.transaction.aspectj.AbstractTransactionAspect (OnBeanCondition)

   TransactionAutoConfiguration.EnableTransactionManagementConfiguration.JdkDynamicAutoProxyConfiguration:
      Did not match:
         - @ConditionalOnProperty (spring.aop.proxy-target-class=false) did not find property 'proxy-target-class' (OnPropertyCondition)

   UserDetailsServiceAutoConfiguration:
      Did not match:
         - @ConditionalOnClass did not find required class 'org.springframework.security.authentication.AuthenticationManager' (OnClassCondition)

   ValidationAutoConfiguration:
      Did not match:
         - @ConditionalOnResource did not find resource 'classpath:META-INF/services/jakarta.validation.spi.ValidationProvider' (OnResourceCondition)
      Matched:
         - @ConditionalOnClass found required class 'jakarta.validation.executable.ExecutableValidator' (OnClassCondition)

   WavefrontAutoConfiguration:
      Did not match:
         - @ConditionalOnClass did not find required class 'com.wavefront.sdk.common.application.ApplicationTags' (OnClassCondition)

   WavefrontMetricsExportAutoConfiguration:
      Did not match:
         - @ConditionalOnClass did not find required class 'com.wavefront.sdk.common.WavefrontSender' (OnClassCondition)

   WavefrontTracingAutoConfiguration:
      Did not match:
         - @ConditionalOnClass did not find required class 'com.wavefront.sdk.common.WavefrontSender' (OnClassCondition)

   WebClientAutoConfiguration:
      Did not match:
         - @ConditionalOnClass did not find required class 'org.springframework.web.reactive.function.client.WebClient' (OnClassCondition)

   WebClientObservationConfiguration:
      Did not match:
         - @ConditionalOnClass did not find required class 'org.springframework.web.reactive.function.client.WebClient' (OnClassCondition)

   WebFluxAutoConfiguration:
      Did not match:
         - @ConditionalOnClass did not find required class 'org.springframework.web.reactive.config.WebFluxConfigurer' (OnClassCondition)

   WebFluxEndpointManagementContextConfiguration:
      Did not match:
         - @ConditionalOnClass did not find required class 'org.springframework.web.reactive.DispatcherHandler' (OnClassCondition)

   WebFluxObservationAutoConfiguration:
      Did not match:
         - @ConditionalOnWebApplication did not find reactive web application classes (OnWebApplicationCondition)

   WebMvcAutoConfiguration#hiddenHttpMethodFilter:
      Did not match:
         - @ConditionalOnProperty (spring.mvc.hiddenmethod.filter.enabled) did not find property 'enabled' (OnPropertyCondition)

   WebMvcAutoConfiguration.ProblemDetailsErrorHandlingConfiguration:
      Did not match:
         - @ConditionalOnProperty (spring.mvc.problemdetails.enabled=true) did not find property 'enabled' (OnPropertyCondition)

   WebMvcAutoConfiguration.ResourceChainCustomizerConfiguration:
      Did not match:
         - @ConditionalOnEnabledResourceChain did not find class org.webjars.WebJarAssetLocator (OnEnabledResourceChainCondition)

   WebMvcAutoConfiguration.WebMvcAutoConfigurationAdapter#beanNameViewResolver:
      Did not match:
         - @ConditionalOnMissingBean (types: org.springframework.web.servlet.view.BeanNameViewResolver; SearchStrategy: all) found beans of type 'org.springframework.web.servlet.view.BeanNameViewResolver' beanNameViewResolver (OnBeanCondition)

   WebMvcEndpointManagementContextConfiguration#managementHealthEndpointWebMvcHandlerMapping:
      Did not match:
         - Management Port actual port type (SAME) did not match required type (DIFFERENT) (OnManagementPortCondition)

   WebServiceTemplateAutoConfiguration:
      Did not match:
         - @ConditionalOnClass did not find required class 'org.springframework.oxm.Marshaller' (OnClassCondition)

   WebServicesAutoConfiguration:
      Did not match:
         - @ConditionalOnClass did not find required class 'org.springframework.ws.transport.http.MessageDispatcherServlet' (OnClassCondition)

   WebSessionIdResolverAutoConfiguration:
      Did not match:
         - @ConditionalOnClass did not find required class 'reactor.core.publisher.Mono' (OnClassCondition)

   WebSocketMessagingAutoConfiguration:
      Did not match:
         - @ConditionalOnClass did not find required class 'org.springframework.web.socket.config.annotation.WebSocketMessageBrokerConfigurer' (OnClassCondition)

   WebSocketReactiveAutoConfiguration:
      Did not match:
         - @ConditionalOnWebApplication did not find reactive web application classes (OnWebApplicationCondition)

   WebSocketServletAutoConfiguration.JettyWebSocketConfiguration:
      Did not match:
         - @ConditionalOnClass did not find required class 'org.eclipse.jetty.ee10.websocket.jakarta.server.config.JakartaWebSocketServletContainerInitializer' (OnClassCondition)

   WebSocketServletAutoConfiguration.UndertowWebSocketConfiguration:
      Did not match:
         - @ConditionalOnClass did not find required class 'io.undertow.websockets.jsr.Bootstrap' (OnClassCondition)

   XADataSourceAutoConfiguration:
      Did not match:
         - @ConditionalOnBean (types: org.springframework.boot.jdbc.XADataSourceWrapper; SearchStrategy: all) did not find any beans of type org.springframework.boot.jdbc.XADataSourceWrapper (OnBeanCondition)
      Matched:
         - @ConditionalOnClass found required classes 'javax.sql.DataSource', 'jakarta.transaction.TransactionManager', 'org.springframework.jdbc.datasource.embedded.EmbeddedDatabaseType' (OnClassCondition)

   ZipkinConfigurations.HttpClientSenderConfiguration#httpClientSender:
      Did not match:
         - @ConditionalOnMissingBean (types: zipkin2.reporter.BytesMessageSender; SearchStrategy: all) found beans of type 'zipkin2.reporter.BytesMessageSender' restTemplateSender (OnBeanCondition)

   ZipkinConfigurations.OpenTelemetryConfiguration:
      Did not match:
         - @ConditionalOnClass did not find required classes 'io.opentelemetry.exporter.zipkin.ZipkinSpanExporter', 'zipkin2.Span' (OnClassCondition)

   ZipkinConfigurations.UrlConnectionSenderConfiguration:
      Did not match:
         - @ConditionalOnClass did not find required class 'zipkin2.reporter.urlconnection.URLConnectionSender' (OnClassCondition)

   ZipkinConfigurations.WebClientSenderConfiguration:
      Did not match:
         - @ConditionalOnClass did not find required class 'org.springframework.web.reactive.function.client.WebClient' (OnClassCondition)


Exclusions:
-----------

    None


Unconditional classes:
----------------------

    org.springframework.boot.autoconfigure.context.ConfigurationPropertiesAutoConfiguration

    org.springframework.boot.actuate.autoconfigure.availability.AvailabilityHealthContributorAutoConfiguration

    org.springframework.boot.autoconfigure.ssl.SslAutoConfiguration

    org.springframework.boot.actuate.autoconfigure.info.InfoContributorAutoConfiguration

    org.springframework.boot.autoconfigure.context.PropertyPlaceholderAutoConfiguration

    org.springframework.boot.autoconfigure.context.LifecycleAutoConfiguration

    org.springframework.boot.actuate.autoconfigure.metrics.integration.IntegrationMetricsAutoConfiguration

    org.springframework.boot.actuate.autoconfigure.endpoint.EndpointAutoConfiguration

    org.springframework.boot.actuate.autoconfigure.web.server.ManagementContextAutoConfiguration

    org.springframework.boot.actuate.autoconfigure.health.HealthContributorAutoConfiguration

    org.springframework.boot.actuate.autoconfigure.endpoint.jackson.JacksonEndpointAutoConfiguration

    org.springframework.boot.autoconfigure.availability.ApplicationAvailabilityAutoConfiguration

    org.springframework.boot.autoconfigure.info.ProjectInfoAutoConfiguration



2024-10-18T18:55:13.460+03:00  INFO [,,] 28528 --- [main] [                                                 ] c.e.k.KibanaDeployTemplateApplication    : Started KibanaDeployTemplateApplication in 3.809 seconds (process running for 4.162)
2024-10-18T18:55:13.464+03:00 DEBUG [,,] 28528 --- [main] [                                                 ] o.s.b.a.ApplicationAvailabilityBean      : Application availability state LivenessState changed to CORRECT
2024-10-18T18:55:13.466+03:00 DEBUG [,,] 28528 --- [main] [                                                 ] o.s.b.a.ApplicationAvailabilityBean      : Application availability state ReadinessState changed to ACCEPTING_TRAFFIC
2024-10-18T18:55:13.481+03:00 DEBUG [,,] 28528 --- [RMI TCP Connection(3)-192.168.0.104] [                                                 ] sun.rmi.transport.tcp                    : RMI TCP Connection(3)-192.168.0.104: (port 53105) op = 82
2024-10-18T18:55:13.481+03:00 DEBUG [,,] 28528 --- [RMI TCP Connection(3)-192.168.0.104] [                                                 ] sun.rmi.transport.tcp                    : RMI TCP Connection(3)-192.168.0.104: (port 53105) op = 80
2024-10-18T18:55:13.482+03:00 DEBUG [,,] 28528 --- [RMI TCP Connection(3)-192.168.0.104] [                                                 ] sun.rmi.transport.tcp                    : RMI TCP Connection(3)-192.168.0.104: (port 53105) op = 82
2024-10-18T18:55:13.482+03:00 DEBUG [,,] 28528 --- [RMI TCP Connection(3)-192.168.0.104] [                                                 ] sun.rmi.transport.tcp                    : RMI TCP Connection(3)-192.168.0.104: (port 53105) op = 80
2024-10-18T18:55:13.482+03:00 DEBUG [,,] 28528 --- [RMI TCP Connection(3)-192.168.0.104] [                                                 ] sun.rmi.loader                           : RMI TCP Connection(3)-192.168.0.104: name = "[Ljava.rmi.server.ObjID;", codebase = "", defaultLoader = jdk.internal.loader.ClassLoaders$PlatformClassLoader@61537909
2024-10-18T18:55:13.482+03:00 DEBUG [,,] 28528 --- [RMI TCP Connection(3)-192.168.0.104] [                                                 ] sun.rmi.loader                           : RMI TCP Connection(3)-192.168.0.104: name = "java.rmi.server.ObjID", codebase = "", defaultLoader = jdk.internal.loader.ClassLoaders$PlatformClassLoader@61537909
2024-10-18T18:55:13.482+03:00 DEBUG [,,] 28528 --- [RMI TCP Connection(3)-192.168.0.104] [                                                 ] sun.rmi.loader                           : RMI TCP Connection(3)-192.168.0.104: name = "java.rmi.server.UID", codebase = "", defaultLoader = jdk.internal.loader.ClassLoaders$PlatformClassLoader@61537909
2024-10-18T18:55:13.482+03:00 DEBUG [,,] 28528 --- [RMI TCP Connection(3)-192.168.0.104] [                                                 ] sun.rmi.loader                           : RMI TCP Connection(3)-192.168.0.104: name = "java.rmi.dgc.Lease", codebase = "", defaultLoader = jdk.internal.loader.ClassLoaders$PlatformClassLoader@61537909
2024-10-18T18:55:13.483+03:00 DEBUG [,,] 28528 --- [RMI TCP Connection(3)-192.168.0.104] [                                                 ] sun.rmi.loader                           : RMI TCP Connection(3)-192.168.0.104: name = "java.rmi.dgc.VMID", codebase = "", defaultLoader = jdk.internal.loader.ClassLoaders$PlatformClassLoader@61537909
2024-10-18T18:55:13.483+03:00 DEBUG [,,] 28528 --- [RMI TCP Connection(3)-192.168.0.104] [                                                 ] sun.rmi.loader                           : RMI TCP Connection(3)-192.168.0.104: name = "[B", codebase = "", defaultLoader = jdk.internal.loader.ClassLoaders$PlatformClassLoader@61537909
2024-10-18T18:55:13.483+03:00 DEBUG [,,] 28528 --- [RMI TCP Connection(3)-192.168.0.104] [                                                 ] sun.rmi.transport.tcp                    : RMI TCP Connection(3)-192.168.0.104: (port 53105) op = 82
2024-10-18T18:55:13.483+03:00 DEBUG [,,] 28528 --- [RMI TCP Connection(3)-192.168.0.104] [                                                 ] sun.rmi.transport.tcp                    : RMI TCP Connection(3)-192.168.0.104: (port 53105) op = 84
2024-10-18T18:55:13.483+03:00 DEBUG [,,] 28528 --- [RMI TCP Connection(3)-192.168.0.104] [                                                 ] sun.rmi.transport.tcp                    : RMI TCP Connection(3)-192.168.0.104: (port 53105) op = 82
2024-10-18T18:55:13.483+03:00 DEBUG [,,] 28528 --- [RMI TCP Connection(3)-192.168.0.104] [                                                 ] sun.rmi.transport.tcp                    : RMI TCP Connection(3)-192.168.0.104: (port 53105) op = 80
2024-10-18T18:55:13.484+03:00 DEBUG [,,] 28528 --- [RMI TCP Connection(3)-192.168.0.104] [                                                 ] sun.rmi.transport.tcp                    : RMI TCP Connection(3)-192.168.0.104: (port 53105) op = 82
2024-10-18T18:55:13.484+03:00 DEBUG [,,] 28528 --- [RMI TCP Connection(3)-192.168.0.104] [                                                 ] sun.rmi.transport.tcp                    : RMI TCP Connection(3)-192.168.0.104: (port 53105) op = 80
2024-10-18T18:55:13.484+03:00 DEBUG [,,] 28528 --- [RMI TCP Connection(3)-192.168.0.104] [                                                 ] sun.rmi.loader                           : RMI TCP Connection(3)-192.168.0.104: name = "javax.management.ObjectName", codebase = ""
2024-10-18T18:55:13.484+03:00 DEBUG [,,] 28528 --- [RMI TCP Connection(3)-192.168.0.104] [                                                 ] javax.management.remote.rmi              : connectionId=rmi://192.168.0.104  7, name=org.springframework.boot:type=Admin,name=SpringApplication, attribute=Ready
2024-10-18T18:55:13.485+03:00 DEBUG [,,] 28528 --- [RMI TCP Connection(3)-192.168.0.104] [                                                 ] sun.rmi.transport.tcp                    : RMI TCP Connection(3)-192.168.0.104: (port 53105) op = 82
2024-10-18T18:55:13.485+03:00 DEBUG [,,] 28528 --- [RMI TCP Connection(3)-192.168.0.104] [                                                 ] sun.rmi.transport.tcp                    : RMI TCP Connection(3)-192.168.0.104: (port 53105) op = 80
2024-10-18T18:55:13.486+03:00 DEBUG [,,] 28528 --- [RMI TCP Connection(3)-192.168.0.104] [                                                 ] javax.management.remote.rmi              : [javax.management.remote.rmi.RMIConnectionImpl@4269b64e: connectionId=rmi://192.168.0.104  7] closing.
2024-10-18T18:55:13.486+03:00 DEBUG [,,] 28528 --- [RMI TCP Connection(3)-192.168.0.104] [                                                 ] javax.management.remote.rmi              : [javax.management.remote.rmi.RMIConnectionImpl@4269b64e: connectionId=rmi://192.168.0.104  7] closed.
2024-10-18T18:55:13.490+03:00 DEBUG [,,] 28528 --- [RMI TCP Connection(4)-192.168.0.104] [                                                 ] sun.rmi.transport.tcp                    : RMI TCP Connection(4)-192.168.0.104: accepted socket from [192.168.0.104:53121]
2024-10-18T18:55:13.491+03:00 DEBUG [,,] 28528 --- [RMI TCP Connection(4)-192.168.0.104] [                                                 ] sun.rmi.transport.tcp                    : RMI TCP Connection(4)-192.168.0.104: (port 53105) op = 80
2024-10-18T18:55:13.491+03:00 DEBUG [,,] 28528 --- [RMI TCP Connection(4)-192.168.0.104] [                                                 ] sun.rmi.transport.tcp                    : RMI TCP Connection(4)-192.168.0.104: (port 53105) op = 80
2024-10-18T18:55:13.491+03:00 DEBUG [,,] 28528 --- [RMI TCP Connection(4)-192.168.0.104] [                                                 ] sun.rmi.loader                           : RMI TCP Connection(4)-192.168.0.104: name = "[Ljava.rmi.server.ObjID;", codebase = "", defaultLoader = jdk.internal.loader.ClassLoaders$PlatformClassLoader@61537909
2024-10-18T18:55:13.492+03:00 DEBUG [,,] 28528 --- [RMI TCP Connection(4)-192.168.0.104] [                                                 ] sun.rmi.loader                           : RMI TCP Connection(4)-192.168.0.104: name = "java.rmi.server.ObjID", codebase = "", defaultLoader = jdk.internal.loader.ClassLoaders$PlatformClassLoader@61537909
2024-10-18T18:55:13.492+03:00 DEBUG [,,] 28528 --- [RMI TCP Connection(4)-192.168.0.104] [                                                 ] sun.rmi.loader                           : RMI TCP Connection(4)-192.168.0.104: name = "java.rmi.server.UID", codebase = "", defaultLoader = jdk.internal.loader.ClassLoaders$PlatformClassLoader@61537909
2024-10-18T18:55:13.492+03:00 DEBUG [,,] 28528 --- [RMI TCP Connection(4)-192.168.0.104] [                                                 ] sun.rmi.loader                           : RMI TCP Connection(4)-192.168.0.104: name = "java.rmi.dgc.Lease", codebase = "", defaultLoader = jdk.internal.loader.ClassLoaders$PlatformClassLoader@61537909
2024-10-18T18:55:13.492+03:00 DEBUG [,,] 28528 --- [RMI TCP Connection(4)-192.168.0.104] [                                                 ] sun.rmi.loader                           : RMI TCP Connection(4)-192.168.0.104: name = "java.rmi.dgc.VMID", codebase = "", defaultLoader = jdk.internal.loader.ClassLoaders$PlatformClassLoader@61537909
2024-10-18T18:55:13.492+03:00 DEBUG [,,] 28528 --- [RMI TCP Connection(4)-192.168.0.104] [                                                 ] sun.rmi.loader                           : RMI TCP Connection(4)-192.168.0.104: name = "[B", codebase = "", defaultLoader = jdk.internal.loader.ClassLoaders$PlatformClassLoader@61537909
2024-10-18T18:55:13.493+03:00 DEBUG [,,] 28528 --- [RMI TCP Connection(4)-192.168.0.104] [                                                 ] sun.rmi.transport.tcp                    : RMI TCP Connection(4)-192.168.0.104: (port 53105) op = 84
2024-10-18T18:55:13.493+03:00 DEBUG [,,] 28528 --- [RMI TCP Connection(4)-192.168.0.104] [                                                 ] sun.rmi.transport.tcp                    : RMI TCP Connection(4)-192.168.0.104: (port 53105) op = 80
2024-10-18T18:55:13.493+03:00 DEBUG [,,] 28528 --- [RMI TCP Connection(4)-192.168.0.104] [                                                 ] sun.rmi.transport.tcp                    : RMI TCP Connection(4)-192.168.0.104: (port 53105) op = 80
2024-10-18T18:55:13.493+03:00 DEBUG [,,] 28528 --- [RMI TCP Connection(4)-192.168.0.104] [                                                 ] sun.rmi.loader                           : RMI TCP Connection(4)-192.168.0.104: name = "javax.management.ObjectName", codebase = ""
2024-10-18T18:55:13.493+03:00 DEBUG [,,] 28528 --- [RMI TCP Connection(4)-192.168.0.104] [                                                 ] sun.rmi.loader                           : RMI TCP Connection(4)-192.168.0.104: name = "java.rmi.MarshalledObject", codebase = ""
2024-10-18T18:55:13.493+03:00 DEBUG [,,] 28528 --- [RMI TCP Connection(4)-192.168.0.104] [                                                 ] sun.rmi.loader                           : RMI TCP Connection(4)-192.168.0.104: name = "[B", codebase = ""
2024-10-18T18:55:13.494+03:00 DEBUG [,,] 28528 --- [RMI TCP Connection(4)-192.168.0.104] [                                                 ] sun.rmi.loader                           : RMI TCP Connection(4)-192.168.0.104: name = "[Ljava.lang.String;", codebase = ""
2024-10-18T18:55:13.494+03:00 DEBUG [,,] 28528 --- [RMI TCP Connection(4)-192.168.0.104] [                                                 ] javax.management.remote.rmi              : connectionId=rmi://192.168.0.104  8 unwrapping params with MBean extended ClassLoader.
2024-10-18T18:55:13.494+03:00 DEBUG [,,] 28528 --- [RMI TCP Connection(4)-192.168.0.104] [                                                 ] sun.rmi.loader                           : RMI TCP Connection(4)-192.168.0.104: name = "[Ljava.lang.String;", codebase = "", defaultLoader = jdk.internal.loader.ClassLoaders$PlatformClassLoader@61537909
2024-10-18T18:55:13.494+03:00 DEBUG [,,] 28528 --- [RMI TCP Connection(4)-192.168.0.104] [                                                 ] javax.management.remote.rmi              : connectionId=rmi://192.168.0.104  8, name=org.springframework.boot:type=Admin,name=SpringApplication, operationName=getProperty, signature=[java.lang.String]
2024-10-18T18:55:13.495+03:00 DEBUG [,,] 28528 --- [RMI TCP Connection(4)-192.168.0.104] [                                                 ] sun.rmi.transport.tcp                    : RMI TCP Connection(4)-192.168.0.104: (port 53105) op = 80
2024-10-18T18:55:13.495+03:00 DEBUG [,,] 28528 --- [RMI TCP Connection(4)-192.168.0.104] [                                                 ] javax.management.remote.rmi              : [javax.management.remote.rmi.RMIConnectionImpl@7d2a2767: connectionId=rmi://192.168.0.104  8] closing.
2024-10-18T18:55:13.495+03:00 DEBUG [,,] 28528 --- [RMI TCP Connection(4)-192.168.0.104] [                                                 ] javax.management.remote.rmi              : [javax.management.remote.rmi.RMIConnectionImpl@7d2a2767: connectionId=rmi://192.168.0.104  8] closed.
2024-10-18T18:55:13.496+03:00 DEBUG [,,] 28528 --- [RMI TCP Connection(4)-192.168.0.104] [                                                 ] sun.rmi.transport.tcp                    : RMI TCP Connection(4)-192.168.0.104: (port 53105) op = 80
2024-10-18T18:55:13.496+03:00 DEBUG [,,] 28528 --- [RMI TCP Connection(5)-192.168.0.104] [                                                 ] sun.rmi.transport.tcp                    : RMI TCP Connection(5)-192.168.0.104: accepted socket from [192.168.0.104:53120]
2024-10-18T18:55:13.496+03:00 DEBUG [,,] 28528 --- [RMI TCP Connection(4)-192.168.0.104] [                                                 ] sun.rmi.transport.tcp                    : RMI TCP Connection(4)-192.168.0.104: (port 53105) op = 80
2024-10-18T18:55:13.496+03:00 DEBUG [,,] 28528 --- [RMI TCP Connection(4)-192.168.0.104] [                                                 ] sun.rmi.loader                           : RMI TCP Connection(4)-192.168.0.104: name = "[Ljava.rmi.server.ObjID;", codebase = "", defaultLoader = jdk.internal.loader.ClassLoaders$PlatformClassLoader@61537909
2024-10-18T18:55:13.496+03:00 DEBUG [,,] 28528 --- [RMI TCP Connection(5)-192.168.0.104] [                                                 ] sun.rmi.transport.tcp                    : RMI TCP Connection(5)-192.168.0.104: (port 53105) op = 80
2024-10-18T18:55:13.496+03:00 DEBUG [,,] 28528 --- [RMI TCP Connection(4)-192.168.0.104] [                                                 ] sun.rmi.loader                           : RMI TCP Connection(4)-192.168.0.104: name = "java.rmi.server.ObjID", codebase = "", defaultLoader = jdk.internal.loader.ClassLoaders$PlatformClassLoader@61537909
2024-10-18T18:55:13.496+03:00 DEBUG [,,] 28528 --- [RMI TCP Connection(4)-192.168.0.104] [                                                 ] sun.rmi.loader                           : RMI TCP Connection(4)-192.168.0.104: name = "java.rmi.server.UID", codebase = "", defaultLoader = jdk.internal.loader.ClassLoaders$PlatformClassLoader@61537909
2024-10-18T18:55:13.497+03:00 DEBUG [,,] 28528 --- [RMI TCP Connection(4)-192.168.0.104] [                                                 ] sun.rmi.loader                           : RMI TCP Connection(4)-192.168.0.104: name = "java.rmi.dgc.Lease", codebase = "", defaultLoader = jdk.internal.loader.ClassLoaders$PlatformClassLoader@61537909
2024-10-18T18:55:13.497+03:00 DEBUG [,,] 28528 --- [RMI TCP Connection(4)-192.168.0.104] [                                                 ] sun.rmi.loader                           : RMI TCP Connection(4)-192.168.0.104: name = "java.rmi.dgc.VMID", codebase = "", defaultLoader = jdk.internal.loader.ClassLoaders$PlatformClassLoader@61537909
2024-10-18T18:55:13.497+03:00 DEBUG [,,] 28528 --- [RMI TCP Connection(4)-192.168.0.104] [                                                 ] sun.rmi.loader                           : RMI TCP Connection(4)-192.168.0.104: name = "[B", codebase = "", defaultLoader = jdk.internal.loader.ClassLoaders$PlatformClassLoader@61537909
2024-10-18T18:55:13.497+03:00 DEBUG [,,] 28528 --- [RMI TCP Connection(5)-192.168.0.104] [                                                 ] sun.rmi.transport.tcp                    : RMI TCP Connection(5)-192.168.0.104: (port 53105) op = 80
2024-10-18T18:55:13.497+03:00 DEBUG [,,] 28528 --- [RMI TCP Connection(5)-192.168.0.104] [                                                 ] sun.rmi.loader                           : RMI TCP Connection(5)-192.168.0.104: name = "[Ljava.rmi.server.ObjID;", codebase = "", defaultLoader = jdk.internal.loader.ClassLoaders$PlatformClassLoader@61537909
2024-10-18T18:55:13.497+03:00 DEBUG [,,] 28528 --- [RMI TCP Connection(4)-192.168.0.104] [                                                 ] sun.rmi.transport.tcp                    : RMI TCP Connection(4)-192.168.0.104: (port 53105) op = 84
2024-10-18T18:55:13.497+03:00 DEBUG [,,] 28528 --- [RMI TCP Connection(5)-192.168.0.104] [                                                 ] sun.rmi.loader                           : RMI TCP Connection(5)-192.168.0.104: name = "java.rmi.server.ObjID", codebase = "", defaultLoader = jdk.internal.loader.ClassLoaders$PlatformClassLoader@61537909
2024-10-18T18:55:13.497+03:00 DEBUG [,,] 28528 --- [RMI TCP Connection(4)-192.168.0.104] [                                                 ] sun.rmi.transport.tcp                    : RMI TCP Connection(4)-192.168.0.104: (port 53105) op = 80
2024-10-18T18:55:13.497+03:00 DEBUG [,,] 28528 --- [RMI TCP Connection(5)-192.168.0.104] [                                                 ] sun.rmi.loader                           : RMI TCP Connection(5)-192.168.0.104: name = "java.rmi.server.UID", codebase = "", defaultLoader = jdk.internal.loader.ClassLoaders$PlatformClassLoader@61537909
2024-10-18T18:55:13.498+03:00 DEBUG [,,] 28528 --- [RMI TCP Connection(4)-192.168.0.104] [                                                 ] sun.rmi.transport.tcp                    : RMI TCP Connection(4)-192.168.0.104: (port 53105) op = 80
2024-10-18T18:55:13.498+03:00 DEBUG [,,] 28528 --- [RMI TCP Connection(5)-192.168.0.104] [                                                 ] sun.rmi.loader                           : RMI TCP Connection(5)-192.168.0.104: name = "java.rmi.dgc.Lease", codebase = "", defaultLoader = jdk.internal.loader.ClassLoaders$PlatformClassLoader@61537909
2024-10-18T18:55:13.498+03:00 DEBUG [,,] 28528 --- [RMI TCP Connection(4)-192.168.0.104] [                                                 ] sun.rmi.loader                           : RMI TCP Connection(4)-192.168.0.104: name = "javax.management.ObjectName", codebase = ""
2024-10-18T18:55:13.498+03:00 DEBUG [,,] 28528 --- [RMI TCP Connection(4)-192.168.0.104] [                                                 ] sun.rmi.loader                           : RMI TCP Connection(4)-192.168.0.104: name = "java.rmi.MarshalledObject", codebase = ""
2024-10-18T18:55:13.498+03:00 DEBUG [,,] 28528 --- [RMI TCP Connection(5)-192.168.0.104] [                                                 ] sun.rmi.loader                           : RMI TCP Connection(5)-192.168.0.104: name = "java.rmi.dgc.VMID", codebase = "", defaultLoader = jdk.internal.loader.ClassLoaders$PlatformClassLoader@61537909
2024-10-18T18:55:13.498+03:00 DEBUG [,,] 28528 --- [RMI TCP Connection(4)-192.168.0.104] [                                                 ] sun.rmi.loader                           : RMI TCP Connection(4)-192.168.0.104: name = "[B", codebase = ""
2024-10-18T18:55:13.498+03:00 DEBUG [,,] 28528 --- [RMI TCP Connection(4)-192.168.0.104] [                                                 ] sun.rmi.loader                           : RMI TCP Connection(4)-192.168.0.104: name = "[Ljava.lang.String;", codebase = ""
2024-10-18T18:55:13.498+03:00 DEBUG [,,] 28528 --- [RMI TCP Connection(5)-192.168.0.104] [                                                 ] sun.rmi.loader                           : RMI TCP Connection(5)-192.168.0.104: name = "[B", codebase = "", defaultLoader = jdk.internal.loader.ClassLoaders$PlatformClassLoader@61537909
2024-10-18T18:55:13.498+03:00 DEBUG [,,] 28528 --- [RMI TCP Connection(4)-192.168.0.104] [                                                 ] javax.management.remote.rmi              : connectionId=rmi://192.168.0.104  9 unwrapping params with MBean extended ClassLoader.
2024-10-18T18:55:13.498+03:00 DEBUG [,,] 28528 --- [RMI TCP Connection(4)-192.168.0.104] [                                                 ] sun.rmi.loader                           : RMI TCP Connection(4)-192.168.0.104: name = "[Ljava.lang.String;", codebase = "", defaultLoader = jdk.internal.loader.ClassLoaders$PlatformClassLoader@61537909
2024-10-18T18:55:13.498+03:00 DEBUG [,,] 28528 --- [RMI TCP Connection(4)-192.168.0.104] [                                                 ] javax.management.remote.rmi              : connectionId=rmi://192.168.0.104  9, name=org.springframework.boot:type=Admin,name=SpringApplication, operationName=getProperty, signature=[java.lang.String]
2024-10-18T18:55:13.499+03:00 DEBUG [,,] 28528 --- [RMI TCP Connection(5)-192.168.0.104] [                                                 ] sun.rmi.transport.tcp                    : RMI TCP Connection(5)-192.168.0.104: (port 53105) op = 84
2024-10-18T18:55:13.499+03:00 DEBUG [,,] 28528 --- [RMI TCP Connection(5)-192.168.0.104] [                                                 ] sun.rmi.transport.tcp                    : RMI TCP Connection(5)-192.168.0.104: (port 53105) op = 80
2024-10-18T18:55:13.499+03:00 DEBUG [,,] 28528 --- [RMI TCP Connection(4)-192.168.0.104] [                                                 ] sun.rmi.transport.tcp                    : RMI TCP Connection(4)-192.168.0.104: (port 53105) op = 80
2024-10-18T18:55:13.499+03:00 DEBUG [,,] 28528 --- [RMI TCP Connection(4)-192.168.0.104] [                                                 ] sun.rmi.loader                           : RMI TCP Connection(4)-192.168.0.104: name = "javax.management.ObjectName", codebase = ""
2024-10-18T18:55:13.499+03:00 DEBUG [,,] 28528 --- [RMI TCP Connection(5)-192.168.0.104] [                                                 ] sun.rmi.transport.tcp                    : RMI TCP Connection(5)-192.168.0.104: (port 53105) op = 80
2024-10-18T18:55:13.499+03:00 DEBUG [,,] 28528 --- [RMI TCP Connection(5)-192.168.0.104] [                                                 ] sun.rmi.loader                           : RMI TCP Connection(5)-192.168.0.104: name = "javax.management.ObjectName", codebase = ""
2024-10-18T18:55:13.499+03:00 DEBUG [,,] 28528 --- [RMI TCP Connection(4)-192.168.0.104] [                                                 ] sun.rmi.loader                           : RMI TCP Connection(4)-192.168.0.104: name = "java.rmi.MarshalledObject", codebase = ""
2024-10-18T18:55:13.499+03:00 DEBUG [,,] 28528 --- [RMI TCP Connection(4)-192.168.0.104] [                                                 ] sun.rmi.loader                           : RMI TCP Connection(4)-192.168.0.104: name = "[B", codebase = ""
2024-10-18T18:55:13.499+03:00 DEBUG [,,] 28528 --- [RMI TCP Connection(5)-192.168.0.104] [                                                 ] sun.rmi.loader                           : RMI TCP Connection(5)-192.168.0.104: name = "java.rmi.MarshalledObject", codebase = ""
2024-10-18T18:55:13.499+03:00 DEBUG [,,] 28528 --- [RMI TCP Connection(4)-192.168.0.104] [                                                 ] sun.rmi.loader                           : RMI TCP Connection(4)-192.168.0.104: name = "[Ljava.lang.String;", codebase = ""
2024-10-18T18:55:13.499+03:00 DEBUG [,,] 28528 --- [RMI TCP Connection(4)-192.168.0.104] [                                                 ] javax.management.remote.rmi              : connectionId=rmi://192.168.0.104  9 unwrapping params with MBean extended ClassLoader.
2024-10-18T18:55:13.499+03:00 DEBUG [,,] 28528 --- [RMI TCP Connection(5)-192.168.0.104] [                                                 ] sun.rmi.loader                           : RMI TCP Connection(5)-192.168.0.104: name = "[B", codebase = ""
2024-10-18T18:55:13.500+03:00 DEBUG [,,] 28528 --- [RMI TCP Connection(4)-192.168.0.104] [                                                 ] sun.rmi.loader                           : RMI TCP Connection(4)-192.168.0.104: name = "[Ljava.lang.String;", codebase = "", defaultLoader = jdk.internal.loader.ClassLoaders$PlatformClassLoader@61537909
2024-10-18T18:55:13.500+03:00 DEBUG [,,] 28528 --- [RMI TCP Connection(5)-192.168.0.104] [                                                 ] sun.rmi.loader                           : RMI TCP Connection(5)-192.168.0.104: name = "[Ljava.lang.String;", codebase = ""
2024-10-18T18:55:13.500+03:00 DEBUG [,,] 28528 --- [RMI TCP Connection(4)-192.168.0.104] [                                                 ] javax.management.remote.rmi              : connectionId=rmi://192.168.0.104  9, name=org.springframework.boot:type=Admin,name=SpringApplication, operationName=getProperty, signature=[java.lang.String]
2024-10-18T18:55:13.500+03:00 DEBUG [,,] 28528 --- [RMI TCP Connection(5)-192.168.0.104] [                                                 ] javax.management.remote.rmi              : connectionId=rmi://192.168.0.104  10 unwrapping params with MBean extended ClassLoader.
2024-10-18T18:55:13.500+03:00 DEBUG [,,] 28528 --- [RMI TCP Connection(5)-192.168.0.104] [                                                 ] sun.rmi.loader                           : RMI TCP Connection(5)-192.168.0.104: name = "[Ljava.lang.String;", codebase = "", defaultLoader = jdk.internal.loader.ClassLoaders$PlatformClassLoader@61537909
2024-10-18T18:55:13.500+03:00 DEBUG [,,] 28528 --- [RMI TCP Connection(5)-192.168.0.104] [                                                 ] javax.management.remote.rmi              : connectionId=rmi://192.168.0.104  10, name=org.springframework.boot:type=Admin,name=SpringApplication, operationName=getProperty, signature=[java.lang.String]
2024-10-18T18:55:13.500+03:00 DEBUG [,,] 28528 --- [RMI TCP Connection(4)-192.168.0.104] [                                                 ] sun.rmi.transport.tcp                    : RMI TCP Connection(4)-192.168.0.104: (port 53105) op = 80
2024-10-18T18:55:13.500+03:00 DEBUG [,,] 28528 --- [RMI TCP Connection(4)-192.168.0.104] [                                                 ] sun.rmi.loader                           : RMI TCP Connection(4)-192.168.0.104: name = "javax.management.ObjectName", codebase = ""
2024-10-18T18:55:13.501+03:00 DEBUG [,,] 28528 --- [RMI TCP Connection(5)-192.168.0.104] [                                                 ] sun.rmi.transport.tcp                    : RMI TCP Connection(5)-192.168.0.104: (port 53105) op = 80
2024-10-18T18:55:13.501+03:00 DEBUG [,,] 28528 --- [RMI TCP Connection(4)-192.168.0.104] [                                                 ] sun.rmi.loader                           : RMI TCP Connection(4)-192.168.0.104: name = "java.rmi.MarshalledObject", codebase = ""
2024-10-18T18:55:13.501+03:00 DEBUG [,,] 28528 --- [RMI TCP Connection(5)-192.168.0.104] [                                                 ] sun.rmi.loader                           : RMI TCP Connection(5)-192.168.0.104: name = "javax.management.ObjectName", codebase = ""
2024-10-18T18:55:13.501+03:00 DEBUG [,,] 28528 --- [RMI TCP Connection(4)-192.168.0.104] [                                                 ] sun.rmi.loader                           : RMI TCP Connection(4)-192.168.0.104: name = "[B", codebase = ""
2024-10-18T18:55:13.501+03:00 DEBUG [,,] 28528 --- [RMI TCP Connection(5)-192.168.0.104] [                                                 ] sun.rmi.loader                           : RMI TCP Connection(5)-192.168.0.104: name = "java.rmi.MarshalledObject", codebase = ""
2024-10-18T18:55:13.501+03:00 DEBUG [,,] 28528 --- [RMI TCP Connection(4)-192.168.0.104] [                                                 ] sun.rmi.loader                           : RMI TCP Connection(4)-192.168.0.104: name = "[Ljava.lang.String;", codebase = ""
2024-10-18T18:55:13.501+03:00 DEBUG [,,] 28528 --- [RMI TCP Connection(5)-192.168.0.104] [                                                 ] sun.rmi.loader                           : RMI TCP Connection(5)-192.168.0.104: name = "[B", codebase = ""
2024-10-18T18:55:13.501+03:00 DEBUG [,,] 28528 --- [RMI TCP Connection(4)-192.168.0.104] [                                                 ] javax.management.remote.rmi              : connectionId=rmi://192.168.0.104  9 unwrapping params with MBean extended ClassLoader.
2024-10-18T18:55:13.501+03:00 DEBUG [,,] 28528 --- [RMI TCP Connection(5)-192.168.0.104] [                                                 ] sun.rmi.loader                           : RMI TCP Connection(5)-192.168.0.104: name = "[Ljava.lang.String;", codebase = ""
2024-10-18T18:55:13.501+03:00 DEBUG [,,] 28528 --- [RMI TCP Connection(5)-192.168.0.104] [                                                 ] javax.management.remote.rmi              : connectionId=rmi://192.168.0.104  10 unwrapping params with MBean extended ClassLoader.
2024-10-18T18:55:13.501+03:00 DEBUG [,,] 28528 --- [RMI TCP Connection(5)-192.168.0.104] [                                                 ] sun.rmi.loader                           : RMI TCP Connection(5)-192.168.0.104: name = "[Ljava.lang.String;", codebase = "", defaultLoader = jdk.internal.loader.ClassLoaders$PlatformClassLoader@61537909
2024-10-18T18:55:13.501+03:00 DEBUG [,,] 28528 --- [RMI TCP Connection(4)-192.168.0.104] [                                                 ] sun.rmi.loader                           : RMI TCP Connection(4)-192.168.0.104: name = "[Ljava.lang.String;", codebase = "", defaultLoader = jdk.internal.loader.ClassLoaders$PlatformClassLoader@61537909
2024-10-18T18:55:13.501+03:00 DEBUG [,,] 28528 --- [RMI TCP Connection(5)-192.168.0.104] [                                                 ] javax.management.remote.rmi              : connectionId=rmi://192.168.0.104  10, name=org.springframework.boot:type=Admin,name=SpringApplication, operationName=getProperty, signature=[java.lang.String]
2024-10-18T18:55:13.501+03:00 DEBUG [,,] 28528 --- [RMI TCP Connection(4)-192.168.0.104] [                                                 ] javax.management.remote.rmi              : connectionId=rmi://192.168.0.104  9, name=org.springframework.boot:type=Admin,name=SpringApplication, operationName=getProperty, signature=[java.lang.String]
2024-10-18T18:55:13.502+03:00 DEBUG [,,] 28528 --- [RMI TCP Connection(5)-192.168.0.104] [                                                 ] sun.rmi.transport.tcp                    : RMI TCP Connection(5)-192.168.0.104: (port 53105) op = 80
2024-10-18T18:55:13.502+03:00 DEBUG [,,] 28528 --- [RMI TCP Connection(4)-192.168.0.104] [                                                 ] sun.rmi.transport.tcp                    : RMI TCP Connection(4)-192.168.0.104: (port 53105) op = 80
2024-10-18T18:55:13.502+03:00 DEBUG [,,] 28528 --- [RMI TCP Connection(5)-192.168.0.104] [                                                 ] sun.rmi.loader                           : RMI TCP Connection(5)-192.168.0.104: name = "javax.management.ObjectName", codebase = ""
2024-10-18T18:55:13.502+03:00 DEBUG [,,] 28528 --- [RMI TCP Connection(4)-192.168.0.104] [                                                 ] sun.rmi.loader                           : RMI TCP Connection(4)-192.168.0.104: name = "javax.management.ObjectName", codebase = ""
2024-10-18T18:55:13.502+03:00 DEBUG [,,] 28528 --- [RMI TCP Connection(5)-192.168.0.104] [                                                 ] sun.rmi.loader                           : RMI TCP Connection(5)-192.168.0.104: name = "java.rmi.MarshalledObject", codebase = ""
2024-10-18T18:55:13.502+03:00 DEBUG [,,] 28528 --- [RMI TCP Connection(4)-192.168.0.104] [                                                 ] sun.rmi.loader                           : RMI TCP Connection(4)-192.168.0.104: name = "java.rmi.MarshalledObject", codebase = ""
2024-10-18T18:55:13.502+03:00 DEBUG [,,] 28528 --- [RMI TCP Connection(5)-192.168.0.104] [                                                 ] sun.rmi.loader                           : RMI TCP Connection(5)-192.168.0.104: name = "[B", codebase = ""
2024-10-18T18:55:13.502+03:00 DEBUG [,,] 28528 --- [RMI TCP Connection(4)-192.168.0.104] [                                                 ] sun.rmi.loader                           : RMI TCP Connection(4)-192.168.0.104: name = "[B", codebase = ""
2024-10-18T18:55:13.502+03:00 DEBUG [,,] 28528 --- [RMI TCP Connection(5)-192.168.0.104] [                                                 ] sun.rmi.loader                           : RMI TCP Connection(5)-192.168.0.104: name = "[Ljava.lang.String;", codebase = ""
2024-10-18T18:55:13.502+03:00 DEBUG [,,] 28528 --- [RMI TCP Connection(4)-192.168.0.104] [                                                 ] sun.rmi.loader                           : RMI TCP Connection(4)-192.168.0.104: name = "[Ljava.lang.String;", codebase = ""
2024-10-18T18:55:13.502+03:00 DEBUG [,,] 28528 --- [RMI TCP Connection(5)-192.168.0.104] [                                                 ] javax.management.remote.rmi              : connectionId=rmi://192.168.0.104  9 unwrapping params with MBean extended ClassLoader.
2024-10-18T18:55:13.502+03:00 DEBUG [,,] 28528 --- [RMI TCP Connection(4)-192.168.0.104] [                                                 ] javax.management.remote.rmi              : connectionId=rmi://192.168.0.104  10 unwrapping params with MBean extended ClassLoader.
2024-10-18T18:55:13.502+03:00 DEBUG [,,] 28528 --- [RMI TCP Connection(5)-192.168.0.104] [                                                 ] sun.rmi.loader                           : RMI TCP Connection(5)-192.168.0.104: name = "[Ljava.lang.String;", codebase = "", defaultLoader = jdk.internal.loader.ClassLoaders$PlatformClassLoader@61537909
2024-10-18T18:55:13.502+03:00 DEBUG [,,] 28528 --- [RMI TCP Connection(4)-192.168.0.104] [                                                 ] sun.rmi.loader                           : RMI TCP Connection(4)-192.168.0.104: name = "[Ljava.lang.String;", codebase = "", defaultLoader = jdk.internal.loader.ClassLoaders$PlatformClassLoader@61537909
2024-10-18T18:55:13.502+03:00 DEBUG [,,] 28528 --- [RMI TCP Connection(5)-192.168.0.104] [                                                 ] javax.management.remote.rmi              : connectionId=rmi://192.168.0.104  9, name=org.springframework.boot:type=Admin,name=SpringApplication, operationName=getProperty, signature=[java.lang.String]
2024-10-18T18:55:13.502+03:00 DEBUG [,,] 28528 --- [RMI TCP Connection(4)-192.168.0.104] [                                                 ] javax.management.remote.rmi              : connectionId=rmi://192.168.0.104  10, name=org.springframework.boot:type=Admin,name=SpringApplication, operationName=getProperty, signature=[java.lang.String]
2024-10-18T18:55:13.503+03:00 DEBUG [,,] 28528 --- [RMI TCP Connection(4)-192.168.0.104] [                                                 ] sun.rmi.transport.tcp                    : RMI TCP Connection(4)-192.168.0.104: (port 53105) op = 80
2024-10-18T18:55:13.503+03:00 DEBUG [,,] 28528 --- [RMI TCP Connection(4)-192.168.0.104] [                                                 ] javax.management.remote.rmi              : [javax.management.remote.rmi.RMIConnectionImpl@19137dae: connectionId=rmi://192.168.0.104  9] closing.
2024-10-18T18:55:13.503+03:00 DEBUG [,,] 28528 --- [RMI TCP Connection(4)-192.168.0.104] [                                                 ] javax.management.remote.rmi              : [javax.management.remote.rmi.RMIConnectionImpl@19137dae: connectionId=rmi://192.168.0.104  9] closed.
2024-10-18T18:55:13.503+03:00 DEBUG [,,] 28528 --- [RMI TCP Connection(5)-192.168.0.104] [                                                 ] sun.rmi.transport.tcp                    : RMI TCP Connection(5)-192.168.0.104: (port 53105) op = 80
2024-10-18T18:55:13.503+03:00 DEBUG [,,] 28528 --- [RMI TCP Connection(5)-192.168.0.104] [                                                 ] sun.rmi.loader                           : RMI TCP Connection(5)-192.168.0.104: name = "javax.management.ObjectName", codebase = ""
2024-10-18T18:55:13.503+03:00 DEBUG [,,] 28528 --- [RMI TCP Connection(5)-192.168.0.104] [                                                 ] sun.rmi.loader                           : RMI TCP Connection(5)-192.168.0.104: name = "java.rmi.MarshalledObject", codebase = ""
2024-10-18T18:55:13.503+03:00 DEBUG [,,] 28528 --- [RMI TCP Connection(5)-192.168.0.104] [                                                 ] sun.rmi.loader                           : RMI TCP Connection(5)-192.168.0.104: name = "[B", codebase = ""
2024-10-18T18:55:13.503+03:00 DEBUG [,,] 28528 --- [RMI TCP Connection(5)-192.168.0.104] [                                                 ] sun.rmi.loader                           : RMI TCP Connection(5)-192.168.0.104: name = "[Ljava.lang.String;", codebase = ""
2024-10-18T18:55:13.503+03:00 DEBUG [,,] 28528 --- [RMI TCP Connection(5)-192.168.0.104] [                                                 ] javax.management.remote.rmi              : connectionId=rmi://192.168.0.104  10 unwrapping params with MBean extended ClassLoader.
2024-10-18T18:55:13.504+03:00 DEBUG [,,] 28528 --- [RMI TCP Connection(5)-192.168.0.104] [                                                 ] sun.rmi.loader                           : RMI TCP Connection(5)-192.168.0.104: name = "[Ljava.lang.String;", codebase = "", defaultLoader = jdk.internal.loader.ClassLoaders$PlatformClassLoader@61537909
2024-10-18T18:55:13.504+03:00 DEBUG [,,] 28528 --- [RMI TCP Connection(5)-192.168.0.104] [                                                 ] javax.management.remote.rmi              : connectionId=rmi://192.168.0.104  10, name=org.springframework.boot:type=Admin,name=SpringApplication, operationName=getProperty, signature=[java.lang.String]
2024-10-18T18:55:13.504+03:00 DEBUG [,,] 28528 --- [RMI TCP Connection(5)-192.168.0.104] [                                                 ] sun.rmi.transport.tcp                    : RMI TCP Connection(5)-192.168.0.104: (port 53105) op = 80
2024-10-18T18:55:13.504+03:00 DEBUG [,,] 28528 --- [RMI TCP Connection(5)-192.168.0.104] [                                                 ] sun.rmi.loader                           : RMI TCP Connection(5)-192.168.0.104: name = "javax.management.ObjectName", codebase = ""
2024-10-18T18:55:13.504+03:00 DEBUG [,,] 28528 --- [RMI TCP Connection(5)-192.168.0.104] [                                                 ] sun.rmi.loader                           : RMI TCP Connection(5)-192.168.0.104: name = "java.rmi.MarshalledObject", codebase = ""
2024-10-18T18:55:13.504+03:00 DEBUG [,,] 28528 --- [RMI TCP Connection(5)-192.168.0.104] [                                                 ] sun.rmi.loader                           : RMI TCP Connection(5)-192.168.0.104: name = "[B", codebase = ""
2024-10-18T18:55:13.504+03:00 DEBUG [,,] 28528 --- [RMI TCP Connection(5)-192.168.0.104] [                                                 ] sun.rmi.loader                           : RMI TCP Connection(5)-192.168.0.104: name = "[Ljava.lang.String;", codebase = ""
2024-10-18T18:55:13.504+03:00 DEBUG [,,] 28528 --- [RMI TCP Connection(5)-192.168.0.104] [                                                 ] javax.management.remote.rmi              : connectionId=rmi://192.168.0.104  10 unwrapping params with MBean extended ClassLoader.
2024-10-18T18:55:13.504+03:00 DEBUG [,,] 28528 --- [RMI TCP Connection(5)-192.168.0.104] [                                                 ] sun.rmi.loader                           : RMI TCP Connection(5)-192.168.0.104: name = "[Ljava.lang.String;", codebase = "", defaultLoader = jdk.internal.loader.ClassLoaders$PlatformClassLoader@61537909
2024-10-18T18:55:13.504+03:00 DEBUG [,,] 28528 --- [RMI TCP Connection(5)-192.168.0.104] [                                                 ] javax.management.remote.rmi              : connectionId=rmi://192.168.0.104  10, name=org.springframework.boot:type=Admin,name=SpringApplication, operationName=getProperty, signature=[java.lang.String]
2024-10-18T18:55:13.505+03:00 DEBUG [,,] 28528 --- [RMI TCP Connection(5)-192.168.0.104] [                                                 ] sun.rmi.transport.tcp                    : RMI TCP Connection(5)-192.168.0.104: (port 53105) op = 80
2024-10-18T18:55:13.505+03:00 DEBUG [,,] 28528 --- [RMI TCP Connection(5)-192.168.0.104] [                                                 ] sun.rmi.loader                           : RMI TCP Connection(5)-192.168.0.104: name = "javax.management.ObjectName", codebase = ""
2024-10-18T18:55:13.505+03:00 DEBUG [,,] 28528 --- [RMI TCP Connection(5)-192.168.0.104] [                                                 ] sun.rmi.loader                           : RMI TCP Connection(5)-192.168.0.104: name = "java.rmi.MarshalledObject", codebase = ""
2024-10-18T18:55:13.505+03:00 DEBUG [,,] 28528 --- [RMI TCP Connection(5)-192.168.0.104] [                                                 ] sun.rmi.loader                           : RMI TCP Connection(5)-192.168.0.104: name = "[B", codebase = ""
2024-10-18T18:55:13.505+03:00 DEBUG [,,] 28528 --- [RMI TCP Connection(5)-192.168.0.104] [                                                 ] sun.rmi.loader                           : RMI TCP Connection(5)-192.168.0.104: name = "[Ljava.lang.String;", codebase = ""
2024-10-18T18:55:13.505+03:00 DEBUG [,,] 28528 --- [RMI TCP Connection(5)-192.168.0.104] [                                                 ] javax.management.remote.rmi              : connectionId=rmi://192.168.0.104  10 unwrapping params with MBean extended ClassLoader.
2024-10-18T18:55:13.505+03:00 DEBUG [,,] 28528 --- [RMI TCP Connection(5)-192.168.0.104] [                                                 ] sun.rmi.loader                           : RMI TCP Connection(5)-192.168.0.104: name = "[Ljava.lang.String;", codebase = "", defaultLoader = jdk.internal.loader.ClassLoaders$PlatformClassLoader@61537909
2024-10-18T18:55:13.505+03:00 DEBUG [,,] 28528 --- [RMI TCP Connection(5)-192.168.0.104] [                                                 ] javax.management.remote.rmi              : connectionId=rmi://192.168.0.104  10, name=org.springframework.boot:type=Admin,name=SpringApplication, operationName=getProperty, signature=[java.lang.String]
2024-10-18T18:55:13.505+03:00 DEBUG [,,] 28528 --- [RMI TCP Connection(5)-192.168.0.104] [                                                 ] sun.rmi.transport.tcp                    : RMI TCP Connection(5)-192.168.0.104: (port 53105) op = 80
2024-10-18T18:55:13.505+03:00 DEBUG [,,] 28528 --- [RMI TCP Connection(5)-192.168.0.104] [                                                 ] javax.management.remote.rmi              : [javax.management.remote.rmi.RMIConnectionImpl@3a0fe6c0: connectionId=rmi://192.168.0.104  10] closing.
2024-10-18T18:55:13.505+03:00 DEBUG [,,] 28528 --- [RMI TCP Connection(5)-192.168.0.104] [                                                 ] javax.management.remote.rmi              : [javax.management.remote.rmi.RMIConnectionImpl@3a0fe6c0: connectionId=rmi://192.168.0.104  10] closed.
2024-10-18T18:55:13.506+03:00 DEBUG [,,] 28528 --- [RMI TCP Connection(5)-192.168.0.104] [                                                 ] sun.rmi.transport.tcp                    : RMI TCP Connection(5)-192.168.0.104: (port 53105) op = 80
2024-10-18T18:55:13.506+03:00 DEBUG [,,] 28528 --- [RMI TCP Connection(5)-192.168.0.104] [                                                 ] sun.rmi.transport.tcp                    : RMI TCP Connection(5)-192.168.0.104: (port 53105) op = 80
2024-10-18T18:55:13.506+03:00 DEBUG [,,] 28528 --- [RMI TCP Connection(5)-192.168.0.104] [                                                 ] sun.rmi.loader                           : RMI TCP Connection(5)-192.168.0.104: name = "[Ljava.rmi.server.ObjID;", codebase = "", defaultLoader = jdk.internal.loader.ClassLoaders$PlatformClassLoader@61537909
2024-10-18T18:55:13.507+03:00 DEBUG [,,] 28528 --- [RMI TCP Connection(5)-192.168.0.104] [                                                 ] sun.rmi.loader                           : RMI TCP Connection(5)-192.168.0.104: name = "java.rmi.server.ObjID", codebase = "", defaultLoader = jdk.internal.loader.ClassLoaders$PlatformClassLoader@61537909
2024-10-18T18:55:13.507+03:00 DEBUG [,,] 28528 --- [RMI TCP Connection(5)-192.168.0.104] [                                                 ] sun.rmi.loader                           : RMI TCP Connection(5)-192.168.0.104: name = "java.rmi.server.UID", codebase = "", defaultLoader = jdk.internal.loader.ClassLoaders$PlatformClassLoader@61537909
2024-10-18T18:55:13.507+03:00 DEBUG [,,] 28528 --- [RMI TCP Connection(5)-192.168.0.104] [                                                 ] sun.rmi.loader                           : RMI TCP Connection(5)-192.168.0.104: name = "java.rmi.dgc.Lease", codebase = "", defaultLoader = jdk.internal.loader.ClassLoaders$PlatformClassLoader@61537909
2024-10-18T18:55:13.507+03:00 DEBUG [,,] 28528 --- [RMI TCP Connection(5)-192.168.0.104] [                                                 ] sun.rmi.loader                           : RMI TCP Connection(5)-192.168.0.104: name = "java.rmi.dgc.VMID", codebase = "", defaultLoader = jdk.internal.loader.ClassLoaders$PlatformClassLoader@61537909
2024-10-18T18:55:13.508+03:00 DEBUG [,,] 28528 --- [RMI TCP Connection(5)-192.168.0.104] [                                                 ] sun.rmi.loader                           : RMI TCP Connection(5)-192.168.0.104: name = "[B", codebase = "", defaultLoader = jdk.internal.loader.ClassLoaders$PlatformClassLoader@61537909
2024-10-18T18:55:13.508+03:00 DEBUG [,,] 28528 --- [RMI TCP Connection(5)-192.168.0.104] [                                                 ] sun.rmi.transport.tcp                    : RMI TCP Connection(5)-192.168.0.104: (port 53105) op = 84
2024-10-18T18:55:13.508+03:00 DEBUG [,,] 28528 --- [RMI TCP Connection(5)-192.168.0.104] [                                                 ] sun.rmi.transport.tcp                    : RMI TCP Connection(5)-192.168.0.104: (port 53105) op = 80
2024-10-18T18:55:13.508+03:00 DEBUG [,,] 28528 --- [RMI TCP Connection(5)-192.168.0.104] [                                                 ] sun.rmi.transport.tcp                    : RMI TCP Connection(5)-192.168.0.104: (port 53105) op = 80
2024-10-18T18:55:13.509+03:00 DEBUG [,,] 28528 --- [RMI TCP Connection(5)-192.168.0.104] [                                                 ] sun.rmi.loader                           : RMI TCP Connection(5)-192.168.0.104: name = "javax.management.ObjectName", codebase = ""
2024-10-18T18:55:13.509+03:00 DEBUG [,,] 28528 --- [RMI TCP Connection(5)-192.168.0.104] [                                                 ] sun.rmi.loader                           : RMI TCP Connection(5)-192.168.0.104: name = "java.rmi.MarshalledObject", codebase = ""
2024-10-18T18:55:13.509+03:00 DEBUG [,,] 28528 --- [RMI TCP Connection(5)-192.168.0.104] [                                                 ] javax.management.remote.rmi              : connectionId=rmi://192.168.0.104  11 unwrapping query with defaultClassLoader.
2024-10-18T18:55:13.509+03:00 DEBUG [,,] 28528 --- [RMI TCP Connection(5)-192.168.0.104] [                                                 ] javax.management.remote.rmi              : connectionId=rmi://192.168.0.104  11, name=org.springframework.boot:type=Endpoint,name=Beans,*, query=java.rmi.MarshalledObject@d
2024-10-18T18:55:13.510+03:00 DEBUG [,,] 28528 --- [RMI TCP Connection(5)-192.168.0.104] [                                                 ] sun.rmi.transport.tcp                    : RMI TCP Connection(5)-192.168.0.104: (port 53105) op = 80
2024-10-18T18:55:13.510+03:00 DEBUG [,,] 28528 --- [RMI TCP Connection(5)-192.168.0.104] [                                                 ] sun.rmi.loader                           : RMI TCP Connection(5)-192.168.0.104: name = "javax.management.ObjectName", codebase = ""
2024-10-18T18:55:13.510+03:00 DEBUG [,,] 28528 --- [RMI TCP Connection(5)-192.168.0.104] [                                                 ] sun.rmi.loader                           : RMI TCP Connection(5)-192.168.0.104: name = "java.rmi.MarshalledObject", codebase = ""
2024-10-18T18:55:13.510+03:00 DEBUG [,,] 28528 --- [RMI TCP Connection(5)-192.168.0.104] [                                                 ] sun.rmi.loader                           : RMI TCP Connection(5)-192.168.0.104: name = "[B", codebase = ""
2024-10-18T18:55:13.510+03:00 DEBUG [,,] 28528 --- [RMI TCP Connection(5)-192.168.0.104] [                                                 ] sun.rmi.loader                           : RMI TCP Connection(5)-192.168.0.104: name = "[Ljava.lang.String;", codebase = ""
2024-10-18T18:55:13.510+03:00 DEBUG [,,] 28528 --- [RMI TCP Connection(5)-192.168.0.104] [                                                 ] javax.management.remote.rmi              : connectionId=rmi://192.168.0.104  11 unwrapping params with MBean extended ClassLoader.
2024-10-18T18:55:13.510+03:00 DEBUG [,,] 28528 --- [RMI TCP Connection(5)-192.168.0.104] [                                                 ] sun.rmi.loader                           : RMI TCP Connection(5)-192.168.0.104: name = "[Ljava.lang.String;", codebase = "", defaultLoader = jdk.internal.loader.ClassLoaders$PlatformClassLoader@61537909
2024-10-18T18:55:13.510+03:00 DEBUG [,,] 28528 --- [RMI TCP Connection(5)-192.168.0.104] [                                                 ] javax.management.remote.rmi              : connectionId=rmi://192.168.0.104  11, name=org.springframework.boot:type=Endpoint,name=Beans, operationName=beans, signature=[]
2024-10-18T18:55:13.572+03:00 DEBUG [,,] 28528 --- [RMI TCP Connection(5)-192.168.0.104] [                                                 ] sun.rmi.transport.tcp                    : RMI TCP Connection(5)-192.168.0.104: (port 53105) op = 80
2024-10-18T18:55:13.572+03:00 DEBUG [,,] 28528 --- [RMI TCP Connection(5)-192.168.0.104] [                                                 ] javax.management.remote.rmi              : [javax.management.remote.rmi.RMIConnectionImpl@37ac5e47: connectionId=rmi://192.168.0.104  11] closing.
2024-10-18T18:55:13.572+03:00 DEBUG [,,] 28528 --- [RMI TCP Connection(5)-192.168.0.104] [                                                 ] javax.management.remote.rmi              : [javax.management.remote.rmi.RMIConnectionImpl@37ac5e47: connectionId=rmi://192.168.0.104  11] closed.
2024-10-18T18:55:13.573+03:00 DEBUG [,,] 28528 --- [RMI TCP Connection(5)-192.168.0.104] [                                                 ] sun.rmi.transport.tcp                    : RMI TCP Connection(5)-192.168.0.104: (port 53105) op = 80
2024-10-18T18:55:13.573+03:00 DEBUG [,,] 28528 --- [RMI TCP Connection(4)-192.168.0.104] [                                                 ] sun.rmi.transport.tcp                    : RMI TCP Connection(4)-192.168.0.104: (port 53105) op = 82
2024-10-18T18:55:13.573+03:00 DEBUG [,,] 28528 --- [RMI TCP Connection(4)-192.168.0.104] [                                                 ] sun.rmi.transport.tcp                    : RMI TCP Connection(4)-192.168.0.104: (port 53105) op = 80
2024-10-18T18:55:13.574+03:00 DEBUG [,,] 28528 --- [RMI TCP Connection(5)-192.168.0.104] [                                                 ] sun.rmi.transport.tcp                    : RMI TCP Connection(5)-192.168.0.104: (port 53105) op = 80
2024-10-18T18:55:13.574+03:00 DEBUG [,,] 28528 --- [RMI TCP Connection(4)-192.168.0.104] [                                                 ] sun.rmi.transport.tcp                    : RMI TCP Connection(4)-192.168.0.104: (port 53105) op = 82
2024-10-18T18:55:13.574+03:00 DEBUG [,,] 28528 --- [RMI TCP Connection(5)-192.168.0.104] [                                                 ] sun.rmi.loader                           : RMI TCP Connection(5)-192.168.0.104: name = "[Ljava.rmi.server.ObjID;", codebase = "", defaultLoader = jdk.internal.loader.ClassLoaders$PlatformClassLoader@61537909
2024-10-18T18:55:13.574+03:00 DEBUG [,,] 28528 --- [RMI TCP Connection(4)-192.168.0.104] [                                                 ] sun.rmi.transport.tcp                    : RMI TCP Connection(4)-192.168.0.104: (port 53105) op = 80
2024-10-18T18:55:13.574+03:00 DEBUG [,,] 28528 --- [RMI TCP Connection(5)-192.168.0.104] [                                                 ] sun.rmi.loader                           : RMI TCP Connection(5)-192.168.0.104: name = "java.rmi.server.ObjID", codebase = "", defaultLoader = jdk.internal.loader.ClassLoaders$PlatformClassLoader@61537909
2024-10-18T18:55:13.574+03:00 DEBUG [,,] 28528 --- [RMI TCP Connection(5)-192.168.0.104] [                                                 ] sun.rmi.loader                           : RMI TCP Connection(5)-192.168.0.104: name = "java.rmi.server.UID", codebase = "", defaultLoader = jdk.internal.loader.ClassLoaders$PlatformClassLoader@61537909
2024-10-18T18:55:13.574+03:00 DEBUG [,,] 28528 --- [RMI TCP Connection(4)-192.168.0.104] [                                                 ] sun.rmi.loader                           : RMI TCP Connection(4)-192.168.0.104: name = "[Ljava.rmi.server.ObjID;", codebase = "", defaultLoader = jdk.internal.loader.ClassLoaders$PlatformClassLoader@61537909
2024-10-18T18:55:13.574+03:00 DEBUG [,,] 28528 --- [RMI TCP Connection(4)-192.168.0.104] [                                                 ] sun.rmi.loader                           : RMI TCP Connection(4)-192.168.0.104: name = "java.rmi.server.ObjID", codebase = "", defaultLoader = jdk.internal.loader.ClassLoaders$PlatformClassLoader@61537909
2024-10-18T18:55:13.574+03:00 DEBUG [,,] 28528 --- [RMI TCP Connection(4)-192.168.0.104] [                                                 ] sun.rmi.loader                           : RMI TCP Connection(4)-192.168.0.104: name = "java.rmi.server.UID", codebase = "", defaultLoader = jdk.internal.loader.ClassLoaders$PlatformClassLoader@61537909
2024-10-18T18:55:13.574+03:00 DEBUG [,,] 28528 --- [RMI TCP Connection(5)-192.168.0.104] [                                                 ] sun.rmi.loader                           : RMI TCP Connection(5)-192.168.0.104: name = "java.rmi.dgc.Lease", codebase = "", defaultLoader = jdk.internal.loader.ClassLoaders$PlatformClassLoader@61537909
2024-10-18T18:55:13.574+03:00 DEBUG [,,] 28528 --- [RMI TCP Connection(4)-192.168.0.104] [                                                 ] sun.rmi.loader                           : RMI TCP Connection(4)-192.168.0.104: name = "java.rmi.dgc.Lease", codebase = "", defaultLoader = jdk.internal.loader.ClassLoaders$PlatformClassLoader@61537909
2024-10-18T18:55:13.575+03:00 DEBUG [,,] 28528 --- [RMI TCP Connection(4)-192.168.0.104] [                                                 ] sun.rmi.loader                           : RMI TCP Connection(4)-192.168.0.104: name = "java.rmi.dgc.VMID", codebase = "", defaultLoader = jdk.internal.loader.ClassLoaders$PlatformClassLoader@61537909
2024-10-18T18:55:13.575+03:00 DEBUG [,,] 28528 --- [RMI TCP Connection(5)-192.168.0.104] [                                                 ] sun.rmi.loader                           : RMI TCP Connection(5)-192.168.0.104: name = "java.rmi.dgc.VMID", codebase = "", defaultLoader = jdk.internal.loader.ClassLoaders$PlatformClassLoader@61537909
2024-10-18T18:55:13.575+03:00 DEBUG [,,] 28528 --- [RMI TCP Connection(4)-192.168.0.104] [                                                 ] sun.rmi.loader                           : RMI TCP Connection(4)-192.168.0.104: name = "[B", codebase = "", defaultLoader = jdk.internal.loader.ClassLoaders$PlatformClassLoader@61537909
2024-10-18T18:55:13.575+03:00 DEBUG [,,] 28528 --- [RMI TCP Connection(5)-192.168.0.104] [                                                 ] sun.rmi.loader                           : RMI TCP Connection(5)-192.168.0.104: name = "[B", codebase = "", defaultLoader = jdk.internal.loader.ClassLoaders$PlatformClassLoader@61537909
2024-10-18T18:55:13.575+03:00 DEBUG [,,] 28528 --- [RMI TCP Connection(4)-192.168.0.104] [                                                 ] sun.rmi.transport.tcp                    : RMI TCP Connection(4)-192.168.0.104: (port 53105) op = 82
2024-10-18T18:55:13.575+03:00 DEBUG [,,] 28528 --- [RMI TCP Connection(5)-192.168.0.104] [                                                 ] sun.rmi.transport.tcp                    : RMI TCP Connection(5)-192.168.0.104: (port 53105) op = 84
2024-10-18T18:55:13.575+03:00 DEBUG [,,] 28528 --- [RMI TCP Connection(4)-192.168.0.104] [                                                 ] sun.rmi.transport.tcp                    : RMI TCP Connection(4)-192.168.0.104: (port 53105) op = 84
2024-10-18T18:55:13.575+03:00 DEBUG [,,] 28528 --- [RMI TCP Connection(5)-192.168.0.104] [                                                 ] sun.rmi.transport.tcp                    : RMI TCP Connection(5)-192.168.0.104: (port 53105) op = 80
2024-10-18T18:55:13.575+03:00 DEBUG [,,] 28528 --- [RMI TCP Connection(4)-192.168.0.104] [                                                 ] sun.rmi.transport.tcp                    : RMI TCP Connection(4)-192.168.0.104: (port 53105) op = 82
2024-10-18T18:55:13.575+03:00 DEBUG [,,] 28528 --- [RMI TCP Connection(5)-192.168.0.104] [                                                 ] sun.rmi.transport.tcp                    : RMI TCP Connection(5)-192.168.0.104: (port 53105) op = 80
2024-10-18T18:55:13.576+03:00 DEBUG [,,] 28528 --- [RMI TCP Connection(4)-192.168.0.104] [                                                 ] sun.rmi.transport.tcp                    : RMI TCP Connection(4)-192.168.0.104: (port 53105) op = 80
2024-10-18T18:55:13.576+03:00 DEBUG [,,] 28528 --- [RMI TCP Connection(5)-192.168.0.104] [                                                 ] sun.rmi.loader                           : RMI TCP Connection(5)-192.168.0.104: name = "javax.management.ObjectName", codebase = ""
2024-10-18T18:55:13.576+03:00 DEBUG [,,] 28528 --- [RMI TCP Connection(5)-192.168.0.104] [                                                 ] sun.rmi.loader                           : RMI TCP Connection(5)-192.168.0.104: name = "java.rmi.MarshalledObject", codebase = ""
2024-10-18T18:55:13.576+03:00 DEBUG [,,] 28528 --- [RMI TCP Connection(5)-192.168.0.104] [                                                 ] sun.rmi.loader                           : RMI TCP Connection(5)-192.168.0.104: name = "[B", codebase = ""
2024-10-18T18:55:13.576+03:00 DEBUG [,,] 28528 --- [RMI TCP Connection(5)-192.168.0.104] [                                                 ] sun.rmi.loader                           : RMI TCP Connection(5)-192.168.0.104: name = "[Ljava.lang.String;", codebase = ""
2024-10-18T18:55:13.576+03:00 DEBUG [,,] 28528 --- [RMI TCP Connection(4)-192.168.0.104] [                                                 ] sun.rmi.transport.tcp                    : RMI TCP Connection(4)-192.168.0.104: (port 53105) op = 82
2024-10-18T18:55:13.576+03:00 DEBUG [,,] 28528 --- [RMI TCP Connection(5)-192.168.0.104] [                                                 ] javax.management.remote.rmi              : connectionId=rmi://192.168.0.104  12 unwrapping params with MBean extended ClassLoader.
2024-10-18T18:55:13.576+03:00 DEBUG [,,] 28528 --- [RMI TCP Connection(5)-192.168.0.104] [                                                 ] sun.rmi.loader                           : RMI TCP Connection(5)-192.168.0.104: name = "[Ljava.lang.String;", codebase = "", defaultLoader = jdk.internal.loader.ClassLoaders$PlatformClassLoader@61537909
2024-10-18T18:55:13.576+03:00 DEBUG [,,] 28528 --- [RMI TCP Connection(4)-192.168.0.104] [                                                 ] sun.rmi.transport.tcp                    : RMI TCP Connection(4)-192.168.0.104: (port 53105) op = 80
2024-10-18T18:55:13.576+03:00 DEBUG [,,] 28528 --- [RMI TCP Connection(4)-192.168.0.104] [                                                 ] sun.rmi.loader                           : RMI TCP Connection(4)-192.168.0.104: name = "javax.management.ObjectName", codebase = ""
2024-10-18T18:55:13.576+03:00 DEBUG [,,] 28528 --- [RMI TCP Connection(5)-192.168.0.104] [                                                 ] javax.management.remote.rmi              : connectionId=rmi://192.168.0.104  12, name=org.springframework.boot:type=Admin,name=SpringApplication, operationName=getProperty, signature=[java.lang.String]
2024-10-18T18:55:13.576+03:00 DEBUG [,,] 28528 --- [RMI TCP Connection(4)-192.168.0.104] [                                                 ] sun.rmi.loader                           : RMI TCP Connection(4)-192.168.0.104: name = "java.rmi.MarshalledObject", codebase = ""
2024-10-18T18:55:13.576+03:00 DEBUG [,,] 28528 --- [RMI TCP Connection(4)-192.168.0.104] [                                                 ] sun.rmi.loader                           : RMI TCP Connection(4)-192.168.0.104: name = "[B", codebase = ""
2024-10-18T18:55:13.576+03:00 DEBUG [,,] 28528 --- [RMI TCP Connection(4)-192.168.0.104] [                                                 ] sun.rmi.loader                           : RMI TCP Connection(4)-192.168.0.104: name = "[Ljava.lang.String;", codebase = ""
2024-10-18T18:55:13.576+03:00 DEBUG [,,] 28528 --- [RMI TCP Connection(4)-192.168.0.104] [                                                 ] javax.management.remote.rmi              : connectionId=rmi://192.168.0.104  13 unwrapping params with MBean extended ClassLoader.
2024-10-18T18:55:13.576+03:00 DEBUG [,,] 28528 --- [RMI TCP Connection(4)-192.168.0.104] [                                                 ] sun.rmi.loader                           : RMI TCP Connection(4)-192.168.0.104: name = "[Ljava.lang.String;", codebase = "", defaultLoader = jdk.internal.loader.ClassLoaders$PlatformClassLoader@61537909
2024-10-18T18:55:13.576+03:00 DEBUG [,,] 28528 --- [RMI TCP Connection(5)-192.168.0.104] [                                                 ] sun.rmi.transport.tcp                    : RMI TCP Connection(5)-192.168.0.104: (port 53105) op = 80
2024-10-18T18:55:13.576+03:00 DEBUG [,,] 28528 --- [RMI TCP Connection(4)-192.168.0.104] [                                                 ] javax.management.remote.rmi              : connectionId=rmi://192.168.0.104  13, name=org.springframework.boot:type=Admin,name=SpringApplication, operationName=getProperty, signature=[java.lang.String]
2024-10-18T18:55:13.576+03:00 DEBUG [,,] 28528 --- [RMI TCP Connection(5)-192.168.0.104] [                                                 ] sun.rmi.loader                           : RMI TCP Connection(5)-192.168.0.104: name = "javax.management.ObjectName", codebase = ""
2024-10-18T18:55:13.577+03:00 DEBUG [,,] 28528 --- [RMI TCP Connection(5)-192.168.0.104] [                                                 ] sun.rmi.loader                           : RMI TCP Connection(5)-192.168.0.104: name = "java.rmi.MarshalledObject", codebase = ""
2024-10-18T18:55:13.577+03:00 DEBUG [,,] 28528 --- [RMI TCP Connection(4)-192.168.0.104] [                                                 ] sun.rmi.transport.tcp                    : RMI TCP Connection(4)-192.168.0.104: (port 53105) op = 82
2024-10-18T18:55:13.577+03:00 DEBUG [,,] 28528 --- [RMI TCP Connection(4)-192.168.0.104] [                                                 ] sun.rmi.transport.tcp                    : RMI TCP Connection(4)-192.168.0.104: (port 53105) op = 80
2024-10-18T18:55:13.577+03:00 DEBUG [,,] 28528 --- [RMI TCP Connection(4)-192.168.0.104] [                                                 ] sun.rmi.loader                           : RMI TCP Connection(4)-192.168.0.104: name = "javax.management.ObjectName", codebase = ""
2024-10-18T18:55:13.577+03:00 DEBUG [,,] 28528 --- [RMI TCP Connection(5)-192.168.0.104] [                                                 ] sun.rmi.loader                           : RMI TCP Connection(5)-192.168.0.104: name = "[B", codebase = ""
2024-10-18T18:55:13.577+03:00 DEBUG [,,] 28528 --- [RMI TCP Connection(5)-192.168.0.104] [                                                 ] sun.rmi.loader                           : RMI TCP Connection(5)-192.168.0.104: name = "[Ljava.lang.String;", codebase = ""
2024-10-18T18:55:13.577+03:00 DEBUG [,,] 28528 --- [RMI TCP Connection(4)-192.168.0.104] [                                                 ] sun.rmi.loader                           : RMI TCP Connection(4)-192.168.0.104: name = "java.rmi.MarshalledObject", codebase = ""
2024-10-18T18:55:13.577+03:00 DEBUG [,,] 28528 --- [RMI TCP Connection(5)-192.168.0.104] [                                                 ] javax.management.remote.rmi              : connectionId=rmi://192.168.0.104  12 unwrapping params with MBean extended ClassLoader.
2024-10-18T18:55:13.577+03:00 DEBUG [,,] 28528 --- [RMI TCP Connection(5)-192.168.0.104] [                                                 ] sun.rmi.loader                           : RMI TCP Connection(5)-192.168.0.104: name = "[Ljava.lang.String;", codebase = "", defaultLoader = jdk.internal.loader.ClassLoaders$PlatformClassLoader@61537909
2024-10-18T18:55:13.577+03:00 DEBUG [,,] 28528 --- [RMI TCP Connection(4)-192.168.0.104] [                                                 ] sun.rmi.loader                           : RMI TCP Connection(4)-192.168.0.104: name = "[B", codebase = ""
2024-10-18T18:55:13.577+03:00 DEBUG [,,] 28528 --- [RMI TCP Connection(4)-192.168.0.104] [                                                 ] sun.rmi.loader                           : RMI TCP Connection(4)-192.168.0.104: name = "[Ljava.lang.String;", codebase = ""
2024-10-18T18:55:13.577+03:00 DEBUG [,,] 28528 --- [RMI TCP Connection(5)-192.168.0.104] [                                                 ] javax.management.remote.rmi              : connectionId=rmi://192.168.0.104  12, name=org.springframework.boot:type=Admin,name=SpringApplication, operationName=getProperty, signature=[java.lang.String]
2024-10-18T18:55:13.578+03:00 DEBUG [,,] 28528 --- [RMI TCP Connection(4)-192.168.0.104] [                                                 ] javax.management.remote.rmi              : connectionId=rmi://192.168.0.104  13 unwrapping params with MBean extended ClassLoader.
2024-10-18T18:55:13.578+03:00 DEBUG [,,] 28528 --- [RMI TCP Connection(5)-192.168.0.104] [                                                 ] sun.rmi.transport.tcp                    : RMI TCP Connection(5)-192.168.0.104: (port 53105) op = 80
2024-10-18T18:55:13.578+03:00 DEBUG [,,] 28528 --- [RMI TCP Connection(4)-192.168.0.104] [                                                 ] sun.rmi.loader                           : RMI TCP Connection(4)-192.168.0.104: name = "[Ljava.lang.String;", codebase = "", defaultLoader = jdk.internal.loader.ClassLoaders$PlatformClassLoader@61537909
2024-10-18T18:55:13.578+03:00 DEBUG [,,] 28528 --- [RMI TCP Connection(5)-192.168.0.104] [                                                 ] sun.rmi.loader                           : RMI TCP Connection(5)-192.168.0.104: name = "javax.management.ObjectName", codebase = ""
2024-10-18T18:55:13.578+03:00 DEBUG [,,] 28528 --- [RMI TCP Connection(4)-192.168.0.104] [                                                 ] javax.management.remote.rmi              : connectionId=rmi://192.168.0.104  13, name=org.springframework.boot:type=Admin,name=SpringApplication, operationName=getProperty, signature=[java.lang.String]
2024-10-18T18:55:13.578+03:00 DEBUG [,,] 28528 --- [RMI TCP Connection(5)-192.168.0.104] [                                                 ] sun.rmi.loader                           : RMI TCP Connection(5)-192.168.0.104: name = "java.rmi.MarshalledObject", codebase = ""
2024-10-18T18:55:13.578+03:00 DEBUG [,,] 28528 --- [RMI TCP Connection(5)-192.168.0.104] [                                                 ] sun.rmi.loader                           : RMI TCP Connection(5)-192.168.0.104: name = "[B", codebase = ""
2024-10-18T18:55:13.578+03:00 DEBUG [,,] 28528 --- [RMI TCP Connection(5)-192.168.0.104] [                                                 ] sun.rmi.loader                           : RMI TCP Connection(5)-192.168.0.104: name = "[Ljava.lang.String;", codebase = ""
2024-10-18T18:55:13.578+03:00 DEBUG [,,] 28528 --- [RMI TCP Connection(5)-192.168.0.104] [                                                 ] javax.management.remote.rmi              : connectionId=rmi://192.168.0.104  12 unwrapping params with MBean extended ClassLoader.
2024-10-18T18:55:13.578+03:00 DEBUG [,,] 28528 --- [RMI TCP Connection(5)-192.168.0.104] [                                                 ] sun.rmi.loader                           : RMI TCP Connection(5)-192.168.0.104: name = "[Ljava.lang.String;", codebase = "", defaultLoader = jdk.internal.loader.ClassLoaders$PlatformClassLoader@61537909
2024-10-18T18:55:13.578+03:00 DEBUG [,,] 28528 --- [RMI TCP Connection(5)-192.168.0.104] [                                                 ] javax.management.remote.rmi              : connectionId=rmi://192.168.0.104  12, name=org.springframework.boot:type=Admin,name=SpringApplication, operationName=getProperty, signature=[java.lang.String]
2024-10-18T18:55:13.579+03:00 DEBUG [,,] 28528 --- [RMI TCP Connection(4)-192.168.0.104] [                                                 ] sun.rmi.transport.tcp                    : RMI TCP Connection(4)-192.168.0.104: (port 53105) op = 82
2024-10-18T18:55:13.579+03:00 DEBUG [,,] 28528 --- [RMI TCP Connection(5)-192.168.0.104] [                                                 ] sun.rmi.transport.tcp                    : RMI TCP Connection(5)-192.168.0.104: (port 53105) op = 80
2024-10-18T18:55:13.579+03:00 DEBUG [,,] 28528 --- [RMI TCP Connection(4)-192.168.0.104] [                                                 ] sun.rmi.transport.tcp                    : RMI TCP Connection(4)-192.168.0.104: (port 53105) op = 80
2024-10-18T18:55:13.579+03:00 DEBUG [,,] 28528 --- [RMI TCP Connection(5)-192.168.0.104] [                                                 ] sun.rmi.loader                           : RMI TCP Connection(5)-192.168.0.104: name = "javax.management.ObjectName", codebase = ""
2024-10-18T18:55:13.579+03:00 DEBUG [,,] 28528 --- [RMI TCP Connection(4)-192.168.0.104] [                                                 ] sun.rmi.loader                           : RMI TCP Connection(4)-192.168.0.104: name = "javax.management.ObjectName", codebase = ""
2024-10-18T18:55:13.579+03:00 DEBUG [,,] 28528 --- [RMI TCP Connection(5)-192.168.0.104] [                                                 ] sun.rmi.loader                           : RMI TCP Connection(5)-192.168.0.104: name = "java.rmi.MarshalledObject", codebase = ""
2024-10-18T18:55:13.579+03:00 DEBUG [,,] 28528 --- [RMI TCP Connection(5)-192.168.0.104] [                                                 ] sun.rmi.loader                           : RMI TCP Connection(5)-192.168.0.104: name = "[B", codebase = ""
2024-10-18T18:55:13.579+03:00 DEBUG [,,] 28528 --- [RMI TCP Connection(5)-192.168.0.104] [                                                 ] sun.rmi.loader                           : RMI TCP Connection(5)-192.168.0.104: name = "[Ljava.lang.String;", codebase = ""
2024-10-18T18:55:13.579+03:00 DEBUG [,,] 28528 --- [RMI TCP Connection(4)-192.168.0.104] [                                                 ] sun.rmi.loader                           : RMI TCP Connection(4)-192.168.0.104: name = "java.rmi.MarshalledObject", codebase = ""
2024-10-18T18:55:13.579+03:00 DEBUG [,,] 28528 --- [RMI TCP Connection(5)-192.168.0.104] [                                                 ] javax.management.remote.rmi              : connectionId=rmi://192.168.0.104  12 unwrapping params with MBean extended ClassLoader.
2024-10-18T18:55:13.579+03:00 DEBUG [,,] 28528 --- [RMI TCP Connection(4)-192.168.0.104] [                                                 ] sun.rmi.loader                           : RMI TCP Connection(4)-192.168.0.104: name = "[B", codebase = ""
2024-10-18T18:55:13.579+03:00 DEBUG [,,] 28528 --- [RMI TCP Connection(5)-192.168.0.104] [                                                 ] sun.rmi.loader                           : RMI TCP Connection(5)-192.168.0.104: name = "[Ljava.lang.String;", codebase = "", defaultLoader = jdk.internal.loader.ClassLoaders$PlatformClassLoader@61537909
2024-10-18T18:55:13.579+03:00 DEBUG [,,] 28528 --- [RMI TCP Connection(5)-192.168.0.104] [                                                 ] javax.management.remote.rmi              : connectionId=rmi://192.168.0.104  12, name=org.springframework.boot:type=Admin,name=SpringApplication, operationName=getProperty, signature=[java.lang.String]
2024-10-18T18:55:13.579+03:00 DEBUG [,,] 28528 --- [RMI TCP Connection(4)-192.168.0.104] [                                                 ] sun.rmi.loader                           : RMI TCP Connection(4)-192.168.0.104: name = "[Ljava.lang.String;", codebase = ""
2024-10-18T18:55:13.579+03:00 DEBUG [,,] 28528 --- [RMI TCP Connection(4)-192.168.0.104] [                                                 ] javax.management.remote.rmi              : connectionId=rmi://192.168.0.104  13 unwrapping params with MBean extended ClassLoader.
2024-10-18T18:55:13.580+03:00 DEBUG [,,] 28528 --- [RMI TCP Connection(4)-192.168.0.104] [                                                 ] sun.rmi.loader                           : RMI TCP Connection(4)-192.168.0.104: name = "[Ljava.lang.String;", codebase = "", defaultLoader = jdk.internal.loader.ClassLoaders$PlatformClassLoader@61537909
2024-10-18T18:55:13.580+03:00 DEBUG [,,] 28528 --- [RMI TCP Connection(4)-192.168.0.104] [                                                 ] javax.management.remote.rmi              : connectionId=rmi://192.168.0.104  13, name=org.springframework.boot:type=Admin,name=SpringApplication, operationName=getProperty, signature=[java.lang.String]
2024-10-18T18:55:13.580+03:00 DEBUG [,,] 28528 --- [RMI TCP Connection(5)-192.168.0.104] [                                                 ] sun.rmi.transport.tcp                    : RMI TCP Connection(5)-192.168.0.104: (port 53105) op = 80
2024-10-18T18:55:13.580+03:00 DEBUG [,,] 28528 --- [RMI TCP Connection(5)-192.168.0.104] [                                                 ] sun.rmi.loader                           : RMI TCP Connection(5)-192.168.0.104: name = "javax.management.ObjectName", codebase = ""
2024-10-18T18:55:13.580+03:00 DEBUG [,,] 28528 --- [RMI TCP Connection(5)-192.168.0.104] [                                                 ] sun.rmi.loader                           : RMI TCP Connection(5)-192.168.0.104: name = "java.rmi.MarshalledObject", codebase = ""
2024-10-18T18:55:13.580+03:00 DEBUG [,,] 28528 --- [RMI TCP Connection(5)-192.168.0.104] [                                                 ] sun.rmi.loader                           : RMI TCP Connection(5)-192.168.0.104: name = "[B", codebase = ""
2024-10-18T18:55:13.580+03:00 DEBUG [,,] 28528 --- [RMI TCP Connection(5)-192.168.0.104] [                                                 ] sun.rmi.loader                           : RMI TCP Connection(5)-192.168.0.104: name = "[Ljava.lang.String;", codebase = ""
2024-10-18T18:55:13.580+03:00 DEBUG [,,] 28528 --- [RMI TCP Connection(4)-192.168.0.104] [                                                 ] sun.rmi.transport.tcp                    : RMI TCP Connection(4)-192.168.0.104: (port 53105) op = 80
2024-10-18T18:55:13.580+03:00 DEBUG [,,] 28528 --- [RMI TCP Connection(5)-192.168.0.104] [                                                 ] javax.management.remote.rmi              : connectionId=rmi://192.168.0.104  12 unwrapping params with MBean extended ClassLoader.
2024-10-18T18:55:13.580+03:00 DEBUG [,,] 28528 --- [RMI TCP Connection(5)-192.168.0.104] [                                                 ] sun.rmi.loader                           : RMI TCP Connection(5)-192.168.0.104: name = "[Ljava.lang.String;", codebase = "", defaultLoader = jdk.internal.loader.ClassLoaders$PlatformClassLoader@61537909
2024-10-18T18:55:13.580+03:00 DEBUG [,,] 28528 --- [RMI TCP Connection(5)-192.168.0.104] [                                                 ] javax.management.remote.rmi              : connectionId=rmi://192.168.0.104  12, name=org.springframework.boot:type=Admin,name=SpringApplication, operationName=getProperty, signature=[java.lang.String]
2024-10-18T18:55:13.580+03:00 DEBUG [,,] 28528 --- [RMI TCP Connection(4)-192.168.0.104] [                                                 ] sun.rmi.loader                           : RMI TCP Connection(4)-192.168.0.104: name = "javax.management.ObjectName", codebase = ""
2024-10-18T18:55:13.580+03:00 DEBUG [,,] 28528 --- [RMI TCP Connection(4)-192.168.0.104] [                                                 ] sun.rmi.loader                           : RMI TCP Connection(4)-192.168.0.104: name = "java.rmi.MarshalledObject", codebase = ""
2024-10-18T18:55:13.580+03:00 DEBUG [,,] 28528 --- [RMI TCP Connection(4)-192.168.0.104] [                                                 ] sun.rmi.loader                           : RMI TCP Connection(4)-192.168.0.104: name = "[B", codebase = ""
2024-10-18T18:55:13.580+03:00 DEBUG [,,] 28528 --- [RMI TCP Connection(4)-192.168.0.104] [                                                 ] sun.rmi.loader                           : RMI TCP Connection(4)-192.168.0.104: name = "[Ljava.lang.String;", codebase = ""
2024-10-18T18:55:13.580+03:00 DEBUG [,,] 28528 --- [RMI TCP Connection(4)-192.168.0.104] [                                                 ] javax.management.remote.rmi              : connectionId=rmi://192.168.0.104  13 unwrapping params with MBean extended ClassLoader.
2024-10-18T18:55:13.580+03:00 DEBUG [,,] 28528 --- [RMI TCP Connection(5)-192.168.0.104] [                                                 ] sun.rmi.transport.tcp                    : RMI TCP Connection(5)-192.168.0.104: (port 53105) op = 80
2024-10-18T18:55:13.580+03:00 DEBUG [,,] 28528 --- [RMI TCP Connection(4)-192.168.0.104] [                                                 ] sun.rmi.loader                           : RMI TCP Connection(4)-192.168.0.104: name = "[Ljava.lang.String;", codebase = "", defaultLoader = jdk.internal.loader.ClassLoaders$PlatformClassLoader@61537909
2024-10-18T18:55:13.580+03:00 DEBUG [,,] 28528 --- [RMI TCP Connection(5)-192.168.0.104] [                                                 ] sun.rmi.loader                           : RMI TCP Connection(5)-192.168.0.104: name = "javax.management.ObjectName", codebase = ""
2024-10-18T18:55:13.580+03:00 DEBUG [,,] 28528 --- [RMI TCP Connection(4)-192.168.0.104] [                                                 ] javax.management.remote.rmi              : connectionId=rmi://192.168.0.104  13, name=org.springframework.boot:type=Admin,name=SpringApplication, operationName=getProperty, signature=[java.lang.String]
2024-10-18T18:55:13.580+03:00 DEBUG [,,] 28528 --- [RMI TCP Connection(5)-192.168.0.104] [                                                 ] sun.rmi.loader                           : RMI TCP Connection(5)-192.168.0.104: name = "java.rmi.MarshalledObject", codebase = ""
2024-10-18T18:55:13.580+03:00 DEBUG [,,] 28528 --- [RMI TCP Connection(5)-192.168.0.104] [                                                 ] sun.rmi.loader                           : RMI TCP Connection(5)-192.168.0.104: name = "[B", codebase = ""
2024-10-18T18:55:13.581+03:00 DEBUG [,,] 28528 --- [RMI TCP Connection(5)-192.168.0.104] [                                                 ] sun.rmi.loader                           : RMI TCP Connection(5)-192.168.0.104: name = "[Ljava.lang.String;", codebase = ""
2024-10-18T18:55:13.581+03:00 DEBUG [,,] 28528 --- [RMI TCP Connection(5)-192.168.0.104] [                                                 ] javax.management.remote.rmi              : connectionId=rmi://192.168.0.104  12 unwrapping params with MBean extended ClassLoader.
2024-10-18T18:55:13.581+03:00 DEBUG [,,] 28528 --- [RMI TCP Connection(4)-192.168.0.104] [                                                 ] sun.rmi.transport.tcp                    : RMI TCP Connection(4)-192.168.0.104: (port 53105) op = 80
2024-10-18T18:55:13.581+03:00 DEBUG [,,] 28528 --- [RMI TCP Connection(5)-192.168.0.104] [                                                 ] sun.rmi.loader                           : RMI TCP Connection(5)-192.168.0.104: name = "[Ljava.lang.String;", codebase = "", defaultLoader = jdk.internal.loader.ClassLoaders$PlatformClassLoader@61537909
2024-10-18T18:55:13.581+03:00 DEBUG [,,] 28528 --- [RMI TCP Connection(4)-192.168.0.104] [                                                 ] sun.rmi.loader                           : RMI TCP Connection(4)-192.168.0.104: name = "javax.management.ObjectName", codebase = ""
2024-10-18T18:55:13.581+03:00 DEBUG [,,] 28528 --- [RMI TCP Connection(5)-192.168.0.104] [                                                 ] javax.management.remote.rmi              : connectionId=rmi://192.168.0.104  12, name=org.springframework.boot:type=Admin,name=SpringApplication, operationName=getProperty, signature=[java.lang.String]
2024-10-18T18:55:13.581+03:00 DEBUG [,,] 28528 --- [RMI TCP Connection(4)-192.168.0.104] [                                                 ] sun.rmi.loader                           : RMI TCP Connection(4)-192.168.0.104: name = "java.rmi.MarshalledObject", codebase = ""
2024-10-18T18:55:13.581+03:00 DEBUG [,,] 28528 --- [RMI TCP Connection(4)-192.168.0.104] [                                                 ] sun.rmi.loader                           : RMI TCP Connection(4)-192.168.0.104: name = "[B", codebase = ""
2024-10-18T18:55:13.581+03:00 DEBUG [,,] 28528 --- [RMI TCP Connection(4)-192.168.0.104] [                                                 ] sun.rmi.loader                           : RMI TCP Connection(4)-192.168.0.104: name = "[Ljava.lang.String;", codebase = ""
2024-10-18T18:55:13.581+03:00 DEBUG [,,] 28528 --- [RMI TCP Connection(4)-192.168.0.104] [                                                 ] javax.management.remote.rmi              : connectionId=rmi://192.168.0.104  13 unwrapping params with MBean extended ClassLoader.
2024-10-18T18:55:13.581+03:00 DEBUG [,,] 28528 --- [RMI TCP Connection(4)-192.168.0.104] [                                                 ] sun.rmi.loader                           : RMI TCP Connection(4)-192.168.0.104: name = "[Ljava.lang.String;", codebase = "", defaultLoader = jdk.internal.loader.ClassLoaders$PlatformClassLoader@61537909
2024-10-18T18:55:13.581+03:00 DEBUG [,,] 28528 --- [RMI TCP Connection(4)-192.168.0.104] [                                                 ] javax.management.remote.rmi              : connectionId=rmi://192.168.0.104  13, name=org.springframework.boot:type=Admin,name=SpringApplication, operationName=getProperty, signature=[java.lang.String]
2024-10-18T18:55:13.581+03:00 DEBUG [,,] 28528 --- [RMI TCP Connection(5)-192.168.0.104] [                                                 ] sun.rmi.transport.tcp                    : RMI TCP Connection(5)-192.168.0.104: (port 53105) op = 80
2024-10-18T18:55:13.581+03:00 DEBUG [,,] 28528 --- [RMI TCP Connection(5)-192.168.0.104] [                                                 ] javax.management.remote.rmi              : [javax.management.remote.rmi.RMIConnectionImpl@2d5b6ba0: connectionId=rmi://192.168.0.104  12] closing.
2024-10-18T18:55:13.581+03:00 DEBUG [,,] 28528 --- [RMI TCP Connection(5)-192.168.0.104] [                                                 ] javax.management.remote.rmi              : [javax.management.remote.rmi.RMIConnectionImpl@2d5b6ba0: connectionId=rmi://192.168.0.104  12] closed.
2024-10-18T18:55:13.581+03:00 DEBUG [,,] 28528 --- [RMI TCP Connection(4)-192.168.0.104] [                                                 ] sun.rmi.transport.tcp                    : RMI TCP Connection(4)-192.168.0.104: (port 53105) op = 80
2024-10-18T18:55:13.581+03:00 DEBUG [,,] 28528 --- [RMI TCP Connection(4)-192.168.0.104] [                                                 ] sun.rmi.loader                           : RMI TCP Connection(4)-192.168.0.104: name = "javax.management.ObjectName", codebase = ""
2024-10-18T18:55:13.581+03:00 DEBUG [,,] 28528 --- [RMI TCP Connection(4)-192.168.0.104] [                                                 ] sun.rmi.loader                           : RMI TCP Connection(4)-192.168.0.104: name = "java.rmi.MarshalledObject", codebase = ""
2024-10-18T18:55:13.581+03:00 DEBUG [,,] 28528 --- [RMI TCP Connection(4)-192.168.0.104] [                                                 ] sun.rmi.loader                           : RMI TCP Connection(4)-192.168.0.104: name = "[B", codebase = ""
2024-10-18T18:55:13.582+03:00 DEBUG [,,] 28528 --- [RMI TCP Connection(4)-192.168.0.104] [                                                 ] sun.rmi.loader                           : RMI TCP Connection(4)-192.168.0.104: name = "[Ljava.lang.String;", codebase = ""
2024-10-18T18:55:13.582+03:00 DEBUG [,,] 28528 --- [RMI TCP Connection(4)-192.168.0.104] [                                                 ] javax.management.remote.rmi              : connectionId=rmi://192.168.0.104  13 unwrapping params with MBean extended ClassLoader.
2024-10-18T18:55:13.582+03:00 DEBUG [,,] 28528 --- [RMI TCP Connection(5)-192.168.0.104] [                                                 ] sun.rmi.transport.tcp                    : RMI TCP Connection(5)-192.168.0.104: (port 53105) op = 80
2024-10-18T18:55:13.582+03:00 DEBUG [,,] 28528 --- [RMI TCP Connection(4)-192.168.0.104] [                                                 ] sun.rmi.loader                           : RMI TCP Connection(4)-192.168.0.104: name = "[Ljava.lang.String;", codebase = "", defaultLoader = jdk.internal.loader.ClassLoaders$PlatformClassLoader@61537909
2024-10-18T18:55:13.582+03:00 DEBUG [,,] 28528 --- [RMI TCP Connection(4)-192.168.0.104] [                                                 ] javax.management.remote.rmi              : connectionId=rmi://192.168.0.104  13, name=org.springframework.boot:type=Admin,name=SpringApplication, operationName=getProperty, signature=[java.lang.String]
2024-10-18T18:55:13.582+03:00 DEBUG [,,] 28528 --- [RMI TCP Connection(4)-192.168.0.104] [                                                 ] sun.rmi.transport.tcp                    : RMI TCP Connection(4)-192.168.0.104: (port 53105) op = 80
2024-10-18T18:55:13.582+03:00 DEBUG [,,] 28528 --- [RMI TCP Connection(4)-192.168.0.104] [                                                 ] javax.management.remote.rmi              : [javax.management.remote.rmi.RMIConnectionImpl@8fb0924: connectionId=rmi://192.168.0.104  13] closing.
2024-10-18T18:55:13.582+03:00 DEBUG [,,] 28528 --- [RMI TCP Connection(4)-192.168.0.104] [                                                 ] javax.management.remote.rmi              : [javax.management.remote.rmi.RMIConnectionImpl@8fb0924: connectionId=rmi://192.168.0.104  13] closed.
2024-10-18T18:55:13.582+03:00 DEBUG [,,] 28528 --- [RMI TCP Connection(5)-192.168.0.104] [                                                 ] sun.rmi.transport.tcp                    : RMI TCP Connection(5)-192.168.0.104: (port 53105) op = 80
2024-10-18T18:55:13.582+03:00 DEBUG [,,] 28528 --- [RMI TCP Connection(5)-192.168.0.104] [                                                 ] sun.rmi.loader                           : RMI TCP Connection(5)-192.168.0.104: name = "[Ljava.rmi.server.ObjID;", codebase = "", defaultLoader = jdk.internal.loader.ClassLoaders$PlatformClassLoader@61537909
2024-10-18T18:55:13.582+03:00 DEBUG [,,] 28528 --- [RMI TCP Connection(5)-192.168.0.104] [                                                 ] sun.rmi.loader                           : RMI TCP Connection(5)-192.168.0.104: name = "java.rmi.server.ObjID", codebase = "", defaultLoader = jdk.internal.loader.ClassLoaders$PlatformClassLoader@61537909
2024-10-18T18:55:13.584+03:00 DEBUG [,,] 28528 --- [RMI TCP Connection(5)-192.168.0.104] [                                                 ] sun.rmi.loader                           : RMI TCP Connection(5)-192.168.0.104: name = "java.rmi.server.UID", codebase = "", defaultLoader = jdk.internal.loader.ClassLoaders$PlatformClassLoader@61537909
2024-10-18T18:55:13.584+03:00 DEBUG [,,] 28528 --- [RMI TCP Connection(4)-192.168.0.104] [                                                 ] sun.rmi.transport.tcp                    : RMI TCP Connection(4)-192.168.0.104: (port 53105) op = 82
2024-10-18T18:55:13.584+03:00 DEBUG [,,] 28528 --- [RMI TCP Connection(5)-192.168.0.104] [                                                 ] sun.rmi.loader                           : RMI TCP Connection(5)-192.168.0.104: name = "java.rmi.dgc.Lease", codebase = "", defaultLoader = jdk.internal.loader.ClassLoaders$PlatformClassLoader@61537909
2024-10-18T18:55:13.584+03:00 DEBUG [,,] 28528 --- [RMI TCP Connection(4)-192.168.0.104] [                                                 ] sun.rmi.transport.tcp                    : RMI TCP Connection(4)-192.168.0.104: (port 53105) op = 80
2024-10-18T18:55:13.584+03:00 DEBUG [,,] 28528 --- [RMI TCP Connection(5)-192.168.0.104] [                                                 ] sun.rmi.loader                           : RMI TCP Connection(5)-192.168.0.104: name = "java.rmi.dgc.VMID", codebase = "", defaultLoader = jdk.internal.loader.ClassLoaders$PlatformClassLoader@61537909
2024-10-18T18:55:13.584+03:00 DEBUG [,,] 28528 --- [RMI TCP Connection(5)-192.168.0.104] [                                                 ] sun.rmi.loader                           : RMI TCP Connection(5)-192.168.0.104: name = "[B", codebase = "", defaultLoader = jdk.internal.loader.ClassLoaders$PlatformClassLoader@61537909
2024-10-18T18:55:13.584+03:00 DEBUG [,,] 28528 --- [RMI TCP Connection(5)-192.168.0.104] [                                                 ] sun.rmi.transport.tcp                    : RMI TCP Connection(5)-192.168.0.104: (port 53105) op = 84
2024-10-18T18:55:13.584+03:00 DEBUG [,,] 28528 --- [RMI TCP Connection(5)-192.168.0.104] [                                                 ] sun.rmi.transport.tcp                    : RMI TCP Connection(5)-192.168.0.104: (port 53105) op = 80
2024-10-18T18:55:13.584+03:00 DEBUG [,,] 28528 --- [RMI TCP Connection(4)-192.168.0.104] [                                                 ] sun.rmi.transport.tcp                    : RMI TCP Connection(4)-192.168.0.104: (port 53105) op = 82
2024-10-18T18:55:13.585+03:00 DEBUG [,,] 28528 --- [RMI TCP Connection(5)-192.168.0.104] [                                                 ] sun.rmi.transport.tcp                    : RMI TCP Connection(5)-192.168.0.104: (port 53105) op = 80
2024-10-18T18:55:13.585+03:00 DEBUG [,,] 28528 --- [RMI TCP Connection(4)-192.168.0.104] [                                                 ] sun.rmi.transport.tcp                    : RMI TCP Connection(4)-192.168.0.104: (port 53105) op = 80
2024-10-18T18:55:13.585+03:00 DEBUG [,,] 28528 --- [RMI TCP Connection(5)-192.168.0.104] [                                                 ] sun.rmi.loader                           : RMI TCP Connection(5)-192.168.0.104: name = "javax.management.ObjectName", codebase = ""
2024-10-18T18:55:13.585+03:00 DEBUG [,,] 28528 --- [RMI TCP Connection(4)-192.168.0.104] [                                                 ] sun.rmi.loader                           : RMI TCP Connection(4)-192.168.0.104: name = "[Ljava.rmi.server.ObjID;", codebase = "", defaultLoader = jdk.internal.loader.ClassLoaders$PlatformClassLoader@61537909
2024-10-18T18:55:13.585+03:00 DEBUG [,,] 28528 --- [RMI TCP Connection(5)-192.168.0.104] [                                                 ] sun.rmi.loader                           : RMI TCP Connection(5)-192.168.0.104: name = "java.rmi.MarshalledObject", codebase = ""
2024-10-18T18:55:13.585+03:00 DEBUG [,,] 28528 --- [RMI TCP Connection(5)-192.168.0.104] [                                                 ] javax.management.remote.rmi              : connectionId=rmi://192.168.0.104  14 unwrapping query with defaultClassLoader.
2024-10-18T18:55:13.585+03:00 DEBUG [,,] 28528 --- [RMI TCP Connection(5)-192.168.0.104] [                                                 ] javax.management.remote.rmi              : connectionId=rmi://192.168.0.104  14, name=org.springframework.boot:type=Endpoint,name=Health,*, query=java.rmi.MarshalledObject@d
2024-10-18T18:55:13.585+03:00 DEBUG [,,] 28528 --- [RMI TCP Connection(4)-192.168.0.104] [                                                 ] sun.rmi.loader                           : RMI TCP Connection(4)-192.168.0.104: name = "java.rmi.server.ObjID", codebase = "", defaultLoader = jdk.internal.loader.ClassLoaders$PlatformClassLoader@61537909
2024-10-18T18:55:13.585+03:00 DEBUG [,,] 28528 --- [RMI TCP Connection(4)-192.168.0.104] [                                                 ] sun.rmi.loader                           : RMI TCP Connection(4)-192.168.0.104: name = "java.rmi.server.UID", codebase = "", defaultLoader = jdk.internal.loader.ClassLoaders$PlatformClassLoader@61537909
2024-10-18T18:55:13.585+03:00 DEBUG [,,] 28528 --- [RMI TCP Connection(4)-192.168.0.104] [                                                 ] sun.rmi.loader                           : RMI TCP Connection(4)-192.168.0.104: name = "java.rmi.dgc.Lease", codebase = "", defaultLoader = jdk.internal.loader.ClassLoaders$PlatformClassLoader@61537909
2024-10-18T18:55:13.585+03:00 DEBUG [,,] 28528 --- [RMI TCP Connection(4)-192.168.0.104] [                                                 ] sun.rmi.loader                           : RMI TCP Connection(4)-192.168.0.104: name = "java.rmi.dgc.VMID", codebase = "", defaultLoader = jdk.internal.loader.ClassLoaders$PlatformClassLoader@61537909
2024-10-18T18:55:13.585+03:00 DEBUG [,,] 28528 --- [RMI TCP Connection(4)-192.168.0.104] [                                                 ] sun.rmi.loader                           : RMI TCP Connection(4)-192.168.0.104: name = "[B", codebase = "", defaultLoader = jdk.internal.loader.ClassLoaders$PlatformClassLoader@61537909
2024-10-18T18:55:13.585+03:00 DEBUG [,,] 28528 --- [RMI TCP Connection(5)-192.168.0.104] [                                                 ] sun.rmi.transport.tcp                    : RMI TCP Connection(5)-192.168.0.104: (port 53105) op = 80
2024-10-18T18:55:13.585+03:00 DEBUG [,,] 28528 --- [RMI TCP Connection(5)-192.168.0.104] [                                                 ] sun.rmi.loader                           : RMI TCP Connection(5)-192.168.0.104: name = "javax.management.ObjectName", codebase = ""
2024-10-18T18:55:13.585+03:00 DEBUG [,,] 28528 --- [RMI TCP Connection(5)-192.168.0.104] [                                                 ] sun.rmi.loader                           : RMI TCP Connection(5)-192.168.0.104: name = "java.rmi.MarshalledObject", codebase = ""
2024-10-18T18:55:13.585+03:00 DEBUG [,,] 28528 --- [RMI TCP Connection(5)-192.168.0.104] [                                                 ] sun.rmi.loader                           : RMI TCP Connection(5)-192.168.0.104: name = "[B", codebase = ""
2024-10-18T18:55:13.585+03:00 DEBUG [,,] 28528 --- [RMI TCP Connection(4)-192.168.0.104] [                                                 ] sun.rmi.transport.tcp                    : RMI TCP Connection(4)-192.168.0.104: (port 53105) op = 82
2024-10-18T18:55:13.585+03:00 DEBUG [,,] 28528 --- [RMI TCP Connection(5)-192.168.0.104] [                                                 ] sun.rmi.loader                           : RMI TCP Connection(5)-192.168.0.104: name = "[Ljava.lang.String;", codebase = ""
2024-10-18T18:55:13.586+03:00 DEBUG [,,] 28528 --- [RMI TCP Connection(5)-192.168.0.104] [                                                 ] javax.management.remote.rmi              : connectionId=rmi://192.168.0.104  14 unwrapping params with MBean extended ClassLoader.
2024-10-18T18:55:13.586+03:00 DEBUG [,,] 28528 --- [RMI TCP Connection(4)-192.168.0.104] [                                                 ] sun.rmi.transport.tcp                    : RMI TCP Connection(4)-192.168.0.104: (port 53105) op = 84
2024-10-18T18:55:13.586+03:00 DEBUG [,,] 28528 --- [RMI TCP Connection(5)-192.168.0.104] [                                                 ] sun.rmi.loader                           : RMI TCP Connection(5)-192.168.0.104: name = "[Ljava.lang.String;", codebase = "", defaultLoader = jdk.internal.loader.ClassLoaders$PlatformClassLoader@61537909
2024-10-18T18:55:13.586+03:00 DEBUG [,,] 28528 --- [RMI TCP Connection(5)-192.168.0.104] [                                                 ] javax.management.remote.rmi              : connectionId=rmi://192.168.0.104  14, name=org.springframework.boot:type=Endpoint,name=Health, operationName=health, signature=[]
2024-10-18T18:55:13.586+03:00 DEBUG [,,] 28528 --- [RMI TCP Connection(4)-192.168.0.104] [                                                 ] sun.rmi.transport.tcp                    : RMI TCP Connection(4)-192.168.0.104: (port 53105) op = 80
2024-10-18T18:55:13.586+03:00 DEBUG [,,] 28528 --- [RMI TCP Connection(4)-192.168.0.104] [                                                 ] sun.rmi.transport.tcp                    : RMI TCP Connection(4)-192.168.0.104: (port 53105) op = 80
2024-10-18T18:55:13.586+03:00 DEBUG [,,] 28528 --- [RMI TCP Connection(4)-192.168.0.104] [                                                 ] sun.rmi.loader                           : RMI TCP Connection(4)-192.168.0.104: name = "javax.management.ObjectName", codebase = ""
2024-10-18T18:55:13.586+03:00 DEBUG [,,] 28528 --- [RMI TCP Connection(4)-192.168.0.104] [                                                 ] sun.rmi.loader                           : RMI TCP Connection(4)-192.168.0.104: name = "java.rmi.MarshalledObject", codebase = ""
2024-10-18T18:55:13.586+03:00 DEBUG [,,] 28528 --- [RMI TCP Connection(4)-192.168.0.104] [                                                 ] javax.management.remote.rmi              : connectionId=rmi://192.168.0.104  15 unwrapping query with defaultClassLoader.
2024-10-18T18:55:13.586+03:00 DEBUG [,,] 28528 --- [RMI TCP Connection(4)-192.168.0.104] [                                                 ] javax.management.remote.rmi              : connectionId=rmi://192.168.0.104  15, name=org.springframework.boot:type=Endpoint,name=Mappings,*, query=java.rmi.MarshalledObject@d
2024-10-18T18:55:13.587+03:00 DEBUG [,,] 28528 --- [RMI TCP Connection(4)-192.168.0.104] [                                                 ] sun.rmi.transport.tcp                    : RMI TCP Connection(4)-192.168.0.104: (port 53105) op = 80
2024-10-18T18:55:13.587+03:00 DEBUG [,,] 28528 --- [RMI TCP Connection(4)-192.168.0.104] [                                                 ] sun.rmi.loader                           : RMI TCP Connection(4)-192.168.0.104: name = "javax.management.ObjectName", codebase = ""
2024-10-18T18:55:13.587+03:00 DEBUG [,,] 28528 --- [RMI TCP Connection(4)-192.168.0.104] [                                                 ] sun.rmi.loader                           : RMI TCP Connection(4)-192.168.0.104: name = "java.rmi.MarshalledObject", codebase = ""
2024-10-18T18:55:13.587+03:00 DEBUG [,,] 28528 --- [RMI TCP Connection(4)-192.168.0.104] [                                                 ] sun.rmi.loader                           : RMI TCP Connection(4)-192.168.0.104: name = "[B", codebase = ""
2024-10-18T18:55:13.587+03:00 DEBUG [,,] 28528 --- [RMI TCP Connection(4)-192.168.0.104] [                                                 ] sun.rmi.loader                           : RMI TCP Connection(4)-192.168.0.104: name = "[Ljava.lang.String;", codebase = ""
2024-10-18T18:55:13.587+03:00 DEBUG [,,] 28528 --- [RMI TCP Connection(4)-192.168.0.104] [                                                 ] javax.management.remote.rmi              : connectionId=rmi://192.168.0.104  15 unwrapping params with MBean extended ClassLoader.
2024-10-18T18:55:13.587+03:00 DEBUG [,,] 28528 --- [RMI TCP Connection(4)-192.168.0.104] [                                                 ] sun.rmi.loader                           : RMI TCP Connection(4)-192.168.0.104: name = "[Ljava.lang.String;", codebase = "", defaultLoader = jdk.internal.loader.ClassLoaders$PlatformClassLoader@61537909
2024-10-18T18:55:13.587+03:00 DEBUG [,,] 28528 --- [RMI TCP Connection(4)-192.168.0.104] [                                                 ] javax.management.remote.rmi              : connectionId=rmi://192.168.0.104  15, name=org.springframework.boot:type=Endpoint,name=Mappings, operationName=mappings, signature=[]
2024-10-18T18:55:13.593+03:00 DEBUG [,,] 28528 --- [RMI TCP Connection(5)-192.168.0.104] [                                                 ] o.s.jdbc.datasource.DataSourceUtils      : Fetching JDBC Connection from DataSource
2024-10-18T18:55:13.596+03:00  INFO [,,] 28528 --- [RMI TCP Connection(4)-192.168.0.104] [                                                 ] o.a.c.c.C.[Tomcat].[localhost].[/]       : Initializing Spring DispatcherServlet 'dispatcherServlet'
2024-10-18T18:55:13.596+03:00  INFO [,,] 28528 --- [RMI TCP Connection(4)-192.168.0.104] [                                                 ] o.s.web.servlet.DispatcherServlet        : Initializing Servlet 'dispatcherServlet'
2024-10-18T18:55:13.596+03:00 DEBUG [,,] 28528 --- [RMI TCP Connection(4)-192.168.0.104] [                                                 ] o.s.web.servlet.DispatcherServlet        : Detected StandardServletMultipartResolver
2024-10-18T18:55:13.596+03:00 DEBUG [,,] 28528 --- [RMI TCP Connection(4)-192.168.0.104] [                                                 ] o.s.web.servlet.DispatcherServlet        : Detected AcceptHeaderLocaleResolver
2024-10-18T18:55:13.596+03:00 DEBUG [,,] 28528 --- [RMI TCP Connection(4)-192.168.0.104] [                                                 ] o.s.web.servlet.DispatcherServlet        : Detected FixedThemeResolver
2024-10-18T18:55:13.597+03:00 DEBUG [,,] 28528 --- [RMI TCP Connection(5)-192.168.0.104] [                                                 ] o.s.jdbc.datasource.DataSourceUtils      : Fetching JDBC Connection from DataSource
2024-10-18T18:55:13.597+03:00 DEBUG [,,] 28528 --- [RMI TCP Connection(4)-192.168.0.104] [                                                 ] o.s.web.servlet.DispatcherServlet        : Detected org.springframework.web.servlet.view.DefaultRequestToViewNameTranslator@452d4bb2
2024-10-18T18:55:13.597+03:00 DEBUG [,,] 28528 --- [RMI TCP Connection(4)-192.168.0.104] [                                                 ] o.s.web.servlet.DispatcherServlet        : Detected org.springframework.web.servlet.support.SessionFlashMapManager@59d8a968
2024-10-18T18:55:13.597+03:00 DEBUG [,,] 28528 --- [RMI TCP Connection(4)-192.168.0.104] [                                                 ] o.s.web.servlet.DispatcherServlet        : enableLoggingRequestDetails='false': request parameters and headers will be masked to prevent unsafe logging of potentially sensitive data
2024-10-18T18:55:13.597+03:00  INFO [,,] 28528 --- [RMI TCP Connection(4)-192.168.0.104] [                                                 ] o.s.web.servlet.DispatcherServlet        : Completed initialization in 1 ms
2024-10-18T18:55:13.606+03:00 DEBUG [,,] 28528 --- [RMI TCP Connection(5)-192.168.0.104] [                                                 ] sun.rmi.transport.tcp                    : RMI TCP Connection(5)-192.168.0.104: (port 53105) op = 80
2024-10-18T18:55:13.606+03:00 DEBUG [,,] 28528 --- [RMI TCP Connection(5)-192.168.0.104] [                                                 ] javax.management.remote.rmi              : [javax.management.remote.rmi.RMIConnectionImpl@6f7cdac5: connectionId=rmi://192.168.0.104  14] closing.
2024-10-18T18:55:13.606+03:00 DEBUG [,,] 28528 --- [RMI TCP Connection(5)-192.168.0.104] [                                                 ] javax.management.remote.rmi              : [javax.management.remote.rmi.RMIConnectionImpl@6f7cdac5: connectionId=rmi://192.168.0.104  14] closed.
2024-10-18T18:55:13.612+03:00 DEBUG [,,] 28528 --- [RMI TCP Connection(4)-192.168.0.104] [                                                 ] sun.rmi.transport.tcp                    : RMI TCP Connection(4)-192.168.0.104: (port 53105) op = 80
2024-10-18T18:55:13.613+03:00 DEBUG [,,] 28528 --- [RMI TCP Connection(4)-192.168.0.104] [                                                 ] javax.management.remote.rmi              : [javax.management.remote.rmi.RMIConnectionImpl@34c50491: connectionId=rmi://192.168.0.104  15] closing.
2024-10-18T18:55:13.613+03:00 DEBUG [,,] 28528 --- [RMI TCP Connection(4)-192.168.0.104] [                                                 ] javax.management.remote.rmi              : [javax.management.remote.rmi.RMIConnectionImpl@34c50491: connectionId=rmi://192.168.0.104  15] closed.
2024-10-18T18:55:13.754+03:00 DEBUG [,,] 28528 --- [RMI TCP Connection(5)-192.168.0.104] [                                                 ] sun.rmi.transport.tcp                    : RMI TCP Connection(5)-192.168.0.104: (port 53105) connection closed
2024-10-18T18:55:13.754+03:00 DEBUG [,,] 28528 --- [RMI TCP Connection(3)-192.168.0.104] [                                                 ] sun.rmi.transport.tcp                    : RMI TCP Connection(3)-192.168.0.104: (port 53105) connection closed
2024-10-18T18:55:13.754+03:00 DEBUG [,,] 28528 --- [RMI TCP Connection(3)-192.168.0.104] [                                                 ] sun.rmi.transport.tcp                    : RMI TCP Connection(3)-192.168.0.104: close connection, socket: Socket[addr=/192.168.0.104,port=53111,localport=53105]
2024-10-18T18:55:13.754+03:00 DEBUG [,,] 28528 --- [RMI TCP Connection(5)-192.168.0.104] [                                                 ] sun.rmi.transport.tcp                    : RMI TCP Connection(5)-192.168.0.104: close connection, socket: Socket[addr=/192.168.0.104,port=53120,localport=53105]
2024-10-18T18:55:13.754+03:00 DEBUG [,,] 28528 --- [RMI TCP Connection(3)-192.168.0.104] [                                                 ] sun.rmi.transport.tcp                    : RMI TCP Connection(3)-192.168.0.104: socket close: Socket[addr=/192.168.0.104,port=53111,localport=53105]
2024-10-18T18:55:13.754+03:00 DEBUG [,,] 28528 --- [RMI TCP Connection(5)-192.168.0.104] [                                                 ] sun.rmi.transport.tcp                    : RMI TCP Connection(5)-192.168.0.104: socket close: Socket[addr=/192.168.0.104,port=53120,localport=53105]
2024-10-18T18:55:13.754+03:00 DEBUG [,,] 28528 --- [RMI TCP Connection(4)-192.168.0.104] [                                                 ] sun.rmi.transport.tcp                    : RMI TCP Connection(4)-192.168.0.104: (port 53105) connection closed
2024-10-18T18:55:13.754+03:00 DEBUG [,,] 28528 --- [RMI TCP Connection(4)-192.168.0.104] [                                                 ] sun.rmi.transport.tcp                    : RMI TCP Connection(4)-192.168.0.104: close connection, socket: Socket[addr=/192.168.0.104,port=53121,localport=53105]
2024-10-18T18:55:13.755+03:00 DEBUG [,,] 28528 --- [RMI TCP Connection(4)-192.168.0.104] [                                                 ] sun.rmi.transport.tcp                    : RMI TCP Connection(4)-192.168.0.104: socket close: Socket[addr=/192.168.0.104,port=53121,localport=53105]
2024-10-18T18:55:13.760+03:00 DEBUG [,,] 28528 --- [RMI TCP Connection(6)-192.168.0.104] [                                                 ] sun.rmi.transport.tcp                    : RMI TCP Connection(6)-192.168.0.104: accepted socket from [192.168.0.104:53122]
2024-10-18T18:55:13.760+03:00 DEBUG [,,] 28528 --- [RMI TCP Connection(6)-192.168.0.104] [                                                 ] sun.rmi.transport.tcp                    : RMI TCP Connection(6)-192.168.0.104: (port 53105) op = 80
2024-10-18T18:55:13.760+03:00 DEBUG [,,] 28528 --- [RMI TCP Connection(6)-192.168.0.104] [                                                 ] sun.rmi.loader                           : RMI TCP Connection(6)-192.168.0.104: name = "[Ljava.rmi.server.ObjID;", codebase = "", defaultLoader = jdk.internal.loader.ClassLoaders$PlatformClassLoader@61537909
2024-10-18T18:55:13.760+03:00 DEBUG [,,] 28528 --- [RMI TCP Connection(6)-192.168.0.104] [                                                 ] sun.rmi.loader                           : RMI TCP Connection(6)-192.168.0.104: name = "java.rmi.server.ObjID", codebase = "", defaultLoader = jdk.internal.loader.ClassLoaders$PlatformClassLoader@61537909
2024-10-18T18:55:13.760+03:00 DEBUG [,,] 28528 --- [RMI TCP Connection(6)-192.168.0.104] [                                                 ] sun.rmi.loader                           : RMI TCP Connection(6)-192.168.0.104: name = "java.rmi.server.UID", codebase = "", defaultLoader = jdk.internal.loader.ClassLoaders$PlatformClassLoader@61537909
2024-10-18T18:55:13.760+03:00 DEBUG [,,] 28528 --- [RMI TCP Connection(6)-192.168.0.104] [                                                 ] sun.rmi.loader                           : RMI TCP Connection(6)-192.168.0.104: name = "java.rmi.dgc.VMID", codebase = "", defaultLoader = jdk.internal.loader.ClassLoaders$PlatformClassLoader@61537909
2024-10-18T18:55:13.760+03:00 DEBUG [,,] 28528 --- [RMI TCP Connection(6)-192.168.0.104] [                                                 ] sun.rmi.loader                           : RMI TCP Connection(6)-192.168.0.104: name = "[B", codebase = "", defaultLoader = jdk.internal.loader.ClassLoaders$PlatformClassLoader@61537909
2024-10-18T18:55:18.645+03:00 DEBUG [,,] 28528 --- [http-nio-8080-exec-1] [                                                 ] o.apache.coyote.http11.Http11Processor   : Error parsing HTTP request header

java.io.EOFException: null
	at org.apache.tomcat.util.net.NioEndpoint$NioSocketWrapper.fillReadBuffer(NioEndpoint.java:1293) ~[tomcat-embed-core-10.1.30.jar:10.1.30]
	at org.apache.tomcat.util.net.NioEndpoint$NioSocketWrapper.read(NioEndpoint.java:1181) ~[tomcat-embed-core-10.1.30.jar:10.1.30]
	at org.apache.coyote.http11.Http11InputBuffer.fill(Http11InputBuffer.java:793) ~[tomcat-embed-core-10.1.30.jar:10.1.30]
	at org.apache.coyote.http11.Http11InputBuffer.parseRequestLine(Http11InputBuffer.java:348) ~[tomcat-embed-core-10.1.30.jar:10.1.30]
	at org.apache.coyote.http11.Http11Processor.service(Http11Processor.java:257) ~[tomcat-embed-core-10.1.30.jar:10.1.30]
	at org.apache.coyote.AbstractProcessorLight.process(AbstractProcessorLight.java:63) ~[tomcat-embed-core-10.1.30.jar:10.1.30]
	at org.apache.coyote.AbstractProtocol$ConnectionHandler.process(AbstractProtocol.java:905) ~[tomcat-embed-core-10.1.30.jar:10.1.30]
	at org.apache.tomcat.util.net.NioEndpoint$SocketProcessor.doRun(NioEndpoint.java:1741) ~[tomcat-embed-core-10.1.30.jar:10.1.30]
	at org.apache.tomcat.util.net.SocketProcessorBase.run(SocketProcessorBase.java:52) ~[tomcat-embed-core-10.1.30.jar:10.1.30]
	at org.apache.tomcat.util.threads.ThreadPoolExecutor.runWorker(ThreadPoolExecutor.java:1190) ~[tomcat-embed-core-10.1.30.jar:10.1.30]
	at org.apache.tomcat.util.threads.ThreadPoolExecutor$Worker.run(ThreadPoolExecutor.java:659) ~[tomcat-embed-core-10.1.30.jar:10.1.30]
	at org.apache.tomcat.util.threads.TaskThread$WrappingRunnable.run(TaskThread.java:63) ~[tomcat-embed-core-10.1.30.jar:10.1.30]
	at java.base/java.lang.Thread.run(Thread.java:833) ~[na:na]

2024-10-18T18:55:18.645+03:00 DEBUG [,,] 28528 --- [http-nio-8080-exec-1] [                                                 ] o.apache.coyote.http11.Http11Processor   : Error state [CLOSE_CONNECTION_NOW] reported while processing request

java.io.EOFException: null
	at org.apache.tomcat.util.net.NioEndpoint$NioSocketWrapper.fillReadBuffer(NioEndpoint.java:1293) ~[tomcat-embed-core-10.1.30.jar:10.1.30]
	at org.apache.tomcat.util.net.NioEndpoint$NioSocketWrapper.read(NioEndpoint.java:1181) ~[tomcat-embed-core-10.1.30.jar:10.1.30]
	at org.apache.coyote.http11.Http11InputBuffer.fill(Http11InputBuffer.java:793) ~[tomcat-embed-core-10.1.30.jar:10.1.30]
	at org.apache.coyote.http11.Http11InputBuffer.parseRequestLine(Http11InputBuffer.java:348) ~[tomcat-embed-core-10.1.30.jar:10.1.30]
	at org.apache.coyote.http11.Http11Processor.service(Http11Processor.java:257) ~[tomcat-embed-core-10.1.30.jar:10.1.30]
	at org.apache.coyote.AbstractProcessorLight.process(AbstractProcessorLight.java:63) ~[tomcat-embed-core-10.1.30.jar:10.1.30]
	at org.apache.coyote.AbstractProtocol$ConnectionHandler.process(AbstractProtocol.java:905) ~[tomcat-embed-core-10.1.30.jar:10.1.30]
	at org.apache.tomcat.util.net.NioEndpoint$SocketProcessor.doRun(NioEndpoint.java:1741) ~[tomcat-embed-core-10.1.30.jar:10.1.30]
	at org.apache.tomcat.util.net.SocketProcessorBase.run(SocketProcessorBase.java:52) ~[tomcat-embed-core-10.1.30.jar:10.1.30]
	at org.apache.tomcat.util.threads.ThreadPoolExecutor.runWorker(ThreadPoolExecutor.java:1190) ~[tomcat-embed-core-10.1.30.jar:10.1.30]
	at org.apache.tomcat.util.threads.ThreadPoolExecutor$Worker.run(ThreadPoolExecutor.java:659) ~[tomcat-embed-core-10.1.30.jar:10.1.30]
	at org.apache.tomcat.util.threads.TaskThread$WrappingRunnable.run(TaskThread.java:63) ~[tomcat-embed-core-10.1.30.jar:10.1.30]
	at java.base/java.lang.Thread.run(Thread.java:833) ~[na:na]

2024-10-18T18:55:18.662+03:00 DEBUG [,,] 28528 --- [http-nio-8080-exec-2] [                                                 ] o.a.c.a.jaspic.AuthConfigFactoryImpl     : Loading persistent provider registrations from [C:\Users\denis\AppData\Local\Temp\tomcat.8080.6101042514923018955\conf\jaspic-providers.xml]
2024-10-18T18:55:18.672+03:00 DEBUG [,,] 28528 --- [http-nio-8080-exec-2] [                                                 ] brave.Tracer                             : X-B3-TraceId was null
2024-10-18T18:55:18.672+03:00 DEBUG [,,] 28528 --- [http-nio-8080-exec-2] [                                                 ] brave.Tracer                             : X-B3-TraceId was null
2024-10-18T18:55:18.690+03:00 DEBUG [,671284e676361a6b9c4feb27fce0f9f6,9c4feb27fce0f9f6] 28528 --- [http-nio-8080-exec-2] [671284e676361a6b9c4feb27fce0f9f6-9c4feb27fce0f9f6] o.s.web.servlet.DispatcherServlet        : POST "/api/v1/users", parameters={}
2024-10-18T18:55:18.696+03:00 DEBUG [,671284e676361a6b9c4feb27fce0f9f6,9c4feb27fce0f9f6] 28528 --- [http-nio-8080-exec-2] [671284e676361a6b9c4feb27fce0f9f6-9c4feb27fce0f9f6] s.w.s.m.m.a.RequestMappingHandlerMapping : Mapped to com.example.kibana_deploy_template.user.web.UserControllerService#createUser(CreateUserRequest)
2024-10-18T18:55:18.698+03:00 DEBUG [,671284e676361a6b9c4feb27fce0f9f6,9c4feb27fce0f9f6] 28528 --- [http-nio-8080-exec-2] [671284e676361a6b9c4feb27fce0f9f6-9c4feb27fce0f9f6] o.j.s.OpenEntityManagerInViewInterceptor : Opening JPA EntityManager in OpenEntityManagerInViewInterceptor
2024-10-18T18:55:18.741+03:00 DEBUG [,671284e676361a6b9c4feb27fce0f9f6,9c4feb27fce0f9f6] 28528 --- [http-nio-8080-exec-2] [671284e676361a6b9c4feb27fce0f9f6-9c4feb27fce0f9f6] m.m.a.RequestResponseBodyMethodProcessor : Read "application/json;charset=UTF-8" to [CreateUserRequest(name=Denis Popescu, gender=male, email=denis8932189@example.com, password=Parola12 (truncated)...]
2024-10-18T18:55:18.750+03:00 DEBUG [,671284e676361a6b9c4feb27fce0f9f6,9c4feb27fce0f9f6] 28528 --- [http-nio-8080-exec-2] [671284e676361a6b9c4feb27fce0f9f6-9c4feb27fce0f9f6] o.s.orm.jpa.JpaTransactionManager        : Found thread-bound EntityManager [SessionImpl(1594534021<open>)] for JPA transaction
2024-10-18T18:55:18.750+03:00 DEBUG [,671284e676361a6b9c4feb27fce0f9f6,9c4feb27fce0f9f6] 28528 --- [http-nio-8080-exec-2] [671284e676361a6b9c4feb27fce0f9f6-9c4feb27fce0f9f6] o.s.orm.jpa.JpaTransactionManager        : Creating new transaction with name [com.example.kibana_deploy_template.user.service.UserCommandServiceImpl.createUser]: PROPAGATION_REQUIRED,ISOLATION_DEFAULT
2024-10-18T18:55:18.752+03:00 DEBUG [,671284e676361a6b9c4feb27fce0f9f6,9c4feb27fce0f9f6] 28528 --- [http-nio-8080-exec-2] [671284e676361a6b9c4feb27fce0f9f6-9c4feb27fce0f9f6] o.h.e.t.internal.TransactionImpl         : On TransactionImpl creation, JpaCompliance#isJpaTransactionComplianceEnabled == false
2024-10-18T18:55:18.752+03:00 DEBUG [,671284e676361a6b9c4feb27fce0f9f6,9c4feb27fce0f9f6] 28528 --- [http-nio-8080-exec-2] [671284e676361a6b9c4feb27fce0f9f6-9c4feb27fce0f9f6] o.h.e.t.internal.TransactionImpl         : begin
2024-10-18T18:55:18.754+03:00 DEBUG [,671284e676361a6b9c4feb27fce0f9f6,9c4feb27fce0f9f6] 28528 --- [http-nio-8080-exec-2] [671284e676361a6b9c4feb27fce0f9f6-9c4feb27fce0f9f6] o.s.orm.jpa.JpaTransactionManager        : Exposing JPA transaction as JDBC [org.springframework.orm.jpa.vendor.HibernateJpaDialect$HibernateConnectionHandle@980a5e5]
2024-10-18T18:55:18.805+03:00 DEBUG [,671284e676361a6b9c4feb27fce0f9f6,9c4feb27fce0f9f6] 28528 --- [http-nio-8080-exec-2] [671284e676361a6b9c4feb27fce0f9f6-9c4feb27fce0f9f6] org.hibernate.orm.sql.ast.create         : Created new SQL alias : u1_0
2024-10-18T18:55:18.806+03:00 DEBUG [,671284e676361a6b9c4feb27fce0f9f6,9c4feb27fce0f9f6] 28528 --- [http-nio-8080-exec-2] [671284e676361a6b9c4feb27fce0f9f6-9c4feb27fce0f9f6] org.hibernate.orm.sql.ast.create         : Registration of TableGroup [StandardTableGroup(com.example.kibana_deploy_template.user.model.User(2))] with identifierForTableGroup [com.example.kibana_deploy_template.user.model.User] for NavigablePath [com.example.kibana_deploy_template.user.model.User] 
2024-10-18T18:55:18.812+03:00 DEBUG [,671284e676361a6b9c4feb27fce0f9f6,9c4feb27fce0f9f6] 28528 --- [http-nio-8080-exec-2] [671284e676361a6b9c4feb27fce0f9f6-9c4feb27fce0f9f6] o.h.q.sqm.sql.BaseSqmToSqlAstConverter   : Determining mapping-model type for SqmParameter : org.hibernate.query.sqm.tree.expression.SqmJpaCriteriaParameterWrapper@77c203e6
2024-10-18T18:55:18.813+03:00 DEBUG [,671284e676361a6b9c4feb27fce0f9f6,9c4feb27fce0f9f6] 28528 --- [http-nio-8080-exec-2] [671284e676361a6b9c4feb27fce0f9f6-9c4feb27fce0f9f6] o.h.q.sqm.sql.BaseSqmToSqlAstConverter   : Determining mapping-model type for SqmPath : SqmBasicValuedSimplePath(com.example.kibana_deploy_template.user.model.User(2).email) 
2024-10-18T18:55:18.817+03:00 DEBUG [,671284e676361a6b9c4feb27fce0f9f6,9c4feb27fce0f9f6] 28528 --- [http-nio-8080-exec-2] [671284e676361a6b9c4feb27fce0f9f6-9c4feb27fce0f9f6] org.hibernate.orm.results.graph.AST      : DomainResult Graph:
 \-EntityResultImpl [com.example.kibana_deploy_template.user.model.User(2)]
 |  +-BasicFetch [com.example.kibana_deploy_template.user.model.User(2).email]
 |  +-BasicFetch [com.example.kibana_deploy_template.user.model.User(2).gender]
 |  +-BasicFetch [com.example.kibana_deploy_template.user.model.User(2).name]
 |  \-BasicFetch [com.example.kibana_deploy_template.user.model.User(2).password]

2024-10-18T18:55:18.817+03:00 DEBUG [,671284e676361a6b9c4feb27fce0f9f6,9c4feb27fce0f9f6] 28528 --- [http-nio-8080-exec-2] [671284e676361a6b9c4feb27fce0f9f6-9c4feb27fce0f9f6] org.hibernate.orm.sql.ast.tree           : SQL AST Tree:
    SelectStatement {
      FromClause {
        StandardTableGroup (u1 : com.example.kibana_deploy_template.user.model.User(2)) {
          primaryTableReference : users as u1_0
        }
      }
    }

2024-10-18T18:55:18.823+03:00 DEBUG [,671284e676361a6b9c4feb27fce0f9f6,9c4feb27fce0f9f6] 28528 --- [http-nio-8080-exec-2] [671284e676361a6b9c4feb27fce0f9f6-9c4feb27fce0f9f6] org.hibernate.orm.sql.exec               : Skipping reading Query result cache data: cache-enabled = false, cache-mode = NORMAL
2024-10-18T18:55:18.831+03:00 DEBUG [,671284e676361a6b9c4feb27fce0f9f6,9c4feb27fce0f9f6] 28528 --- [http-nio-8080-exec-2] [671284e676361a6b9c4feb27fce0f9f6-9c4feb27fce0f9f6] org.hibernate.orm.results                : Initializer list:
	  com.example.kibana_deploy_template.user.model.User(2) -> EntityResultInitializer(com.example.kibana_deploy_template.user.model.User(2))@1710451337 (SingleTableEntityPersister(com.example.kibana_deploy_template.user.model.User))

2024-10-18T18:55:18.835+03:00 DEBUG [,671284e676361a6b9c4feb27fce0f9f6,9c4feb27fce0f9f6] 28528 --- [http-nio-8080-exec-2] [671284e676361a6b9c4feb27fce0f9f6-9c4feb27fce0f9f6] org.hibernate.SQL                        : 
    select
        u1_0.id,
        u1_0.email,
        u1_0.gender,
        u1_0.name,
        u1_0.password 
    from
        users u1_0 
    where
        u1_0.email=?
2024-10-18T18:55:18.838+03:00 DEBUG [,671284e676361a6b9c4feb27fce0f9f6,9c4feb27fce0f9f6] 28528 --- [http-nio-8080-exec-2] [671284e676361a6b9c4feb27fce0f9f6-9c4feb27fce0f9f6] org.hibernate.orm.results                : Extracted JDBC value [0] - [1]
2024-10-18T18:55:18.839+03:00 DEBUG [,671284e676361a6b9c4feb27fce0f9f6,9c4feb27fce0f9f6] 28528 --- [http-nio-8080-exec-2] [671284e676361a6b9c4feb27fce0f9f6-9c4feb27fce0f9f6] o.hibernate.orm.results.loading.entity   : (EntityResultInitializer) Hydrated EntityKey (com.example.kibana_deploy_template.user.model.User(2)): 1
2024-10-18T18:55:18.840+03:00 DEBUG [,671284e676361a6b9c4feb27fce0f9f6,9c4feb27fce0f9f6] 28528 --- [http-nio-8080-exec-2] [671284e676361a6b9c4feb27fce0f9f6-9c4feb27fce0f9f6] o.hibernate.orm.results.loading.entity   : (EntityResultInitializer) Created new entity instance [com.example.kibana_deploy_template.user.model.User(2)#1] : 784793415
2024-10-18T18:55:18.840+03:00 DEBUG [,671284e676361a6b9c4feb27fce0f9f6,9c4feb27fce0f9f6] 28528 --- [http-nio-8080-exec-2] [671284e676361a6b9c4feb27fce0f9f6-9c4feb27fce0f9f6] org.hibernate.orm.results                : Extracted JDBC value [1] - [denis8932189@example.com]
2024-10-18T18:55:18.840+03:00 DEBUG [,671284e676361a6b9c4feb27fce0f9f6,9c4feb27fce0f9f6] 28528 --- [http-nio-8080-exec-2] [671284e676361a6b9c4feb27fce0f9f6-9c4feb27fce0f9f6] org.hibernate.orm.results                : Extracted JDBC value [2] - [male]
2024-10-18T18:55:18.840+03:00 DEBUG [,671284e676361a6b9c4feb27fce0f9f6,9c4feb27fce0f9f6] 28528 --- [http-nio-8080-exec-2] [671284e676361a6b9c4feb27fce0f9f6-9c4feb27fce0f9f6] org.hibernate.orm.results                : Extracted JDBC value [3] - [Denis Popescu]
2024-10-18T18:55:18.840+03:00 DEBUG [,671284e676361a6b9c4feb27fce0f9f6,9c4feb27fce0f9f6] 28528 --- [http-nio-8080-exec-2] [671284e676361a6b9c4feb27fce0f9f6-9c4feb27fce0f9f6] org.hibernate.orm.results                : Extracted JDBC value [4] - [Parola123!]
2024-10-18T18:55:18.842+03:00 DEBUG [,671284e676361a6b9c4feb27fce0f9f6,9c4feb27fce0f9f6] 28528 --- [http-nio-8080-exec-2] [671284e676361a6b9c4feb27fce0f9f6-9c4feb27fce0f9f6] o.hibernate.orm.results.loading.entity   : (EntityResultInitializer) Done materializing entityInstance : com.example.kibana_deploy_template.user.model.User(2)#1
2024-10-18T18:55:18.843+03:00 DEBUG [,671284e676361a6b9c4feb27fce0f9f6,9c4feb27fce0f9f6] 28528 --- [http-nio-8080-exec-2] [671284e676361a6b9c4feb27fce0f9f6-9c4feb27fce0f9f6] org.hibernate.orm.results.loading        : Calling top-level assembler (0 / 1) : org.hibernate.sql.results.graph.entity.internal.EntityAssembler@23a24602
2024-10-18T18:55:18.846+03:00 ERROR [,671284e676361a6b9c4feb27fce0f9f6,9c4feb27fce0f9f6] 28528 --- [http-nio-8080-exec-2] [671284e676361a6b9c4feb27fce0f9f6-9c4feb27fce0f9f6] c.e.k.u.service.UserCommandServiceImpl   : User with email denis8932189@example.com already exist
2024-10-18T18:55:18.846+03:00 DEBUG [,671284e676361a6b9c4feb27fce0f9f6,9c4feb27fce0f9f6] 28528 --- [http-nio-8080-exec-2] [671284e676361a6b9c4feb27fce0f9f6-9c4feb27fce0f9f6] o.s.orm.jpa.JpaTransactionManager        : Initiating transaction rollback
2024-10-18T18:55:18.846+03:00 DEBUG [,671284e676361a6b9c4feb27fce0f9f6,9c4feb27fce0f9f6] 28528 --- [http-nio-8080-exec-2] [671284e676361a6b9c4feb27fce0f9f6-9c4feb27fce0f9f6] o.s.orm.jpa.JpaTransactionManager        : Rolling back JPA transaction on EntityManager [SessionImpl(1594534021<open>)]
2024-10-18T18:55:18.846+03:00 DEBUG [,671284e676361a6b9c4feb27fce0f9f6,9c4feb27fce0f9f6] 28528 --- [http-nio-8080-exec-2] [671284e676361a6b9c4feb27fce0f9f6-9c4feb27fce0f9f6] o.h.e.t.internal.TransactionImpl         : rolling back
2024-10-18T18:55:18.848+03:00 DEBUG [,671284e676361a6b9c4feb27fce0f9f6,9c4feb27fce0f9f6] 28528 --- [http-nio-8080-exec-2] [671284e676361a6b9c4feb27fce0f9f6-9c4feb27fce0f9f6] o.s.orm.jpa.JpaTransactionManager        : Not closing pre-bound JPA EntityManager after transaction
2024-10-18T18:55:18.849+03:00 DEBUG [,671284e676361a6b9c4feb27fce0f9f6,9c4feb27fce0f9f6] 28528 --- [http-nio-8080-exec-2] [671284e676361a6b9c4feb27fce0f9f6-9c4feb27fce0f9f6] .w.s.m.a.ResponseStatusExceptionResolver : Resolved [com.example.kibana_deploy_template.user.exceptions.UserAlreadyExists: User with email denis8932189@example.com already exist]
2024-10-18T18:55:18.849+03:00 DEBUG [,671284e676361a6b9c4feb27fce0f9f6,9c4feb27fce0f9f6] 28528 --- [http-nio-8080-exec-2] [671284e676361a6b9c4feb27fce0f9f6-9c4feb27fce0f9f6] o.j.s.OpenEntityManagerInViewInterceptor : Closing JPA EntityManager in OpenEntityManagerInViewInterceptor
2024-10-18T18:55:18.849+03:00 DEBUG [,671284e676361a6b9c4feb27fce0f9f6,9c4feb27fce0f9f6] 28528 --- [http-nio-8080-exec-2] [671284e676361a6b9c4feb27fce0f9f6-9c4feb27fce0f9f6] o.s.web.servlet.DispatcherServlet        : Completed 409 CONFLICT
2024-10-18T18:55:18.857+03:00 DEBUG [,,] 28528 --- [http-nio-8080-exec-2] [                                                 ] o.s.web.servlet.DispatcherServlet        : "ERROR" dispatch for POST "/error", parameters={}
2024-10-18T18:55:18.858+03:00 DEBUG [,,] 28528 --- [http-nio-8080-exec-2] [                                                 ] s.w.s.m.m.a.RequestMappingHandlerMapping : Mapped to org.springframework.boot.autoconfigure.web.servlet.error.BasicErrorController#error(HttpServletRequest)
2024-10-18T18:55:18.858+03:00 DEBUG [,,] 28528 --- [http-nio-8080-exec-2] [                                                 ] o.j.s.OpenEntityManagerInViewInterceptor : Opening JPA EntityManager in OpenEntityManagerInViewInterceptor
2024-10-18T18:55:18.863+03:00 DEBUG [,,] 28528 --- [http-nio-8080-exec-2] [                                                 ] o.s.w.s.m.m.a.HttpEntityMethodProcessor  : Using 'application/json', given [*/*] and supported [application/json, application/*+json]
2024-10-18T18:55:18.864+03:00 DEBUG [,,] 28528 --- [http-nio-8080-exec-2] [                                                 ] o.s.w.s.m.m.a.HttpEntityMethodProcessor  : Writing [{timestamp=Fri Oct 18 18:55:18 EEST 2024, status=409, error=Conflict, message=User with email denis8 (truncated)...]
2024-10-18T18:55:18.874+03:00 DEBUG [,,] 28528 --- [http-nio-8080-exec-2] [                                                 ] o.j.s.OpenEntityManagerInViewInterceptor : Closing JPA EntityManager in OpenEntityManagerInViewInterceptor
2024-10-18T18:55:18.875+03:00 DEBUG [,,] 28528 --- [http-nio-8080-exec-2] [                                                 ] o.s.web.servlet.DispatcherServlet        : Exiting from "ERROR" dispatch, status 409
2024-10-18T18:55:19.872+03:00 DEBUG [,,] 28528 --- [AsyncReporter{ZipkinRestTemplateSender{http://localhost:9411/api/v2/spans}}] [                                                 ] o.s.web.client.RestTemplate              : HTTP POST http://localhost:9411/api/v2/spans
2024-10-18T18:55:19.874+03:00 DEBUG [,,] 28528 --- [AsyncReporter{ZipkinRestTemplateSender{http://localhost:9411/api/v2/spans}}] [                                                 ] o.s.web.client.RestTemplate              : Accept=[application/json, application/*+json]
2024-10-18T18:55:19.874+03:00 DEBUG [,,] 28528 --- [AsyncReporter{ZipkinRestTemplateSender{http://localhost:9411/api/v2/spans}}] [                                                 ] o.s.web.client.RestTemplate              : Writing [[B@4e386979] as "application/json"
2024-10-18T18:55:19.877+03:00  WARN [,,] 28528 --- [AsyncReporter{ZipkinRestTemplateSender{http://localhost:9411/api/v2/spans}}] [                                                 ] z.r.i.AsyncReporter$BoundedAsyncReporter : Spans were dropped due to exceptions. All subsequent errors will be logged at FINE level.
2024-10-18T18:55:19.877+03:00  WARN [,,] 28528 --- [AsyncReporter{ZipkinRestTemplateSender{http://localhost:9411/api/v2/spans}}] [                                                 ] z.r.i.AsyncReporter$BoundedAsyncReporter : Dropped 1 spans due to ResourceAccessException(I/O error on POST request for "http://localhost:9411/api/v2/spans": Connection refused: no further information)

org.springframework.web.client.ResourceAccessException: I/O error on POST request for "http://localhost:9411/api/v2/spans": Connection refused: no further information
	at org.springframework.web.client.RestTemplate.createResourceAccessException(RestTemplate.java:915) ~[spring-web-6.1.13.jar:6.1.13]
	at org.springframework.web.client.RestTemplate.doExecute(RestTemplate.java:895) ~[spring-web-6.1.13.jar:6.1.13]
	at org.springframework.web.client.RestTemplate.execute(RestTemplate.java:830) ~[spring-web-6.1.13.jar:6.1.13]
	at org.springframework.web.client.RestTemplate.exchange(RestTemplate.java:691) ~[spring-web-6.1.13.jar:6.1.13]
	at org.springframework.boot.actuate.autoconfigure.tracing.zipkin.ZipkinRestTemplateSender.postSpans(ZipkinRestTemplateSender.java:50) ~[spring-boot-actuator-autoconfigure-3.3.4.jar:3.3.4]
	at org.springframework.boot.actuate.autoconfigure.tracing.zipkin.HttpSender.postSpans(HttpSender.java:69) ~[spring-boot-actuator-autoconfigure-3.3.4.jar:3.3.4]
	at org.springframework.boot.actuate.autoconfigure.tracing.zipkin.HttpSender.postSpans(HttpSender.java:41) ~[spring-boot-actuator-autoconfigure-3.3.4.jar:3.3.4]
	at zipkin2.reporter.BaseHttpSender.send(BaseHttpSender.java:123) ~[zipkin-reporter-3.4.2.jar:na]
	at zipkin2.reporter.internal.AsyncReporter$BoundedAsyncReporter.flush(AsyncReporter.java:266) ~[zipkin-reporter-3.4.2.jar:na]
	at zipkin2.reporter.internal.AsyncReporter$Flusher.run(AsyncReporter.java:352) ~[zipkin-reporter-3.4.2.jar:na]
	at java.base/java.lang.Thread.run(Thread.java:833) ~[na:na]
Caused by: java.net.ConnectException: Connection refused: no further information
	at java.base/sun.nio.ch.Net.pollConnect(Native Method) ~[na:na]
	at java.base/sun.nio.ch.Net.pollConnectNow(Net.java:672) ~[na:na]
	at java.base/sun.nio.ch.NioSocketImpl.timedFinishConnect(NioSocketImpl.java:542) ~[na:na]
	at java.base/sun.nio.ch.NioSocketImpl.connect(NioSocketImpl.java:597) ~[na:na]
	at java.base/java.net.Socket.connect(Socket.java:633) ~[na:na]
	at java.base/sun.net.NetworkClient.doConnect(NetworkClient.java:178) ~[na:na]
	at java.base/sun.net.www.http.HttpClient.openServer(HttpClient.java:534) ~[na:na]
	at java.base/sun.net.www.http.HttpClient.openServer(HttpClient.java:639) ~[na:na]
	at java.base/sun.net.www.http.HttpClient.<init>(HttpClient.java:282) ~[na:na]
	at java.base/sun.net.www.http.HttpClient.New(HttpClient.java:387) ~[na:na]
	at java.base/sun.net.www.http.HttpClient.New(HttpClient.java:409) ~[na:na]
	at java.base/sun.net.www.protocol.http.HttpURLConnection.getNewHttpClient(HttpURLConnection.java:1309) ~[na:na]
	at java.base/sun.net.www.protocol.http.HttpURLConnection.plainConnect0(HttpURLConnection.java:1242) ~[na:na]
	at java.base/sun.net.www.protocol.http.HttpURLConnection.plainConnect(HttpURLConnection.java:1128) ~[na:na]
	at java.base/sun.net.www.protocol.http.HttpURLConnection.connect(HttpURLConnection.java:1057) ~[na:na]
	at org.springframework.http.client.SimpleClientHttpRequest.executeInternal(SimpleClientHttpRequest.java:79) ~[spring-web-6.1.13.jar:6.1.13]
	at org.springframework.http.client.AbstractStreamingClientHttpRequest.executeInternal(AbstractStreamingClientHttpRequest.java:70) ~[spring-web-6.1.13.jar:6.1.13]
	at org.springframework.http.client.AbstractClientHttpRequest.execute(AbstractClientHttpRequest.java:66) ~[spring-web-6.1.13.jar:6.1.13]
	at org.springframework.web.client.RestTemplate.doExecute(RestTemplate.java:889) ~[spring-web-6.1.13.jar:6.1.13]
	... 9 common frames omitted

2024-10-18T18:55:40.415+03:00 DEBUG [,,] 28528 --- [RMI TCP Connection(2)-192.168.0.104] [                                                 ] sun.rmi.transport.tcp                    : RMI TCP Connection(2)-192.168.0.104: (port 53105) connection closed
2024-10-18T18:55:40.415+03:00 DEBUG [,,] 28528 --- [RMI TCP Connection(2)-192.168.0.104] [                                                 ] sun.rmi.transport.tcp                    : RMI TCP Connection(2)-192.168.0.104: close connection, socket: Socket[addr=/192.168.0.104,port=53109,localport=53105]
2024-10-18T18:55:40.415+03:00 DEBUG [,,] 28528 --- [RMI TCP Connection(2)-192.168.0.104] [                                                 ] sun.rmi.transport.tcp                    : RMI TCP Connection(2)-192.168.0.104: socket close: Socket[addr=/192.168.0.104,port=53109,localport=53105]
2024-10-18T18:55:41.910+03:00 DEBUG [,,] 28528 --- [HikariPool-1 housekeeper] [                                                 ] com.zaxxer.hikari.pool.HikariPool        : HikariPool-1 - Pool stats (total=10, active=0, idle=10, waiting=0)
2024-10-18T18:55:41.910+03:00 DEBUG [,,] 28528 --- [HikariPool-1 housekeeper] [                                                 ] com.zaxxer.hikari.pool.HikariPool        : HikariPool-1 - Fill pool skipped, pool has sufficient level or currently being filled.
2024-10-18T18:55:41.961+03:00 DEBUG [,,] 28528 --- [RMI TCP Connection(6)-192.168.0.104] [                                                 ] sun.rmi.transport.tcp                    : RMI TCP Connection(6)-192.168.0.104: (port 53105) connection closed
2024-10-18T18:55:41.961+03:00 DEBUG [,,] 28528 --- [RMI TCP Connection(6)-192.168.0.104] [                                                 ] sun.rmi.transport.tcp                    : RMI TCP Connection(6)-192.168.0.104: close connection, socket: Socket[addr=/192.168.0.104,port=53122,localport=53105]
2024-10-18T18:55:41.961+03:00 DEBUG [,,] 28528 --- [RMI TCP Connection(6)-192.168.0.104] [                                                 ] sun.rmi.transport.tcp                    : RMI TCP Connection(6)-192.168.0.104: socket close: Socket[addr=/192.168.0.104,port=53122,localport=53105]
2024-10-18T18:56:11.917+03:00 DEBUG [,,] 28528 --- [HikariPool-1 housekeeper] [                                                 ] com.zaxxer.hikari.pool.HikariPool        : HikariPool-1 - Pool stats (total=10, active=0, idle=10, waiting=0)
2024-10-18T18:56:11.917+03:00 DEBUG [,,] 28528 --- [HikariPool-1 housekeeper] [                                                 ] com.zaxxer.hikari.pool.HikariPool        : HikariPool-1 - Fill pool skipped, pool has sufficient level or currently being filled.
2024-10-18T18:56:17.631+03:00 DEBUG [,,] 28528 --- [http-nio-8080-exec-3] [                                                 ] brave.Tracer                             : X-B3-TraceId was null
2024-10-18T18:56:17.631+03:00 DEBUG [,,] 28528 --- [http-nio-8080-exec-3] [                                                 ] brave.Tracer                             : X-B3-TraceId was null
2024-10-18T18:56:17.632+03:00 DEBUG [,67128521d58f0151236c49ff151bbe16,236c49ff151bbe16] 28528 --- [http-nio-8080-exec-3] [67128521d58f0151236c49ff151bbe16-236c49ff151bbe16] o.s.web.servlet.DispatcherServlet        : POST "/api/v1/users", parameters={}
2024-10-18T18:56:17.633+03:00 DEBUG [,67128521d58f0151236c49ff151bbe16,236c49ff151bbe16] 28528 --- [http-nio-8080-exec-3] [67128521d58f0151236c49ff151bbe16-236c49ff151bbe16] s.w.s.m.m.a.RequestMappingHandlerMapping : Mapped to com.example.kibana_deploy_template.user.web.UserControllerService#createUser(CreateUserRequest)
2024-10-18T18:56:17.633+03:00 DEBUG [,67128521d58f0151236c49ff151bbe16,236c49ff151bbe16] 28528 --- [http-nio-8080-exec-3] [67128521d58f0151236c49ff151bbe16-236c49ff151bbe16] o.j.s.OpenEntityManagerInViewInterceptor : Opening JPA EntityManager in OpenEntityManagerInViewInterceptor
2024-10-18T18:56:17.633+03:00 DEBUG [,67128521d58f0151236c49ff151bbe16,236c49ff151bbe16] 28528 --- [http-nio-8080-exec-3] [67128521d58f0151236c49ff151bbe16-236c49ff151bbe16] m.m.a.RequestResponseBodyMethodProcessor : Read "application/json;charset=UTF-8" to [CreateUserRequest(name=Denis Popescu, gender=male, email=denis89321829@example.com, password=Parola1 (truncated)...]
2024-10-18T18:56:17.633+03:00 DEBUG [,67128521d58f0151236c49ff151bbe16,236c49ff151bbe16] 28528 --- [http-nio-8080-exec-3] [67128521d58f0151236c49ff151bbe16-236c49ff151bbe16] o.s.orm.jpa.JpaTransactionManager        : Found thread-bound EntityManager [SessionImpl(1728410522<open>)] for JPA transaction
2024-10-18T18:56:17.633+03:00 DEBUG [,67128521d58f0151236c49ff151bbe16,236c49ff151bbe16] 28528 --- [http-nio-8080-exec-3] [67128521d58f0151236c49ff151bbe16-236c49ff151bbe16] o.s.orm.jpa.JpaTransactionManager        : Creating new transaction with name [com.example.kibana_deploy_template.user.service.UserCommandServiceImpl.createUser]: PROPAGATION_REQUIRED,ISOLATION_DEFAULT
2024-10-18T18:56:17.633+03:00 DEBUG [,67128521d58f0151236c49ff151bbe16,236c49ff151bbe16] 28528 --- [http-nio-8080-exec-3] [67128521d58f0151236c49ff151bbe16-236c49ff151bbe16] o.h.e.t.internal.TransactionImpl         : On TransactionImpl creation, JpaCompliance#isJpaTransactionComplianceEnabled == false
2024-10-18T18:56:17.633+03:00 DEBUG [,67128521d58f0151236c49ff151bbe16,236c49ff151bbe16] 28528 --- [http-nio-8080-exec-3] [67128521d58f0151236c49ff151bbe16-236c49ff151bbe16] o.h.e.t.internal.TransactionImpl         : begin
2024-10-18T18:56:17.634+03:00 DEBUG [,67128521d58f0151236c49ff151bbe16,236c49ff151bbe16] 28528 --- [http-nio-8080-exec-3] [67128521d58f0151236c49ff151bbe16-236c49ff151bbe16] o.s.orm.jpa.JpaTransactionManager        : Exposing JPA transaction as JDBC [org.springframework.orm.jpa.vendor.HibernateJpaDialect$HibernateConnectionHandle@633aeba2]
2024-10-18T18:56:17.635+03:00 DEBUG [,67128521d58f0151236c49ff151bbe16,236c49ff151bbe16] 28528 --- [http-nio-8080-exec-3] [67128521d58f0151236c49ff151bbe16-236c49ff151bbe16] org.hibernate.orm.sql.ast.create         : Created new SQL alias : u1_0
2024-10-18T18:56:17.636+03:00 DEBUG [,67128521d58f0151236c49ff151bbe16,236c49ff151bbe16] 28528 --- [http-nio-8080-exec-3] [67128521d58f0151236c49ff151bbe16-236c49ff151bbe16] org.hibernate.orm.sql.ast.create         : Registration of TableGroup [StandardTableGroup(com.example.kibana_deploy_template.user.model.User(2))] with identifierForTableGroup [com.example.kibana_deploy_template.user.model.User] for NavigablePath [com.example.kibana_deploy_template.user.model.User] 
2024-10-18T18:56:17.636+03:00 DEBUG [,67128521d58f0151236c49ff151bbe16,236c49ff151bbe16] 28528 --- [http-nio-8080-exec-3] [67128521d58f0151236c49ff151bbe16-236c49ff151bbe16] o.h.q.sqm.sql.BaseSqmToSqlAstConverter   : Determining mapping-model type for SqmParameter : org.hibernate.query.sqm.tree.expression.SqmJpaCriteriaParameterWrapper@263879a1
2024-10-18T18:56:17.636+03:00 DEBUG [,67128521d58f0151236c49ff151bbe16,236c49ff151bbe16] 28528 --- [http-nio-8080-exec-3] [67128521d58f0151236c49ff151bbe16-236c49ff151bbe16] o.h.q.sqm.sql.BaseSqmToSqlAstConverter   : Determining mapping-model type for SqmPath : SqmBasicValuedSimplePath(com.example.kibana_deploy_template.user.model.User(2).email) 
2024-10-18T18:56:17.636+03:00 DEBUG [,67128521d58f0151236c49ff151bbe16,236c49ff151bbe16] 28528 --- [http-nio-8080-exec-3] [67128521d58f0151236c49ff151bbe16-236c49ff151bbe16] org.hibernate.orm.results.graph.AST      : DomainResult Graph:
 \-EntityResultImpl [com.example.kibana_deploy_template.user.model.User(2)]
 |  +-BasicFetch [com.example.kibana_deploy_template.user.model.User(2).email]
 |  +-BasicFetch [com.example.kibana_deploy_template.user.model.User(2).gender]
 |  +-BasicFetch [com.example.kibana_deploy_template.user.model.User(2).name]
 |  \-BasicFetch [com.example.kibana_deploy_template.user.model.User(2).password]

2024-10-18T18:56:17.636+03:00 DEBUG [,67128521d58f0151236c49ff151bbe16,236c49ff151bbe16] 28528 --- [http-nio-8080-exec-3] [67128521d58f0151236c49ff151bbe16-236c49ff151bbe16] org.hibernate.orm.sql.ast.tree           : SQL AST Tree:
    SelectStatement {
      FromClause {
        StandardTableGroup (u1 : com.example.kibana_deploy_template.user.model.User(2)) {
          primaryTableReference : users as u1_0
        }
      }
    }

2024-10-18T18:56:17.636+03:00 DEBUG [,67128521d58f0151236c49ff151bbe16,236c49ff151bbe16] 28528 --- [http-nio-8080-exec-3] [67128521d58f0151236c49ff151bbe16-236c49ff151bbe16] org.hibernate.orm.sql.exec               : Skipping reading Query result cache data: cache-enabled = false, cache-mode = NORMAL
2024-10-18T18:56:17.636+03:00 DEBUG [,67128521d58f0151236c49ff151bbe16,236c49ff151bbe16] 28528 --- [http-nio-8080-exec-3] [67128521d58f0151236c49ff151bbe16-236c49ff151bbe16] org.hibernate.orm.results                : Initializer list:
	  com.example.kibana_deploy_template.user.model.User(2) -> EntityResultInitializer(com.example.kibana_deploy_template.user.model.User(2))@596051534 (SingleTableEntityPersister(com.example.kibana_deploy_template.user.model.User))

2024-10-18T18:56:17.636+03:00 DEBUG [,67128521d58f0151236c49ff151bbe16,236c49ff151bbe16] 28528 --- [http-nio-8080-exec-3] [67128521d58f0151236c49ff151bbe16-236c49ff151bbe16] org.hibernate.SQL                        : 
    select
        u1_0.id,
        u1_0.email,
        u1_0.gender,
        u1_0.name,
        u1_0.password 
    from
        users u1_0 
    where
        u1_0.email=?
2024-10-18T18:56:17.641+03:00 DEBUG [,67128521d58f0151236c49ff151bbe16,236c49ff151bbe16] 28528 --- [http-nio-8080-exec-3] [67128521d58f0151236c49ff151bbe16-236c49ff151bbe16] o.s.orm.jpa.JpaTransactionManager        : Found thread-bound EntityManager [SessionImpl(1728410522<open>)] for JPA transaction
2024-10-18T18:56:17.641+03:00 DEBUG [,67128521d58f0151236c49ff151bbe16,236c49ff151bbe16] 28528 --- [http-nio-8080-exec-3] [67128521d58f0151236c49ff151bbe16-236c49ff151bbe16] o.s.orm.jpa.JpaTransactionManager        : Participating in existing transaction
2024-10-18T18:56:17.643+03:00 DEBUG [,67128521d58f0151236c49ff151bbe16,236c49ff151bbe16] 28528 --- [http-nio-8080-exec-3] [67128521d58f0151236c49ff151bbe16-236c49ff151bbe16] o.h.j.internal.PersistenceUnitUtilImpl   : jakarta.persistence.PersistenceUnitUtil.getIdentifier is only intended to work with enhanced entities (although Hibernate also adapts this support to its proxies); however the passed entity was not enhanced (nor a proxy).. may not be able to read identifier
2024-10-18T18:56:17.651+03:00 DEBUG [,67128521d58f0151236c49ff151bbe16,236c49ff151bbe16] 28528 --- [http-nio-8080-exec-3] [67128521d58f0151236c49ff151bbe16-236c49ff151bbe16] org.hibernate.SQL                        : 
    select
        next_val as id_val 
    from
        users_seq for update
2024-10-18T18:56:17.652+03:00 DEBUG [,67128521d58f0151236c49ff151bbe16,236c49ff151bbe16] 28528 --- [http-nio-8080-exec-3] [67128521d58f0151236c49ff151bbe16-236c49ff151bbe16] org.hibernate.SQL                        : 
    update
        users_seq 
    set
        next_val= ? 
    where
        next_val=?
2024-10-18T18:56:17.655+03:00 DEBUG [,67128521d58f0151236c49ff151bbe16,236c49ff151bbe16] 28528 --- [http-nio-8080-exec-3] [67128521d58f0151236c49ff151bbe16-236c49ff151bbe16] o.h.e.i.AbstractSaveEventListener        : Generated identifier: 2, using strategy: org.hibernate.id.enhanced.SequenceStyleGenerator
2024-10-18T18:56:17.663+03:00 DEBUG [,67128521d58f0151236c49ff151bbe16,236c49ff151bbe16] 28528 --- [http-nio-8080-exec-3] [67128521d58f0151236c49ff151bbe16-236c49ff151bbe16] o.h.e.i.AbstractFlushingEventListener    : Processing flush-time cascades
2024-10-18T18:56:17.663+03:00 DEBUG [,67128521d58f0151236c49ff151bbe16,236c49ff151bbe16] 28528 --- [http-nio-8080-exec-3] [67128521d58f0151236c49ff151bbe16-236c49ff151bbe16] o.h.e.i.AbstractFlushingEventListener    : Dirty checking collections
2024-10-18T18:56:17.669+03:00 DEBUG [,67128521d58f0151236c49ff151bbe16,236c49ff151bbe16] 28528 --- [http-nio-8080-exec-3] [67128521d58f0151236c49ff151bbe16-236c49ff151bbe16] o.h.e.i.AbstractFlushingEventListener    : Flushed: 1 insertions, 0 updates, 0 deletions to 1 objects
2024-10-18T18:56:17.669+03:00 DEBUG [,67128521d58f0151236c49ff151bbe16,236c49ff151bbe16] 28528 --- [http-nio-8080-exec-3] [67128521d58f0151236c49ff151bbe16-236c49ff151bbe16] o.h.e.i.AbstractFlushingEventListener    : Flushed: 0 (re)creations, 0 updates, 0 removals to 0 collections
2024-10-18T18:56:17.671+03:00 DEBUG [,67128521d58f0151236c49ff151bbe16,236c49ff151bbe16] 28528 --- [http-nio-8080-exec-3] [67128521d58f0151236c49ff151bbe16-236c49ff151bbe16] o.hibernate.internal.util.EntityPrinter  : Listing entities:
2024-10-18T18:56:17.671+03:00 DEBUG [,67128521d58f0151236c49ff151bbe16,236c49ff151bbe16] 28528 --- [http-nio-8080-exec-3] [67128521d58f0151236c49ff151bbe16-236c49ff151bbe16] o.hibernate.internal.util.EntityPrinter  : com.example.kibana_deploy_template.user.model.User{password=Parola123!, gender=male, name=Denis Popescu, id=2, email=denis89321829@example.com}
2024-10-18T18:56:17.681+03:00 DEBUG [,67128521d58f0151236c49ff151bbe16,236c49ff151bbe16] 28528 --- [http-nio-8080-exec-3] [67128521d58f0151236c49ff151bbe16-236c49ff151bbe16] org.hibernate.SQL                        : 
    insert 
    into
        users
        (email, gender, name, password, id) 
    values
        (?, ?, ?, ?, ?)
2024-10-18T18:56:17.689+03:00 DEBUG [,67128521d58f0151236c49ff151bbe16,236c49ff151bbe16] 28528 --- [http-nio-8080-exec-3] [67128521d58f0151236c49ff151bbe16-236c49ff151bbe16] o.s.orm.jpa.JpaTransactionManager        : Initiating transaction commit
2024-10-18T18:56:17.689+03:00 DEBUG [,67128521d58f0151236c49ff151bbe16,236c49ff151bbe16] 28528 --- [http-nio-8080-exec-3] [67128521d58f0151236c49ff151bbe16-236c49ff151bbe16] o.s.orm.jpa.JpaTransactionManager        : Committing JPA transaction on EntityManager [SessionImpl(1728410522<open>)]
2024-10-18T18:56:17.689+03:00 DEBUG [,67128521d58f0151236c49ff151bbe16,236c49ff151bbe16] 28528 --- [http-nio-8080-exec-3] [67128521d58f0151236c49ff151bbe16-236c49ff151bbe16] o.h.e.t.internal.TransactionImpl         : committing
2024-10-18T18:56:17.689+03:00 DEBUG [,67128521d58f0151236c49ff151bbe16,236c49ff151bbe16] 28528 --- [http-nio-8080-exec-3] [67128521d58f0151236c49ff151bbe16-236c49ff151bbe16] o.h.e.i.AbstractFlushingEventListener    : Processing flush-time cascades
2024-10-18T18:56:17.689+03:00 DEBUG [,67128521d58f0151236c49ff151bbe16,236c49ff151bbe16] 28528 --- [http-nio-8080-exec-3] [67128521d58f0151236c49ff151bbe16-236c49ff151bbe16] o.h.e.i.AbstractFlushingEventListener    : Dirty checking collections
2024-10-18T18:56:17.690+03:00 DEBUG [,67128521d58f0151236c49ff151bbe16,236c49ff151bbe16] 28528 --- [http-nio-8080-exec-3] [67128521d58f0151236c49ff151bbe16-236c49ff151bbe16] o.h.e.i.AbstractFlushingEventListener    : Flushed: 0 insertions, 0 updates, 0 deletions to 1 objects
2024-10-18T18:56:17.690+03:00 DEBUG [,67128521d58f0151236c49ff151bbe16,236c49ff151bbe16] 28528 --- [http-nio-8080-exec-3] [67128521d58f0151236c49ff151bbe16-236c49ff151bbe16] o.h.e.i.AbstractFlushingEventListener    : Flushed: 0 (re)creations, 0 updates, 0 removals to 0 collections
2024-10-18T18:56:17.690+03:00 DEBUG [,67128521d58f0151236c49ff151bbe16,236c49ff151bbe16] 28528 --- [http-nio-8080-exec-3] [67128521d58f0151236c49ff151bbe16-236c49ff151bbe16] o.hibernate.internal.util.EntityPrinter  : Listing entities:
2024-10-18T18:56:17.690+03:00 DEBUG [,67128521d58f0151236c49ff151bbe16,236c49ff151bbe16] 28528 --- [http-nio-8080-exec-3] [67128521d58f0151236c49ff151bbe16-236c49ff151bbe16] o.hibernate.internal.util.EntityPrinter  : com.example.kibana_deploy_template.user.model.User{password=Parola123!, gender=male, name=Denis Popescu, id=2, email=denis89321829@example.com}
2024-10-18T18:56:17.692+03:00 DEBUG [,67128521d58f0151236c49ff151bbe16,236c49ff151bbe16] 28528 --- [http-nio-8080-exec-3] [67128521d58f0151236c49ff151bbe16-236c49ff151bbe16] o.s.orm.jpa.JpaTransactionManager        : Not closing pre-bound JPA EntityManager after transaction
2024-10-18T18:56:17.694+03:00 DEBUG [,67128521d58f0151236c49ff151bbe16,236c49ff151bbe16] 28528 --- [http-nio-8080-exec-3] [67128521d58f0151236c49ff151bbe16-236c49ff151bbe16] o.s.w.s.m.m.a.HttpEntityMethodProcessor  : Using 'application/json', given [*/*] and supported [application/json, application/*+json]
2024-10-18T18:56:17.695+03:00 DEBUG [,67128521d58f0151236c49ff151bbe16,236c49ff151bbe16] 28528 --- [http-nio-8080-exec-3] [67128521d58f0151236c49ff151bbe16-236c49ff151bbe16] o.s.w.s.m.m.a.HttpEntityMethodProcessor  : Writing [CreateUserReponse(user=User(id=2, name=Denis Popescu, gender=male, email=denis89321829@example.com,  (truncated)...]
2024-10-18T18:56:17.696+03:00 DEBUG [,67128521d58f0151236c49ff151bbe16,236c49ff151bbe16] 28528 --- [http-nio-8080-exec-3] [67128521d58f0151236c49ff151bbe16-236c49ff151bbe16] o.j.s.OpenEntityManagerInViewInterceptor : Closing JPA EntityManager in OpenEntityManagerInViewInterceptor
2024-10-18T18:56:17.697+03:00 DEBUG [,67128521d58f0151236c49ff151bbe16,236c49ff151bbe16] 28528 --- [http-nio-8080-exec-3] [67128521d58f0151236c49ff151bbe16-236c49ff151bbe16] o.s.web.servlet.DispatcherServlet        : Completed 200 OK
2024-10-18T18:56:18.480+03:00 DEBUG [,,] 28528 --- [AsyncReporter{ZipkinRestTemplateSender{http://localhost:9411/api/v2/spans}}] [                                                 ] o.s.web.client.RestTemplate              : HTTP POST http://localhost:9411/api/v2/spans
2024-10-18T18:56:18.480+03:00 DEBUG [,,] 28528 --- [AsyncReporter{ZipkinRestTemplateSender{http://localhost:9411/api/v2/spans}}] [                                                 ] o.s.web.client.RestTemplate              : Accept=[application/json, application/*+json]
2024-10-18T18:56:18.480+03:00 DEBUG [,,] 28528 --- [AsyncReporter{ZipkinRestTemplateSender{http://localhost:9411/api/v2/spans}}] [                                                 ] o.s.web.client.RestTemplate              : Writing [[B@5c637bf5] as "application/json"
2024-10-18T18:56:18.495+03:00 DEBUG [,,] 28528 --- [AsyncReporter{ZipkinRestTemplateSender{http://localhost:9411/api/v2/spans}}] [                                                 ] z.r.i.AsyncReporter$BoundedAsyncReporter : Dropped 1 spans due to ResourceAccessException(I/O error on POST request for "http://localhost:9411/api/v2/spans": Connection refused: no further information)

org.springframework.web.client.ResourceAccessException: I/O error on POST request for "http://localhost:9411/api/v2/spans": Connection refused: no further information
	at org.springframework.web.client.RestTemplate.createResourceAccessException(RestTemplate.java:915) ~[spring-web-6.1.13.jar:6.1.13]
	at org.springframework.web.client.RestTemplate.doExecute(RestTemplate.java:895) ~[spring-web-6.1.13.jar:6.1.13]
	at org.springframework.web.client.RestTemplate.execute(RestTemplate.java:830) ~[spring-web-6.1.13.jar:6.1.13]
	at org.springframework.web.client.RestTemplate.exchange(RestTemplate.java:691) ~[spring-web-6.1.13.jar:6.1.13]
	at org.springframework.boot.actuate.autoconfigure.tracing.zipkin.ZipkinRestTemplateSender.postSpans(ZipkinRestTemplateSender.java:50) ~[spring-boot-actuator-autoconfigure-3.3.4.jar:3.3.4]
	at org.springframework.boot.actuate.autoconfigure.tracing.zipkin.HttpSender.postSpans(HttpSender.java:69) ~[spring-boot-actuator-autoconfigure-3.3.4.jar:3.3.4]
	at org.springframework.boot.actuate.autoconfigure.tracing.zipkin.HttpSender.postSpans(HttpSender.java:41) ~[spring-boot-actuator-autoconfigure-3.3.4.jar:3.3.4]
	at zipkin2.reporter.BaseHttpSender.send(BaseHttpSender.java:123) ~[zipkin-reporter-3.4.2.jar:na]
	at zipkin2.reporter.internal.AsyncReporter$BoundedAsyncReporter.flush(AsyncReporter.java:266) ~[zipkin-reporter-3.4.2.jar:na]
	at zipkin2.reporter.internal.AsyncReporter$Flusher.run(AsyncReporter.java:352) ~[zipkin-reporter-3.4.2.jar:na]
	at java.base/java.lang.Thread.run(Thread.java:833) ~[na:na]
Caused by: java.net.ConnectException: Connection refused: no further information
	at java.base/sun.nio.ch.Net.pollConnect(Native Method) ~[na:na]
	at java.base/sun.nio.ch.Net.pollConnectNow(Net.java:672) ~[na:na]
	at java.base/sun.nio.ch.NioSocketImpl.timedFinishConnect(NioSocketImpl.java:542) ~[na:na]
	at java.base/sun.nio.ch.NioSocketImpl.connect(NioSocketImpl.java:597) ~[na:na]
	at java.base/java.net.Socket.connect(Socket.java:633) ~[na:na]
	at java.base/sun.net.NetworkClient.doConnect(NetworkClient.java:178) ~[na:na]
	at java.base/sun.net.www.http.HttpClient.openServer(HttpClient.java:534) ~[na:na]
	at java.base/sun.net.www.http.HttpClient.openServer(HttpClient.java:639) ~[na:na]
	at java.base/sun.net.www.http.HttpClient.<init>(HttpClient.java:282) ~[na:na]
	at java.base/sun.net.www.http.HttpClient.New(HttpClient.java:387) ~[na:na]
	at java.base/sun.net.www.http.HttpClient.New(HttpClient.java:409) ~[na:na]
	at java.base/sun.net.www.protocol.http.HttpURLConnection.getNewHttpClient(HttpURLConnection.java:1309) ~[na:na]
	at java.base/sun.net.www.protocol.http.HttpURLConnection.plainConnect0(HttpURLConnection.java:1242) ~[na:na]
	at java.base/sun.net.www.protocol.http.HttpURLConnection.plainConnect(HttpURLConnection.java:1128) ~[na:na]
	at java.base/sun.net.www.protocol.http.HttpURLConnection.connect(HttpURLConnection.java:1057) ~[na:na]
	at org.springframework.http.client.SimpleClientHttpRequest.executeInternal(SimpleClientHttpRequest.java:79) ~[spring-web-6.1.13.jar:6.1.13]
	at org.springframework.http.client.AbstractStreamingClientHttpRequest.executeInternal(AbstractStreamingClientHttpRequest.java:70) ~[spring-web-6.1.13.jar:6.1.13]
	at org.springframework.http.client.AbstractClientHttpRequest.execute(AbstractClientHttpRequest.java:66) ~[spring-web-6.1.13.jar:6.1.13]
	at org.springframework.web.client.RestTemplate.doExecute(RestTemplate.java:889) ~[spring-web-6.1.13.jar:6.1.13]
	... 9 common frames omitted

2024-10-18T18:56:41.929+03:00 DEBUG [,,] 28528 --- [HikariPool-1 housekeeper] [                                                 ] com.zaxxer.hikari.pool.HikariPool        : HikariPool-1 - Pool stats (total=10, active=0, idle=10, waiting=0)
2024-10-18T18:56:41.929+03:00 DEBUG [,,] 28528 --- [HikariPool-1 housekeeper] [                                                 ] com.zaxxer.hikari.pool.HikariPool        : HikariPool-1 - Fill pool skipped, pool has sufficient level or currently being filled.
2024-10-18T18:57:11.935+03:00 DEBUG [,,] 28528 --- [HikariPool-1 housekeeper] [                                                 ] com.zaxxer.hikari.pool.HikariPool        : HikariPool-1 - Pool stats (total=10, active=0, idle=10, waiting=0)
2024-10-18T18:57:11.935+03:00 DEBUG [,,] 28528 --- [HikariPool-1 housekeeper] [                                                 ] com.zaxxer.hikari.pool.HikariPool        : HikariPool-1 - Fill pool skipped, pool has sufficient level or currently being filled.
2024-10-18T18:57:41.939+03:00 DEBUG [,,] 28528 --- [HikariPool-1 housekeeper] [                                                 ] com.zaxxer.hikari.pool.HikariPool        : HikariPool-1 - Pool stats (total=10, active=0, idle=10, waiting=0)
2024-10-18T18:57:41.939+03:00 DEBUG [,,] 28528 --- [HikariPool-1 housekeeper] [                                                 ] com.zaxxer.hikari.pool.HikariPool        : HikariPool-1 - Fill pool skipped, pool has sufficient level or currently being filled.
2024-10-18T18:58:11.950+03:00 DEBUG [,,] 28528 --- [HikariPool-1 housekeeper] [                                                 ] com.zaxxer.hikari.pool.HikariPool        : HikariPool-1 - Pool stats (total=10, active=0, idle=10, waiting=0)
2024-10-18T18:58:11.950+03:00 DEBUG [,,] 28528 --- [HikariPool-1 housekeeper] [                                                 ] com.zaxxer.hikari.pool.HikariPool        : HikariPool-1 - Fill pool skipped, pool has sufficient level or currently being filled.
2024-10-18T18:58:41.966+03:00 DEBUG [,,] 28528 --- [HikariPool-1 housekeeper] [                                                 ] com.zaxxer.hikari.pool.HikariPool        : HikariPool-1 - Pool stats (total=10, active=0, idle=10, waiting=0)
2024-10-18T18:58:41.966+03:00 DEBUG [,,] 28528 --- [HikariPool-1 housekeeper] [                                                 ] com.zaxxer.hikari.pool.HikariPool        : HikariPool-1 - Fill pool skipped, pool has sufficient level or currently being filled.
2024-10-18T18:59:00.167+03:00 DEBUG [,,] 28528 --- [SpringApplicationShutdownHook] [                                                 ] o.s.b.a.ApplicationAvailabilityBean      : Application availability state ReadinessState changed from ACCEPTING_TRAFFIC to REFUSING_TRAFFIC
2024-10-18T18:59:00.167+03:00 DEBUG [,,] 28528 --- [SpringApplicationShutdownHook] [                                                 ] ConfigServletWebServerApplicationContext : Closing org.springframework.boot.web.servlet.context.AnnotationConfigServletWebServerApplicationContext@3a3e4aff, started on Fri Oct 18 18:55:09 EEST 2024
2024-10-18T18:59:00.169+03:00 DEBUG [,,] 28528 --- [SpringApplicationShutdownHook] [                                                 ] o.s.c.support.DefaultLifecycleProcessor  : Stopping beans in phase 2147483647
2024-10-18T18:59:00.169+03:00 DEBUG [,,] 28528 --- [SpringApplicationShutdownHook] [                                                 ] o.s.c.support.DefaultLifecycleProcessor  : Bean 'applicationTaskExecutor' completed its stop procedure
2024-10-18T18:59:00.169+03:00 DEBUG [,,] 28528 --- [SpringApplicationShutdownHook] [                                                 ] o.s.c.support.DefaultLifecycleProcessor  : Stopping beans in phase 2147482623
2024-10-18T18:59:00.170+03:00 DEBUG [,,] 28528 --- [SpringApplicationShutdownHook] [                                                 ] o.s.c.support.DefaultLifecycleProcessor  : Bean 'webServerGracefulShutdown' completed its stop procedure
2024-10-18T18:59:00.170+03:00 DEBUG [,,] 28528 --- [SpringApplicationShutdownHook] [                                                 ] o.s.c.support.DefaultLifecycleProcessor  : Stopping beans in phase 2147481599
2024-10-18T18:59:00.274+03:00 DEBUG [,,] 28528 --- [SpringApplicationShutdownHook] [                                                 ] o.s.c.support.DefaultLifecycleProcessor  : Bean 'webServerStartStop' completed its stop procedure
2024-10-18T18:59:00.274+03:00 DEBUG [,,] 28528 --- [SpringApplicationShutdownHook] [                                                 ] o.s.c.support.DefaultLifecycleProcessor  : Stopping beans in phase -2147483647
2024-10-18T18:59:00.274+03:00 DEBUG [,,] 28528 --- [SpringApplicationShutdownHook] [                                                 ] o.s.c.support.DefaultLifecycleProcessor  : Bean 'springBootLoggingLifecycle' completed its stop procedure
2024-10-18T18:59:00.275+03:00 DEBUG [,,] 28528 --- [SpringApplicationShutdownHook] [                                                 ] o.s.j.e.a.AnnotationMBeanExporter        : Unregistering JMX-exposed beans on shutdown
2024-10-18T18:59:00.276+03:00 DEBUG [,,] 28528 --- [SpringApplicationShutdownHook] [                                                 ] o.s.j.e.a.AnnotationMBeanExporter        : Unregistering JMX-exposed beans
2024-10-18T18:59:00.276+03:00 DEBUG [,,] 28528 --- [SpringApplicationShutdownHook] [                                                 ] o.s.s.concurrent.ThreadPoolTaskExecutor  : Shutting down ExecutorService 'applicationTaskExecutor'
2024-10-18T18:59:00.277+03:00  INFO [,,] 28528 --- [SpringApplicationShutdownHook] [                                                 ] j.LocalContainerEntityManagerFactoryBean : Closing JPA EntityManagerFactory for persistence unit 'default'
2024-10-18T18:59:00.277+03:00 DEBUG [,,] 28528 --- [SpringApplicationShutdownHook] [                                                 ] o.hibernate.internal.SessionFactoryImpl  : HHH000031: Closing
2024-10-18T18:59:00.277+03:00 DEBUG [,,] 28528 --- [SpringApplicationShutdownHook] [                                                 ] o.h.type.spi.TypeConfiguration$Scope     : Un-scoping TypeConfiguration [org.hibernate.type.spi.TypeConfiguration$Scope@4c16039c] from SessionFactory [org.hibernate.internal.SessionFactoryImpl@171b0d3]
2024-10-18T18:59:00.277+03:00 DEBUG [,,] 28528 --- [SpringApplicationShutdownHook] [                                                 ] o.h.s.i.AbstractServiceRegistryImpl      : Implicitly destroying ServiceRegistry on de-registration of all child ServiceRegistries
2024-10-18T18:59:00.278+03:00 DEBUG [,,] 28528 --- [SpringApplicationShutdownHook] [                                                 ] o.h.b.r.i.BootstrapServiceRegistryImpl   : Implicitly destroying Boot-strap registry on de-registration of all child ServiceRegistries
2024-10-18T18:59:00.278+03:00  INFO [,,] 28528 --- [SpringApplicationShutdownHook] [                                                 ] com.zaxxer.hikari.HikariDataSource       : HikariPool-1 - Shutdown initiated...
2024-10-18T18:59:00.278+03:00 DEBUG [,,] 28528 --- [SpringApplicationShutdownHook] [                                                 ] com.zaxxer.hikari.pool.HikariPool        : HikariPool-1 - Before shutdown stats (total=10, active=0, idle=10, waiting=0)
2024-10-18T18:59:00.279+03:00 DEBUG [,,] 28528 --- [HikariPool-1 connection closer] [                                                 ] com.zaxxer.hikari.pool.PoolBase          : HikariPool-1 - Closing connection com.mysql.cj.jdbc.ConnectionImpl@7e63374b: (connection evicted)
2024-10-18T18:59:00.282+03:00 DEBUG [,,] 28528 --- [HikariPool-1 connection closer] [                                                 ] com.zaxxer.hikari.pool.PoolBase          : HikariPool-1 - Closing connection com.mysql.cj.jdbc.ConnectionImpl@67e4f40: (connection evicted)
2024-10-18T18:59:00.282+03:00 DEBUG [,,] 28528 --- [HikariPool-1 connection closer] [                                                 ] com.zaxxer.hikari.pool.PoolBase          : HikariPool-1 - Closing connection com.mysql.cj.jdbc.ConnectionImpl@4743457b: (connection evicted)
2024-10-18T18:59:00.282+03:00 DEBUG [,,] 28528 --- [HikariPool-1 connection closer] [                                                 ] com.zaxxer.hikari.pool.PoolBase          : HikariPool-1 - Closing connection com.mysql.cj.jdbc.ConnectionImpl@76cea664: (connection evicted)
2024-10-18T18:59:00.282+03:00 DEBUG [,,] 28528 --- [HikariPool-1 connection closer] [                                                 ] com.zaxxer.hikari.pool.PoolBase          : HikariPool-1 - Closing connection com.mysql.cj.jdbc.ConnectionImpl@276cba34: (connection evicted)
2024-10-18T18:59:00.282+03:00 DEBUG [,,] 28528 --- [HikariPool-1 connection closer] [                                                 ] com.zaxxer.hikari.pool.PoolBase          : HikariPool-1 - Closing connection com.mysql.cj.jdbc.ConnectionImpl@51b00543: (connection evicted)
2024-10-18T18:59:00.282+03:00 DEBUG [,,] 28528 --- [HikariPool-1 connection closer] [                                                 ] com.zaxxer.hikari.pool.PoolBase          : HikariPool-1 - Closing connection com.mysql.cj.jdbc.ConnectionImpl@2322e1f1: (connection evicted)
2024-10-18T18:59:00.283+03:00 DEBUG [,,] 28528 --- [HikariPool-1 connection closer] [                                                 ] com.zaxxer.hikari.pool.PoolBase          : HikariPool-1 - Closing connection com.mysql.cj.jdbc.ConnectionImpl@53213f5a: (connection evicted)
2024-10-18T18:59:00.283+03:00 DEBUG [,,] 28528 --- [HikariPool-1 connection closer] [                                                 ] com.zaxxer.hikari.pool.PoolBase          : HikariPool-1 - Closing connection com.mysql.cj.jdbc.ConnectionImpl@6cb90a3c: (connection evicted)
2024-10-18T18:59:00.283+03:00 DEBUG [,,] 28528 --- [HikariPool-1 connection closer] [                                                 ] com.zaxxer.hikari.pool.PoolBase          : HikariPool-1 - Closing connection com.mysql.cj.jdbc.ConnectionImpl@1fdc2d36: (connection evicted)
2024-10-18T18:59:00.283+03:00 DEBUG [,,] 28528 --- [SpringApplicationShutdownHook] [                                                 ] com.zaxxer.hikari.pool.HikariPool        : HikariPool-1 - After shutdown stats (total=0, active=0, idle=0, waiting=0)
2024-10-18T18:59:00.284+03:00  INFO [,,] 28528 --- [SpringApplicationShutdownHook] [                                                 ] com.zaxxer.hikari.HikariDataSource       : HikariPool-1 - Shutdown completed.
2024-10-18T18:59:00.285+03:00 DEBUG [,,] 28528 --- [SpringApplicationShutdownHook] [                                                 ] o.s.b.f.support.DisposableBeanAdapter    : Custom destroy method 'close' on bean with name 'prometheusMeterRegistry' completed
2024-10-18T18:59:01.097+03:00 DEBUG [,,] 28528 --- [AsyncReporter{ZipkinRestTemplateSender{http://localhost:9411/api/v2/spans}}] [                                                 ] o.s.web.client.RestTemplate              : HTTP POST http://localhost:9411/api/v2/spans
2024-10-18T18:59:01.097+03:00 DEBUG [,,] 28528 --- [AsyncReporter{ZipkinRestTemplateSender{http://localhost:9411/api/v2/spans}}] [                                                 ] o.s.web.client.RestTemplate              : Accept=[application/json, application/*+json]
2024-10-18T18:59:01.097+03:00 DEBUG [,,] 28528 --- [AsyncReporter{ZipkinRestTemplateSender{http://localhost:9411/api/v2/spans}}] [                                                 ] o.s.web.client.RestTemplate              : Writing [[B@ab75085] as "application/json"
2024-10-18T18:59:04.632+03:00  INFO [,,] 14780 --- [main] [                                                 ] c.e.k.KibanaDeployTemplateApplication    : Starting KibanaDeployTemplateApplication using Java 17.0.8 with PID 14780 (C:\Users\denis\OneDrive\Desktop\myCode\kibana_deploy_template\target\classes started by denis in C:\Users\denis\OneDrive\Desktop\myCode\kibana_deploy_template)
2024-10-18T18:59:04.634+03:00 DEBUG [,,] 14780 --- [main] [                                                 ] c.e.k.KibanaDeployTemplateApplication    : Running with Spring Boot v3.3.4, Spring v6.1.13
2024-10-18T18:59:04.635+03:00  INFO [,,] 14780 --- [main] [                                                 ] c.e.k.KibanaDeployTemplateApplication    : No active profile set, falling back to 1 default profile: "default"
2024-10-18T18:59:04.636+03:00 DEBUG [,,] 14780 --- [main] [                                                 ] o.s.boot.SpringApplication               : Loading source class com.example.kibana_deploy_template.KibanaDeployTemplateApplication
2024-10-18T18:59:04.660+03:00 DEBUG [,,] 14780 --- [main] [                                                 ] ConfigServletWebServerApplicationContext : Refreshing org.springframework.boot.web.servlet.context.AnnotationConfigServletWebServerApplicationContext@3a3e4aff
2024-10-18T18:59:04.671+03:00 DEBUG [,,] 14780 --- [main] [                                                 ] o.s.b.f.s.DefaultListableBeanFactory     : Creating shared instance of singleton bean 'org.springframework.context.annotation.internalConfigurationAnnotationProcessor'
2024-10-18T18:59:04.678+03:00 DEBUG [,,] 14780 --- [main] [                                                 ] o.s.b.f.s.DefaultListableBeanFactory     : Creating shared instance of singleton bean 'org.springframework.boot.autoconfigure.internalCachingMetadataReaderFactory'
2024-10-18T18:59:04.715+03:00 DEBUG [,,] 14780 --- [main] [                                                 ] o.s.c.a.ClassPathBeanDefinitionScanner   : Ignored because not a concrete top-level class: file [C:\Users\denis\OneDrive\Desktop\myCode\kibana_deploy_template\target\classes\com\example\kibana_deploy_template\user\repository\UserRepo.class]
2024-10-18T18:59:04.719+03:00 DEBUG [,,] 14780 --- [main] [                                                 ] o.s.c.a.ClassPathBeanDefinitionScanner   : Identified candidate component class: file [C:\Users\denis\OneDrive\Desktop\myCode\kibana_deploy_template\target\classes\com\example\kibana_deploy_template\user\service\UserCommandServiceImpl.class]
2024-10-18T18:59:04.720+03:00 DEBUG [,,] 14780 --- [main] [                                                 ] o.s.c.a.ClassPathBeanDefinitionScanner   : Identified candidate component class: file [C:\Users\denis\OneDrive\Desktop\myCode\kibana_deploy_template\target\classes\com\example\kibana_deploy_template\user\service\UserQueryServiceImpl.class]
2024-10-18T18:59:04.728+03:00 DEBUG [,,] 14780 --- [main] [                                                 ] o.s.c.a.ClassPathBeanDefinitionScanner   : Identified candidate component class: file [C:\Users\denis\OneDrive\Desktop\myCode\kibana_deploy_template\target\classes\com\example\kibana_deploy_template\user\web\UserControllerService.class]
2024-10-18T18:59:05.072+03:00 DEBUG [,,] 14780 --- [RMI TCP Connection(1)-192.168.0.104] [                                                 ] sun.rmi.transport.tcp                    : RMI TCP Connection(1)-192.168.0.104: accepted socket from [192.168.0.104:53345]
2024-10-18T18:59:05.073+03:00 DEBUG [,,] 14780 --- [RMI TCP Connection(1)-192.168.0.104] [                                                 ] sun.rmi.transport.tcp                    : RMI TCP Connection(1)-192.168.0.104: (port 53343) op = 80
2024-10-18T18:59:05.076+03:00 DEBUG [,,] 14780 --- [RMI TCP Connection(1)-192.168.0.104] [                                                 ] sun.rmi.loader                           : RMI TCP Connection(1)-192.168.0.104: name = "[Ljava.rmi.server.ObjID;", codebase = "", defaultLoader = jdk.internal.loader.ClassLoaders$PlatformClassLoader@67a5978a
2024-10-18T18:59:05.076+03:00 DEBUG [,,] 14780 --- [RMI TCP Connection(1)-192.168.0.104] [                                                 ] sun.rmi.loader                           : RMI TCP Connection(1)-192.168.0.104: name = "java.rmi.server.ObjID", codebase = "", defaultLoader = jdk.internal.loader.ClassLoaders$PlatformClassLoader@67a5978a
2024-10-18T18:59:05.077+03:00 DEBUG [,,] 14780 --- [RMI TCP Connection(1)-192.168.0.104] [                                                 ] sun.rmi.loader                           : RMI TCP Connection(1)-192.168.0.104: name = "java.rmi.server.UID", codebase = "", defaultLoader = jdk.internal.loader.ClassLoaders$PlatformClassLoader@67a5978a
2024-10-18T18:59:05.078+03:00 DEBUG [,,] 14780 --- [RMI TCP Connection(1)-192.168.0.104] [                                                 ] sun.rmi.loader                           : RMI TCP Connection(1)-192.168.0.104: name = "java.rmi.dgc.Lease", codebase = "", defaultLoader = jdk.internal.loader.ClassLoaders$PlatformClassLoader@67a5978a
2024-10-18T18:59:05.079+03:00 DEBUG [,,] 14780 --- [RMI TCP Connection(1)-192.168.0.104] [                                                 ] sun.rmi.loader                           : RMI TCP Connection(1)-192.168.0.104: name = "java.rmi.dgc.VMID", codebase = "", defaultLoader = jdk.internal.loader.ClassLoaders$PlatformClassLoader@67a5978a
2024-10-18T18:59:05.080+03:00 DEBUG [,,] 14780 --- [RMI TCP Connection(1)-192.168.0.104] [                                                 ] sun.rmi.loader                           : RMI TCP Connection(1)-192.168.0.104: name = "[B", codebase = "", defaultLoader = jdk.internal.loader.ClassLoaders$PlatformClassLoader@67a5978a
2024-10-18T18:59:05.082+03:00 DEBUG [,,] 14780 --- [RMI TCP Connection(1)-192.168.0.104] [                                                 ] sun.rmi.transport.tcp                    : RMI TCP Connection(1)-192.168.0.104: (port 53343) op = 80
2024-10-18T18:59:05.086+03:00 DEBUG [,,] 14780 --- [RMI TCP Connection(1)-192.168.0.104] [                                                 ] sun.rmi.transport.tcp                    : RMI TCP Connection(1)-192.168.0.104: (port 53343) op = 80
2024-10-18T18:59:05.086+03:00 DEBUG [,,] 14780 --- [RMI TCP Connection(1)-192.168.0.104] [                                                 ] sun.rmi.loader                           : RMI TCP Connection(1)-192.168.0.104: name = "[Ljava.rmi.server.ObjID;", codebase = "", defaultLoader = jdk.internal.loader.ClassLoaders$PlatformClassLoader@67a5978a
2024-10-18T18:59:05.087+03:00 DEBUG [,,] 14780 --- [RMI TCP Connection(1)-192.168.0.104] [                                                 ] sun.rmi.loader                           : RMI TCP Connection(1)-192.168.0.104: name = "java.rmi.server.ObjID", codebase = "", defaultLoader = jdk.internal.loader.ClassLoaders$PlatformClassLoader@67a5978a
2024-10-18T18:59:05.087+03:00 DEBUG [,,] 14780 --- [RMI TCP Connection(1)-192.168.0.104] [                                                 ] sun.rmi.loader                           : RMI TCP Connection(1)-192.168.0.104: name = "java.rmi.server.UID", codebase = "", defaultLoader = jdk.internal.loader.ClassLoaders$PlatformClassLoader@67a5978a
2024-10-18T18:59:05.087+03:00 DEBUG [,,] 14780 --- [RMI TCP Connection(1)-192.168.0.104] [                                                 ] sun.rmi.loader                           : RMI TCP Connection(1)-192.168.0.104: name = "java.rmi.dgc.Lease", codebase = "", defaultLoader = jdk.internal.loader.ClassLoaders$PlatformClassLoader@67a5978a
2024-10-18T18:59:05.087+03:00 DEBUG [,,] 14780 --- [RMI TCP Connection(1)-192.168.0.104] [                                                 ] sun.rmi.loader                           : RMI TCP Connection(1)-192.168.0.104: name = "java.rmi.dgc.VMID", codebase = "", defaultLoader = jdk.internal.loader.ClassLoaders$PlatformClassLoader@67a5978a
2024-10-18T18:59:05.087+03:00 DEBUG [,,] 14780 --- [RMI TCP Connection(1)-192.168.0.104] [                                                 ] sun.rmi.loader                           : RMI TCP Connection(1)-192.168.0.104: name = "[B", codebase = "", defaultLoader = jdk.internal.loader.ClassLoaders$PlatformClassLoader@67a5978a
2024-10-18T18:59:05.088+03:00 DEBUG [,,] 14780 --- [RMI TCP Connection(1)-192.168.0.104] [                                                 ] sun.rmi.transport.tcp                    : RMI TCP Connection(1)-192.168.0.104: (port 53343) op = 84
2024-10-18T18:59:05.088+03:00 DEBUG [,,] 14780 --- [RMI TCP Connection(1)-192.168.0.104] [                                                 ] sun.rmi.transport.tcp                    : RMI TCP Connection(1)-192.168.0.104: (port 53343) op = 80
2024-10-18T18:59:05.089+03:00 DEBUG [,,] 14780 --- [RMI TCP Connection(1)-192.168.0.104] [                                                 ] sun.rmi.transport.tcp                    : RMI TCP Connection(1)-192.168.0.104: (port 53343) op = 80
2024-10-18T18:59:05.089+03:00 DEBUG [,,] 14780 --- [RMI TCP Connection(1)-192.168.0.104] [                                                 ] sun.rmi.loader                           : RMI TCP Connection(1)-192.168.0.104: name = "javax.management.ObjectName", codebase = ""
2024-10-18T18:59:05.090+03:00 DEBUG [,,] 14780 --- [RMI TCP Connection(1)-192.168.0.104] [                                                 ] javax.management.remote.rmi              : connectionId=rmi://192.168.0.104  1, name=org.springframework.boot:type=Admin,name=SpringApplication, attribute=Ready
2024-10-18T18:59:05.091+03:00 DEBUG [,,] 14780 --- [RMI TCP Connection(1)-192.168.0.104] [                                                 ] sun.rmi.server.call                      : RMI TCP Connection(1)-192.168.0.104: [192.168.0.104] exception: 

javax.management.InstanceNotFoundException: org.springframework.boot:type=Admin,name=SpringApplication
	at java.management/com.sun.jmx.interceptor.DefaultMBeanServerInterceptor.getMBean(DefaultMBeanServerInterceptor.java:1088) ~[na:na]
	at java.management/com.sun.jmx.interceptor.DefaultMBeanServerInterceptor.getAttribute(DefaultMBeanServerInterceptor.java:640) ~[na:na]
	at java.management/com.sun.jmx.mbeanserver.JmxMBeanServer.getAttribute(JmxMBeanServer.java:679) ~[na:na]
	at java.management.rmi/javax.management.remote.rmi.RMIConnectionImpl.doOperation(RMIConnectionImpl.java:1449) ~[na:na]
	at java.management.rmi/javax.management.remote.rmi.RMIConnectionImpl$PrivilegedOperation.run(RMIConnectionImpl.java:1310) ~[na:na]
	at java.management.rmi/javax.management.remote.rmi.RMIConnectionImpl.doPrivilegedOperation(RMIConnectionImpl.java:1405) ~[na:na]
	at java.management.rmi/javax.management.remote.rmi.RMIConnectionImpl.getAttribute(RMIConnectionImpl.java:639) ~[na:na]
	at java.base/jdk.internal.reflect.NativeMethodAccessorImpl.invoke0(Native Method) ~[na:na]
	at java.base/jdk.internal.reflect.NativeMethodAccessorImpl.invoke(NativeMethodAccessorImpl.java:77) ~[na:na]
	at java.base/jdk.internal.reflect.DelegatingMethodAccessorImpl.invoke(DelegatingMethodAccessorImpl.java:43) ~[na:na]
	at java.base/java.lang.reflect.Method.invoke(Method.java:568) ~[na:na]
	at java.rmi/sun.rmi.server.UnicastServerRef.dispatch(UnicastServerRef.java:360) ~[na:na]
	at java.rmi/sun.rmi.transport.Transport$1.run(Transport.java:200) ~[na:na]
	at java.rmi/sun.rmi.transport.Transport$1.run(Transport.java:197) ~[na:na]
	at java.base/java.security.AccessController.doPrivileged(AccessController.java:712) ~[na:na]
	at java.rmi/sun.rmi.transport.Transport.serviceCall(Transport.java:196) ~[na:na]
	at java.rmi/sun.rmi.transport.tcp.TCPTransport.handleMessages(TCPTransport.java:587) ~[na:na]
	at java.rmi/sun.rmi.transport.tcp.TCPTransport$ConnectionHandler.run0(TCPTransport.java:828) ~[na:na]
	at java.rmi/sun.rmi.transport.tcp.TCPTransport$ConnectionHandler.lambda$run$0(TCPTransport.java:705) ~[na:na]
	at java.base/java.security.AccessController.doPrivileged(AccessController.java:399) ~[na:na]
	at java.rmi/sun.rmi.transport.tcp.TCPTransport$ConnectionHandler.run(TCPTransport.java:704) ~[na:na]
	at java.base/java.util.concurrent.ThreadPoolExecutor.runWorker(ThreadPoolExecutor.java:1136) ~[na:na]
	at java.base/java.util.concurrent.ThreadPoolExecutor$Worker.run(ThreadPoolExecutor.java:635) ~[na:na]
	at java.base/java.lang.Thread.run(Thread.java:833) ~[na:na]

2024-10-18T18:59:05.097+03:00 DEBUG [,,] 14780 --- [RMI TCP Connection(1)-192.168.0.104] [                                                 ] sun.rmi.transport.tcp                    : RMI TCP Connection(1)-192.168.0.104: (port 53343) op = 80
2024-10-18T18:59:05.097+03:00 DEBUG [,,] 14780 --- [RMI TCP Connection(1)-192.168.0.104] [                                                 ] javax.management.remote.rmi              : [javax.management.remote.rmi.RMIConnectionImpl@302a1ba9: connectionId=rmi://192.168.0.104  1] closing.
2024-10-18T18:59:05.098+03:00 DEBUG [,,] 14780 --- [RMI TCP Connection(1)-192.168.0.104] [                                                 ] javax.management.remote.rmi              : [javax.management.remote.rmi.RMIConnectionImpl@302a1ba9: connectionId=rmi://192.168.0.104  1] closed.
2024-10-18T18:59:05.265+03:00  INFO [,,] 14780 --- [main] [                                                 ] .s.d.r.c.RepositoryConfigurationDelegate : Bootstrapping Spring Data JPA repositories in DEFAULT mode.
2024-10-18T18:59:05.269+03:00 DEBUG [,,] 14780 --- [main] [                                                 ] o.s.b.f.s.DefaultListableBeanFactory     : Creating shared instance of singleton bean 'org.springframework.boot.autoconfigure.AutoConfigurationPackages'
2024-10-18T18:59:05.274+03:00 DEBUG [,,] 14780 --- [main] [                                                 ] o.s.b.a.AutoConfigurationPackages        : @EnableAutoConfiguration was declared on a class in the package 'com.example.kibana_deploy_template'. Automatic @Repository and @Entity scanning is enabled.
2024-10-18T18:59:05.274+03:00 DEBUG [,,] 14780 --- [main] [                                                 ] .s.d.r.c.RepositoryConfigurationDelegate : Scanning for JPA repositories in packages com.example.kibana_deploy_template.
2024-10-18T18:59:05.281+03:00 DEBUG [,,] 14780 --- [main] [                                                 ] o.s.d.r.c.RepositoryComponentProvider    : Identified candidate component class: file [C:\Users\denis\OneDrive\Desktop\myCode\kibana_deploy_template\target\classes\com\example\kibana_deploy_template\user\repository\UserRepo.class]
2024-10-18T18:59:05.304+03:00 DEBUG [,,] 14780 --- [main] [                                                 ] ssPathScanningCandidateComponentProvider : Identified candidate component class: file [C:\Users\denis\OneDrive\Desktop\myCode\kibana_deploy_template\target\classes\com\example\kibana_deploy_template\user\dtos\CreateUserReponse$CreateUserReponseBuilderImpl.class]
2024-10-18T18:59:05.304+03:00 DEBUG [,,] 14780 --- [main] [                                                 ] ssPathScanningCandidateComponentProvider : Identified candidate component class: file [C:\Users\denis\OneDrive\Desktop\myCode\kibana_deploy_template\target\classes\com\example\kibana_deploy_template\user\dtos\UpdateUserRequest$UpdateUserRequestBuilderImpl.class]
2024-10-18T18:59:05.304+03:00 DEBUG [,,] 14780 --- [main] [                                                 ] ssPathScanningCandidateComponentProvider : Identified candidate component class: file [C:\Users\denis\OneDrive\Desktop\myCode\kibana_deploy_template\target\classes\com\example\kibana_deploy_template\user\service\UserCommandServiceImpl.class]
2024-10-18T18:59:05.304+03:00 DEBUG [,,] 14780 --- [main] [                                                 ] ssPathScanningCandidateComponentProvider : Identified candidate component class: file [C:\Users\denis\OneDrive\Desktop\myCode\kibana_deploy_template\target\classes\com\example\kibana_deploy_template\user\service\UserQueryServiceImpl.class]
2024-10-18T18:59:05.313+03:00  INFO [,,] 14780 --- [main] [                                                 ] .s.d.r.c.RepositoryConfigurationDelegate : Finished Spring Data repository scanning in 37 ms. Found 1 JPA repository interface.
2024-10-18T18:59:05.392+03:00 DEBUG [,,] 14780 --- [main] [                                                 ] o.s.b.f.s.DefaultListableBeanFactory     : Creating shared instance of singleton bean 'propertySourcesPlaceholderConfigurer'
2024-10-18T18:59:05.395+03:00 DEBUG [,,] 14780 --- [main] [                                                 ] o.s.b.f.s.DefaultListableBeanFactory     : Creating shared instance of singleton bean 'emBeanDefinitionRegistrarPostProcessor'
2024-10-18T18:59:05.396+03:00 DEBUG [,,] 14780 --- [main] [                                                 ] o.s.b.f.s.DefaultListableBeanFactory     : Creating shared instance of singleton bean 'org.springframework.boot.sql.init.dependency.DatabaseInitializationDependencyConfigurer$DependsOnDatabaseInitializationPostProcessor'
2024-10-18T18:59:05.423+03:00 DEBUG [,,] 14780 --- [main] [                                                 ] o.s.b.f.s.DefaultListableBeanFactory     : Creating shared instance of singleton bean 'org.springframework.context.event.internalEventListenerProcessor'
2024-10-18T18:59:05.424+03:00 DEBUG [,,] 14780 --- [main] [                                                 ] o.s.b.f.s.DefaultListableBeanFactory     : Creating shared instance of singleton bean 'preserveErrorControllerTargetClassPostProcessor'
2024-10-18T18:59:05.424+03:00 DEBUG [,,] 14780 --- [main] [                                                 ] o.s.b.f.s.DefaultListableBeanFactory     : Creating shared instance of singleton bean 'org.springframework.context.event.internalEventListenerFactory'
2024-10-18T18:59:05.425+03:00 DEBUG [,,] 14780 --- [main] [                                                 ] o.s.b.f.s.DefaultListableBeanFactory     : Creating shared instance of singleton bean 'org.springframework.transaction.config.internalTransactionalEventListenerFactory'
2024-10-18T18:59:05.426+03:00 DEBUG [,,] 14780 --- [main] [                                                 ] o.s.b.f.s.DefaultListableBeanFactory     : Creating shared instance of singleton bean 'org.springframework.context.annotation.internalAutowiredAnnotationProcessor'
2024-10-18T18:59:05.427+03:00 DEBUG [,,] 14780 --- [main] [                                                 ] o.s.b.f.s.DefaultListableBeanFactory     : Creating shared instance of singleton bean 'org.springframework.context.annotation.internalCommonAnnotationProcessor'
2024-10-18T18:59:05.429+03:00 DEBUG [,,] 14780 --- [main] [                                                 ] o.s.b.f.s.DefaultListableBeanFactory     : Creating shared instance of singleton bean 'org.springframework.context.annotation.internalPersistenceAnnotationProcessor'
2024-10-18T18:59:05.430+03:00 DEBUG [,,] 14780 --- [main] [                                                 ] o.s.b.f.s.DefaultListableBeanFactory     : Creating shared instance of singleton bean 'org.springframework.boot.context.properties.ConfigurationPropertiesBindingPostProcessor'
2024-10-18T18:59:05.430+03:00 DEBUG [,,] 14780 --- [main] [                                                 ] o.s.b.f.s.DefaultListableBeanFactory     : Creating shared instance of singleton bean 'org.springframework.boot.context.internalConfigurationPropertiesBinder'
2024-10-18T18:59:05.431+03:00 DEBUG [,,] 14780 --- [main] [                                                 ] o.s.b.f.s.DefaultListableBeanFactory     : Creating shared instance of singleton bean 'jdbcConnectionDetailsHikariBeanPostProcessor'
2024-10-18T18:59:05.433+03:00 DEBUG [,,] 14780 --- [main] [                                                 ] o.s.b.f.s.DefaultListableBeanFactory     : Creating shared instance of singleton bean 'org.springframework.aop.config.internalAutoProxyCreator'
2024-10-18T18:59:05.445+03:00 DEBUG [,,] 14780 --- [main] [                                                 ] o.s.b.f.s.DefaultListableBeanFactory     : Creating shared instance of singleton bean 'persistenceExceptionTranslationPostProcessor'
2024-10-18T18:59:05.451+03:00 DEBUG [,,] 14780 --- [main] [                                                 ] o.s.b.f.s.DefaultListableBeanFactory     : Autowiring by type from bean name 'persistenceExceptionTranslationPostProcessor' via factory method to bean named 'environment'
2024-10-18T18:59:05.453+03:00 DEBUG [,,] 14780 --- [main] [                                                 ] o.s.b.f.s.DefaultListableBeanFactory     : Creating shared instance of singleton bean 'webServerFactoryCustomizerBeanPostProcessor'
2024-10-18T18:59:05.453+03:00 DEBUG [,,] 14780 --- [main] [                                                 ] o.s.b.f.s.DefaultListableBeanFactory     : Creating shared instance of singleton bean 'errorPageRegistrarBeanPostProcessor'
2024-10-18T18:59:05.454+03:00 DEBUG [,,] 14780 --- [main] [                                                 ] o.s.b.f.s.DefaultListableBeanFactory     : Creating shared instance of singleton bean 'healthEndpointGroupsBeanPostProcessor'
2024-10-18T18:59:05.455+03:00 DEBUG [,,] 14780 --- [main] [                                                 ] o.s.b.f.s.DefaultListableBeanFactory     : Creating shared instance of singleton bean 'org.springframework.transaction.config.internalTransactionAdvisor'
2024-10-18T18:59:05.455+03:00 DEBUG [,,] 14780 --- [main] [                                                 ] o.s.b.f.s.DefaultListableBeanFactory     : Creating shared instance of singleton bean 'org.springframework.transaction.annotation.ProxyTransactionManagementConfiguration'
2024-10-18T18:59:05.467+03:00 DEBUG [,,] 14780 --- [main] [                                                 ] .s.a.a.a.ReflectiveAspectJAdvisorFactory : Found AspectJ method: public java.lang.Object io.micrometer.observation.aop.ObservedAspect.observeClass(org.aspectj.lang.ProceedingJoinPoint) throws java.lang.Throwable
2024-10-18T18:59:05.468+03:00 DEBUG [,,] 14780 --- [main] [                                                 ] .s.a.a.a.ReflectiveAspectJAdvisorFactory : Found AspectJ method: public java.lang.Object io.micrometer.observation.aop.ObservedAspect.observeMethod(org.aspectj.lang.ProceedingJoinPoint) throws java.lang.Throwable
2024-10-18T18:59:05.539+03:00 DEBUG [,,] 14780 --- [main] [                                                 ] o.s.b.f.s.DefaultListableBeanFactory     : Creating shared instance of singleton bean 'transactionAttributeSource'
2024-10-18T18:59:05.544+03:00 DEBUG [,,] 14780 --- [main] [                                                 ] o.s.b.f.s.DefaultListableBeanFactory     : Creating shared instance of singleton bean 'transactionInterceptor'
2024-10-18T18:59:05.545+03:00 DEBUG [,,] 14780 --- [main] [                                                 ] o.s.b.f.s.DefaultListableBeanFactory     : Autowiring by type from bean name 'transactionInterceptor' via factory method to bean named 'transactionAttributeSource'
2024-10-18T18:59:05.547+03:00 DEBUG [,,] 14780 --- [main] [                                                 ] o.s.b.f.s.DefaultListableBeanFactory     : Autowiring by type from bean name 'org.springframework.transaction.config.internalTransactionAdvisor' via factory method to bean named 'transactionAttributeSource'
2024-10-18T18:59:05.548+03:00 DEBUG [,,] 14780 --- [main] [                                                 ] o.s.b.f.s.DefaultListableBeanFactory     : Autowiring by type from bean name 'org.springframework.transaction.config.internalTransactionAdvisor' via factory method to bean named 'transactionInterceptor'
2024-10-18T18:59:05.551+03:00 DEBUG [,,] 14780 --- [main] [                                                 ] o.s.b.f.s.DefaultListableBeanFactory     : Creating shared instance of singleton bean 'meterRegistryPostProcessor'
2024-10-18T18:59:05.552+03:00 DEBUG [,,] 14780 --- [main] [                                                 ] o.s.b.f.s.DefaultListableBeanFactory     : Autowiring by type from bean name 'meterRegistryPostProcessor' via factory method to bean named 'org.springframework.boot.web.servlet.context.AnnotationConfigServletWebServerApplicationContext@3a3e4aff'
2024-10-18T18:59:05.556+03:00 DEBUG [,,] 14780 --- [main] [                                                 ] o.s.b.f.s.DefaultListableBeanFactory     : Creating shared instance of singleton bean 'metricsRepositoryMethodInvocationListenerBeanPostProcessor'
2024-10-18T18:59:05.558+03:00 DEBUG [,,] 14780 --- [main] [                                                 ] o.s.b.f.s.DefaultListableBeanFactory     : Creating shared instance of singleton bean 'observationRegistryPostProcessor'
2024-10-18T18:59:05.560+03:00 DEBUG [,,] 14780 --- [main] [                                                 ] o.s.b.f.s.DefaultListableBeanFactory     : Creating shared instance of singleton bean 'projectingArgumentResolverBeanPostProcessor'
2024-10-18T18:59:05.571+03:00 DEBUG [,,] 14780 --- [main] [                                                 ] o.s.u.c.s.UiApplicationContextUtils      : Unable to locate ThemeSource with name 'themeSource': using default [org.springframework.ui.context.support.ResourceBundleThemeSource@5a14e60d]
2024-10-18T18:59:05.572+03:00 DEBUG [,,] 14780 --- [main] [                                                 ] o.s.b.f.s.DefaultListableBeanFactory     : Creating shared instance of singleton bean 'tomcatServletWebServerFactory'
2024-10-18T18:59:05.572+03:00 DEBUG [,,] 14780 --- [main] [                                                 ] o.s.b.f.s.DefaultListableBeanFactory     : Creating shared instance of singleton bean 'org.springframework.boot.autoconfigure.web.servlet.ServletWebServerFactoryConfiguration$EmbeddedTomcat'
2024-10-18T18:59:05.584+03:00 DEBUG [,,] 14780 --- [main] [                                                 ] o.a.catalina.core.AprLifecycleListener   : The Apache Tomcat Native library could not be found using names [tcnative-2, libtcnative-2, tcnative-1, libtcnative-1] on the java.library.path [C:\Program Files\Java\jdk-17\bin;C:\Windows\Sun\Java\bin;C:\Windows\system32;C:\Windows;C:\Python311\Scripts\;C:\Python311\;C:\Program Files\Common Files\Oracle\Java\javapath;C:\Windows\system32;C:\Windows;C:\Windows\System32\Wbem;C:\Windows\System32\WindowsPowerShell\v1.0\;C:\Windows\System32\OpenSSH\;C:\Program Files (x86)\GitExtensions\;C:\ProgramData\chocolatey\bin;C:\Program Files\nodejs\;C:\Program Files\Git\cmd;C:\Program Files\Microsoft SQL Server\150\Tools\Binn\;C:\Program Files\Microsoft SQL Server\Client SDK\ODBC\170\Tools\Binn\;C:\Program Files\dotnet\;C:\Program Files (x86)\Windows Kits\10\Windows Performance Toolkit\;C:\Program Files (x86)\NVIDIA Corporation\PhysX\Common;C:\Program Files\NVIDIA Corporation\NVIDIA NvDLISR;C:\Program Files\PuTTY\;C:\Program Files\Docker\Docker\resources\bin;C:\Program Files\Java\apache-maven-3.9.9\bin;C:\Users\denis\.console-ninja\.bin;C:\Users\denis\AppData\Local\Microsoft\WindowsApps;C:\Program Files\JetBrains\IntelliJ IDEA 2023.2.1\bin;C:\Program Files\JetBrains\WebStorm 2023.2\bin;C:\Program Files\JetBrains\DataGrip 2023.2.1\bin;C:\Users\denis\AppData\Local\Programs\Microsoft VS Code\bin;C:\Users\denis\AppData\Roaming\npm;C:\Program Files\JetBrains\PyCharm 2023.2.4\bin;C:\Users\denis\.dotnet\tools;C:\Users\denis\AppData\Local\JetBrains\Toolbox\scripts;C:\Users\denis\AppData\Local\gitkraken\bin;C:\Program Files\Java\apache-maven-3.9.9\bin;;.]. The errors reported were [Can't load library: C:\Users\denis\OneDrive\Desktop\myCode\kibana_deploy_template\bin\tcnative-2.dll, Can't load library: C:\Users\denis\OneDrive\Desktop\myCode\kibana_deploy_template\bin\libtcnative-2.dll, Can't load library: C:\Users\denis\OneDrive\Desktop\myCode\kibana_deploy_template\bin\tcnative-1.dll, Can't load library: C:\Users\denis\OneDrive\Desktop\myCode\kibana_deploy_template\bin\libtcnative-1.dll, no tcnative-2 in java.library.path: C:\Program Files\Java\jdk-17\bin;C:\Windows\Sun\Java\bin;C:\Windows\system32;C:\Windows;C:\Python311\Scripts\;C:\Python311\;C:\Program Files\Common Files\Oracle\Java\javapath;C:\Windows\system32;C:\Windows;C:\Windows\System32\Wbem;C:\Windows\System32\WindowsPowerShell\v1.0\;C:\Windows\System32\OpenSSH\;C:\Program Files (x86)\GitExtensions\;C:\ProgramData\chocolatey\bin;C:\Program Files\nodejs\;C:\Program Files\Git\cmd;C:\Program Files\Microsoft SQL Server\150\Tools\Binn\;C:\Program Files\Microsoft SQL Server\Client SDK\ODBC\170\Tools\Binn\;C:\Program Files\dotnet\;C:\Program Files (x86)\Windows Kits\10\Windows Performance Toolkit\;C:\Program Files (x86)\NVIDIA Corporation\PhysX\Common;C:\Program Files\NVIDIA Corporation\NVIDIA NvDLISR;C:\Program Files\PuTTY\;C:\Program Files\Docker\Docker\resources\bin;C:\Program Files\Java\apache-maven-3.9.9\bin;C:\Users\denis\.console-ninja\.bin;C:\Users\denis\AppData\Local\Microsoft\WindowsApps;C:\Program Files\JetBrains\IntelliJ IDEA 2023.2.1\bin;C:\Program Files\JetBrains\WebStorm 2023.2\bin;C:\Program Files\JetBrains\DataGrip 2023.2.1\bin;C:\Users\denis\AppData\Local\Programs\Microsoft VS Code\bin;C:\Users\denis\AppData\Roaming\npm;C:\Program Files\JetBrains\PyCharm 2023.2.4\bin;C:\Users\denis\.dotnet\tools;C:\Users\denis\AppData\Local\JetBrains\Toolbox\scripts;C:\Users\denis\AppData\Local\gitkraken\bin;C:\Program Files\Java\apache-maven-3.9.9\bin;;., no libtcnative-2 in java.library.path: C:\Program Files\Java\jdk-17\bin;C:\Windows\Sun\Java\bin;C:\Windows\system32;C:\Windows;C:\Python311\Scripts\;C:\Python311\;C:\Program Files\Common Files\Oracle\Java\javapath;C:\Windows\system32;C:\Windows;C:\Windows\System32\Wbem;C:\Windows\System32\WindowsPowerShell\v1.0\;C:\Windows\System32\OpenSSH\;C:\Program Files (x86)\GitExtensions\;C:\ProgramData\chocolatey\bin;C:\Program Files\nodejs\;C:\Program Files\Git\cmd;C:\Program Files\Microsoft SQL Server\150\Tools\Binn\;C:\Program Files\Microsoft SQL Server\Client SDK\ODBC\170\Tools\Binn\;C:\Program Files\dotnet\;C:\Program Files (x86)\Windows Kits\10\Windows Performance Toolkit\;C:\Program Files (x86)\NVIDIA Corporation\PhysX\Common;C:\Program Files\NVIDIA Corporation\NVIDIA NvDLISR;C:\Program Files\PuTTY\;C:\Program Files\Docker\Docker\resources\bin;C:\Program Files\Java\apache-maven-3.9.9\bin;C:\Users\denis\.console-ninja\.bin;C:\Users\denis\AppData\Local\Microsoft\WindowsApps;C:\Program Files\JetBrains\IntelliJ IDEA 2023.2.1\bin;C:\Program Files\JetBrains\WebStorm 2023.2\bin;C:\Program Files\JetBrains\DataGrip 2023.2.1\bin;C:\Users\denis\AppData\Local\Programs\Microsoft VS Code\bin;C:\Users\denis\AppData\Roaming\npm;C:\Program Files\JetBrains\PyCharm 2023.2.4\bin;C:\Users\denis\.dotnet\tools;C:\Users\denis\AppData\Local\JetBrains\Toolbox\scripts;C:\Users\denis\AppData\Local\gitkraken\bin;C:\Program Files\Java\apache-maven-3.9.9\bin;;., no tcnative-1 in java.library.path: C:\Program Files\Java\jdk-17\bin;C:\Windows\Sun\Java\bin;C:\Windows\system32;C:\Windows;C:\Python311\Scripts\;C:\Python311\;C:\Program Files\Common Files\Oracle\Java\javapath;C:\Windows\system32;C:\Windows;C:\Windows\System32\Wbem;C:\Windows\System32\WindowsPowerShell\v1.0\;C:\Windows\System32\OpenSSH\;C:\Program Files (x86)\GitExtensions\;C:\ProgramData\chocolatey\bin;C:\Program Files\nodejs\;C:\Program Files\Git\cmd;C:\Program Files\Microsoft SQL Server\150\Tools\Binn\;C:\Program Files\Microsoft SQL Server\Client SDK\ODBC\170\Tools\Binn\;C:\Program Files\dotnet\;C:\Program Files (x86)\Windows Kits\10\Windows Performance Toolkit\;C:\Program Files (x86)\NVIDIA Corporation\PhysX\Common;C:\Program Files\NVIDIA Corporation\NVIDIA NvDLISR;C:\Program Files\PuTTY\;C:\Program Files\Docker\Docker\resources\bin;C:\Program Files\Java\apache-maven-3.9.9\bin;C:\Users\denis\.console-ninja\.bin;C:\Users\denis\AppData\Local\Microsoft\WindowsApps;C:\Program Files\JetBrains\IntelliJ IDEA 2023.2.1\bin;C:\Program Files\JetBrains\WebStorm 2023.2\bin;C:\Program Files\JetBrains\DataGrip 2023.2.1\bin;C:\Users\denis\AppData\Local\Programs\Microsoft VS Code\bin;C:\Users\denis\AppData\Roaming\npm;C:\Program Files\JetBrains\PyCharm 2023.2.4\bin;C:\Users\denis\.dotnet\tools;C:\Users\denis\AppData\Local\JetBrains\Toolbox\scripts;C:\Users\denis\AppData\Local\gitkraken\bin;C:\Program Files\Java\apache-maven-3.9.9\bin;;., no libtcnative-1 in java.library.path: C:\Program Files\Java\jdk-17\bin;C:\Windows\Sun\Java\bin;C:\Windows\system32;C:\Windows;C:\Python311\Scripts\;C:\Python311\;C:\Program Files\Common Files\Oracle\Java\javapath;C:\Windows\system32;C:\Windows;C:\Windows\System32\Wbem;C:\Windows\System32\WindowsPowerShell\v1.0\;C:\Windows\System32\OpenSSH\;C:\Program Files (x86)\GitExtensions\;C:\ProgramData\chocolatey\bin;C:\Program Files\nodejs\;C:\Program Files\Git\cmd;C:\Program Files\Microsoft SQL Server\150\Tools\Binn\;C:\Program Files\Microsoft SQL Server\Client SDK\ODBC\170\Tools\Binn\;C:\Program Files\dotnet\;C:\Program Files (x86)\Windows Kits\10\Windows Performance Toolkit\;C:\Program Files (x86)\NVIDIA Corporation\PhysX\Common;C:\Program Files\NVIDIA Corporation\NVIDIA NvDLISR;C:\Program Files\PuTTY\;C:\Program Files\Docker\Docker\resources\bin;C:\Program Files\Java\apache-maven-3.9.9\bin;C:\Users\denis\.console-ninja\.bin;C:\Users\denis\AppData\Local\Microsoft\WindowsApps;C:\Program Files\JetBrains\IntelliJ IDEA 2023.2.1\bin;C:\Program Files\JetBrains\WebStorm 2023.2\bin;C:\Program Files\JetBrains\DataGrip 2023.2.1\bin;C:\Users\denis\AppData\Local\Programs\Microsoft VS Code\bin;C:\Users\denis\AppData\Roaming\npm;C:\Program Files\JetBrains\PyCharm 2023.2.4\bin;C:\Users\denis\.dotnet\tools;C:\Users\denis\AppData\Local\JetBrains\Toolbox\scripts;C:\Users\denis\AppData\Local\gitkraken\bin;C:\Program Files\Java\apache-maven-3.9.9\bin;;.]

org.apache.tomcat.jni.LibraryNotFoundError: Can't load library: C:\Users\denis\OneDrive\Desktop\myCode\kibana_deploy_template\bin\tcnative-2.dll, Can't load library: C:\Users\denis\OneDrive\Desktop\myCode\kibana_deploy_template\bin\libtcnative-2.dll, Can't load library: C:\Users\denis\OneDrive\Desktop\myCode\kibana_deploy_template\bin\tcnative-1.dll, Can't load library: C:\Users\denis\OneDrive\Desktop\myCode\kibana_deploy_template\bin\libtcnative-1.dll, no tcnative-2 in java.library.path: C:\Program Files\Java\jdk-17\bin;C:\Windows\Sun\Java\bin;C:\Windows\system32;C:\Windows;C:\Python311\Scripts\;C:\Python311\;C:\Program Files\Common Files\Oracle\Java\javapath;C:\Windows\system32;C:\Windows;C:\Windows\System32\Wbem;C:\Windows\System32\WindowsPowerShell\v1.0\;C:\Windows\System32\OpenSSH\;C:\Program Files (x86)\GitExtensions\;C:\ProgramData\chocolatey\bin;C:\Program Files\nodejs\;C:\Program Files\Git\cmd;C:\Program Files\Microsoft SQL Server\150\Tools\Binn\;C:\Program Files\Microsoft SQL Server\Client SDK\ODBC\170\Tools\Binn\;C:\Program Files\dotnet\;C:\Program Files (x86)\Windows Kits\10\Windows Performance Toolkit\;C:\Program Files (x86)\NVIDIA Corporation\PhysX\Common;C:\Program Files\NVIDIA Corporation\NVIDIA NvDLISR;C:\Program Files\PuTTY\;C:\Program Files\Docker\Docker\resources\bin;C:\Program Files\Java\apache-maven-3.9.9\bin;C:\Users\denis\.console-ninja\.bin;C:\Users\denis\AppData\Local\Microsoft\WindowsApps;C:\Program Files\JetBrains\IntelliJ IDEA 2023.2.1\bin;C:\Program Files\JetBrains\WebStorm 2023.2\bin;C:\Program Files\JetBrains\DataGrip 2023.2.1\bin;C:\Users\denis\AppData\Local\Programs\Microsoft VS Code\bin;C:\Users\denis\AppData\Roaming\npm;C:\Program Files\JetBrains\PyCharm 2023.2.4\bin;C:\Users\denis\.dotnet\tools;C:\Users\denis\AppData\Local\JetBrains\Toolbox\scripts;C:\Users\denis\AppData\Local\gitkraken\bin;C:\Program Files\Java\apache-maven-3.9.9\bin;;., no libtcnative-2 in java.library.path: C:\Program Files\Java\jdk-17\bin;C:\Windows\Sun\Java\bin;C:\Windows\system32;C:\Windows;C:\Python311\Scripts\;C:\Python311\;C:\Program Files\Common Files\Oracle\Java\javapath;C:\Windows\system32;C:\Windows;C:\Windows\System32\Wbem;C:\Windows\System32\WindowsPowerShell\v1.0\;C:\Windows\System32\OpenSSH\;C:\Program Files (x86)\GitExtensions\;C:\ProgramData\chocolatey\bin;C:\Program Files\nodejs\;C:\Program Files\Git\cmd;C:\Program Files\Microsoft SQL Server\150\Tools\Binn\;C:\Program Files\Microsoft SQL Server\Client SDK\ODBC\170\Tools\Binn\;C:\Program Files\dotnet\;C:\Program Files (x86)\Windows Kits\10\Windows Performance Toolkit\;C:\Program Files (x86)\NVIDIA Corporation\PhysX\Common;C:\Program Files\NVIDIA Corporation\NVIDIA NvDLISR;C:\Program Files\PuTTY\;C:\Program Files\Docker\Docker\resources\bin;C:\Program Files\Java\apache-maven-3.9.9\bin;C:\Users\denis\.console-ninja\.bin;C:\Users\denis\AppData\Local\Microsoft\WindowsApps;C:\Program Files\JetBrains\IntelliJ IDEA 2023.2.1\bin;C:\Program Files\JetBrains\WebStorm 2023.2\bin;C:\Program Files\JetBrains\DataGrip 2023.2.1\bin;C:\Users\denis\AppData\Local\Programs\Microsoft VS Code\bin;C:\Users\denis\AppData\Roaming\npm;C:\Program Files\JetBrains\PyCharm 2023.2.4\bin;C:\Users\denis\.dotnet\tools;C:\Users\denis\AppData\Local\JetBrains\Toolbox\scripts;C:\Users\denis\AppData\Local\gitkraken\bin;C:\Program Files\Java\apache-maven-3.9.9\bin;;., no tcnative-1 in java.library.path: C:\Program Files\Java\jdk-17\bin;C:\Windows\Sun\Java\bin;C:\Windows\system32;C:\Windows;C:\Python311\Scripts\;C:\Python311\;C:\Program Files\Common Files\Oracle\Java\javapath;C:\Windows\system32;C:\Windows;C:\Windows\System32\Wbem;C:\Windows\System32\WindowsPowerShell\v1.0\;C:\Windows\System32\OpenSSH\;C:\Program Files (x86)\GitExtensions\;C:\ProgramData\chocolatey\bin;C:\Program Files\nodejs\;C:\Program Files\Git\cmd;C:\Program Files\Microsoft SQL Server\150\Tools\Binn\;C:\Program Files\Microsoft SQL Server\Client SDK\ODBC\170\Tools\Binn\;C:\Program Files\dotnet\;C:\Program Files (x86)\Windows Kits\10\Windows Performance Toolkit\;C:\Program Files (x86)\NVIDIA Corporation\PhysX\Common;C:\Program Files\NVIDIA Corporation\NVIDIA NvDLISR;C:\Program Files\PuTTY\;C:\Program Files\Docker\Docker\resources\bin;C:\Program Files\Java\apache-maven-3.9.9\bin;C:\Users\denis\.console-ninja\.bin;C:\Users\denis\AppData\Local\Microsoft\WindowsApps;C:\Program Files\JetBrains\IntelliJ IDEA 2023.2.1\bin;C:\Program Files\JetBrains\WebStorm 2023.2\bin;C:\Program Files\JetBrains\DataGrip 2023.2.1\bin;C:\Users\denis\AppData\Local\Programs\Microsoft VS Code\bin;C:\Users\denis\AppData\Roaming\npm;C:\Program Files\JetBrains\PyCharm 2023.2.4\bin;C:\Users\denis\.dotnet\tools;C:\Users\denis\AppData\Local\JetBrains\Toolbox\scripts;C:\Users\denis\AppData\Local\gitkraken\bin;C:\Program Files\Java\apache-maven-3.9.9\bin;;., no libtcnative-1 in java.library.path: C:\Program Files\Java\jdk-17\bin;C:\Windows\Sun\Java\bin;C:\Windows\system32;C:\Windows;C:\Python311\Scripts\;C:\Python311\;C:\Program Files\Common Files\Oracle\Java\javapath;C:\Windows\system32;C:\Windows;C:\Windows\System32\Wbem;C:\Windows\System32\WindowsPowerShell\v1.0\;C:\Windows\System32\OpenSSH\;C:\Program Files (x86)\GitExtensions\;C:\ProgramData\chocolatey\bin;C:\Program Files\nodejs\;C:\Program Files\Git\cmd;C:\Program Files\Microsoft SQL Server\150\Tools\Binn\;C:\Program Files\Microsoft SQL Server\Client SDK\ODBC\170\Tools\Binn\;C:\Program Files\dotnet\;C:\Program Files (x86)\Windows Kits\10\Windows Performance Toolkit\;C:\Program Files (x86)\NVIDIA Corporation\PhysX\Common;C:\Program Files\NVIDIA Corporation\NVIDIA NvDLISR;C:\Program Files\PuTTY\;C:\Program Files\Docker\Docker\resources\bin;C:\Program Files\Java\apache-maven-3.9.9\bin;C:\Users\denis\.console-ninja\.bin;C:\Users\denis\AppData\Local\Microsoft\WindowsApps;C:\Program Files\JetBrains\IntelliJ IDEA 2023.2.1\bin;C:\Program Files\JetBrains\WebStorm 2023.2\bin;C:\Program Files\JetBrains\DataGrip 2023.2.1\bin;C:\Users\denis\AppData\Local\Programs\Microsoft VS Code\bin;C:\Users\denis\AppData\Roaming\npm;C:\Program Files\JetBrains\PyCharm 2023.2.4\bin;C:\Users\denis\.dotnet\tools;C:\Users\denis\AppData\Local\JetBrains\Toolbox\scripts;C:\Users\denis\AppData\Local\gitkraken\bin;C:\Program Files\Java\apache-maven-3.9.9\bin;;.
	at org.apache.tomcat.jni.Library.<init>(Library.java:91) ~[tomcat-embed-core-10.1.30.jar:10.1.30]
	at org.apache.tomcat.jni.Library.initialize(Library.java:147) ~[tomcat-embed-core-10.1.30.jar:10.1.30]
	at org.apache.catalina.core.AprLifecycleListener.init(AprLifecycleListener.java:209) ~[tomcat-embed-core-10.1.30.jar:10.1.30]
	at org.apache.catalina.core.AprLifecycleListener.isAprAvailable(AprLifecycleListener.java:113) ~[tomcat-embed-core-10.1.30.jar:10.1.30]
	at org.springframework.boot.web.embedded.tomcat.TomcatServletWebServerFactory.getDefaultServerLifecycleListeners(TomcatServletWebServerFactory.java:191) ~[spring-boot-3.3.4.jar:3.3.4]
	at org.springframework.boot.web.embedded.tomcat.TomcatServletWebServerFactory.<init>(TomcatServletWebServerFactory.java:138) ~[spring-boot-3.3.4.jar:3.3.4]
	at org.springframework.boot.autoconfigure.web.servlet.ServletWebServerFactoryConfiguration$EmbeddedTomcat.tomcatServletWebServerFactory(ServletWebServerFactoryConfiguration.java:73) ~[spring-boot-autoconfigure-3.3.4.jar:3.3.4]
	at java.base/jdk.internal.reflect.NativeMethodAccessorImpl.invoke0(Native Method) ~[na:na]
	at java.base/jdk.internal.reflect.NativeMethodAccessorImpl.invoke(NativeMethodAccessorImpl.java:77) ~[na:na]
	at java.base/jdk.internal.reflect.DelegatingMethodAccessorImpl.invoke(DelegatingMethodAccessorImpl.java:43) ~[na:na]
	at java.base/java.lang.reflect.Method.invoke(Method.java:568) ~[na:na]
	at org.springframework.beans.factory.support.SimpleInstantiationStrategy.instantiate(SimpleInstantiationStrategy.java:146) ~[spring-beans-6.1.13.jar:6.1.13]
	at org.springframework.beans.factory.support.ConstructorResolver.instantiate(ConstructorResolver.java:644) ~[spring-beans-6.1.13.jar:6.1.13]
	at org.springframework.beans.factory.support.ConstructorResolver.instantiateUsingFactoryMethod(ConstructorResolver.java:636) ~[spring-beans-6.1.13.jar:6.1.13]
	at org.springframework.beans.factory.support.AbstractAutowireCapableBeanFactory.instantiateUsingFactoryMethod(AbstractAutowireCapableBeanFactory.java:1355) ~[spring-beans-6.1.13.jar:6.1.13]
	at org.springframework.beans.factory.support.AbstractAutowireCapableBeanFactory.createBeanInstance(AbstractAutowireCapableBeanFactory.java:1185) ~[spring-beans-6.1.13.jar:6.1.13]
	at org.springframework.beans.factory.support.AbstractAutowireCapableBeanFactory.doCreateBean(AbstractAutowireCapableBeanFactory.java:562) ~[spring-beans-6.1.13.jar:6.1.13]
	at org.springframework.beans.factory.support.AbstractAutowireCapableBeanFactory.createBean(AbstractAutowireCapableBeanFactory.java:522) ~[spring-beans-6.1.13.jar:6.1.13]
	at org.springframework.beans.factory.support.AbstractBeanFactory.lambda$doGetBean$0(AbstractBeanFactory.java:337) ~[spring-beans-6.1.13.jar:6.1.13]
	at org.springframework.beans.factory.support.DefaultSingletonBeanRegistry.getSingleton(DefaultSingletonBeanRegistry.java:234) ~[spring-beans-6.1.13.jar:6.1.13]
	at org.springframework.beans.factory.support.AbstractBeanFactory.doGetBean(AbstractBeanFactory.java:335) ~[spring-beans-6.1.13.jar:6.1.13]
	at org.springframework.beans.factory.support.AbstractBeanFactory.getBean(AbstractBeanFactory.java:205) ~[spring-beans-6.1.13.jar:6.1.13]
	at org.springframework.boot.web.servlet.context.ServletWebServerApplicationContext.getWebServerFactory(ServletWebServerApplicationContext.java:223) ~[spring-boot-3.3.4.jar:3.3.4]
	at org.springframework.boot.web.servlet.context.ServletWebServerApplicationContext.createWebServer(ServletWebServerApplicationContext.java:186) ~[spring-boot-3.3.4.jar:3.3.4]
	at org.springframework.boot.web.servlet.context.ServletWebServerApplicationContext.onRefresh(ServletWebServerApplicationContext.java:162) ~[spring-boot-3.3.4.jar:3.3.4]
	at org.springframework.context.support.AbstractApplicationContext.refresh(AbstractApplicationContext.java:619) ~[spring-context-6.1.13.jar:6.1.13]
	at org.springframework.boot.web.servlet.context.ServletWebServerApplicationContext.refresh(ServletWebServerApplicationContext.java:146) ~[spring-boot-3.3.4.jar:3.3.4]
	at org.springframework.boot.SpringApplication.refresh(SpringApplication.java:754) ~[spring-boot-3.3.4.jar:3.3.4]
	at org.springframework.boot.SpringApplication.refreshContext(SpringApplication.java:456) ~[spring-boot-3.3.4.jar:3.3.4]
	at org.springframework.boot.SpringApplication.run(SpringApplication.java:335) ~[spring-boot-3.3.4.jar:3.3.4]
	at org.springframework.boot.SpringApplication.run(SpringApplication.java:1363) ~[spring-boot-3.3.4.jar:3.3.4]
	at org.springframework.boot.SpringApplication.run(SpringApplication.java:1352) ~[spring-boot-3.3.4.jar:3.3.4]
	at com.example.kibana_deploy_template.KibanaDeployTemplateApplication.main(KibanaDeployTemplateApplication.java:10) ~[classes/:na]

2024-10-18T18:59:05.594+03:00 DEBUG [,,] 14780 --- [main] [                                                 ] o.s.b.f.s.DefaultListableBeanFactory     : Creating shared instance of singleton bean 'websocketServletWebServerCustomizer'
2024-10-18T18:59:05.594+03:00 DEBUG [,,] 14780 --- [main] [                                                 ] o.s.b.f.s.DefaultListableBeanFactory     : Creating shared instance of singleton bean 'org.springframework.boot.autoconfigure.websocket.servlet.WebSocketServletAutoConfiguration$TomcatWebSocketConfiguration'
2024-10-18T18:59:05.595+03:00 DEBUG [,,] 14780 --- [main] [                                                 ] o.s.b.f.s.DefaultListableBeanFactory     : Creating shared instance of singleton bean 'servletWebServerFactoryCustomizer'
2024-10-18T18:59:05.596+03:00 DEBUG [,,] 14780 --- [main] [                                                 ] o.s.b.f.s.DefaultListableBeanFactory     : Creating shared instance of singleton bean 'org.springframework.boot.autoconfigure.web.servlet.ServletWebServerFactoryAutoConfiguration'
2024-10-18T18:59:05.597+03:00 DEBUG [,,] 14780 --- [main] [                                                 ] o.s.b.f.s.DefaultListableBeanFactory     : Creating shared instance of singleton bean 'server-org.springframework.boot.autoconfigure.web.ServerProperties'
2024-10-18T18:59:05.598+03:00 DEBUG [,,] 14780 --- [RMI TCP Connection(1)-192.168.0.104] [                                                 ] sun.rmi.transport.tcp                    : RMI TCP Connection(1)-192.168.0.104: (port 53343) op = 82
2024-10-18T18:59:05.598+03:00 DEBUG [,,] 14780 --- [RMI TCP Connection(1)-192.168.0.104] [                                                 ] sun.rmi.transport.tcp                    : RMI TCP Connection(1)-192.168.0.104: (port 53343) op = 80
2024-10-18T18:59:05.599+03:00 DEBUG [,,] 14780 --- [RMI TCP Connection(1)-192.168.0.104] [                                                 ] sun.rmi.transport.tcp                    : RMI TCP Connection(1)-192.168.0.104: (port 53343) op = 82
2024-10-18T18:59:05.599+03:00 DEBUG [,,] 14780 --- [RMI TCP Connection(1)-192.168.0.104] [                                                 ] sun.rmi.transport.tcp                    : RMI TCP Connection(1)-192.168.0.104: (port 53343) op = 80
2024-10-18T18:59:05.599+03:00 DEBUG [,,] 14780 --- [RMI TCP Connection(1)-192.168.0.104] [                                                 ] sun.rmi.loader                           : RMI TCP Connection(1)-192.168.0.104: name = "[Ljava.rmi.server.ObjID;", codebase = "", defaultLoader = jdk.internal.loader.ClassLoaders$PlatformClassLoader@67a5978a
2024-10-18T18:59:05.600+03:00 DEBUG [,,] 14780 --- [RMI TCP Connection(1)-192.168.0.104] [                                                 ] sun.rmi.loader                           : RMI TCP Connection(1)-192.168.0.104: name = "java.rmi.server.ObjID", codebase = "", defaultLoader = jdk.internal.loader.ClassLoaders$PlatformClassLoader@67a5978a
2024-10-18T18:59:05.600+03:00 DEBUG [,,] 14780 --- [RMI TCP Connection(1)-192.168.0.104] [                                                 ] sun.rmi.loader                           : RMI TCP Connection(1)-192.168.0.104: name = "java.rmi.server.UID", codebase = "", defaultLoader = jdk.internal.loader.ClassLoaders$PlatformClassLoader@67a5978a
2024-10-18T18:59:05.600+03:00 DEBUG [,,] 14780 --- [RMI TCP Connection(1)-192.168.0.104] [                                                 ] sun.rmi.loader                           : RMI TCP Connection(1)-192.168.0.104: name = "java.rmi.dgc.Lease", codebase = "", defaultLoader = jdk.internal.loader.ClassLoaders$PlatformClassLoader@67a5978a
2024-10-18T18:59:05.600+03:00 DEBUG [,,] 14780 --- [RMI TCP Connection(1)-192.168.0.104] [                                                 ] sun.rmi.loader                           : RMI TCP Connection(1)-192.168.0.104: name = "java.rmi.dgc.VMID", codebase = "", defaultLoader = jdk.internal.loader.ClassLoaders$PlatformClassLoader@67a5978a
2024-10-18T18:59:05.600+03:00 DEBUG [,,] 14780 --- [RMI TCP Connection(1)-192.168.0.104] [                                                 ] sun.rmi.loader                           : RMI TCP Connection(1)-192.168.0.104: name = "[B", codebase = "", defaultLoader = jdk.internal.loader.ClassLoaders$PlatformClassLoader@67a5978a
2024-10-18T18:59:05.601+03:00 DEBUG [,,] 14780 --- [RMI TCP Connection(1)-192.168.0.104] [                                                 ] sun.rmi.transport.tcp                    : RMI TCP Connection(1)-192.168.0.104: (port 53343) op = 82
2024-10-18T18:59:05.601+03:00 DEBUG [,,] 14780 --- [RMI TCP Connection(1)-192.168.0.104] [                                                 ] sun.rmi.transport.tcp                    : RMI TCP Connection(1)-192.168.0.104: (port 53343) op = 84
2024-10-18T18:59:05.601+03:00 DEBUG [,,] 14780 --- [RMI TCP Connection(1)-192.168.0.104] [                                                 ] sun.rmi.transport.tcp                    : RMI TCP Connection(1)-192.168.0.104: (port 53343) op = 82
2024-10-18T18:59:05.601+03:00 DEBUG [,,] 14780 --- [RMI TCP Connection(1)-192.168.0.104] [                                                 ] sun.rmi.transport.tcp                    : RMI TCP Connection(1)-192.168.0.104: (port 53343) op = 80
2024-10-18T18:59:05.602+03:00 DEBUG [,,] 14780 --- [RMI TCP Connection(1)-192.168.0.104] [                                                 ] sun.rmi.transport.tcp                    : RMI TCP Connection(1)-192.168.0.104: (port 53343) op = 82
2024-10-18T18:59:05.602+03:00 DEBUG [,,] 14780 --- [RMI TCP Connection(1)-192.168.0.104] [                                                 ] sun.rmi.transport.tcp                    : RMI TCP Connection(1)-192.168.0.104: (port 53343) op = 80
2024-10-18T18:59:05.602+03:00 DEBUG [,,] 14780 --- [RMI TCP Connection(1)-192.168.0.104] [                                                 ] sun.rmi.loader                           : RMI TCP Connection(1)-192.168.0.104: name = "javax.management.ObjectName", codebase = ""
2024-10-18T18:59:05.602+03:00 DEBUG [,,] 14780 --- [RMI TCP Connection(1)-192.168.0.104] [                                                 ] javax.management.remote.rmi              : connectionId=rmi://192.168.0.104  2, name=org.springframework.boot:type=Admin,name=SpringApplication, attribute=Ready
2024-10-18T18:59:05.602+03:00 DEBUG [,,] 14780 --- [main] [                                                 ] o.s.b.f.s.DefaultListableBeanFactory     : Creating shared instance of singleton bean 'org.springframework.boot.context.properties.BoundConfigurationProperties'
2024-10-18T18:59:05.602+03:00 DEBUG [,,] 14780 --- [RMI TCP Connection(1)-192.168.0.104] [                                                 ] sun.rmi.server.call                      : RMI TCP Connection(1)-192.168.0.104: [192.168.0.104] exception: 

javax.management.InstanceNotFoundException: org.springframework.boot:type=Admin,name=SpringApplication
	at java.management/com.sun.jmx.interceptor.DefaultMBeanServerInterceptor.getMBean(DefaultMBeanServerInterceptor.java:1088) ~[na:na]
	at java.management/com.sun.jmx.interceptor.DefaultMBeanServerInterceptor.getAttribute(DefaultMBeanServerInterceptor.java:640) ~[na:na]
	at java.management/com.sun.jmx.mbeanserver.JmxMBeanServer.getAttribute(JmxMBeanServer.java:679) ~[na:na]
	at java.management.rmi/javax.management.remote.rmi.RMIConnectionImpl.doOperation(RMIConnectionImpl.java:1449) ~[na:na]
	at java.management.rmi/javax.management.remote.rmi.RMIConnectionImpl$PrivilegedOperation.run(RMIConnectionImpl.java:1310) ~[na:na]
	at java.management.rmi/javax.management.remote.rmi.RMIConnectionImpl.doPrivilegedOperation(RMIConnectionImpl.java:1405) ~[na:na]
	at java.management.rmi/javax.management.remote.rmi.RMIConnectionImpl.getAttribute(RMIConnectionImpl.java:639) ~[na:na]
	at java.base/jdk.internal.reflect.NativeMethodAccessorImpl.invoke0(Native Method) ~[na:na]
	at java.base/jdk.internal.reflect.NativeMethodAccessorImpl.invoke(NativeMethodAccessorImpl.java:77) ~[na:na]
	at java.base/jdk.internal.reflect.DelegatingMethodAccessorImpl.invoke(DelegatingMethodAccessorImpl.java:43) ~[na:na]
	at java.base/java.lang.reflect.Method.invoke(Method.java:568) ~[na:na]
	at java.rmi/sun.rmi.server.UnicastServerRef.dispatch(UnicastServerRef.java:360) ~[na:na]
	at java.rmi/sun.rmi.transport.Transport$1.run(Transport.java:200) ~[na:na]
	at java.rmi/sun.rmi.transport.Transport$1.run(Transport.java:197) ~[na:na]
	at java.base/java.security.AccessController.doPrivileged(AccessController.java:712) ~[na:na]
	at java.rmi/sun.rmi.transport.Transport.serviceCall(Transport.java:196) ~[na:na]
	at java.rmi/sun.rmi.transport.tcp.TCPTransport.handleMessages(TCPTransport.java:587) ~[na:na]
	at java.rmi/sun.rmi.transport.tcp.TCPTransport$ConnectionHandler.run0(TCPTransport.java:828) ~[na:na]
	at java.rmi/sun.rmi.transport.tcp.TCPTransport$ConnectionHandler.lambda$run$0(TCPTransport.java:705) ~[na:na]
	at java.base/java.security.AccessController.doPrivileged(AccessController.java:399) ~[na:na]
	at java.rmi/sun.rmi.transport.tcp.TCPTransport$ConnectionHandler.run(TCPTransport.java:704) ~[na:na]
	at java.base/java.util.concurrent.ThreadPoolExecutor.runWorker(ThreadPoolExecutor.java:1136) ~[na:na]
	at java.base/java.util.concurrent.ThreadPoolExecutor$Worker.run(ThreadPoolExecutor.java:635) ~[na:na]
	at java.base/java.lang.Thread.run(Thread.java:833) ~[na:na]

2024-10-18T18:59:05.604+03:00 DEBUG [,,] 14780 --- [RMI TCP Connection(1)-192.168.0.104] [                                                 ] sun.rmi.transport.tcp                    : RMI TCP Connection(1)-192.168.0.104: (port 53343) op = 80
2024-10-18T18:59:05.604+03:00 DEBUG [,,] 14780 --- [RMI TCP Connection(1)-192.168.0.104] [                                                 ] javax.management.remote.rmi              : [javax.management.remote.rmi.RMIConnectionImpl@2a891510: connectionId=rmi://192.168.0.104  2] closing.
2024-10-18T18:59:05.604+03:00 DEBUG [,,] 14780 --- [RMI TCP Connection(1)-192.168.0.104] [                                                 ] javax.management.remote.rmi              : [javax.management.remote.rmi.RMIConnectionImpl@2a891510: connectionId=rmi://192.168.0.104  2] closed.
2024-10-18T18:59:05.615+03:00 DEBUG [,,] 14780 --- [main] [                                                 ] o.s.b.f.s.DefaultListableBeanFactory     : Autowiring by type from bean name 'servletWebServerFactoryCustomizer' via factory method to bean named 'server-org.springframework.boot.autoconfigure.web.ServerProperties'
2024-10-18T18:59:05.616+03:00 DEBUG [,,] 14780 --- [main] [                                                 ] o.s.b.f.s.DefaultListableBeanFactory     : Creating shared instance of singleton bean 'sslBundleRegistry'
2024-10-18T18:59:05.616+03:00 DEBUG [,,] 14780 --- [main] [                                                 ] o.s.b.f.s.DefaultListableBeanFactory     : Creating shared instance of singleton bean 'org.springframework.boot.autoconfigure.ssl.SslAutoConfiguration'
2024-10-18T18:59:05.616+03:00 DEBUG [,,] 14780 --- [main] [                                                 ] o.s.b.f.s.DefaultListableBeanFactory     : Creating shared instance of singleton bean 'spring.ssl-org.springframework.boot.autoconfigure.ssl.SslProperties'
2024-10-18T18:59:05.618+03:00 DEBUG [,,] 14780 --- [main] [                                                 ] o.s.b.f.s.DefaultListableBeanFactory     : Autowiring by type from bean name 'org.springframework.boot.autoconfigure.ssl.SslAutoConfiguration' via constructor to bean named 'spring.ssl-org.springframework.boot.autoconfigure.ssl.SslProperties'
2024-10-18T18:59:05.619+03:00 DEBUG [,,] 14780 --- [main] [                                                 ] o.s.b.f.s.DefaultListableBeanFactory     : Creating shared instance of singleton bean 'sslPropertiesSslBundleRegistrar'
2024-10-18T18:59:05.619+03:00 DEBUG [,,] 14780 --- [main] [                                                 ] o.s.b.f.s.DefaultListableBeanFactory     : Creating shared instance of singleton bean 'fileWatcher'
2024-10-18T18:59:05.620+03:00 DEBUG [,,] 14780 --- [main] [                                                 ] o.s.b.f.s.DefaultListableBeanFactory     : Autowiring by type from bean name 'sslPropertiesSslBundleRegistrar' via factory method to bean named 'fileWatcher'
2024-10-18T18:59:05.626+03:00 DEBUG [,,] 14780 --- [main] [                                                 ] o.s.b.f.s.DefaultListableBeanFactory     : Creating shared instance of singleton bean 'tomcatServletWebServerFactoryCustomizer'
2024-10-18T18:59:05.626+03:00 DEBUG [,,] 14780 --- [main] [                                                 ] o.s.b.f.s.DefaultListableBeanFactory     : Autowiring by type from bean name 'tomcatServletWebServerFactoryCustomizer' via factory method to bean named 'server-org.springframework.boot.autoconfigure.web.ServerProperties'
2024-10-18T18:59:05.627+03:00 DEBUG [,,] 14780 --- [main] [                                                 ] o.s.b.f.s.DefaultListableBeanFactory     : Creating shared instance of singleton bean 'tomcatWebServerFactoryCustomizer'
2024-10-18T18:59:05.627+03:00 DEBUG [,,] 14780 --- [main] [                                                 ] o.s.b.f.s.DefaultListableBeanFactory     : Creating shared instance of singleton bean 'org.springframework.boot.autoconfigure.web.embedded.EmbeddedWebServerFactoryCustomizerAutoConfiguration$TomcatWebServerFactoryCustomizerConfiguration'
2024-10-18T18:59:05.628+03:00 DEBUG [,,] 14780 --- [main] [                                                 ] o.s.b.f.s.DefaultListableBeanFactory     : Autowiring by type from bean name 'tomcatWebServerFactoryCustomizer' via factory method to bean named 'environment'
2024-10-18T18:59:05.629+03:00 DEBUG [,,] 14780 --- [main] [                                                 ] o.s.b.f.s.DefaultListableBeanFactory     : Autowiring by type from bean name 'tomcatWebServerFactoryCustomizer' via factory method to bean named 'server-org.springframework.boot.autoconfigure.web.ServerProperties'
2024-10-18T18:59:05.632+03:00 DEBUG [,,] 14780 --- [main] [                                                 ] o.s.b.f.s.DefaultListableBeanFactory     : Creating shared instance of singleton bean 'localeCharsetMappingsCustomizer'
2024-10-18T18:59:05.633+03:00 DEBUG [,,] 14780 --- [main] [                                                 ] o.s.b.f.s.DefaultListableBeanFactory     : Creating shared instance of singleton bean 'org.springframework.boot.autoconfigure.web.servlet.HttpEncodingAutoConfiguration'
2024-10-18T18:59:05.633+03:00 DEBUG [,,] 14780 --- [main] [                                                 ] o.s.b.f.s.DefaultListableBeanFactory     : Autowiring by type from bean name 'org.springframework.boot.autoconfigure.web.servlet.HttpEncodingAutoConfiguration' via constructor to bean named 'server-org.springframework.boot.autoconfigure.web.ServerProperties'
2024-10-18T18:59:05.646+03:00 DEBUG [,,] 14780 --- [main] [                                                 ] o.s.b.f.s.DefaultListableBeanFactory     : Creating shared instance of singleton bean 'errorPageCustomizer'
2024-10-18T18:59:05.646+03:00 DEBUG [,,] 14780 --- [main] [                                                 ] o.s.b.f.s.DefaultListableBeanFactory     : Creating shared instance of singleton bean 'org.springframework.boot.autoconfigure.web.servlet.error.ErrorMvcAutoConfiguration'
2024-10-18T18:59:05.646+03:00 DEBUG [,,] 14780 --- [main] [                                                 ] o.s.b.f.s.DefaultListableBeanFactory     : Autowiring by type from bean name 'org.springframework.boot.autoconfigure.web.servlet.error.ErrorMvcAutoConfiguration' via constructor to bean named 'server-org.springframework.boot.autoconfigure.web.ServerProperties'
2024-10-18T18:59:05.648+03:00 DEBUG [,,] 14780 --- [main] [                                                 ] o.s.b.f.s.DefaultListableBeanFactory     : Creating shared instance of singleton bean 'dispatcherServletRegistration'
2024-10-18T18:59:05.648+03:00 DEBUG [,,] 14780 --- [main] [                                                 ] o.s.b.f.s.DefaultListableBeanFactory     : Creating shared instance of singleton bean 'org.springframework.boot.autoconfigure.web.servlet.DispatcherServletAutoConfiguration$DispatcherServletRegistrationConfiguration'
2024-10-18T18:59:05.649+03:00 DEBUG [,,] 14780 --- [main] [                                                 ] o.s.b.f.s.DefaultListableBeanFactory     : Creating shared instance of singleton bean 'dispatcherServlet'
2024-10-18T18:59:05.649+03:00 DEBUG [,,] 14780 --- [main] [                                                 ] o.s.b.f.s.DefaultListableBeanFactory     : Creating shared instance of singleton bean 'org.springframework.boot.autoconfigure.web.servlet.DispatcherServletAutoConfiguration$DispatcherServletConfiguration'
2024-10-18T18:59:05.650+03:00 DEBUG [,,] 14780 --- [main] [                                                 ] o.s.b.f.s.DefaultListableBeanFactory     : Creating shared instance of singleton bean 'spring.mvc-org.springframework.boot.autoconfigure.web.servlet.WebMvcProperties'
2024-10-18T18:59:05.653+03:00 DEBUG [,,] 14780 --- [main] [                                                 ] o.s.b.f.s.DefaultListableBeanFactory     : Autowiring by type from bean name 'dispatcherServlet' via factory method to bean named 'spring.mvc-org.springframework.boot.autoconfigure.web.servlet.WebMvcProperties'
2024-10-18T18:59:05.665+03:00 DEBUG [,,] 14780 --- [main] [                                                 ] o.s.b.f.s.DefaultListableBeanFactory     : Autowiring by type from bean name 'dispatcherServletRegistration' via factory method to bean named 'dispatcherServlet'
2024-10-18T18:59:05.665+03:00 DEBUG [,,] 14780 --- [main] [                                                 ] o.s.b.f.s.DefaultListableBeanFactory     : Autowiring by type from bean name 'dispatcherServletRegistration' via factory method to bean named 'spring.mvc-org.springframework.boot.autoconfigure.web.servlet.WebMvcProperties'
2024-10-18T18:59:05.666+03:00 DEBUG [,,] 14780 --- [main] [                                                 ] o.s.b.f.s.DefaultListableBeanFactory     : Creating shared instance of singleton bean 'multipartConfigElement'
2024-10-18T18:59:05.666+03:00 DEBUG [,,] 14780 --- [main] [                                                 ] o.s.b.f.s.DefaultListableBeanFactory     : Creating shared instance of singleton bean 'org.springframework.boot.autoconfigure.web.servlet.MultipartAutoConfiguration'
2024-10-18T18:59:05.667+03:00 DEBUG [,,] 14780 --- [main] [                                                 ] o.s.b.f.s.DefaultListableBeanFactory     : Creating shared instance of singleton bean 'spring.servlet.multipart-org.springframework.boot.autoconfigure.web.servlet.MultipartProperties'
2024-10-18T18:59:05.670+03:00 DEBUG [,,] 14780 --- [main] [                                                 ] o.s.b.f.s.DefaultListableBeanFactory     : Autowiring by type from bean name 'org.springframework.boot.autoconfigure.web.servlet.MultipartAutoConfiguration' via constructor to bean named 'spring.servlet.multipart-org.springframework.boot.autoconfigure.web.servlet.MultipartProperties'
2024-10-18T18:59:05.676+03:00 DEBUG [,,] 14780 --- [main] [                                                 ] o.s.b.f.s.DefaultListableBeanFactory     : Autowiring by type from bean name 'errorPageCustomizer' via factory method to bean named 'dispatcherServletRegistration'
2024-10-18T18:59:05.686+03:00 DEBUG [,,] 14780 --- [main] [                                                 ] o.apache.tomcat.util.compat.Jre19Compat  : Class not found so assuming code is running on a pre-Java 19 JVM

java.lang.ClassNotFoundException: java.lang.WrongThreadException
	at java.base/jdk.internal.loader.BuiltinClassLoader.loadClass(BuiltinClassLoader.java:641) ~[na:na]
	at java.base/jdk.internal.loader.ClassLoaders$AppClassLoader.loadClass(ClassLoaders.java:188) ~[na:na]
	at java.base/java.lang.ClassLoader.loadClass(ClassLoader.java:520) ~[na:na]
	at java.base/java.lang.Class.forName0(Native Method) ~[na:na]
	at java.base/java.lang.Class.forName(Class.java:375) ~[na:na]
	at org.apache.tomcat.util.compat.Jre19Compat.<clinit>(Jre19Compat.java:37) ~[tomcat-embed-core-10.1.30.jar:10.1.30]
	at org.apache.tomcat.util.compat.JreCompat.<clinit>(JreCompat.java:60) ~[tomcat-embed-core-10.1.30.jar:10.1.30]
	at org.apache.catalina.startup.Tomcat.<clinit>(Tomcat.java:1193) ~[tomcat-embed-core-10.1.30.jar:10.1.30]
	at org.springframework.boot.web.embedded.tomcat.TomcatServletWebServerFactory.getWebServer(TomcatServletWebServerFactory.java:203) ~[spring-boot-3.3.4.jar:3.3.4]
	at org.springframework.boot.web.servlet.context.ServletWebServerApplicationContext.createWebServer(ServletWebServerApplicationContext.java:188) ~[spring-boot-3.3.4.jar:3.3.4]
	at org.springframework.boot.web.servlet.context.ServletWebServerApplicationContext.onRefresh(ServletWebServerApplicationContext.java:162) ~[spring-boot-3.3.4.jar:3.3.4]
	at org.springframework.context.support.AbstractApplicationContext.refresh(AbstractApplicationContext.java:619) ~[spring-context-6.1.13.jar:6.1.13]
	at org.springframework.boot.web.servlet.context.ServletWebServerApplicationContext.refresh(ServletWebServerApplicationContext.java:146) ~[spring-boot-3.3.4.jar:3.3.4]
	at org.springframework.boot.SpringApplication.refresh(SpringApplication.java:754) ~[spring-boot-3.3.4.jar:3.3.4]
	at org.springframework.boot.SpringApplication.refreshContext(SpringApplication.java:456) ~[spring-boot-3.3.4.jar:3.3.4]
	at org.springframework.boot.SpringApplication.run(SpringApplication.java:335) ~[spring-boot-3.3.4.jar:3.3.4]
	at org.springframework.boot.SpringApplication.run(SpringApplication.java:1363) ~[spring-boot-3.3.4.jar:3.3.4]
	at org.springframework.boot.SpringApplication.run(SpringApplication.java:1352) ~[spring-boot-3.3.4.jar:3.3.4]
	at com.example.kibana_deploy_template.KibanaDeployTemplateApplication.main(KibanaDeployTemplateApplication.java:10) ~[classes/:na]

2024-10-18T18:59:05.687+03:00 DEBUG [,,] 14780 --- [main] [                                                 ] o.apache.tomcat.util.compat.Jre21Compat  : Class not found so assuming code is running on a pre-Java 21 JVM

java.lang.ClassNotFoundException: java.lang.Thread$Builder
	at java.base/jdk.internal.loader.BuiltinClassLoader.loadClass(BuiltinClassLoader.java:641) ~[na:na]
	at java.base/jdk.internal.loader.ClassLoaders$AppClassLoader.loadClass(ClassLoaders.java:188) ~[na:na]
	at java.base/java.lang.ClassLoader.loadClass(ClassLoader.java:520) ~[na:na]
	at java.base/java.lang.Class.forName0(Native Method) ~[na:na]
	at java.base/java.lang.Class.forName(Class.java:375) ~[na:na]
	at org.apache.tomcat.util.compat.Jre21Compat.<clinit>(Jre21Compat.java:49) ~[tomcat-embed-core-10.1.30.jar:10.1.30]
	at org.apache.tomcat.util.compat.JreCompat.<clinit>(JreCompat.java:60) ~[tomcat-embed-core-10.1.30.jar:10.1.30]
	at org.apache.catalina.startup.Tomcat.<clinit>(Tomcat.java:1193) ~[tomcat-embed-core-10.1.30.jar:10.1.30]
	at org.springframework.boot.web.embedded.tomcat.TomcatServletWebServerFactory.getWebServer(TomcatServletWebServerFactory.java:203) ~[spring-boot-3.3.4.jar:3.3.4]
	at org.springframework.boot.web.servlet.context.ServletWebServerApplicationContext.createWebServer(ServletWebServerApplicationContext.java:188) ~[spring-boot-3.3.4.jar:3.3.4]
	at org.springframework.boot.web.servlet.context.ServletWebServerApplicationContext.onRefresh(ServletWebServerApplicationContext.java:162) ~[spring-boot-3.3.4.jar:3.3.4]
	at org.springframework.context.support.AbstractApplicationContext.refresh(AbstractApplicationContext.java:619) ~[spring-context-6.1.13.jar:6.1.13]
	at org.springframework.boot.web.servlet.context.ServletWebServerApplicationContext.refresh(ServletWebServerApplicationContext.java:146) ~[spring-boot-3.3.4.jar:3.3.4]
	at org.springframework.boot.SpringApplication.refresh(SpringApplication.java:754) ~[spring-boot-3.3.4.jar:3.3.4]
	at org.springframework.boot.SpringApplication.refreshContext(SpringApplication.java:456) ~[spring-boot-3.3.4.jar:3.3.4]
	at org.springframework.boot.SpringApplication.run(SpringApplication.java:335) ~[spring-boot-3.3.4.jar:3.3.4]
	at org.springframework.boot.SpringApplication.run(SpringApplication.java:1363) ~[spring-boot-3.3.4.jar:3.3.4]
	at org.springframework.boot.SpringApplication.run(SpringApplication.java:1352) ~[spring-boot-3.3.4.jar:3.3.4]
	at com.example.kibana_deploy_template.KibanaDeployTemplateApplication.main(KibanaDeployTemplateApplication.java:10) ~[classes/:na]

2024-10-18T18:59:05.687+03:00 DEBUG [,,] 14780 --- [main] [                                                 ] o.apache.tomcat.util.compat.Jre22Compat  : Class not found so assuming code is running on a pre-Java 22 JVM

java.lang.ClassNotFoundException: java.text.ListFormat
	at java.base/jdk.internal.loader.BuiltinClassLoader.loadClass(BuiltinClassLoader.java:641) ~[na:na]
	at java.base/jdk.internal.loader.ClassLoaders$AppClassLoader.loadClass(ClassLoaders.java:188) ~[na:na]
	at java.base/java.lang.ClassLoader.loadClass(ClassLoader.java:520) ~[na:na]
	at java.base/java.lang.Class.forName0(Native Method) ~[na:na]
	at java.base/java.lang.Class.forName(Class.java:375) ~[na:na]
	at org.apache.tomcat.util.compat.Jre22Compat.<clinit>(Jre22Compat.java:37) ~[tomcat-embed-core-10.1.30.jar:10.1.30]
	at org.apache.tomcat.util.compat.JreCompat.<clinit>(JreCompat.java:60) ~[tomcat-embed-core-10.1.30.jar:10.1.30]
	at org.apache.catalina.startup.Tomcat.<clinit>(Tomcat.java:1193) ~[tomcat-embed-core-10.1.30.jar:10.1.30]
	at org.springframework.boot.web.embedded.tomcat.TomcatServletWebServerFactory.getWebServer(TomcatServletWebServerFactory.java:203) ~[spring-boot-3.3.4.jar:3.3.4]
	at org.springframework.boot.web.servlet.context.ServletWebServerApplicationContext.createWebServer(ServletWebServerApplicationContext.java:188) ~[spring-boot-3.3.4.jar:3.3.4]
	at org.springframework.boot.web.servlet.context.ServletWebServerApplicationContext.onRefresh(ServletWebServerApplicationContext.java:162) ~[spring-boot-3.3.4.jar:3.3.4]
	at org.springframework.context.support.AbstractApplicationContext.refresh(AbstractApplicationContext.java:619) ~[spring-context-6.1.13.jar:6.1.13]
	at org.springframework.boot.web.servlet.context.ServletWebServerApplicationContext.refresh(ServletWebServerApplicationContext.java:146) ~[spring-boot-3.3.4.jar:3.3.4]
	at org.springframework.boot.SpringApplication.refresh(SpringApplication.java:754) ~[spring-boot-3.3.4.jar:3.3.4]
	at org.springframework.boot.SpringApplication.refreshContext(SpringApplication.java:456) ~[spring-boot-3.3.4.jar:3.3.4]
	at org.springframework.boot.SpringApplication.run(SpringApplication.java:335) ~[spring-boot-3.3.4.jar:3.3.4]
	at org.springframework.boot.SpringApplication.run(SpringApplication.java:1363) ~[spring-boot-3.3.4.jar:3.3.4]
	at org.springframework.boot.SpringApplication.run(SpringApplication.java:1352) ~[spring-boot-3.3.4.jar:3.3.4]
	at com.example.kibana_deploy_template.KibanaDeployTemplateApplication.main(KibanaDeployTemplateApplication.java:10) ~[classes/:na]

2024-10-18T18:59:05.716+03:00 DEBUG [,,] 14780 --- [main] [                                                 ] org.apache.catalina.core.ContainerBase   : Add container child [StandardHost[localhost]] to container [StandardEngine[Tomcat]]
2024-10-18T18:59:05.717+03:00 DEBUG [,,] 14780 --- [main] [                                                 ] .s.b.w.e.t.TomcatServletWebServerFactory : Code archive: C:\Users\denis\.m2\repository\org\springframework\boot\spring-boot\3.3.4\spring-boot-3.3.4.jar
2024-10-18T18:59:05.717+03:00 DEBUG [,,] 14780 --- [main] [                                                 ] .s.b.w.e.t.TomcatServletWebServerFactory : Code archive: C:\Users\denis\.m2\repository\org\springframework\boot\spring-boot\3.3.4\spring-boot-3.3.4.jar
2024-10-18T18:59:05.717+03:00 DEBUG [,,] 14780 --- [main] [                                                 ] .s.b.w.e.t.TomcatServletWebServerFactory : None of the document roots [src/main/webapp, public, static] point to a directory and will be ignored.
2024-10-18T18:59:05.726+03:00 DEBUG [,,] 14780 --- [main] [                                                 ] org.apache.catalina.core.ContainerBase   : Add container child [TomcatEmbeddedContext[]] to container [StandardEngine[Tomcat].StandardHost[localhost]]
2024-10-18T18:59:05.728+03:00  INFO [,,] 14780 --- [main] [                                                 ] o.s.b.w.embedded.tomcat.TomcatWebServer  : Tomcat initialized with port 8080 (http)
2024-10-18T18:59:05.742+03:00  INFO [,,] 14780 --- [main] [                                                 ] o.apache.catalina.core.StandardService   : Starting service [Tomcat]
2024-10-18T18:59:05.742+03:00  INFO [,,] 14780 --- [main] [                                                 ] o.apache.catalina.core.StandardEngine    : Starting Servlet engine: [Apache Tomcat/10.1.30]
2024-10-18T18:59:05.756+03:00 DEBUG [,,] 14780 --- [main] [                                                 ] o.apache.catalina.loader.WebappLoader    : Starting this Loader
2024-10-18T18:59:05.778+03:00 DEBUG [,,] 14780 --- [main] [                                                 ] o.apache.catalina.core.StandardContext   : No manager found. Checking if cluster manager should be used. Cluster configured: [false], Application distributable: [false]
2024-10-18T18:59:05.781+03:00 DEBUG [,,] 14780 --- [main] [                                                 ] o.apache.catalina.core.StandardContext   : Configured a manager of class [org.apache.catalina.session.StandardManager]
2024-10-18T18:59:05.785+03:00  INFO [,,] 14780 --- [main] [                                                 ] o.a.c.c.C.[Tomcat].[localhost].[/]       : Initializing Spring embedded WebApplicationContext
2024-10-18T18:59:05.785+03:00 DEBUG [,,] 14780 --- [main] [                                                 ] w.s.c.ServletWebServerApplicationContext : Published root WebApplicationContext as ServletContext attribute with name [org.springframework.web.context.WebApplicationContext.ROOT]
2024-10-18T18:59:05.785+03:00  INFO [,,] 14780 --- [main] [                                                 ] w.s.c.ServletWebServerApplicationContext : Root WebApplicationContext: initialization completed in 1125 ms
2024-10-18T18:59:05.786+03:00 DEBUG [,,] 14780 --- [main] [                                                 ] o.s.b.f.s.DefaultListableBeanFactory     : Creating shared instance of singleton bean 'webMvcObservationFilter'
2024-10-18T18:59:05.787+03:00 DEBUG [,,] 14780 --- [main] [                                                 ] o.s.b.f.s.DefaultListableBeanFactory     : Creating shared instance of singleton bean 'org.springframework.boot.actuate.autoconfigure.observation.web.servlet.WebMvcObservationAutoConfiguration'
2024-10-18T18:59:05.788+03:00 DEBUG [,,] 14780 --- [main] [                                                 ] o.s.b.f.s.DefaultListableBeanFactory     : Creating shared instance of singleton bean 'observationRegistry'
2024-10-18T18:59:05.788+03:00 DEBUG [,,] 14780 --- [main] [                                                 ] o.s.b.f.s.DefaultListableBeanFactory     : Creating shared instance of singleton bean 'org.springframework.boot.actuate.autoconfigure.observation.ObservationAutoConfiguration'
2024-10-18T18:59:05.791+03:00 DEBUG [,,] 14780 --- [main] [                                                 ] o.s.b.f.s.DefaultListableBeanFactory     : Creating shared instance of singleton bean 'propertiesObservationFilter'
2024-10-18T18:59:05.792+03:00 DEBUG [,,] 14780 --- [main] [                                                 ] o.s.b.f.s.DefaultListableBeanFactory     : Creating shared instance of singleton bean 'management.observations-org.springframework.boot.actuate.autoconfigure.observation.ObservationProperties'
2024-10-18T18:59:05.794+03:00 DEBUG [,,] 14780 --- [main] [                                                 ] o.s.b.f.s.DefaultListableBeanFactory     : Autowiring by type from bean name 'propertiesObservationFilter' via factory method to bean named 'management.observations-org.springframework.boot.actuate.autoconfigure.observation.ObservationProperties'
2024-10-18T18:59:05.797+03:00 DEBUG [,,] 14780 --- [main] [                                                 ] o.s.b.f.s.DefaultListableBeanFactory     : Creating shared instance of singleton bean 'metricsAndTracingObservationHandlerGrouping'
2024-10-18T18:59:05.797+03:00 DEBUG [,,] 14780 --- [main] [                                                 ] o.s.b.f.s.DefaultListableBeanFactory     : Creating shared instance of singleton bean 'org.springframework.boot.actuate.autoconfigure.observation.ObservationAutoConfiguration$MetricsWithTracingConfiguration'
2024-10-18T18:59:05.799+03:00 DEBUG [,,] 14780 --- [main] [                                                 ] o.s.b.f.s.DefaultListableBeanFactory     : Creating shared instance of singleton bean 'defaultTracingObservationHandler'
2024-10-18T18:59:05.800+03:00 DEBUG [,,] 14780 --- [main] [                                                 ] o.s.b.f.s.DefaultListableBeanFactory     : Creating shared instance of singleton bean 'org.springframework.boot.actuate.autoconfigure.tracing.MicrometerTracingAutoConfiguration'
2024-10-18T18:59:05.801+03:00 DEBUG [,,] 14780 --- [main] [                                                 ] o.s.b.f.s.DefaultListableBeanFactory     : Creating shared instance of singleton bean 'braveTracerBridge'
2024-10-18T18:59:05.802+03:00 DEBUG [,,] 14780 --- [main] [                                                 ] o.s.b.f.s.DefaultListableBeanFactory     : Creating shared instance of singleton bean 'org.springframework.boot.actuate.autoconfigure.tracing.BraveAutoConfiguration'
2024-10-18T18:59:05.802+03:00 DEBUG [,,] 14780 --- [main] [                                                 ] o.s.b.f.s.DefaultListableBeanFactory     : Creating shared instance of singleton bean 'management.tracing-org.springframework.boot.actuate.autoconfigure.tracing.TracingProperties'
2024-10-18T18:59:05.805+03:00 DEBUG [,,] 14780 --- [main] [                                                 ] o.s.b.f.s.DefaultListableBeanFactory     : Autowiring by type from bean name 'org.springframework.boot.actuate.autoconfigure.tracing.BraveAutoConfiguration' via constructor to bean named 'management.tracing-org.springframework.boot.actuate.autoconfigure.tracing.TracingProperties'
2024-10-18T18:59:05.806+03:00 DEBUG [,,] 14780 --- [main] [                                                 ] o.s.b.f.s.DefaultListableBeanFactory     : Creating shared instance of singleton bean 'braveTracer'
2024-10-18T18:59:05.807+03:00 DEBUG [,,] 14780 --- [main] [                                                 ] o.s.b.f.s.DefaultListableBeanFactory     : Creating shared instance of singleton bean 'braveTracing'
2024-10-18T18:59:05.808+03:00 DEBUG [,,] 14780 --- [main] [                                                 ] o.s.b.f.s.DefaultListableBeanFactory     : Creating shared instance of singleton bean 'compositeSpanHandler'
2024-10-18T18:59:05.813+03:00 DEBUG [,,] 14780 --- [main] [                                                 ] o.s.b.f.s.DefaultListableBeanFactory     : Creating shared instance of singleton bean 'asyncZipkinSpanHandler'
2024-10-18T18:59:05.813+03:00 DEBUG [,,] 14780 --- [main] [                                                 ] o.s.b.f.s.DefaultListableBeanFactory     : Creating shared instance of singleton bean 'org.springframework.boot.actuate.autoconfigure.tracing.zipkin.ZipkinConfigurations$BraveConfiguration'
2024-10-18T18:59:05.814+03:00 DEBUG [,,] 14780 --- [main] [                                                 ] o.s.b.f.s.DefaultListableBeanFactory     : Creating shared instance of singleton bean 'restTemplateSender'
2024-10-18T18:59:05.814+03:00 DEBUG [,,] 14780 --- [main] [                                                 ] o.s.b.f.s.DefaultListableBeanFactory     : Creating shared instance of singleton bean 'org.springframework.boot.actuate.autoconfigure.tracing.zipkin.ZipkinConfigurations$RestTemplateSenderConfiguration'
2024-10-18T18:59:05.816+03:00 DEBUG [,,] 14780 --- [main] [                                                 ] o.s.b.f.s.DefaultListableBeanFactory     : Creating shared instance of singleton bean 'management.zipkin.tracing-org.springframework.boot.actuate.autoconfigure.tracing.zipkin.ZipkinProperties'
2024-10-18T18:59:05.818+03:00 DEBUG [,,] 14780 --- [main] [                                                 ] o.s.b.f.s.DefaultListableBeanFactory     : Creating shared instance of singleton bean 'encoding'
2024-10-18T18:59:05.818+03:00 DEBUG [,,] 14780 --- [main] [                                                 ] o.s.b.f.s.DefaultListableBeanFactory     : Creating shared instance of singleton bean 'org.springframework.boot.actuate.autoconfigure.tracing.zipkin.ZipkinAutoConfiguration'
2024-10-18T18:59:05.818+03:00 DEBUG [,,] 14780 --- [main] [                                                 ] o.s.b.f.s.DefaultListableBeanFactory     : Autowiring by type from bean name 'encoding' via factory method to bean named 'management.zipkin.tracing-org.springframework.boot.actuate.autoconfigure.tracing.zipkin.ZipkinProperties'
2024-10-18T18:59:05.821+03:00 DEBUG [,,] 14780 --- [main] [                                                 ] o.s.b.f.s.DefaultListableBeanFactory     : Autowiring by type from bean name 'restTemplateSender' via factory method to bean named 'management.zipkin.tracing-org.springframework.boot.actuate.autoconfigure.tracing.zipkin.ZipkinProperties'
2024-10-18T18:59:05.821+03:00 DEBUG [,,] 14780 --- [main] [                                                 ] o.s.b.f.s.DefaultListableBeanFactory     : Autowiring by type from bean name 'restTemplateSender' via factory method to bean named 'encoding'
2024-10-18T18:59:05.822+03:00 DEBUG [,,] 14780 --- [main] [                                                 ] o.s.b.f.s.DefaultListableBeanFactory     : Creating shared instance of singleton bean 'zipkinConnectionDetails'
2024-10-18T18:59:05.824+03:00 DEBUG [,,] 14780 --- [main] [                                                 ] o.s.b.f.s.DefaultListableBeanFactory     : Autowiring by type from bean name 'zipkinConnectionDetails' via factory method to bean named 'management.zipkin.tracing-org.springframework.boot.actuate.autoconfigure.tracing.zipkin.ZipkinProperties'
2024-10-18T18:59:05.840+03:00 DEBUG [,,] 14780 --- [main] [                                                 ] o.s.b.f.s.DefaultListableBeanFactory     : Creating shared instance of singleton bean 'mutableSpanBytesEncoder'
2024-10-18T18:59:05.841+03:00 DEBUG [,,] 14780 --- [main] [                                                 ] o.s.b.f.s.DefaultListableBeanFactory     : Autowiring by type from bean name 'mutableSpanBytesEncoder' via factory method to bean named 'encoding'
2024-10-18T18:59:05.845+03:00 DEBUG [,,] 14780 --- [main] [                                                 ] o.s.b.f.s.DefaultListableBeanFactory     : Autowiring by type from bean name 'asyncZipkinSpanHandler' via factory method to bean named 'restTemplateSender'
2024-10-18T18:59:05.845+03:00 DEBUG [,,] 14780 --- [main] [                                                 ] o.s.b.f.s.DefaultListableBeanFactory     : Autowiring by type from bean name 'asyncZipkinSpanHandler' via factory method to bean named 'mutableSpanBytesEncoder'
2024-10-18T18:59:05.851+03:00 DEBUG [,,] 14780 --- [main] [                                                 ] o.s.b.f.s.DefaultListableBeanFactory     : Creating shared instance of singleton bean 'braveCurrentTraceContext'
2024-10-18T18:59:05.851+03:00 DEBUG [,,] 14780 --- [main] [                                                 ] o.s.b.f.s.DefaultListableBeanFactory     : Creating shared instance of singleton bean 'correlationScopeDecorator'
2024-10-18T18:59:05.851+03:00 DEBUG [,,] 14780 --- [main] [                                                 ] o.s.b.f.s.DefaultListableBeanFactory     : Creating shared instance of singleton bean 'org.springframework.boot.actuate.autoconfigure.tracing.BravePropagationConfigurations$PropagationWithBaggage'
2024-10-18T18:59:05.852+03:00 DEBUG [,,] 14780 --- [main] [                                                 ] o.s.b.f.s.DefaultListableBeanFactory     : Autowiring by type from bean name 'org.springframework.boot.actuate.autoconfigure.tracing.BravePropagationConfigurations$PropagationWithBaggage' via constructor to bean named 'management.tracing-org.springframework.boot.actuate.autoconfigure.tracing.TracingProperties'
2024-10-18T18:59:05.853+03:00 DEBUG [,,] 14780 --- [main] [                                                 ] o.s.b.f.s.DefaultListableBeanFactory     : Creating shared instance of singleton bean 'mdcCorrelationScopeDecoratorBuilder'
2024-10-18T18:59:05.857+03:00 DEBUG [,,] 14780 --- [main] [                                                 ] o.s.b.f.s.DefaultListableBeanFactory     : Creating shared instance of singleton bean 'correlationFieldsCorrelationScopeCustomizer'
2024-10-18T18:59:05.861+03:00 DEBUG [,,] 14780 --- [main] [                                                 ] o.s.b.f.s.DefaultListableBeanFactory     : Autowiring by type from bean name 'correlationScopeDecorator' via factory method to bean named 'mdcCorrelationScopeDecoratorBuilder'
2024-10-18T18:59:05.862+03:00 DEBUG [,,] 14780 --- [main] [                                                 ] o.s.b.f.s.DefaultListableBeanFactory     : Autowiring by type from bean name 'braveCurrentTraceContext' via factory method to bean named 'correlationScopeDecorator'
2024-10-18T18:59:05.865+03:00 DEBUG [,,] 14780 --- [main] [                                                 ] o.s.b.f.s.DefaultListableBeanFactory     : Creating shared instance of singleton bean 'propagationFactory'
2024-10-18T18:59:05.866+03:00 DEBUG [,,] 14780 --- [main] [                                                 ] o.s.b.f.s.DefaultListableBeanFactory     : Creating shared instance of singleton bean 'propagationFactoryBuilder'
2024-10-18T18:59:05.867+03:00 DEBUG [,,] 14780 --- [main] [                                                 ] o.s.b.f.s.DefaultListableBeanFactory     : Creating shared instance of singleton bean 'remoteFieldsBaggagePropagationCustomizer'
2024-10-18T18:59:05.871+03:00 DEBUG [,,] 14780 --- [main] [                                                 ] i.m.c.u.i.logging.InternalLoggerFactory  : Using SLF4J as the default logging framework
2024-10-18T18:59:05.875+03:00 DEBUG [,,] 14780 --- [main] [                                                 ] o.s.b.f.s.DefaultListableBeanFactory     : Autowiring by type from bean name 'propagationFactory' via factory method to bean named 'propagationFactoryBuilder'
2024-10-18T18:59:05.876+03:00 DEBUG [,,] 14780 --- [main] [                                                 ] o.s.b.f.s.DefaultListableBeanFactory     : Creating shared instance of singleton bean 'braveSampler'
2024-10-18T18:59:05.878+03:00 DEBUG [,,] 14780 --- [main] [                                                 ] o.s.b.f.s.DefaultListableBeanFactory     : Autowiring by type from bean name 'braveTracing' via factory method to bean named 'environment'
2024-10-18T18:59:05.878+03:00 DEBUG [,,] 14780 --- [main] [                                                 ] o.s.b.f.s.DefaultListableBeanFactory     : Autowiring by type from bean name 'braveTracing' via factory method to bean named 'compositeSpanHandler'
2024-10-18T18:59:05.878+03:00 DEBUG [,,] 14780 --- [main] [                                                 ] o.s.b.f.s.DefaultListableBeanFactory     : Autowiring by type from bean name 'braveTracing' via factory method to bean named 'asyncZipkinSpanHandler'
2024-10-18T18:59:05.878+03:00 DEBUG [,,] 14780 --- [main] [                                                 ] o.s.b.f.s.DefaultListableBeanFactory     : Autowiring by type from bean name 'braveTracing' via factory method to bean named 'braveCurrentTraceContext'
2024-10-18T18:59:05.878+03:00 DEBUG [,,] 14780 --- [main] [                                                 ] o.s.b.f.s.DefaultListableBeanFactory     : Autowiring by type from bean name 'braveTracing' via factory method to bean named 'propagationFactory'
2024-10-18T18:59:05.878+03:00 DEBUG [,,] 14780 --- [main] [                                                 ] o.s.b.f.s.DefaultListableBeanFactory     : Autowiring by type from bean name 'braveTracing' via factory method to bean named 'braveSampler'
2024-10-18T18:59:05.889+03:00 DEBUG [,,] 14780 --- [main] [                                                 ] o.s.b.f.s.DefaultListableBeanFactory     : Autowiring by type from bean name 'braveTracer' via factory method to bean named 'braveTracing'
2024-10-18T18:59:05.891+03:00 DEBUG [,,] 14780 --- [main] [                                                 ] o.s.b.f.s.DefaultListableBeanFactory     : Autowiring by type from bean name 'braveTracerBridge' via factory method to bean named 'braveTracer'
2024-10-18T18:59:05.891+03:00 DEBUG [,,] 14780 --- [main] [                                                 ] o.s.b.f.s.DefaultListableBeanFactory     : Autowiring by type from bean name 'braveTracerBridge' via factory method to bean named 'braveCurrentTraceContext'
2024-10-18T18:59:05.893+03:00 DEBUG [,,] 14780 --- [main] [                                                 ] o.s.b.f.s.DefaultListableBeanFactory     : Autowiring by type from bean name 'defaultTracingObservationHandler' via factory method to bean named 'braveTracerBridge'
2024-10-18T18:59:05.896+03:00 DEBUG [,,] 14780 --- [main] [                                                 ] o.s.b.f.s.DefaultListableBeanFactory     : Creating shared instance of singleton bean 'propagatingSenderTracingObservationHandler'
2024-10-18T18:59:05.896+03:00 DEBUG [,,] 14780 --- [main] [                                                 ] o.s.b.f.s.DefaultListableBeanFactory     : Creating shared instance of singleton bean 'bravePropagator'
2024-10-18T18:59:05.897+03:00 DEBUG [,,] 14780 --- [main] [                                                 ] o.s.b.f.s.DefaultListableBeanFactory     : Autowiring by type from bean name 'bravePropagator' via factory method to bean named 'braveTracing'
2024-10-18T18:59:05.898+03:00 DEBUG [,,] 14780 --- [main] [                                                 ] o.s.b.f.s.DefaultListableBeanFactory     : Autowiring by type from bean name 'propagatingSenderTracingObservationHandler' via factory method to bean named 'braveTracerBridge'
2024-10-18T18:59:05.898+03:00 DEBUG [,,] 14780 --- [main] [                                                 ] o.s.b.f.s.DefaultListableBeanFactory     : Autowiring by type from bean name 'propagatingSenderTracingObservationHandler' via factory method to bean named 'bravePropagator'
2024-10-18T18:59:05.900+03:00 DEBUG [,,] 14780 --- [main] [                                                 ] o.s.b.f.s.DefaultListableBeanFactory     : Creating shared instance of singleton bean 'propagatingReceiverTracingObservationHandler'
2024-10-18T18:59:05.900+03:00 DEBUG [,,] 14780 --- [main] [                                                 ] o.s.b.f.s.DefaultListableBeanFactory     : Autowiring by type from bean name 'propagatingReceiverTracingObservationHandler' via factory method to bean named 'braveTracerBridge'
2024-10-18T18:59:05.901+03:00 DEBUG [,,] 14780 --- [main] [                                                 ] o.s.b.f.s.DefaultListableBeanFactory     : Autowiring by type from bean name 'propagatingReceiverTracingObservationHandler' via factory method to bean named 'bravePropagator'
2024-10-18T18:59:05.902+03:00 DEBUG [,,] 14780 --- [main] [                                                 ] o.s.b.f.s.DefaultListableBeanFactory     : Creating shared instance of singleton bean 'tracingAwareMeterObservationHandler'
2024-10-18T18:59:05.902+03:00 DEBUG [,,] 14780 --- [main] [                                                 ] o.s.b.f.s.DefaultListableBeanFactory     : Creating shared instance of singleton bean 'org.springframework.boot.actuate.autoconfigure.observation.ObservationAutoConfiguration$MeterObservationHandlerConfiguration$TracingAndMetricsObservationHandlerConfiguration'
2024-10-18T18:59:05.903+03:00 DEBUG [,,] 14780 --- [main] [                                                 ] o.s.b.f.s.DefaultListableBeanFactory     : Creating shared instance of singleton bean 'prometheusMeterRegistry'
2024-10-18T18:59:05.903+03:00 DEBUG [,,] 14780 --- [main] [                                                 ] o.s.b.f.s.DefaultListableBeanFactory     : Creating shared instance of singleton bean 'org.springframework.boot.actuate.autoconfigure.metrics.export.prometheus.PrometheusMetricsExportAutoConfiguration'
2024-10-18T18:59:05.904+03:00 DEBUG [,,] 14780 --- [main] [                                                 ] o.s.b.f.s.DefaultListableBeanFactory     : Creating shared instance of singleton bean 'prometheusConfig'
2024-10-18T18:59:05.904+03:00 DEBUG [,,] 14780 --- [main] [                                                 ] o.s.b.f.s.DefaultListableBeanFactory     : Creating shared instance of singleton bean 'management.prometheus.metrics.export-org.springframework.boot.actuate.autoconfigure.metrics.export.prometheus.PrometheusProperties'
2024-10-18T18:59:05.906+03:00 DEBUG [,,] 14780 --- [main] [                                                 ] o.s.b.f.s.DefaultListableBeanFactory     : Autowiring by type from bean name 'prometheusConfig' via factory method to bean named 'management.prometheus.metrics.export-org.springframework.boot.actuate.autoconfigure.metrics.export.prometheus.PrometheusProperties'
2024-10-18T18:59:05.910+03:00 DEBUG [,,] 14780 --- [main] [                                                 ] o.s.b.f.s.DefaultListableBeanFactory     : Creating shared instance of singleton bean 'prometheusRegistry'
2024-10-18T18:59:05.912+03:00 DEBUG [,,] 14780 --- [main] [                                                 ] o.s.b.f.s.DefaultListableBeanFactory     : Creating shared instance of singleton bean 'micrometerClock'
2024-10-18T18:59:05.912+03:00 DEBUG [,,] 14780 --- [main] [                                                 ] o.s.b.f.s.DefaultListableBeanFactory     : Creating shared instance of singleton bean 'org.springframework.boot.actuate.autoconfigure.metrics.MetricsAutoConfiguration'
2024-10-18T18:59:05.913+03:00 DEBUG [,,] 14780 --- [main] [                                                 ] o.s.b.f.s.DefaultListableBeanFactory     : Autowiring by type from bean name 'prometheusMeterRegistry' via factory method to bean named 'prometheusConfig'
2024-10-18T18:59:05.913+03:00 DEBUG [,,] 14780 --- [main] [                                                 ] o.s.b.f.s.DefaultListableBeanFactory     : Autowiring by type from bean name 'prometheusMeterRegistry' via factory method to bean named 'prometheusRegistry'
2024-10-18T18:59:05.913+03:00 DEBUG [,,] 14780 --- [main] [                                                 ] o.s.b.f.s.DefaultListableBeanFactory     : Autowiring by type from bean name 'prometheusMeterRegistry' via factory method to bean named 'micrometerClock'
2024-10-18T18:59:05.919+03:00 DEBUG [,,] 14780 --- [main] [                                                 ] o.s.b.f.s.DefaultListableBeanFactory     : Creating shared instance of singleton bean 'spanContext'
2024-10-18T18:59:05.919+03:00 DEBUG [,,] 14780 --- [main] [                                                 ] o.s.b.f.s.DefaultListableBeanFactory     : Creating shared instance of singleton bean 'org.springframework.boot.actuate.autoconfigure.tracing.prometheus.PrometheusExemplarsAutoConfiguration'
2024-10-18T18:59:05.943+03:00 DEBUG [,,] 14780 --- [main] [                                                 ] o.s.b.f.s.DefaultListableBeanFactory     : Creating shared instance of singleton bean 'propertiesMeterFilter'
2024-10-18T18:59:05.944+03:00 DEBUG [,,] 14780 --- [main] [                                                 ] o.s.b.f.s.DefaultListableBeanFactory     : Creating shared instance of singleton bean 'management.metrics-org.springframework.boot.actuate.autoconfigure.metrics.MetricsProperties'
2024-10-18T18:59:05.946+03:00 DEBUG [,,] 14780 --- [main] [                                                 ] o.s.b.f.s.DefaultListableBeanFactory     : Autowiring by type from bean name 'propertiesMeterFilter' via factory method to bean named 'management.metrics-org.springframework.boot.actuate.autoconfigure.metrics.MetricsProperties'
2024-10-18T18:59:05.949+03:00 DEBUG [,,] 14780 --- [main] [                                                 ] o.s.b.f.s.DefaultListableBeanFactory     : Creating shared instance of singleton bean 'metricsHttpClientUriTagFilter'
2024-10-18T18:59:05.949+03:00 DEBUG [,,] 14780 --- [main] [                                                 ] o.s.b.f.s.DefaultListableBeanFactory     : Creating shared instance of singleton bean 'org.springframework.boot.actuate.autoconfigure.observation.web.client.HttpClientObservationsAutoConfiguration$MeterFilterConfiguration'
2024-10-18T18:59:05.950+03:00 DEBUG [,,] 14780 --- [main] [                                                 ] o.s.b.f.s.DefaultListableBeanFactory     : Autowiring by type from bean name 'metricsHttpClientUriTagFilter' via factory method to bean named 'management.observations-org.springframework.boot.actuate.autoconfigure.observation.ObservationProperties'
2024-10-18T18:59:05.950+03:00 DEBUG [,,] 14780 --- [main] [                                                 ] o.s.b.f.s.DefaultListableBeanFactory     : Autowiring by type from bean name 'metricsHttpClientUriTagFilter' via factory method to bean named 'management.metrics-org.springframework.boot.actuate.autoconfigure.metrics.MetricsProperties'
2024-10-18T18:59:05.952+03:00 DEBUG [,,] 14780 --- [main] [                                                 ] o.s.b.f.s.DefaultListableBeanFactory     : Creating shared instance of singleton bean 'metricsHttpServerUriTagFilter'
2024-10-18T18:59:05.952+03:00 DEBUG [,,] 14780 --- [main] [                                                 ] o.s.b.f.s.DefaultListableBeanFactory     : Creating shared instance of singleton bean 'org.springframework.boot.actuate.autoconfigure.observation.web.servlet.WebMvcObservationAutoConfiguration$MeterFilterConfiguration'
2024-10-18T18:59:05.954+03:00 DEBUG [,,] 14780 --- [main] [                                                 ] o.s.b.f.s.DefaultListableBeanFactory     : Autowiring by type from bean name 'metricsHttpServerUriTagFilter' via factory method to bean named 'management.observations-org.springframework.boot.actuate.autoconfigure.observation.ObservationProperties'
2024-10-18T18:59:05.954+03:00 DEBUG [,,] 14780 --- [main] [                                                 ] o.s.b.f.s.DefaultListableBeanFactory     : Autowiring by type from bean name 'metricsHttpServerUriTagFilter' via factory method to bean named 'management.metrics-org.springframework.boot.actuate.autoconfigure.metrics.MetricsProperties'
2024-10-18T18:59:05.957+03:00 DEBUG [,,] 14780 --- [main] [                                                 ] o.s.b.f.s.DefaultListableBeanFactory     : Autowiring by type from bean name 'tracingAwareMeterObservationHandler' via factory method to bean named 'prometheusMeterRegistry'
2024-10-18T18:59:05.957+03:00 DEBUG [,,] 14780 --- [main] [                                                 ] o.s.b.f.s.DefaultListableBeanFactory     : Autowiring by type from bean name 'tracingAwareMeterObservationHandler' via factory method to bean named 'braveTracerBridge'
2024-10-18T18:59:05.957+03:00 DEBUG [,,] 14780 --- [main] [                                                 ] o.s.b.f.s.DefaultListableBeanFactory     : Autowiring by type from bean name 'tracingAwareMeterObservationHandler' via factory method to bean named 'management.observations-org.springframework.boot.actuate.autoconfigure.observation.ObservationProperties'
2024-10-18T18:59:05.962+03:00 DEBUG [,,] 14780 --- [main] [                                                 ] o.s.b.f.s.DefaultListableBeanFactory     : Autowiring by type from bean name 'webMvcObservationFilter' via factory method to bean named 'observationRegistry'
2024-10-18T18:59:05.962+03:00 DEBUG [,,] 14780 --- [main] [                                                 ] o.s.b.f.s.DefaultListableBeanFactory     : Autowiring by type from bean name 'webMvcObservationFilter' via factory method to bean named 'management.observations-org.springframework.boot.actuate.autoconfigure.observation.ObservationProperties'
2024-10-18T18:59:05.969+03:00 DEBUG [,,] 14780 --- [main] [                                                 ] o.s.b.f.s.DefaultListableBeanFactory     : Creating shared instance of singleton bean 'servletEndpointRegistrar'
2024-10-18T18:59:05.969+03:00 DEBUG [,,] 14780 --- [main] [                                                 ] o.s.b.f.s.DefaultListableBeanFactory     : Creating shared instance of singleton bean 'org.springframework.boot.actuate.autoconfigure.endpoint.web.ServletEndpointManagementContextConfiguration$WebMvcServletEndpointManagementContextConfiguration'
2024-10-18T18:59:05.970+03:00 DEBUG [,,] 14780 --- [main] [                                                 ] o.s.b.f.s.DefaultListableBeanFactory     : Creating shared instance of singleton bean 'management.endpoints.web-org.springframework.boot.actuate.autoconfigure.endpoint.web.WebEndpointProperties'
2024-10-18T18:59:05.974+03:00 DEBUG [,,] 14780 --- [main] [                                                 ] o.s.b.f.s.DefaultListableBeanFactory     : Creating shared instance of singleton bean 'servletEndpointDiscoverer'
2024-10-18T18:59:05.974+03:00 DEBUG [,,] 14780 --- [main] [                                                 ] o.s.b.f.s.DefaultListableBeanFactory     : Creating shared instance of singleton bean 'org.springframework.boot.actuate.autoconfigure.endpoint.web.WebEndpointAutoConfiguration$WebEndpointServletConfiguration'
2024-10-18T18:59:05.975+03:00 DEBUG [,,] 14780 --- [main] [                                                 ] o.s.b.f.s.DefaultListableBeanFactory     : Autowiring by type from bean name 'servletEndpointDiscoverer' via factory method to bean named 'org.springframework.boot.web.servlet.context.AnnotationConfigServletWebServerApplicationContext@3a3e4aff'
2024-10-18T18:59:05.976+03:00 DEBUG [,,] 14780 --- [main] [                                                 ] o.s.b.f.s.DefaultListableBeanFactory     : Creating shared instance of singleton bean 'webEndpointPathMapper'
2024-10-18T18:59:05.976+03:00 DEBUG [,,] 14780 --- [main] [                                                 ] o.s.b.f.s.DefaultListableBeanFactory     : Creating shared instance of singleton bean 'org.springframework.boot.actuate.autoconfigure.endpoint.web.WebEndpointAutoConfiguration'
2024-10-18T18:59:05.977+03:00 DEBUG [,,] 14780 --- [main] [                                                 ] o.s.b.f.s.DefaultListableBeanFactory     : Autowiring by type from bean name 'org.springframework.boot.actuate.autoconfigure.endpoint.web.WebEndpointAutoConfiguration' via constructor to bean named 'org.springframework.boot.web.servlet.context.AnnotationConfigServletWebServerApplicationContext@3a3e4aff'
2024-10-18T18:59:05.977+03:00 DEBUG [,,] 14780 --- [main] [                                                 ] o.s.b.f.s.DefaultListableBeanFactory     : Autowiring by type from bean name 'org.springframework.boot.actuate.autoconfigure.endpoint.web.WebEndpointAutoConfiguration' via constructor to bean named 'management.endpoints.web-org.springframework.boot.actuate.autoconfigure.endpoint.web.WebEndpointProperties'
2024-10-18T18:59:05.982+03:00 DEBUG [,,] 14780 --- [main] [                                                 ] o.s.b.f.s.DefaultListableBeanFactory     : Creating shared instance of singleton bean 'servletExposeExcludePropertyEndpointFilter'
2024-10-18T18:59:05.983+03:00 DEBUG [,,] 14780 --- [main] [                                                 ] o.s.b.f.s.DefaultListableBeanFactory     : Creating shared instance of singleton bean 'org.springframework.boot.actuate.autoconfigure.endpoint.web.ServletEndpointManagementContextConfiguration'
2024-10-18T18:59:05.984+03:00 DEBUG [,,] 14780 --- [main] [                                                 ] o.s.b.f.s.DefaultListableBeanFactory     : Autowiring by type from bean name 'servletExposeExcludePropertyEndpointFilter' via factory method to bean named 'management.endpoints.web-org.springframework.boot.actuate.autoconfigure.endpoint.web.WebEndpointProperties'
2024-10-18T18:59:05.989+03:00 DEBUG [,,] 14780 --- [main] [                                                 ] o.s.b.f.s.DefaultListableBeanFactory     : Autowiring by type from bean name 'servletEndpointRegistrar' via factory method to bean named 'management.endpoints.web-org.springframework.boot.actuate.autoconfigure.endpoint.web.WebEndpointProperties'
2024-10-18T18:59:05.989+03:00 DEBUG [,,] 14780 --- [main] [                                                 ] o.s.b.f.s.DefaultListableBeanFactory     : Autowiring by type from bean name 'servletEndpointRegistrar' via factory method to bean named 'servletEndpointDiscoverer'
2024-10-18T18:59:05.989+03:00 DEBUG [,,] 14780 --- [main] [                                                 ] o.s.b.f.s.DefaultListableBeanFactory     : Autowiring by type from bean name 'servletEndpointRegistrar' via factory method to bean named 'dispatcherServletRegistration'
2024-10-18T18:59:05.997+03:00 DEBUG [,,] 14780 --- [main] [                                                 ] o.s.b.f.s.DefaultListableBeanFactory     : Creating shared instance of singleton bean 'requestContextFilter'
2024-10-18T18:59:06.000+03:00 DEBUG [,,] 14780 --- [main] [                                                 ] o.s.b.f.s.DefaultListableBeanFactory     : Creating shared instance of singleton bean 'formContentFilter'
2024-10-18T18:59:06.000+03:00 DEBUG [,,] 14780 --- [main] [                                                 ] o.s.b.f.s.DefaultListableBeanFactory     : Creating shared instance of singleton bean 'org.springframework.boot.autoconfigure.web.servlet.WebMvcAutoConfiguration'
2024-10-18T18:59:06.003+03:00 DEBUG [,,] 14780 --- [main] [                                                 ] o.s.b.f.s.DefaultListableBeanFactory     : Creating shared instance of singleton bean 'characterEncodingFilter'
2024-10-18T18:59:06.008+03:00 DEBUG [,,] 14780 --- [main] [                                                 ] o.s.b.w.s.ServletContextInitializerBeans : Mapping filters: webMvcObservationFilter urls=[/*] order=-2147483647, characterEncodingFilter urls=[/*] order=-2147483648, formContentFilter urls=[/*] order=-9900, requestContextFilter urls=[/*] order=-105
2024-10-18T18:59:06.008+03:00 DEBUG [,,] 14780 --- [main] [                                                 ] o.s.b.w.s.ServletContextInitializerBeans : Mapping servlets: dispatcherServlet urls=[/]
2024-10-18T18:59:06.011+03:00 DEBUG [,,] 14780 --- [main] [                                                 ] org.apache.catalina.core.ContainerBase   : Add container child [StandardWrapper[dispatcherServlet]] to container [StandardEngine[Tomcat].StandardHost[localhost].TomcatEmbeddedContext[]]
2024-10-18T18:59:06.023+03:00 DEBUG [,,] 14780 --- [main] [                                                 ] o.s.b.w.s.f.OrderedRequestContextFilter  : Filter 'requestContextFilter' configured for use
2024-10-18T18:59:06.027+03:00 DEBUG [,,] 14780 --- [main] [                                                 ] o.s.w.f.ServerHttpObservationFilter      : Filter 'webMvcObservationFilter' configured for use
2024-10-18T18:59:06.027+03:00 DEBUG [,,] 14780 --- [main] [                                                 ] s.b.w.s.f.OrderedCharacterEncodingFilter : Filter 'characterEncodingFilter' configured for use
2024-10-18T18:59:06.027+03:00 DEBUG [,,] 14780 --- [main] [                                                 ] o.s.b.w.s.f.OrderedFormContentFilter     : Filter 'formContentFilter' configured for use
2024-10-18T18:59:06.029+03:00 DEBUG [,,] 14780 --- [main] [                                                 ] org.apache.catalina.mapper.Mapper        : Registered host [localhost]
2024-10-18T18:59:06.029+03:00 DEBUG [,,] 14780 --- [main] [                                                 ] o.apache.catalina.mapper.MapperListener  : Register Wrapper [dispatcherServlet] in Context [] for service [StandardService[Tomcat]]
2024-10-18T18:59:06.029+03:00 DEBUG [,,] 14780 --- [main] [                                                 ] o.apache.catalina.mapper.MapperListener  : Register Context [] for service [StandardService[Tomcat]]
2024-10-18T18:59:06.029+03:00 DEBUG [,,] 14780 --- [main] [                                                 ] o.apache.catalina.mapper.MapperListener  : Register host [localhost] at domain [null] for service [StandardService[Tomcat]]
2024-10-18T18:59:06.033+03:00 DEBUG [,,] 14780 --- [main] [                                                 ] o.s.b.f.s.DefaultListableBeanFactory     : Creating shared instance of singleton bean 'dataSourceScriptDatabaseInitializer'
2024-10-18T18:59:06.033+03:00 DEBUG [,,] 14780 --- [main] [                                                 ] o.s.b.f.s.DefaultListableBeanFactory     : Creating shared instance of singleton bean 'org.springframework.boot.autoconfigure.sql.init.DataSourceInitializationConfiguration'
2024-10-18T18:59:06.034+03:00 DEBUG [,,] 14780 --- [main] [                                                 ] o.s.b.f.s.DefaultListableBeanFactory     : Creating shared instance of singleton bean 'dataSource'
2024-10-18T18:59:06.034+03:00 DEBUG [,,] 14780 --- [main] [                                                 ] o.s.b.f.s.DefaultListableBeanFactory     : Creating shared instance of singleton bean 'org.springframework.boot.autoconfigure.jdbc.DataSourceConfiguration$Hikari'
2024-10-18T18:59:06.035+03:00 DEBUG [,,] 14780 --- [main] [                                                 ] o.s.b.f.s.DefaultListableBeanFactory     : Creating shared instance of singleton bean 'spring.datasource-org.springframework.boot.autoconfigure.jdbc.DataSourceProperties'
2024-10-18T18:59:06.039+03:00 DEBUG [,,] 14780 --- [main] [                                                 ] o.s.b.f.s.DefaultListableBeanFactory     : Creating shared instance of singleton bean 'jdbcConnectionDetails'
2024-10-18T18:59:06.039+03:00 DEBUG [,,] 14780 --- [main] [                                                 ] o.s.b.f.s.DefaultListableBeanFactory     : Creating shared instance of singleton bean 'org.springframework.boot.autoconfigure.jdbc.DataSourceAutoConfiguration$PooledDataSourceConfiguration'
2024-10-18T18:59:06.040+03:00 DEBUG [,,] 14780 --- [main] [                                                 ] o.s.b.f.s.DefaultListableBeanFactory     : Autowiring by type from bean name 'jdbcConnectionDetails' via factory method to bean named 'spring.datasource-org.springframework.boot.autoconfigure.jdbc.DataSourceProperties'
2024-10-18T18:59:06.041+03:00 DEBUG [,,] 14780 --- [main] [                                                 ] o.s.b.f.s.DefaultListableBeanFactory     : Autowiring by type from bean name 'dataSource' via factory method to bean named 'spring.datasource-org.springframework.boot.autoconfigure.jdbc.DataSourceProperties'
2024-10-18T18:59:06.041+03:00 DEBUG [,,] 14780 --- [main] [                                                 ] o.s.b.f.s.DefaultListableBeanFactory     : Autowiring by type from bean name 'dataSource' via factory method to bean named 'jdbcConnectionDetails'
2024-10-18T18:59:06.043+03:00 DEBUG [,,] 14780 --- [main] [                                                 ] com.zaxxer.hikari.HikariConfig           : Driver class com.mysql.cj.jdbc.Driver found in Thread context class loader jdk.internal.loader.ClassLoaders$AppClassLoader@1d44bcfa
2024-10-18T18:59:06.056+03:00 DEBUG [,,] 14780 --- [main] [                                                 ] o.s.b.f.s.DefaultListableBeanFactory     : Creating shared instance of singleton bean 'spring.sql.init-org.springframework.boot.autoconfigure.sql.init.SqlInitializationProperties'
2024-10-18T18:59:06.058+03:00 DEBUG [,,] 14780 --- [main] [                                                 ] o.s.b.f.s.DefaultListableBeanFactory     : Autowiring by type from bean name 'dataSourceScriptDatabaseInitializer' via factory method to bean named 'dataSource'
2024-10-18T18:59:06.058+03:00 DEBUG [,,] 14780 --- [main] [                                                 ] o.s.b.f.s.DefaultListableBeanFactory     : Autowiring by type from bean name 'dataSourceScriptDatabaseInitializer' via factory method to bean named 'spring.sql.init-org.springframework.boot.autoconfigure.sql.init.SqlInitializationProperties'
2024-10-18T18:59:06.061+03:00 DEBUG [,,] 14780 --- [main] [                                                 ] o.s.b.f.s.DefaultListableBeanFactory     : Creating shared instance of singleton bean 'entityManagerFactory'
2024-10-18T18:59:06.061+03:00 DEBUG [,,] 14780 --- [main] [                                                 ] o.s.b.f.s.DefaultListableBeanFactory     : Creating shared instance of singleton bean 'org.springframework.boot.autoconfigure.orm.jpa.HibernateJpaConfiguration'
2024-10-18T18:59:06.062+03:00 DEBUG [,,] 14780 --- [main] [                                                 ] o.s.b.f.s.DefaultListableBeanFactory     : Creating shared instance of singleton bean 'spring.jpa-org.springframework.boot.autoconfigure.orm.jpa.JpaProperties'
2024-10-18T18:59:06.065+03:00 DEBUG [,,] 14780 --- [main] [                                                 ] o.s.b.f.s.DefaultListableBeanFactory     : Creating shared instance of singleton bean 'spring.jpa.hibernate-org.springframework.boot.autoconfigure.orm.jpa.HibernateProperties'
2024-10-18T18:59:06.067+03:00 DEBUG [,,] 14780 --- [main] [                                                 ] o.s.b.f.s.DefaultListableBeanFactory     : Autowiring by type from bean name 'org.springframework.boot.autoconfigure.orm.jpa.HibernateJpaConfiguration' via constructor to bean named 'dataSource'
2024-10-18T18:59:06.067+03:00 DEBUG [,,] 14780 --- [main] [                                                 ] o.s.b.f.s.DefaultListableBeanFactory     : Autowiring by type from bean name 'org.springframework.boot.autoconfigure.orm.jpa.HibernateJpaConfiguration' via constructor to bean named 'spring.jpa-org.springframework.boot.autoconfigure.orm.jpa.JpaProperties'
2024-10-18T18:59:06.067+03:00 DEBUG [,,] 14780 --- [main] [                                                 ] o.s.b.f.s.DefaultListableBeanFactory     : Autowiring by type from bean name 'org.springframework.boot.autoconfigure.orm.jpa.HibernateJpaConfiguration' via constructor to bean named 'org.springframework.beans.factory.support.DefaultListableBeanFactory@49f5c307'
2024-10-18T18:59:06.067+03:00 DEBUG [,,] 14780 --- [main] [                                                 ] o.s.b.f.s.DefaultListableBeanFactory     : Autowiring by type from bean name 'org.springframework.boot.autoconfigure.orm.jpa.HibernateJpaConfiguration' via constructor to bean named 'spring.jpa.hibernate-org.springframework.boot.autoconfigure.orm.jpa.HibernateProperties'
2024-10-18T18:59:06.068+03:00 DEBUG [,,] 14780 --- [main] [                                                 ] o.s.b.f.s.DefaultListableBeanFactory     : Creating shared instance of singleton bean 'hikariPoolDataSourceMetadataProvider'
2024-10-18T18:59:06.068+03:00 DEBUG [,,] 14780 --- [main] [                                                 ] o.s.b.f.s.DefaultListableBeanFactory     : Creating shared instance of singleton bean 'org.springframework.boot.autoconfigure.jdbc.metadata.DataSourcePoolMetadataProvidersConfiguration$HikariPoolDataSourceMetadataProviderConfiguration'
2024-10-18T18:59:06.072+03:00 DEBUG [,,] 14780 --- [main] [                                                 ] o.s.b.f.s.DefaultListableBeanFactory     : Creating shared instance of singleton bean 'entityManagerFactoryBuilder'
2024-10-18T18:59:06.073+03:00 DEBUG [,,] 14780 --- [main] [                                                 ] o.s.b.f.s.DefaultListableBeanFactory     : Creating shared instance of singleton bean 'jpaVendorAdapter'
2024-10-18T18:59:06.082+03:00 DEBUG [,,] 14780 --- [main] [                                                 ] org.jboss.logging                        : Logging Provider: org.jboss.logging.Slf4jLoggerProvider found via system property
2024-10-18T18:59:06.085+03:00 DEBUG [,,] 14780 --- [main] [                                                 ] o.s.b.f.s.DefaultListableBeanFactory     : Autowiring by type from bean name 'entityManagerFactoryBuilder' via factory method to bean named 'jpaVendorAdapter'
2024-10-18T18:59:06.087+03:00 DEBUG [,,] 14780 --- [main] [                                                 ] o.s.b.f.s.DefaultListableBeanFactory     : Creating shared instance of singleton bean 'persistenceManagedTypes'
2024-10-18T18:59:06.088+03:00 DEBUG [,,] 14780 --- [main] [                                                 ] o.s.b.f.s.DefaultListableBeanFactory     : Autowiring by type from bean name 'persistenceManagedTypes' via factory method to bean named 'org.springframework.beans.factory.support.DefaultListableBeanFactory@49f5c307'
2024-10-18T18:59:06.088+03:00 DEBUG [,,] 14780 --- [main] [                                                 ] o.s.b.f.s.DefaultListableBeanFactory     : Autowiring by type from bean name 'persistenceManagedTypes' via factory method to bean named 'org.springframework.boot.web.servlet.context.AnnotationConfigServletWebServerApplicationContext@3a3e4aff'
2024-10-18T18:59:06.095+03:00 DEBUG [,,] 14780 --- [main] [                                                 ] o.s.b.f.s.DefaultListableBeanFactory     : Autowiring by type from bean name 'entityManagerFactory' via factory method to bean named 'entityManagerFactoryBuilder'
2024-10-18T18:59:06.095+03:00 DEBUG [,,] 14780 --- [main] [                                                 ] o.s.b.f.s.DefaultListableBeanFactory     : Autowiring by type from bean name 'entityManagerFactory' via factory method to bean named 'persistenceManagedTypes'
2024-10-18T18:59:06.102+03:00 DEBUG [,,] 14780 --- [main] [                                                 ] j.LocalContainerEntityManagerFactoryBean : Building JPA container EntityManagerFactory for persistence unit 'default'
2024-10-18T18:59:06.105+03:00 DEBUG [,,] 14780 --- [RMI TCP Connection(1)-192.168.0.104] [                                                 ] sun.rmi.transport.tcp                    : RMI TCP Connection(1)-192.168.0.104: (port 53343) op = 82
2024-10-18T18:59:06.105+03:00 DEBUG [,,] 14780 --- [RMI TCP Connection(1)-192.168.0.104] [                                                 ] sun.rmi.transport.tcp                    : RMI TCP Connection(1)-192.168.0.104: (port 53343) op = 80
2024-10-18T18:59:06.106+03:00 DEBUG [,,] 14780 --- [RMI TCP Connection(1)-192.168.0.104] [                                                 ] sun.rmi.transport.tcp                    : RMI TCP Connection(1)-192.168.0.104: (port 53343) op = 82
2024-10-18T18:59:06.106+03:00 DEBUG [,,] 14780 --- [RMI TCP Connection(1)-192.168.0.104] [                                                 ] sun.rmi.transport.tcp                    : RMI TCP Connection(1)-192.168.0.104: (port 53343) op = 80
2024-10-18T18:59:06.106+03:00 DEBUG [,,] 14780 --- [RMI TCP Connection(1)-192.168.0.104] [                                                 ] sun.rmi.loader                           : RMI TCP Connection(1)-192.168.0.104: name = "[Ljava.rmi.server.ObjID;", codebase = "", defaultLoader = jdk.internal.loader.ClassLoaders$PlatformClassLoader@67a5978a
2024-10-18T18:59:06.106+03:00 DEBUG [,,] 14780 --- [RMI TCP Connection(1)-192.168.0.104] [                                                 ] sun.rmi.loader                           : RMI TCP Connection(1)-192.168.0.104: name = "java.rmi.server.ObjID", codebase = "", defaultLoader = jdk.internal.loader.ClassLoaders$PlatformClassLoader@67a5978a
2024-10-18T18:59:06.106+03:00 DEBUG [,,] 14780 --- [RMI TCP Connection(1)-192.168.0.104] [                                                 ] sun.rmi.loader                           : RMI TCP Connection(1)-192.168.0.104: name = "java.rmi.server.UID", codebase = "", defaultLoader = jdk.internal.loader.ClassLoaders$PlatformClassLoader@67a5978a
2024-10-18T18:59:06.106+03:00 DEBUG [,,] 14780 --- [RMI TCP Connection(1)-192.168.0.104] [                                                 ] sun.rmi.loader                           : RMI TCP Connection(1)-192.168.0.104: name = "java.rmi.dgc.Lease", codebase = "", defaultLoader = jdk.internal.loader.ClassLoaders$PlatformClassLoader@67a5978a
2024-10-18T18:59:06.107+03:00 DEBUG [,,] 14780 --- [RMI TCP Connection(1)-192.168.0.104] [                                                 ] sun.rmi.loader                           : RMI TCP Connection(1)-192.168.0.104: name = "java.rmi.dgc.VMID", codebase = "", defaultLoader = jdk.internal.loader.ClassLoaders$PlatformClassLoader@67a5978a
2024-10-18T18:59:06.107+03:00 DEBUG [,,] 14780 --- [RMI TCP Connection(1)-192.168.0.104] [                                                 ] sun.rmi.loader                           : RMI TCP Connection(1)-192.168.0.104: name = "[B", codebase = "", defaultLoader = jdk.internal.loader.ClassLoaders$PlatformClassLoader@67a5978a
2024-10-18T18:59:06.107+03:00 DEBUG [,,] 14780 --- [RMI TCP Connection(1)-192.168.0.104] [                                                 ] sun.rmi.transport.tcp                    : RMI TCP Connection(1)-192.168.0.104: (port 53343) op = 82
2024-10-18T18:59:06.107+03:00 DEBUG [,,] 14780 --- [RMI TCP Connection(1)-192.168.0.104] [                                                 ] sun.rmi.transport.tcp                    : RMI TCP Connection(1)-192.168.0.104: (port 53343) op = 84
2024-10-18T18:59:06.107+03:00 DEBUG [,,] 14780 --- [RMI TCP Connection(1)-192.168.0.104] [                                                 ] sun.rmi.transport.tcp                    : RMI TCP Connection(1)-192.168.0.104: (port 53343) op = 82
2024-10-18T18:59:06.108+03:00 DEBUG [,,] 14780 --- [RMI TCP Connection(1)-192.168.0.104] [                                                 ] sun.rmi.transport.tcp                    : RMI TCP Connection(1)-192.168.0.104: (port 53343) op = 80
2024-10-18T18:59:06.108+03:00 DEBUG [,,] 14780 --- [RMI TCP Connection(1)-192.168.0.104] [                                                 ] sun.rmi.transport.tcp                    : RMI TCP Connection(1)-192.168.0.104: (port 53343) op = 82
2024-10-18T18:59:06.108+03:00 DEBUG [,,] 14780 --- [RMI TCP Connection(1)-192.168.0.104] [                                                 ] sun.rmi.transport.tcp                    : RMI TCP Connection(1)-192.168.0.104: (port 53343) op = 80
2024-10-18T18:59:06.108+03:00 DEBUG [,,] 14780 --- [RMI TCP Connection(1)-192.168.0.104] [                                                 ] sun.rmi.loader                           : RMI TCP Connection(1)-192.168.0.104: name = "javax.management.ObjectName", codebase = ""
2024-10-18T18:59:06.108+03:00 DEBUG [,,] 14780 --- [RMI TCP Connection(1)-192.168.0.104] [                                                 ] javax.management.remote.rmi              : connectionId=rmi://192.168.0.104  3, name=org.springframework.boot:type=Admin,name=SpringApplication, attribute=Ready
2024-10-18T18:59:06.108+03:00 DEBUG [,,] 14780 --- [RMI TCP Connection(1)-192.168.0.104] [                                                 ] sun.rmi.server.call                      : RMI TCP Connection(1)-192.168.0.104: [192.168.0.104] exception: 

javax.management.InstanceNotFoundException: org.springframework.boot:type=Admin,name=SpringApplication
	at java.management/com.sun.jmx.interceptor.DefaultMBeanServerInterceptor.getMBean(DefaultMBeanServerInterceptor.java:1088) ~[na:na]
	at java.management/com.sun.jmx.interceptor.DefaultMBeanServerInterceptor.getAttribute(DefaultMBeanServerInterceptor.java:640) ~[na:na]
	at java.management/com.sun.jmx.mbeanserver.JmxMBeanServer.getAttribute(JmxMBeanServer.java:679) ~[na:na]
	at java.management.rmi/javax.management.remote.rmi.RMIConnectionImpl.doOperation(RMIConnectionImpl.java:1449) ~[na:na]
	at java.management.rmi/javax.management.remote.rmi.RMIConnectionImpl$PrivilegedOperation.run(RMIConnectionImpl.java:1310) ~[na:na]
	at java.management.rmi/javax.management.remote.rmi.RMIConnectionImpl.doPrivilegedOperation(RMIConnectionImpl.java:1405) ~[na:na]
	at java.management.rmi/javax.management.remote.rmi.RMIConnectionImpl.getAttribute(RMIConnectionImpl.java:639) ~[na:na]
	at java.base/jdk.internal.reflect.NativeMethodAccessorImpl.invoke0(Native Method) ~[na:na]
	at java.base/jdk.internal.reflect.NativeMethodAccessorImpl.invoke(NativeMethodAccessorImpl.java:77) ~[na:na]
	at java.base/jdk.internal.reflect.DelegatingMethodAccessorImpl.invoke(DelegatingMethodAccessorImpl.java:43) ~[na:na]
	at java.base/java.lang.reflect.Method.invoke(Method.java:568) ~[na:na]
	at java.rmi/sun.rmi.server.UnicastServerRef.dispatch(UnicastServerRef.java:360) ~[na:na]
	at java.rmi/sun.rmi.transport.Transport$1.run(Transport.java:200) ~[na:na]
	at java.rmi/sun.rmi.transport.Transport$1.run(Transport.java:197) ~[na:na]
	at java.base/java.security.AccessController.doPrivileged(AccessController.java:712) ~[na:na]
	at java.rmi/sun.rmi.transport.Transport.serviceCall(Transport.java:196) ~[na:na]
	at java.rmi/sun.rmi.transport.tcp.TCPTransport.handleMessages(TCPTransport.java:587) ~[na:na]
	at java.rmi/sun.rmi.transport.tcp.TCPTransport$ConnectionHandler.run0(TCPTransport.java:828) ~[na:na]
	at java.rmi/sun.rmi.transport.tcp.TCPTransport$ConnectionHandler.lambda$run$0(TCPTransport.java:705) ~[na:na]
	at java.base/java.security.AccessController.doPrivileged(AccessController.java:399) ~[na:na]
	at java.rmi/sun.rmi.transport.tcp.TCPTransport$ConnectionHandler.run(TCPTransport.java:704) ~[na:na]
	at java.base/java.util.concurrent.ThreadPoolExecutor.runWorker(ThreadPoolExecutor.java:1136) ~[na:na]
	at java.base/java.util.concurrent.ThreadPoolExecutor$Worker.run(ThreadPoolExecutor.java:635) ~[na:na]
	at java.base/java.lang.Thread.run(Thread.java:833) ~[na:na]

2024-10-18T18:59:06.109+03:00 DEBUG [,,] 14780 --- [RMI TCP Connection(1)-192.168.0.104] [                                                 ] sun.rmi.transport.tcp                    : RMI TCP Connection(1)-192.168.0.104: (port 53343) op = 82
2024-10-18T18:59:06.109+03:00 DEBUG [,,] 14780 --- [RMI TCP Connection(1)-192.168.0.104] [                                                 ] sun.rmi.transport.tcp                    : RMI TCP Connection(1)-192.168.0.104: (port 53343) op = 80
2024-10-18T18:59:06.110+03:00 DEBUG [,,] 14780 --- [RMI TCP Connection(1)-192.168.0.104] [                                                 ] javax.management.remote.rmi              : [javax.management.remote.rmi.RMIConnectionImpl@4eaed30: connectionId=rmi://192.168.0.104  3] closing.
2024-10-18T18:59:06.110+03:00 DEBUG [,,] 14780 --- [RMI TCP Connection(1)-192.168.0.104] [                                                 ] javax.management.remote.rmi              : [javax.management.remote.rmi.RMIConnectionImpl@4eaed30: connectionId=rmi://192.168.0.104  3] closed.
2024-10-18T18:59:06.112+03:00 DEBUG [,,] 14780 --- [main] [                                                 ] o.hibernate.jpa.internal.util.LogHelper  : PersistenceUnitInfo [
	name: default
	persistence provider classname: null
	classloader: jdk.internal.loader.ClassLoaders$AppClassLoader@1d44bcfa
	excludeUnlistedClasses: true
	JTA datasource: null
	Non JTA datasource: HikariDataSource (null)
	Transaction type: RESOURCE_LOCAL
	PU root URL: file:/C:/Users/denis/OneDrive/Desktop/myCode/kibana_deploy_template/target/classes/
	Shared Cache Mode: UNSPECIFIED
	Validation Mode: AUTO
	Jar files URLs []
	Managed classes names [
		com.example.kibana_deploy_template.user.model.User]
	Mapping files names []
	Properties []
2024-10-18T18:59:06.118+03:00 DEBUG [,,] 14780 --- [main] [                                                 ] o.h.i.internal.IntegratorServiceImpl     : Adding Integrator [org.hibernate.boot.beanvalidation.BeanValidationIntegrator].
2024-10-18T18:59:06.118+03:00 DEBUG [,,] 14780 --- [main] [                                                 ] o.h.i.internal.IntegratorServiceImpl     : Adding Integrator [org.hibernate.cache.internal.CollectionCacheInvalidator].
2024-10-18T18:59:06.141+03:00  INFO [,,] 14780 --- [main] [                                                 ] org.hibernate.Version                    : HHH000412: Hibernate ORM core version 6.5.3.Final
2024-10-18T18:59:06.141+03:00 DEBUG [,,] 14780 --- [main] [                                                 ] org.hibernate.cfg.Environment            : HHH000206: 'hibernate.properties' not found
2024-10-18T18:59:06.153+03:00 DEBUG [,,] 14780 --- [main] [                                                 ] org.hibernate.orm.idgen.factory          : Registering IdentifierGenerator strategy [uuid2] -> [org.hibernate.id.UUIDGenerator]
2024-10-18T18:59:06.153+03:00 DEBUG [,,] 14780 --- [main] [                                                 ] org.hibernate.orm.idgen.factory          : Registering IdentifierGenerator strategy [guid] -> [org.hibernate.id.GUIDGenerator]
2024-10-18T18:59:06.154+03:00 DEBUG [,,] 14780 --- [main] [                                                 ] org.hibernate.orm.idgen.factory          : Registering IdentifierGenerator strategy [uuid] -> [org.hibernate.id.UUIDHexGenerator]
2024-10-18T18:59:06.154+03:00 DEBUG [,,] 14780 --- [main] [                                                 ] org.hibernate.orm.idgen.factory          : Registering IdentifierGenerator strategy [uuid.hex] -> [org.hibernate.id.UUIDHexGenerator]
2024-10-18T18:59:06.154+03:00 DEBUG [,,] 14780 --- [main] [                                                 ] org.hibernate.orm.idgen.factory          : Registering IdentifierGenerator strategy [assigned] -> [org.hibernate.id.Assigned]
2024-10-18T18:59:06.154+03:00 DEBUG [,,] 14780 --- [main] [                                                 ] org.hibernate.orm.idgen.factory          : Registering IdentifierGenerator strategy [identity] -> [org.hibernate.id.IdentityGenerator]
2024-10-18T18:59:06.154+03:00 DEBUG [,,] 14780 --- [main] [                                                 ] org.hibernate.orm.idgen.factory          : Registering IdentifierGenerator strategy [select] -> [org.hibernate.id.SelectGenerator]
2024-10-18T18:59:06.155+03:00 DEBUG [,,] 14780 --- [main] [                                                 ] org.hibernate.orm.idgen.factory          : Registering IdentifierGenerator strategy [sequence] -> [org.hibernate.id.enhanced.SequenceStyleGenerator]
2024-10-18T18:59:06.155+03:00 DEBUG [,,] 14780 --- [main] [                                                 ] org.hibernate.orm.idgen.factory          : Registering IdentifierGenerator strategy [increment] -> [org.hibernate.id.IncrementGenerator]
2024-10-18T18:59:06.156+03:00 DEBUG [,,] 14780 --- [main] [                                                 ] org.hibernate.orm.idgen.factory          : Registering IdentifierGenerator strategy [foreign] -> [org.hibernate.id.ForeignGenerator]
2024-10-18T18:59:06.156+03:00 DEBUG [,,] 14780 --- [main] [                                                 ] org.hibernate.orm.idgen.factory          : Registering IdentifierGenerator strategy [enhanced-sequence] -> [org.hibernate.id.enhanced.SequenceStyleGenerator]
2024-10-18T18:59:06.157+03:00 DEBUG [,,] 14780 --- [main] [                                                 ] org.hibernate.orm.idgen.factory          : Registering IdentifierGenerator strategy [enhanced-table] -> [org.hibernate.id.enhanced.TableGenerator]
2024-10-18T18:59:06.160+03:00 DEBUG [,,] 14780 --- [main] [                                                 ] o.h.c.internal.RegionFactoryInitiator    : Cannot default RegionFactory based on registered strategies as `[]` RegionFactory strategies were registered
2024-10-18T18:59:06.161+03:00  INFO [,,] 14780 --- [main] [                                                 ] o.h.c.internal.RegionFactoryInitiator    : HHH000026: Second-level cache disabled
2024-10-18T18:59:06.207+03:00 DEBUG [,,] 14780 --- [main] [                                                 ] org.hibernate.type.BasicTypeRegistry     : Adding type registration boolean -> org.hibernate.type.BasicTypeReference@186f7434
2024-10-18T18:59:06.207+03:00 DEBUG [,,] 14780 --- [main] [                                                 ] org.hibernate.type.BasicTypeRegistry     : Adding type registration boolean -> org.hibernate.type.BasicTypeReference@186f7434
2024-10-18T18:59:06.207+03:00 DEBUG [,,] 14780 --- [main] [                                                 ] org.hibernate.type.BasicTypeRegistry     : Adding type registration java.lang.Boolean -> org.hibernate.type.BasicTypeReference@186f7434
2024-10-18T18:59:06.207+03:00 DEBUG [,,] 14780 --- [main] [                                                 ] org.hibernate.type.BasicTypeRegistry     : Adding type registration numeric_boolean -> org.hibernate.type.BasicTypeReference@2374452a
2024-10-18T18:59:06.207+03:00 DEBUG [,,] 14780 --- [main] [                                                 ] org.hibernate.type.BasicTypeRegistry     : Adding type registration org.hibernate.type.NumericBooleanConverter -> org.hibernate.type.BasicTypeReference@2374452a
2024-10-18T18:59:06.207+03:00 DEBUG [,,] 14780 --- [main] [                                                 ] org.hibernate.type.BasicTypeRegistry     : Adding type registration true_false -> org.hibernate.type.BasicTypeReference@6ffc6ea7
2024-10-18T18:59:06.207+03:00 DEBUG [,,] 14780 --- [main] [                                                 ] org.hibernate.type.BasicTypeRegistry     : Adding type registration org.hibernate.type.TrueFalseConverter -> org.hibernate.type.BasicTypeReference@6ffc6ea7
2024-10-18T18:59:06.208+03:00 DEBUG [,,] 14780 --- [main] [                                                 ] org.hibernate.type.BasicTypeRegistry     : Adding type registration yes_no -> org.hibernate.type.BasicTypeReference@2c5708e7
2024-10-18T18:59:06.208+03:00 DEBUG [,,] 14780 --- [main] [                                                 ] org.hibernate.type.BasicTypeRegistry     : Adding type registration org.hibernate.type.YesNoConverter -> org.hibernate.type.BasicTypeReference@2c5708e7
2024-10-18T18:59:06.208+03:00 DEBUG [,,] 14780 --- [main] [                                                 ] org.hibernate.type.BasicTypeRegistry     : Adding type registration byte -> org.hibernate.type.BasicTypeReference@4ffa078d
2024-10-18T18:59:06.208+03:00 DEBUG [,,] 14780 --- [main] [                                                 ] org.hibernate.type.BasicTypeRegistry     : Adding type registration byte -> org.hibernate.type.BasicTypeReference@4ffa078d
2024-10-18T18:59:06.208+03:00 DEBUG [,,] 14780 --- [main] [                                                 ] org.hibernate.type.BasicTypeRegistry     : Adding type registration java.lang.Byte -> org.hibernate.type.BasicTypeReference@4ffa078d
2024-10-18T18:59:06.208+03:00 DEBUG [,,] 14780 --- [main] [                                                 ] org.hibernate.type.BasicTypeRegistry     : Adding type registration binary -> org.hibernate.type.BasicTypeReference@4e26564d
2024-10-18T18:59:06.208+03:00 DEBUG [,,] 14780 --- [main] [                                                 ] org.hibernate.type.BasicTypeRegistry     : Adding type registration byte[] -> org.hibernate.type.BasicTypeReference@4e26564d
2024-10-18T18:59:06.208+03:00 DEBUG [,,] 14780 --- [main] [                                                 ] org.hibernate.type.BasicTypeRegistry     : Adding type registration [B -> org.hibernate.type.BasicTypeReference@4e26564d
2024-10-18T18:59:06.208+03:00 DEBUG [,,] 14780 --- [main] [                                                 ] org.hibernate.type.BasicTypeRegistry     : Adding type registration binary_wrapper -> org.hibernate.type.BasicTypeReference@42238078
2024-10-18T18:59:06.208+03:00 DEBUG [,,] 14780 --- [main] [                                                 ] org.hibernate.type.BasicTypeRegistry     : Adding type registration wrapper-binary -> org.hibernate.type.BasicTypeReference@42238078
2024-10-18T18:59:06.208+03:00 DEBUG [,,] 14780 --- [main] [                                                 ] org.hibernate.type.BasicTypeRegistry     : Adding type registration image -> org.hibernate.type.BasicTypeReference@5627b8eb
2024-10-18T18:59:06.208+03:00 DEBUG [,,] 14780 --- [main] [                                                 ] org.hibernate.type.BasicTypeRegistry     : Adding type registration blob -> org.hibernate.type.BasicTypeReference@49fe0bcd
2024-10-18T18:59:06.208+03:00 DEBUG [,,] 14780 --- [main] [                                                 ] org.hibernate.type.BasicTypeRegistry     : Adding type registration java.sql.Blob -> org.hibernate.type.BasicTypeReference@49fe0bcd
2024-10-18T18:59:06.208+03:00 DEBUG [,,] 14780 --- [main] [                                                 ] org.hibernate.type.BasicTypeRegistry     : Adding type registration materialized_blob -> org.hibernate.type.BasicTypeReference@3516b881
2024-10-18T18:59:06.208+03:00 DEBUG [,,] 14780 --- [main] [                                                 ] org.hibernate.type.BasicTypeRegistry     : Adding type registration materialized_blob_wrapper -> org.hibernate.type.BasicTypeReference@6be8ce1b
2024-10-18T18:59:06.208+03:00 DEBUG [,,] 14780 --- [main] [                                                 ] org.hibernate.type.BasicTypeRegistry     : Adding type registration short -> org.hibernate.type.BasicTypeReference@e3c36d
2024-10-18T18:59:06.208+03:00 DEBUG [,,] 14780 --- [main] [                                                 ] org.hibernate.type.BasicTypeRegistry     : Adding type registration short -> org.hibernate.type.BasicTypeReference@e3c36d
2024-10-18T18:59:06.208+03:00 DEBUG [,,] 14780 --- [main] [                                                 ] org.hibernate.type.BasicTypeRegistry     : Adding type registration java.lang.Short -> org.hibernate.type.BasicTypeReference@e3c36d
2024-10-18T18:59:06.209+03:00 DEBUG [,,] 14780 --- [main] [                                                 ] org.hibernate.type.BasicTypeRegistry     : Adding type registration integer -> org.hibernate.type.BasicTypeReference@397a10df
2024-10-18T18:59:06.209+03:00 DEBUG [,,] 14780 --- [main] [                                                 ] org.hibernate.type.BasicTypeRegistry     : Adding type registration int -> org.hibernate.type.BasicTypeReference@397a10df
2024-10-18T18:59:06.209+03:00 DEBUG [,,] 14780 --- [main] [                                                 ] org.hibernate.type.BasicTypeRegistry     : Adding type registration java.lang.Integer -> org.hibernate.type.BasicTypeReference@397a10df
2024-10-18T18:59:06.209+03:00 DEBUG [,,] 14780 --- [main] [                                                 ] org.hibernate.type.BasicTypeRegistry     : Adding type registration long -> org.hibernate.type.BasicTypeReference@39a865c1
2024-10-18T18:59:06.209+03:00 DEBUG [,,] 14780 --- [main] [                                                 ] org.hibernate.type.BasicTypeRegistry     : Adding type registration long -> org.hibernate.type.BasicTypeReference@39a865c1
2024-10-18T18:59:06.209+03:00 DEBUG [,,] 14780 --- [main] [                                                 ] org.hibernate.type.BasicTypeRegistry     : Adding type registration java.lang.Long -> org.hibernate.type.BasicTypeReference@39a865c1
2024-10-18T18:59:06.209+03:00 DEBUG [,,] 14780 --- [main] [                                                 ] org.hibernate.type.BasicTypeRegistry     : Adding type registration float -> org.hibernate.type.BasicTypeReference@141dfcf9
2024-10-18T18:59:06.209+03:00 DEBUG [,,] 14780 --- [main] [                                                 ] org.hibernate.type.BasicTypeRegistry     : Adding type registration float -> org.hibernate.type.BasicTypeReference@141dfcf9
2024-10-18T18:59:06.209+03:00 DEBUG [,,] 14780 --- [main] [                                                 ] org.hibernate.type.BasicTypeRegistry     : Adding type registration java.lang.Float -> org.hibernate.type.BasicTypeReference@141dfcf9
2024-10-18T18:59:06.209+03:00 DEBUG [,,] 14780 --- [main] [                                                 ] org.hibernate.type.BasicTypeRegistry     : Adding type registration double -> org.hibernate.type.BasicTypeReference@a7bbdbc
2024-10-18T18:59:06.209+03:00 DEBUG [,,] 14780 --- [main] [                                                 ] org.hibernate.type.BasicTypeRegistry     : Adding type registration double -> org.hibernate.type.BasicTypeReference@a7bbdbc
2024-10-18T18:59:06.209+03:00 DEBUG [,,] 14780 --- [main] [                                                 ] org.hibernate.type.BasicTypeRegistry     : Adding type registration java.lang.Double -> org.hibernate.type.BasicTypeReference@a7bbdbc
2024-10-18T18:59:06.209+03:00 DEBUG [,,] 14780 --- [main] [                                                 ] org.hibernate.type.BasicTypeRegistry     : Adding type registration big_integer -> org.hibernate.type.BasicTypeReference@63eea8c4
2024-10-18T18:59:06.209+03:00 DEBUG [,,] 14780 --- [main] [                                                 ] org.hibernate.type.BasicTypeRegistry     : Adding type registration java.math.BigInteger -> org.hibernate.type.BasicTypeReference@63eea8c4
2024-10-18T18:59:06.209+03:00 DEBUG [,,] 14780 --- [main] [                                                 ] org.hibernate.type.BasicTypeRegistry     : Adding type registration big_decimal -> org.hibernate.type.BasicTypeReference@19924f15
2024-10-18T18:59:06.209+03:00 DEBUG [,,] 14780 --- [main] [                                                 ] org.hibernate.type.BasicTypeRegistry     : Adding type registration java.math.BigDecimal -> org.hibernate.type.BasicTypeReference@19924f15
2024-10-18T18:59:06.209+03:00 DEBUG [,,] 14780 --- [main] [                                                 ] org.hibernate.type.BasicTypeRegistry     : Adding type registration character -> org.hibernate.type.BasicTypeReference@621392ea
2024-10-18T18:59:06.209+03:00 DEBUG [,,] 14780 --- [main] [                                                 ] org.hibernate.type.BasicTypeRegistry     : Adding type registration char -> org.hibernate.type.BasicTypeReference@621392ea
2024-10-18T18:59:06.209+03:00 DEBUG [,,] 14780 --- [main] [                                                 ] org.hibernate.type.BasicTypeRegistry     : Adding type registration java.lang.Character -> org.hibernate.type.BasicTypeReference@621392ea
2024-10-18T18:59:06.209+03:00 DEBUG [,,] 14780 --- [main] [                                                 ] org.hibernate.type.BasicTypeRegistry     : Adding type registration character_nchar -> org.hibernate.type.BasicTypeReference@35524549
2024-10-18T18:59:06.209+03:00 DEBUG [,,] 14780 --- [main] [                                                 ] org.hibernate.type.BasicTypeRegistry     : Adding type registration string -> org.hibernate.type.BasicTypeReference@23ec63af
2024-10-18T18:59:06.209+03:00 DEBUG [,,] 14780 --- [main] [                                                 ] org.hibernate.type.BasicTypeRegistry     : Adding type registration java.lang.String -> org.hibernate.type.BasicTypeReference@23ec63af
2024-10-18T18:59:06.209+03:00 DEBUG [,,] 14780 --- [main] [                                                 ] org.hibernate.type.BasicTypeRegistry     : Adding type registration nstring -> org.hibernate.type.BasicTypeReference@280d6a20
2024-10-18T18:59:06.209+03:00 DEBUG [,,] 14780 --- [main] [                                                 ] org.hibernate.type.BasicTypeRegistry     : Adding type registration characters -> org.hibernate.type.BasicTypeReference@56f72909
2024-10-18T18:59:06.209+03:00 DEBUG [,,] 14780 --- [main] [                                                 ] org.hibernate.type.BasicTypeRegistry     : Adding type registration char[] -> org.hibernate.type.BasicTypeReference@56f72909
2024-10-18T18:59:06.209+03:00 DEBUG [,,] 14780 --- [main] [                                                 ] org.hibernate.type.BasicTypeRegistry     : Adding type registration [C -> org.hibernate.type.BasicTypeReference@56f72909
2024-10-18T18:59:06.209+03:00 DEBUG [,,] 14780 --- [main] [                                                 ] org.hibernate.type.BasicTypeRegistry     : Adding type registration wrapper-characters -> org.hibernate.type.BasicTypeReference@71285693
2024-10-18T18:59:06.209+03:00 DEBUG [,,] 14780 --- [main] [                                                 ] org.hibernate.type.BasicTypeRegistry     : Adding type registration text -> org.hibernate.type.BasicTypeReference@3199a202
2024-10-18T18:59:06.209+03:00 DEBUG [,,] 14780 --- [main] [                                                 ] org.hibernate.type.BasicTypeRegistry     : Adding type registration ntext -> org.hibernate.type.BasicTypeReference@7286827b
2024-10-18T18:59:06.209+03:00 DEBUG [,,] 14780 --- [main] [                                                 ] org.hibernate.type.BasicTypeRegistry     : Adding type registration clob -> org.hibernate.type.BasicTypeReference@1dd64243
2024-10-18T18:59:06.209+03:00 DEBUG [,,] 14780 --- [main] [                                                 ] org.hibernate.type.BasicTypeRegistry     : Adding type registration java.sql.Clob -> org.hibernate.type.BasicTypeReference@1dd64243
2024-10-18T18:59:06.209+03:00 DEBUG [,,] 14780 --- [main] [                                                 ] org.hibernate.type.BasicTypeRegistry     : Adding type registration nclob -> org.hibernate.type.BasicTypeReference@2ef913a4
2024-10-18T18:59:06.209+03:00 DEBUG [,,] 14780 --- [main] [                                                 ] org.hibernate.type.BasicTypeRegistry     : Adding type registration java.sql.NClob -> org.hibernate.type.BasicTypeReference@2ef913a4
2024-10-18T18:59:06.209+03:00 DEBUG [,,] 14780 --- [main] [                                                 ] org.hibernate.type.BasicTypeRegistry     : Adding type registration materialized_clob -> org.hibernate.type.BasicTypeReference@520c3dcb
2024-10-18T18:59:06.209+03:00 DEBUG [,,] 14780 --- [main] [                                                 ] org.hibernate.type.BasicTypeRegistry     : Adding type registration materialized_clob_char_array -> org.hibernate.type.BasicTypeReference@145fe8ab
2024-10-18T18:59:06.210+03:00 DEBUG [,,] 14780 --- [main] [                                                 ] org.hibernate.type.BasicTypeRegistry     : Adding type registration materialized_clob_character_array -> org.hibernate.type.BasicTypeReference@3b347439
2024-10-18T18:59:06.210+03:00 DEBUG [,,] 14780 --- [main] [                                                 ] org.hibernate.type.BasicTypeRegistry     : Adding type registration materialized_nclob -> org.hibernate.type.BasicTypeReference@5d3634c8
2024-10-18T18:59:06.210+03:00 DEBUG [,,] 14780 --- [main] [                                                 ] org.hibernate.type.BasicTypeRegistry     : Adding type registration materialized_nclob_character_array -> org.hibernate.type.BasicTypeReference@6e67a8c0
2024-10-18T18:59:06.210+03:00 DEBUG [,,] 14780 --- [main] [                                                 ] org.hibernate.type.BasicTypeRegistry     : Adding type registration materialized_nclob_char_array -> org.hibernate.type.BasicTypeReference@5960f17
2024-10-18T18:59:06.210+03:00 DEBUG [,,] 14780 --- [main] [                                                 ] org.hibernate.type.BasicTypeRegistry     : Adding type registration Duration -> org.hibernate.type.BasicTypeReference@1d1b3620
2024-10-18T18:59:06.210+03:00 DEBUG [,,] 14780 --- [main] [                                                 ] org.hibernate.type.BasicTypeRegistry     : Adding type registration java.time.Duration -> org.hibernate.type.BasicTypeReference@1d1b3620
2024-10-18T18:59:06.210+03:00 DEBUG [,,] 14780 --- [main] [                                                 ] org.hibernate.type.BasicTypeRegistry     : Adding type registration LocalDateTime -> org.hibernate.type.BasicTypeReference@71e7c13f
2024-10-18T18:59:06.210+03:00 DEBUG [,,] 14780 --- [main] [                                                 ] org.hibernate.type.BasicTypeRegistry     : Adding type registration java.time.LocalDateTime -> org.hibernate.type.BasicTypeReference@71e7c13f
2024-10-18T18:59:06.210+03:00 DEBUG [,,] 14780 --- [main] [                                                 ] org.hibernate.type.BasicTypeRegistry     : Adding type registration LocalDate -> org.hibernate.type.BasicTypeReference@2295566b
2024-10-18T18:59:06.210+03:00 DEBUG [,,] 14780 --- [main] [                                                 ] org.hibernate.type.BasicTypeRegistry     : Adding type registration java.time.LocalDate -> org.hibernate.type.BasicTypeReference@2295566b
2024-10-18T18:59:06.210+03:00 DEBUG [,,] 14780 --- [main] [                                                 ] org.hibernate.type.BasicTypeRegistry     : Adding type registration LocalTime -> org.hibernate.type.BasicTypeReference@174e1b99
2024-10-18T18:59:06.210+03:00 DEBUG [,,] 14780 --- [main] [                                                 ] org.hibernate.type.BasicTypeRegistry     : Adding type registration java.time.LocalTime -> org.hibernate.type.BasicTypeReference@174e1b99
2024-10-18T18:59:06.210+03:00 DEBUG [,,] 14780 --- [main] [                                                 ] org.hibernate.type.BasicTypeRegistry     : Adding type registration OffsetDateTime -> org.hibernate.type.BasicTypeReference@53a09566
2024-10-18T18:59:06.210+03:00 DEBUG [,,] 14780 --- [main] [                                                 ] org.hibernate.type.BasicTypeRegistry     : Adding type registration java.time.OffsetDateTime -> org.hibernate.type.BasicTypeReference@53a09566
2024-10-18T18:59:06.210+03:00 DEBUG [,,] 14780 --- [main] [                                                 ] org.hibernate.type.BasicTypeRegistry     : Adding type registration OffsetDateTimeWithTimezone -> org.hibernate.type.BasicTypeReference@1c815814
2024-10-18T18:59:06.210+03:00 DEBUG [,,] 14780 --- [main] [                                                 ] org.hibernate.type.BasicTypeRegistry     : Adding type registration OffsetDateTimeWithoutTimezone -> org.hibernate.type.BasicTypeReference@14af73e1
2024-10-18T18:59:06.210+03:00 DEBUG [,,] 14780 --- [main] [                                                 ] org.hibernate.type.BasicTypeRegistry     : Adding type registration OffsetTime -> org.hibernate.type.BasicTypeReference@73da303e
2024-10-18T18:59:06.210+03:00 DEBUG [,,] 14780 --- [main] [                                                 ] org.hibernate.type.BasicTypeRegistry     : Adding type registration java.time.OffsetTime -> org.hibernate.type.BasicTypeReference@73da303e
2024-10-18T18:59:06.210+03:00 DEBUG [,,] 14780 --- [main] [                                                 ] org.hibernate.type.BasicTypeRegistry     : Adding type registration OffsetTimeUtc -> org.hibernate.type.BasicTypeReference@24068086
2024-10-18T18:59:06.210+03:00 DEBUG [,,] 14780 --- [main] [                                                 ] org.hibernate.type.BasicTypeRegistry     : Adding type registration OffsetTimeWithTimezone -> org.hibernate.type.BasicTypeReference@32513dea
2024-10-18T18:59:06.210+03:00 DEBUG [,,] 14780 --- [main] [                                                 ] org.hibernate.type.BasicTypeRegistry     : Adding type registration OffsetTimeWithoutTimezone -> org.hibernate.type.BasicTypeReference@5d0e703a
2024-10-18T18:59:06.210+03:00 DEBUG [,,] 14780 --- [main] [                                                 ] org.hibernate.type.BasicTypeRegistry     : Adding type registration ZonedDateTime -> org.hibernate.type.BasicTypeReference@7f77e065
2024-10-18T18:59:06.210+03:00 DEBUG [,,] 14780 --- [main] [                                                 ] org.hibernate.type.BasicTypeRegistry     : Adding type registration java.time.ZonedDateTime -> org.hibernate.type.BasicTypeReference@7f77e065
2024-10-18T18:59:06.210+03:00 DEBUG [,,] 14780 --- [main] [                                                 ] org.hibernate.type.BasicTypeRegistry     : Adding type registration ZonedDateTimeWithTimezone -> org.hibernate.type.BasicTypeReference@6f655dbd
2024-10-18T18:59:06.210+03:00 DEBUG [,,] 14780 --- [main] [                                                 ] org.hibernate.type.BasicTypeRegistry     : Adding type registration ZonedDateTimeWithoutTimezone -> org.hibernate.type.BasicTypeReference@546083d6
2024-10-18T18:59:06.211+03:00 DEBUG [,,] 14780 --- [main] [                                                 ] org.hibernate.type.BasicTypeRegistry     : Adding type registration date -> org.hibernate.type.BasicTypeReference@7ac1b6c0
2024-10-18T18:59:06.211+03:00 DEBUG [,,] 14780 --- [main] [                                                 ] org.hibernate.type.BasicTypeRegistry     : Adding type registration java.sql.Date -> org.hibernate.type.BasicTypeReference@7ac1b6c0
2024-10-18T18:59:06.211+03:00 DEBUG [,,] 14780 --- [main] [                                                 ] org.hibernate.type.BasicTypeRegistry     : Adding type registration time -> org.hibernate.type.BasicTypeReference@3a751535
2024-10-18T18:59:06.211+03:00 DEBUG [,,] 14780 --- [main] [                                                 ] org.hibernate.type.BasicTypeRegistry     : Adding type registration java.sql.Time -> org.hibernate.type.BasicTypeReference@3a751535
2024-10-18T18:59:06.211+03:00 DEBUG [,,] 14780 --- [main] [                                                 ] org.hibernate.type.BasicTypeRegistry     : Adding type registration timestamp -> org.hibernate.type.BasicTypeReference@7fb82f73
2024-10-18T18:59:06.211+03:00 DEBUG [,,] 14780 --- [main] [                                                 ] org.hibernate.type.BasicTypeRegistry     : Adding type registration java.sql.Timestamp -> org.hibernate.type.BasicTypeReference@7fb82f73
2024-10-18T18:59:06.211+03:00 DEBUG [,,] 14780 --- [main] [                                                 ] org.hibernate.type.BasicTypeRegistry     : Adding type registration java.util.Date -> org.hibernate.type.BasicTypeReference@7fb82f73
2024-10-18T18:59:06.211+03:00 DEBUG [,,] 14780 --- [main] [                                                 ] org.hibernate.type.BasicTypeRegistry     : Adding type registration calendar -> org.hibernate.type.BasicTypeReference@2f166d61
2024-10-18T18:59:06.211+03:00 DEBUG [,,] 14780 --- [main] [                                                 ] org.hibernate.type.BasicTypeRegistry     : Adding type registration java.util.Calendar -> org.hibernate.type.BasicTypeReference@2f166d61
2024-10-18T18:59:06.211+03:00 DEBUG [,,] 14780 --- [main] [                                                 ] org.hibernate.type.BasicTypeRegistry     : Adding type registration java.util.GregorianCalendar -> org.hibernate.type.BasicTypeReference@2f166d61
2024-10-18T18:59:06.212+03:00 DEBUG [,,] 14780 --- [main] [                                                 ] org.hibernate.type.BasicTypeRegistry     : Adding type registration calendar_date -> org.hibernate.type.BasicTypeReference@5896b9f5
2024-10-18T18:59:06.212+03:00 DEBUG [,,] 14780 --- [main] [                                                 ] org.hibernate.type.BasicTypeRegistry     : Adding type registration calendar_time -> org.hibernate.type.BasicTypeReference@4ad8d36f
2024-10-18T18:59:06.212+03:00 DEBUG [,,] 14780 --- [main] [                                                 ] org.hibernate.type.BasicTypeRegistry     : Adding type registration instant -> org.hibernate.type.BasicTypeReference@74a5bef0
2024-10-18T18:59:06.212+03:00 DEBUG [,,] 14780 --- [main] [                                                 ] org.hibernate.type.BasicTypeRegistry     : Adding type registration java.time.Instant -> org.hibernate.type.BasicTypeReference@74a5bef0
2024-10-18T18:59:06.212+03:00 DEBUG [,,] 14780 --- [main] [                                                 ] org.hibernate.type.BasicTypeRegistry     : Adding type registration uuid -> org.hibernate.type.BasicTypeReference@68c4a860
2024-10-18T18:59:06.212+03:00 DEBUG [,,] 14780 --- [main] [                                                 ] org.hibernate.type.BasicTypeRegistry     : Adding type registration java.util.UUID -> org.hibernate.type.BasicTypeReference@68c4a860
2024-10-18T18:59:06.212+03:00 DEBUG [,,] 14780 --- [main] [                                                 ] org.hibernate.type.BasicTypeRegistry     : Adding type registration pg-uuid -> org.hibernate.type.BasicTypeReference@68c4a860
2024-10-18T18:59:06.212+03:00 DEBUG [,,] 14780 --- [main] [                                                 ] org.hibernate.type.BasicTypeRegistry     : Adding type registration uuid-binary -> org.hibernate.type.BasicTypeReference@570ed9c
2024-10-18T18:59:06.212+03:00 DEBUG [,,] 14780 --- [main] [                                                 ] org.hibernate.type.BasicTypeRegistry     : Adding type registration uuid-char -> org.hibernate.type.BasicTypeReference@93f15f6
2024-10-18T18:59:06.212+03:00 DEBUG [,,] 14780 --- [main] [                                                 ] org.hibernate.type.BasicTypeRegistry     : Adding type registration class -> org.hibernate.type.BasicTypeReference@5034681f
2024-10-18T18:59:06.212+03:00 DEBUG [,,] 14780 --- [main] [                                                 ] org.hibernate.type.BasicTypeRegistry     : Adding type registration java.lang.Class -> org.hibernate.type.BasicTypeReference@5034681f
2024-10-18T18:59:06.212+03:00 DEBUG [,,] 14780 --- [main] [                                                 ] org.hibernate.type.BasicTypeRegistry     : Adding type registration currency -> org.hibernate.type.BasicTypeReference@1dfe5dd1
2024-10-18T18:59:06.212+03:00 DEBUG [,,] 14780 --- [main] [                                                 ] org.hibernate.type.BasicTypeRegistry     : Adding type registration Currency -> org.hibernate.type.BasicTypeReference@1dfe5dd1
2024-10-18T18:59:06.212+03:00 DEBUG [,,] 14780 --- [main] [                                                 ] org.hibernate.type.BasicTypeRegistry     : Adding type registration java.util.Currency -> org.hibernate.type.BasicTypeReference@1dfe5dd1
2024-10-18T18:59:06.212+03:00 DEBUG [,,] 14780 --- [main] [                                                 ] org.hibernate.type.BasicTypeRegistry     : Adding type registration locale -> org.hibernate.type.BasicTypeReference@1fe05fff
2024-10-18T18:59:06.212+03:00 DEBUG [,,] 14780 --- [main] [                                                 ] org.hibernate.type.BasicTypeRegistry     : Adding type registration java.util.Locale -> org.hibernate.type.BasicTypeReference@1fe05fff
2024-10-18T18:59:06.212+03:00 DEBUG [,,] 14780 --- [main] [                                                 ] org.hibernate.type.BasicTypeRegistry     : Adding type registration serializable -> org.hibernate.type.BasicTypeReference@6e017950
2024-10-18T18:59:06.212+03:00 DEBUG [,,] 14780 --- [main] [                                                 ] org.hibernate.type.BasicTypeRegistry     : Adding type registration java.io.Serializable -> org.hibernate.type.BasicTypeReference@6e017950
2024-10-18T18:59:06.212+03:00 DEBUG [,,] 14780 --- [main] [                                                 ] org.hibernate.type.BasicTypeRegistry     : Adding type registration timezone -> org.hibernate.type.BasicTypeReference@1d06801f
2024-10-18T18:59:06.212+03:00 DEBUG [,,] 14780 --- [main] [                                                 ] org.hibernate.type.BasicTypeRegistry     : Adding type registration java.util.TimeZone -> org.hibernate.type.BasicTypeReference@1d06801f
2024-10-18T18:59:06.212+03:00 DEBUG [,,] 14780 --- [main] [                                                 ] org.hibernate.type.BasicTypeRegistry     : Adding type registration ZoneOffset -> org.hibernate.type.BasicTypeReference@727956bb
2024-10-18T18:59:06.212+03:00 DEBUG [,,] 14780 --- [main] [                                                 ] org.hibernate.type.BasicTypeRegistry     : Adding type registration java.time.ZoneOffset -> org.hibernate.type.BasicTypeReference@727956bb
2024-10-18T18:59:06.212+03:00 DEBUG [,,] 14780 --- [main] [                                                 ] org.hibernate.type.BasicTypeRegistry     : Adding type registration url -> org.hibernate.type.BasicTypeReference@6ffbf0ac
2024-10-18T18:59:06.212+03:00 DEBUG [,,] 14780 --- [main] [                                                 ] org.hibernate.type.BasicTypeRegistry     : Adding type registration java.net.URL -> org.hibernate.type.BasicTypeReference@6ffbf0ac
2024-10-18T18:59:06.212+03:00 DEBUG [,,] 14780 --- [main] [                                                 ] org.hibernate.type.BasicTypeRegistry     : Adding type registration vector -> org.hibernate.type.BasicTypeReference@ad5cffa
2024-10-18T18:59:06.213+03:00 DEBUG [,,] 14780 --- [main] [                                                 ] org.hibernate.type.BasicTypeRegistry     : Adding type registration row_version -> org.hibernate.type.BasicTypeReference@237aa0c7
2024-10-18T18:59:06.215+03:00 DEBUG [,,] 14780 --- [main] [                                                 ] org.hibernate.type.BasicTypeRegistry     : Adding type registration object -> org.hibernate.type.JavaObjectType@2cce10bc
2024-10-18T18:59:06.216+03:00 DEBUG [,,] 14780 --- [main] [                                                 ] org.hibernate.type.BasicTypeRegistry     : Adding type registration java.lang.Object -> org.hibernate.type.JavaObjectType@2cce10bc
2024-10-18T18:59:06.216+03:00 DEBUG [,,] 14780 --- [main] [                                                 ] org.hibernate.type.BasicTypeRegistry     : Adding type registration null -> org.hibernate.type.NullType@5cbe72b9
2024-10-18T18:59:06.216+03:00 DEBUG [,,] 14780 --- [main] [                                                 ] org.hibernate.type.BasicTypeRegistry     : Adding type registration imm_date -> org.hibernate.type.BasicTypeReference@27fc0217
2024-10-18T18:59:06.217+03:00 DEBUG [,,] 14780 --- [main] [                                                 ] org.hibernate.type.BasicTypeRegistry     : Adding type registration imm_time -> org.hibernate.type.BasicTypeReference@e993715
2024-10-18T18:59:06.217+03:00 DEBUG [,,] 14780 --- [main] [                                                 ] org.hibernate.type.BasicTypeRegistry     : Adding type registration imm_timestamp -> org.hibernate.type.BasicTypeReference@686e7513
2024-10-18T18:59:06.217+03:00 DEBUG [,,] 14780 --- [main] [                                                 ] org.hibernate.type.BasicTypeRegistry     : Adding type registration imm_calendar -> org.hibernate.type.BasicTypeReference@47eae91d
2024-10-18T18:59:06.217+03:00 DEBUG [,,] 14780 --- [main] [                                                 ] org.hibernate.type.BasicTypeRegistry     : Adding type registration imm_calendar_date -> org.hibernate.type.BasicTypeReference@c1a74d
2024-10-18T18:59:06.217+03:00 DEBUG [,,] 14780 --- [main] [                                                 ] org.hibernate.type.BasicTypeRegistry     : Adding type registration imm_calendar_time -> org.hibernate.type.BasicTypeReference@472719df
2024-10-18T18:59:06.217+03:00 DEBUG [,,] 14780 --- [main] [                                                 ] org.hibernate.type.BasicTypeRegistry     : Adding type registration imm_binary -> org.hibernate.type.BasicTypeReference@5cfa2ac5
2024-10-18T18:59:06.217+03:00 DEBUG [,,] 14780 --- [main] [                                                 ] org.hibernate.type.BasicTypeRegistry     : Adding type registration imm_serializable -> org.hibernate.type.BasicTypeReference@4cc89246
2024-10-18T18:59:06.222+03:00 DEBUG [,,] 14780 --- [main] [                                                 ] o.h.boot.internal.BootstrapContextImpl   : Injecting JPA temp ClassLoader [org.springframework.instrument.classloading.SimpleThrowawayClassLoader@211da640] into BootstrapContext; was [null]
2024-10-18T18:59:06.222+03:00 DEBUG [,,] 14780 --- [main] [                                                 ] o.h.boot.internal.ClassLoaderAccessImpl  : ClassLoaderAccessImpl#injectTempClassLoader(org.springframework.instrument.classloading.SimpleThrowawayClassLoader@211da640) [was null]
2024-10-18T18:59:06.222+03:00 DEBUG [,,] 14780 --- [main] [                                                 ] o.h.boot.internal.BootstrapContextImpl   : Injecting ScanEnvironment [org.hibernate.jpa.boot.internal.StandardJpaScanEnvironmentImpl@4e51eda7] into BootstrapContext; was [null]
2024-10-18T18:59:06.222+03:00 DEBUG [,,] 14780 --- [main] [                                                 ] o.h.boot.internal.BootstrapContextImpl   : Injecting ScanOptions [org.hibernate.boot.archive.scan.internal.StandardScanOptions@2862271a] into BootstrapContext; was [org.hibernate.boot.archive.scan.internal.StandardScanOptions@2419fe6f]
2024-10-18T18:59:06.347+03:00  INFO [,,] 14780 --- [main] [                                                 ] o.s.o.j.p.SpringPersistenceUnitInfo      : No LoadTimeWeaver setup: ignoring JPA class transformer
2024-10-18T18:59:06.347+03:00 DEBUG [,,] 14780 --- [main] [                                                 ] o.h.boot.internal.BootstrapContextImpl   : Injecting JPA temp ClassLoader [null] into BootstrapContext; was [org.springframework.instrument.classloading.SimpleThrowawayClassLoader@211da640]
2024-10-18T18:59:06.347+03:00 DEBUG [,,] 14780 --- [main] [                                                 ] o.h.boot.internal.ClassLoaderAccessImpl  : ClassLoaderAccessImpl#injectTempClassLoader(null) [was org.springframework.instrument.classloading.SimpleThrowawayClassLoader@211da640]
2024-10-18T18:59:06.366+03:00 DEBUG [,,] 14780 --- [main] [                                                 ] com.zaxxer.hikari.HikariConfig           : HikariPool-1 - configuration:
2024-10-18T18:59:06.367+03:00 DEBUG [,,] 14780 --- [main] [                                                 ] com.zaxxer.hikari.HikariConfig           : allowPoolSuspension.............false
2024-10-18T18:59:06.367+03:00 DEBUG [,,] 14780 --- [main] [                                                 ] com.zaxxer.hikari.HikariConfig           : autoCommit......................true
2024-10-18T18:59:06.367+03:00 DEBUG [,,] 14780 --- [main] [                                                 ] com.zaxxer.hikari.HikariConfig           : catalog.........................none
2024-10-18T18:59:06.368+03:00 DEBUG [,,] 14780 --- [main] [                                                 ] com.zaxxer.hikari.HikariConfig           : connectionInitSql...............none
2024-10-18T18:59:06.368+03:00 DEBUG [,,] 14780 --- [main] [                                                 ] com.zaxxer.hikari.HikariConfig           : connectionTestQuery.............none
2024-10-18T18:59:06.368+03:00 DEBUG [,,] 14780 --- [main] [                                                 ] com.zaxxer.hikari.HikariConfig           : connectionTimeout...............30000
2024-10-18T18:59:06.368+03:00 DEBUG [,,] 14780 --- [main] [                                                 ] com.zaxxer.hikari.HikariConfig           : dataSource......................none
2024-10-18T18:59:06.368+03:00 DEBUG [,,] 14780 --- [main] [                                                 ] com.zaxxer.hikari.HikariConfig           : dataSourceClassName.............none
2024-10-18T18:59:06.368+03:00 DEBUG [,,] 14780 --- [main] [                                                 ] com.zaxxer.hikari.HikariConfig           : dataSourceJNDI..................none
2024-10-18T18:59:06.368+03:00 DEBUG [,,] 14780 --- [main] [                                                 ] com.zaxxer.hikari.HikariConfig           : dataSourceProperties............{password=<masked>}
2024-10-18T18:59:06.369+03:00 DEBUG [,,] 14780 --- [main] [                                                 ] com.zaxxer.hikari.HikariConfig           : driverClassName................."com.mysql.cj.jdbc.Driver"
2024-10-18T18:59:06.369+03:00 DEBUG [,,] 14780 --- [main] [                                                 ] com.zaxxer.hikari.HikariConfig           : exceptionOverrideClassName......none
2024-10-18T18:59:06.369+03:00 DEBUG [,,] 14780 --- [main] [                                                 ] com.zaxxer.hikari.HikariConfig           : healthCheckProperties...........{}
2024-10-18T18:59:06.369+03:00 DEBUG [,,] 14780 --- [main] [                                                 ] com.zaxxer.hikari.HikariConfig           : healthCheckRegistry.............none
2024-10-18T18:59:06.369+03:00 DEBUG [,,] 14780 --- [main] [                                                 ] com.zaxxer.hikari.HikariConfig           : idleTimeout.....................600000
2024-10-18T18:59:06.369+03:00 DEBUG [,,] 14780 --- [main] [                                                 ] com.zaxxer.hikari.HikariConfig           : initializationFailTimeout.......1
2024-10-18T18:59:06.369+03:00 DEBUG [,,] 14780 --- [main] [                                                 ] com.zaxxer.hikari.HikariConfig           : isolateInternalQueries..........false
2024-10-18T18:59:06.369+03:00 DEBUG [,,] 14780 --- [main] [                                                 ] com.zaxxer.hikari.HikariConfig           : jdbcUrl.........................jdbc:mysql://localhost:3306/userskibana_db?useUnicode=true&characterEncoding=utf8&useSSL=false&createDatabaseIfNotExist=true&allowPublicKeyRetrieval=true
2024-10-18T18:59:06.369+03:00 DEBUG [,,] 14780 --- [main] [                                                 ] com.zaxxer.hikari.HikariConfig           : keepaliveTime...................0
2024-10-18T18:59:06.369+03:00 DEBUG [,,] 14780 --- [main] [                                                 ] com.zaxxer.hikari.HikariConfig           : leakDetectionThreshold..........0
2024-10-18T18:59:06.370+03:00 DEBUG [,,] 14780 --- [main] [                                                 ] com.zaxxer.hikari.HikariConfig           : maxLifetime.....................1800000
2024-10-18T18:59:06.370+03:00 DEBUG [,,] 14780 --- [main] [                                                 ] com.zaxxer.hikari.HikariConfig           : maximumPoolSize.................10
2024-10-18T18:59:06.370+03:00 DEBUG [,,] 14780 --- [main] [                                                 ] com.zaxxer.hikari.HikariConfig           : metricRegistry..................none
2024-10-18T18:59:06.370+03:00 DEBUG [,,] 14780 --- [main] [                                                 ] com.zaxxer.hikari.HikariConfig           : metricsTrackerFactory...........none
2024-10-18T18:59:06.370+03:00 DEBUG [,,] 14780 --- [main] [                                                 ] com.zaxxer.hikari.HikariConfig           : minimumIdle.....................10
2024-10-18T18:59:06.370+03:00 DEBUG [,,] 14780 --- [main] [                                                 ] com.zaxxer.hikari.HikariConfig           : password........................<masked>
2024-10-18T18:59:06.370+03:00 DEBUG [,,] 14780 --- [main] [                                                 ] com.zaxxer.hikari.HikariConfig           : poolName........................"HikariPool-1"
2024-10-18T18:59:06.370+03:00 DEBUG [,,] 14780 --- [main] [                                                 ] com.zaxxer.hikari.HikariConfig           : readOnly........................false
2024-10-18T18:59:06.370+03:00 DEBUG [,,] 14780 --- [main] [                                                 ] com.zaxxer.hikari.HikariConfig           : registerMbeans..................false
2024-10-18T18:59:06.370+03:00 DEBUG [,,] 14780 --- [main] [                                                 ] com.zaxxer.hikari.HikariConfig           : scheduledExecutor...............none
2024-10-18T18:59:06.370+03:00 DEBUG [,,] 14780 --- [main] [                                                 ] com.zaxxer.hikari.HikariConfig           : schema..........................none
2024-10-18T18:59:06.370+03:00 DEBUG [,,] 14780 --- [main] [                                                 ] com.zaxxer.hikari.HikariConfig           : threadFactory...................internal
2024-10-18T18:59:06.370+03:00 DEBUG [,,] 14780 --- [main] [                                                 ] com.zaxxer.hikari.HikariConfig           : transactionIsolation............default
2024-10-18T18:59:06.370+03:00 DEBUG [,,] 14780 --- [main] [                                                 ] com.zaxxer.hikari.HikariConfig           : username........................"root"
2024-10-18T18:59:06.370+03:00 DEBUG [,,] 14780 --- [main] [                                                 ] com.zaxxer.hikari.HikariConfig           : validationTimeout...............5000
2024-10-18T18:59:06.370+03:00  INFO [,,] 14780 --- [main] [                                                 ] com.zaxxer.hikari.HikariDataSource       : HikariPool-1 - Starting...
2024-10-18T18:59:06.468+03:00  INFO [,,] 14780 --- [main] [                                                 ] com.zaxxer.hikari.pool.HikariPool        : HikariPool-1 - Added connection com.mysql.cj.jdbc.ConnectionImpl@626766fd
2024-10-18T18:59:06.470+03:00  INFO [,,] 14780 --- [main] [                                                 ] com.zaxxer.hikari.HikariDataSource       : HikariPool-1 - Start completed.
2024-10-18T18:59:06.473+03:00 DEBUG [,,] 14780 --- [main] [                                                 ] o.h.e.j.e.i.JdbcEnvironmentInitiator     : Database ->
	   name : MySQL
	version : 8.0.30
	  major : 8
	  minor : 0
2024-10-18T18:59:06.473+03:00 DEBUG [,,] 14780 --- [main] [                                                 ] o.h.e.j.e.i.JdbcEnvironmentInitiator     : Driver ->
	   name : MySQL Connector/J
	version : mysql-connector-j-8.3.0 (Revision: 805f872a57875f311cb82487efcfb070411a3fa0)
	  major : 8
	  minor : 3
2024-10-18T18:59:06.473+03:00 DEBUG [,,] 14780 --- [main] [                                                 ] o.h.e.j.e.i.JdbcEnvironmentInitiator     : JDBC version : 4.2
2024-10-18T18:59:06.500+03:00  WARN [,,] 14780 --- [main] [                                                 ] org.hibernate.orm.deprecation            : HHH90000025: MySQLDialect does not need to be specified explicitly using 'hibernate.dialect' (remove the property setting and it will be selected by default)
2024-10-18T18:59:06.501+03:00 DEBUG [,,] 14780 --- [main] [                                                 ] org.hibernate.orm.dialect                : HHH035001: Using dialect: org.hibernate.dialect.MySQLDialect, version: 8.0.30
2024-10-18T18:59:06.503+03:00 DEBUG [,,] 14780 --- [main] [                                                 ] o.h.e.j.env.spi.IdentifierHelperBuilder  : JDBC driver metadata reported database stores quoted identifiers in more than one case
2024-10-18T18:59:06.503+03:00 DEBUG [,,] 14780 --- [main] [                                                 ] o.h.e.j.env.spi.IdentifierHelperBuilder  : IdentifierCaseStrategy for both quoted and unquoted identifiers was set to the same strategy [LOWER]; that will likely lead to problems in schema update and validation if using quoted identifiers
2024-10-18T18:59:06.512+03:00 DEBUG [,,] 14780 --- [main] [                                                 ] o.h.t.d.sql.spi.DdlTypeRegistry          : addDescriptor(12, org.hibernate.type.descriptor.sql.internal.CapacityDependentDdlType@534d0cfa) replaced previous registration(org.hibernate.type.descriptor.sql.internal.CapacityDependentDdlType@1f1ffc18)
2024-10-18T18:59:06.512+03:00 DEBUG [,,] 14780 --- [main] [                                                 ] o.h.t.d.sql.spi.DdlTypeRegistry          : addDescriptor(-9, org.hibernate.type.descriptor.sql.internal.CapacityDependentDdlType@5a4e492c) replaced previous registration(org.hibernate.type.descriptor.sql.internal.CapacityDependentDdlType@1d33e72e)
2024-10-18T18:59:06.512+03:00 DEBUG [,,] 14780 --- [main] [                                                 ] o.h.t.d.sql.spi.DdlTypeRegistry          : addDescriptor(-3, org.hibernate.type.descriptor.sql.internal.CapacityDependentDdlType@26a202ae) replaced previous registration(org.hibernate.type.descriptor.sql.internal.CapacityDependentDdlType@46bdc55e)
2024-10-18T18:59:06.512+03:00 DEBUG [,,] 14780 --- [main] [                                                 ] o.h.t.d.sql.spi.DdlTypeRegistry          : addDescriptor(4003, org.hibernate.type.descriptor.sql.internal.DdlTypeImpl@6e12f38c) replaced previous registration(org.hibernate.type.descriptor.sql.internal.DdlTypeImpl@6c1a63f7)
2024-10-18T18:59:06.512+03:00 DEBUG [,,] 14780 --- [main] [                                                 ] o.h.t.d.sql.spi.DdlTypeRegistry          : addDescriptor(4001, org.hibernate.type.descriptor.sql.internal.DdlTypeImpl@5a9baba8) replaced previous registration(org.hibernate.type.descriptor.sql.internal.DdlTypeImpl@72240290)
2024-10-18T18:59:06.512+03:00 DEBUG [,,] 14780 --- [main] [                                                 ] o.h.t.d.sql.spi.DdlTypeRegistry          : addDescriptor(4002, org.hibernate.type.descriptor.sql.internal.DdlTypeImpl@b5311cb) replaced previous registration(org.hibernate.type.descriptor.sql.internal.DdlTypeImpl@34e9de8d)
2024-10-18T18:59:06.512+03:00 DEBUG [,,] 14780 --- [main] [                                                 ] o.h.t.d.sql.spi.DdlTypeRegistry          : addDescriptor(2004, org.hibernate.type.descriptor.sql.internal.CapacityDependentDdlType@33a8f553) replaced previous registration(org.hibernate.type.descriptor.sql.internal.DdlTypeImpl@61ca5134)
2024-10-18T18:59:06.512+03:00 DEBUG [,,] 14780 --- [main] [                                                 ] o.h.t.d.sql.spi.DdlTypeRegistry          : addDescriptor(2005, org.hibernate.type.descriptor.sql.internal.CapacityDependentDdlType@7204d98f) replaced previous registration(org.hibernate.type.descriptor.sql.internal.DdlTypeImpl@8636cf4)
2024-10-18T18:59:06.512+03:00 DEBUG [,,] 14780 --- [main] [                                                 ] o.h.t.d.sql.spi.DdlTypeRegistry          : addDescriptor(2011, org.hibernate.type.descriptor.sql.internal.CapacityDependentDdlType@7c9512c6) replaced previous registration(org.hibernate.type.descriptor.sql.internal.DdlTypeImpl@4f65af91)
2024-10-18T18:59:06.513+03:00 DEBUG [,,] 14780 --- [main] [                                                 ] o.h.t.d.jdbc.spi.JdbcTypeRegistry        : addDescriptor(NCharTypeDescriptor) replaced previous registration(CharTypeDescriptor)
2024-10-18T18:59:06.513+03:00 DEBUG [,,] 14780 --- [main] [                                                 ] o.h.t.d.jdbc.spi.JdbcTypeRegistry        : addDescriptor(NVarcharTypeDescriptor) replaced previous registration(VarcharTypeDescriptor)
2024-10-18T18:59:06.513+03:00 DEBUG [,,] 14780 --- [main] [                                                 ] o.h.t.d.jdbc.spi.JdbcTypeRegistry        : addDescriptor(LongNVarcharTypeDescriptor) replaced previous registration(LongVarcharTypeDescriptor)
2024-10-18T18:59:06.514+03:00 DEBUG [,,] 14780 --- [main] [                                                 ] o.h.t.d.jdbc.spi.JdbcTypeRegistry        : addDescriptor(NClobTypeDescriptor(DEFAULT)) replaced previous registration(ClobTypeDescriptor(DEFAULT))
2024-10-18T18:59:06.514+03:00 DEBUG [,,] 14780 --- [main] [                                                 ] o.h.t.d.jdbc.spi.JdbcTypeRegistry        : addDescriptor(2005, ClobTypeDescriptor(STREAM_BINDING)) replaced previous registration(ClobTypeDescriptor(DEFAULT))
2024-10-18T18:59:06.516+03:00 DEBUG [,,] 14780 --- [main] [                                                 ] org.hibernate.type.BasicTypeRegistry     : Adding type registration null -> org.hibernate.type.NullType@44c2e8a8
2024-10-18T18:59:06.516+03:00 DEBUG [,,] 14780 --- [main] [                                                 ] org.hibernate.type.BasicTypeRegistry     : Type registration key [null] overrode previous entry : `org.hibernate.type.NullType@5cbe72b9`
2024-10-18T18:59:06.518+03:00 DEBUG [,,] 14780 --- [main] [                                                 ] org.hibernate.type.BasicTypeRegistry     : Adding type registration org.hibernate.type.DurationType -> basicType@1(java.time.Duration,3015)
2024-10-18T18:59:06.518+03:00 DEBUG [,,] 14780 --- [main] [                                                 ] org.hibernate.type.BasicTypeRegistry     : Adding type registration Duration -> basicType@1(java.time.Duration,3015)
2024-10-18T18:59:06.518+03:00 DEBUG [,,] 14780 --- [main] [                                                 ] org.hibernate.type.BasicTypeRegistry     : Adding type registration java.time.Duration -> basicType@1(java.time.Duration,3015)
2024-10-18T18:59:06.520+03:00 DEBUG [,,] 14780 --- [main] [                                                 ] org.hibernate.type.BasicTypeRegistry     : Adding type registration org.hibernate.type.OffsetDateTimeType -> basicType@2(java.time.OffsetDateTime,3003)
2024-10-18T18:59:06.520+03:00 DEBUG [,,] 14780 --- [main] [                                                 ] org.hibernate.type.BasicTypeRegistry     : Adding type registration OffsetDateTime -> basicType@2(java.time.OffsetDateTime,3003)
2024-10-18T18:59:06.520+03:00 DEBUG [,,] 14780 --- [main] [                                                 ] org.hibernate.type.BasicTypeRegistry     : Adding type registration java.time.OffsetDateTime -> basicType@2(java.time.OffsetDateTime,3003)
2024-10-18T18:59:06.520+03:00 DEBUG [,,] 14780 --- [main] [                                                 ] org.hibernate.type.BasicTypeRegistry     : Adding type registration org.hibernate.type.ZonedDateTimeType -> basicType@3(java.time.ZonedDateTime,3003)
2024-10-18T18:59:06.520+03:00 DEBUG [,,] 14780 --- [main] [                                                 ] org.hibernate.type.BasicTypeRegistry     : Adding type registration ZonedDateTime -> basicType@3(java.time.ZonedDateTime,3003)
2024-10-18T18:59:06.520+03:00 DEBUG [,,] 14780 --- [main] [                                                 ] org.hibernate.type.BasicTypeRegistry     : Adding type registration java.time.ZonedDateTime -> basicType@3(java.time.ZonedDateTime,3003)
2024-10-18T18:59:06.520+03:00 DEBUG [,,] 14780 --- [main] [                                                 ] org.hibernate.type.BasicTypeRegistry     : Adding type registration org.hibernate.type.OffsetTimeType -> basicType@4(java.time.OffsetTime,3007)
2024-10-18T18:59:06.520+03:00 DEBUG [,,] 14780 --- [main] [                                                 ] org.hibernate.type.BasicTypeRegistry     : Adding type registration OffsetTime -> basicType@4(java.time.OffsetTime,3007)
2024-10-18T18:59:06.520+03:00 DEBUG [,,] 14780 --- [main] [                                                 ] org.hibernate.type.BasicTypeRegistry     : Adding type registration java.time.OffsetTime -> basicType@4(java.time.OffsetTime,3007)
2024-10-18T18:59:06.521+03:00 DEBUG [,,] 14780 --- [main] [                                                 ] o.h.type.spi.TypeConfiguration$Scope     : Scoping TypeConfiguration [org.hibernate.type.spi.TypeConfiguration@544e6b] to MetadataBuildingContext [org.hibernate.boot.internal.MetadataBuildingContextRootImpl@5b430541]
2024-10-18T18:59:06.538+03:00 DEBUG [,,] 14780 --- [main] [                                                 ] o.h.boot.model.relational.Namespace      : Created database namespace [logicalName=Name{catalog=null, schema=null}, physicalName=Name{catalog=null, schema=null}]
2024-10-18T18:59:06.549+03:00 DEBUG [,,] 14780 --- [main] [                                                 ] o.h.boot.model.internal.EntityBinder     : Binding entity from annotated class: com.example.kibana_deploy_template.user.model.User
2024-10-18T18:59:06.552+03:00 DEBUG [,,] 14780 --- [main] [                                                 ] o.h.boot.model.internal.EntityBinder     : Import with entity name user
2024-10-18T18:59:06.555+03:00 DEBUG [,,] 14780 --- [main] [                                                 ] o.h.boot.model.internal.EntityBinder     : Bind entity com.example.kibana_deploy_template.user.model.User on table users
2024-10-18T18:59:06.560+03:00 DEBUG [,,] 14780 --- [main] [                                                 ] o.h.boot.model.internal.AnnotatedColumn  : Binding column: AnnotatedDiscriminatorColumn(column='DTYPE')
2024-10-18T18:59:06.568+03:00 DEBUG [,,] 14780 --- [main] [                                                 ] o.h.boot.model.internal.AnnotatedColumn  : Binding column: AnnotatedColumn()
2024-10-18T18:59:06.568+03:00 DEBUG [,,] 14780 --- [main] [                                                 ] o.h.boot.internal.ClassLoaderAccessImpl  : Not known whether passed class name [com.example.kibana_deploy_template.user.model.User] is safe
2024-10-18T18:59:06.568+03:00 DEBUG [,,] 14780 --- [main] [                                                 ] o.h.boot.internal.ClassLoaderAccessImpl  : No temp ClassLoader provided; using live ClassLoader for loading potentially unsafe class : com.example.kibana_deploy_template.user.model.User
2024-10-18T18:59:06.570+03:00 DEBUG [,,] 14780 --- [main] [                                                 ] o.h.boot.model.internal.PropertyBinder   : MetadataSourceProcessor property id with lazy=false
2024-10-18T18:59:06.572+03:00 DEBUG [,,] 14780 --- [main] [                                                 ] o.h.b.m.internal.AbstractPropertyHolder  : Attempting to locate auto-apply AttributeConverter for property [com.example.kibana_deploy_template.user.model.User:id]
2024-10-18T18:59:06.574+03:00 DEBUG [,,] 14780 --- [main] [                                                 ] o.h.b.model.internal.BasicValueBinder    : building BasicValue for id
2024-10-18T18:59:06.575+03:00 DEBUG [,,] 14780 --- [main] [                                                 ] org.hibernate.mapping.BasicValue         : Skipping column re-registration: users.id
2024-10-18T18:59:06.576+03:00 DEBUG [,,] 14780 --- [main] [                                                 ] o.h.boot.model.internal.PropertyBinder   : Building property id
2024-10-18T18:59:06.577+03:00 DEBUG [,,] 14780 --- [main] [                                                 ] o.h.boot.model.internal.BinderHelper     : #makeIdGenerator(BasicValue([Column(id)]), id, org.hibernate.id.enhanced.SequenceStyleGenerator, , ...)
2024-10-18T18:59:06.578+03:00 DEBUG [,,] 14780 --- [main] [                                                 ] o.h.boot.model.internal.AnnotatedColumn  : Binding column: AnnotatedColumn()
2024-10-18T18:59:06.578+03:00 DEBUG [,,] 14780 --- [main] [                                                 ] o.h.boot.model.internal.PropertyBinder   : MetadataSourceProcessor property email with lazy=false
2024-10-18T18:59:06.578+03:00 DEBUG [,,] 14780 --- [main] [                                                 ] o.h.b.m.internal.AbstractPropertyHolder  : Attempting to locate auto-apply AttributeConverter for property [com.example.kibana_deploy_template.user.model.User:email]
2024-10-18T18:59:06.578+03:00 DEBUG [,,] 14780 --- [main] [                                                 ] o.h.b.model.internal.BasicValueBinder    : building BasicValue for email
2024-10-18T18:59:06.578+03:00 DEBUG [,,] 14780 --- [main] [                                                 ] org.hibernate.mapping.BasicValue         : Skipping column re-registration: users.email
2024-10-18T18:59:06.578+03:00 DEBUG [,,] 14780 --- [main] [                                                 ] o.h.boot.model.internal.PropertyBinder   : Building property email
2024-10-18T18:59:06.578+03:00 DEBUG [,,] 14780 --- [main] [                                                 ] o.h.boot.model.internal.AnnotatedColumn  : Binding column: AnnotatedColumn()
2024-10-18T18:59:06.578+03:00 DEBUG [,,] 14780 --- [main] [                                                 ] o.h.boot.model.internal.PropertyBinder   : MetadataSourceProcessor property gender with lazy=false
2024-10-18T18:59:06.578+03:00 DEBUG [,,] 14780 --- [main] [                                                 ] o.h.b.m.internal.AbstractPropertyHolder  : Attempting to locate auto-apply AttributeConverter for property [com.example.kibana_deploy_template.user.model.User:gender]
2024-10-18T18:59:06.578+03:00 DEBUG [,,] 14780 --- [main] [                                                 ] o.h.b.model.internal.BasicValueBinder    : building BasicValue for gender
2024-10-18T18:59:06.578+03:00 DEBUG [,,] 14780 --- [main] [                                                 ] org.hibernate.mapping.BasicValue         : Skipping column re-registration: users.gender
2024-10-18T18:59:06.579+03:00 DEBUG [,,] 14780 --- [main] [                                                 ] o.h.boot.model.internal.PropertyBinder   : Building property gender
2024-10-18T18:59:06.579+03:00 DEBUG [,,] 14780 --- [main] [                                                 ] o.h.boot.model.internal.AnnotatedColumn  : Binding column: AnnotatedColumn()
2024-10-18T18:59:06.579+03:00 DEBUG [,,] 14780 --- [main] [                                                 ] o.h.boot.model.internal.PropertyBinder   : MetadataSourceProcessor property name with lazy=false
2024-10-18T18:59:06.579+03:00 DEBUG [,,] 14780 --- [main] [                                                 ] o.h.b.m.internal.AbstractPropertyHolder  : Attempting to locate auto-apply AttributeConverter for property [com.example.kibana_deploy_template.user.model.User:name]
2024-10-18T18:59:06.579+03:00 DEBUG [,,] 14780 --- [main] [                                                 ] o.h.b.model.internal.BasicValueBinder    : building BasicValue for name
2024-10-18T18:59:06.579+03:00 DEBUG [,,] 14780 --- [main] [                                                 ] org.hibernate.mapping.BasicValue         : Skipping column re-registration: users.name
2024-10-18T18:59:06.579+03:00 DEBUG [,,] 14780 --- [main] [                                                 ] o.h.boot.model.internal.PropertyBinder   : Building property name
2024-10-18T18:59:06.579+03:00 DEBUG [,,] 14780 --- [main] [                                                 ] o.h.boot.model.internal.AnnotatedColumn  : Binding column: AnnotatedColumn()
2024-10-18T18:59:06.579+03:00 DEBUG [,,] 14780 --- [main] [                                                 ] o.h.boot.model.internal.PropertyBinder   : MetadataSourceProcessor property password with lazy=false
2024-10-18T18:59:06.579+03:00 DEBUG [,,] 14780 --- [main] [                                                 ] o.h.b.m.internal.AbstractPropertyHolder  : Attempting to locate auto-apply AttributeConverter for property [com.example.kibana_deploy_template.user.model.User:password]
2024-10-18T18:59:06.579+03:00 DEBUG [,,] 14780 --- [main] [                                                 ] o.h.b.model.internal.BasicValueBinder    : building BasicValue for password
2024-10-18T18:59:06.579+03:00 DEBUG [,,] 14780 --- [main] [                                                 ] org.hibernate.mapping.BasicValue         : Skipping column re-registration: users.password
2024-10-18T18:59:06.579+03:00 DEBUG [,,] 14780 --- [main] [                                                 ] o.h.boot.model.internal.PropertyBinder   : Building property password
2024-10-18T18:59:06.580+03:00 DEBUG [,,] 14780 --- [main] [                                                 ] o.h.b.r.c.i.ClassLoaderServiceImpl       : HHH000194: Package not found or no package-info.java: com.example.kibana_deploy_template.user.model
2024-10-18T18:59:06.583+03:00 DEBUG [,,] 14780 --- [HikariPool-1 housekeeper] [                                                 ] com.zaxxer.hikari.pool.HikariPool        : HikariPool-1 - Pool stats (total=1, active=0, idle=1, waiting=0)
2024-10-18T18:59:06.584+03:00 DEBUG [,,] 14780 --- [main] [                                                 ] o.h.b.model.internal.BasicValueBinder    : Starting `BasicValueBinder#fillSimpleValue` for id
2024-10-18T18:59:06.585+03:00 DEBUG [,,] 14780 --- [main] [                                                 ] o.h.b.model.internal.BasicValueBinder    : Starting `BasicValueBinder#fillSimpleValue` for email
2024-10-18T18:59:06.585+03:00 DEBUG [,,] 14780 --- [main] [                                                 ] o.h.b.model.internal.BasicValueBinder    : Starting `BasicValueBinder#fillSimpleValue` for gender
2024-10-18T18:59:06.585+03:00 DEBUG [,,] 14780 --- [main] [                                                 ] o.h.b.model.internal.BasicValueBinder    : Starting `BasicValueBinder#fillSimpleValue` for name
2024-10-18T18:59:06.585+03:00 DEBUG [,,] 14780 --- [main] [                                                 ] o.h.b.model.internal.BasicValueBinder    : Starting `BasicValueBinder#fillSimpleValue` for password
2024-10-18T18:59:06.586+03:00 DEBUG [,,] 14780 --- [HikariPool-1 connection adder] [                                                 ] com.zaxxer.hikari.pool.HikariPool        : HikariPool-1 - Added connection com.mysql.cj.jdbc.ConnectionImpl@148e215b
2024-10-18T18:59:06.587+03:00 DEBUG [,,] 14780 --- [main] [                                                 ] org.hibernate.mapping.PrimaryKey         : Forcing column [id] to be non-null as it is part of the primary key for table [users]
2024-10-18T18:59:06.596+03:00 DEBUG [,,] 14780 --- [RMI TCP Connection(1)-192.168.0.104] [                                                 ] sun.rmi.transport.tcp                    : RMI TCP Connection(1)-192.168.0.104: (port 53343) connection closed
2024-10-18T18:59:06.597+03:00 DEBUG [,,] 14780 --- [RMI TCP Connection(1)-192.168.0.104] [                                                 ] sun.rmi.transport.tcp                    : RMI TCP Connection(1)-192.168.0.104: close connection, socket: Socket[addr=/192.168.0.104,port=53345,localport=53343]
2024-10-18T18:59:06.597+03:00 DEBUG [,,] 14780 --- [RMI TCP Connection(1)-192.168.0.104] [                                                 ] sun.rmi.transport.tcp                    : RMI TCP Connection(1)-192.168.0.104: socket close: Socket[addr=/192.168.0.104,port=53345,localport=53343]
2024-10-18T18:59:06.602+03:00 DEBUG [,,] 14780 --- [RMI TCP Connection(2)-192.168.0.104] [                                                 ] sun.rmi.transport.tcp                    : RMI TCP Connection(2)-192.168.0.104: accepted socket from [192.168.0.104:53349]
2024-10-18T18:59:06.602+03:00 DEBUG [,,] 14780 --- [RMI TCP Connection(2)-192.168.0.104] [                                                 ] sun.rmi.transport.tcp                    : RMI TCP Connection(2)-192.168.0.104: (port 53343) op = 80
2024-10-18T18:59:06.602+03:00 DEBUG [,,] 14780 --- [RMI TCP Connection(2)-192.168.0.104] [                                                 ] sun.rmi.loader                           : RMI TCP Connection(2)-192.168.0.104: name = "[Ljava.rmi.server.ObjID;", codebase = "", defaultLoader = jdk.internal.loader.ClassLoaders$PlatformClassLoader@67a5978a
2024-10-18T18:59:06.602+03:00 DEBUG [,,] 14780 --- [RMI TCP Connection(2)-192.168.0.104] [                                                 ] sun.rmi.loader                           : RMI TCP Connection(2)-192.168.0.104: name = "java.rmi.server.ObjID", codebase = "", defaultLoader = jdk.internal.loader.ClassLoaders$PlatformClassLoader@67a5978a
2024-10-18T18:59:06.603+03:00 DEBUG [,,] 14780 --- [RMI TCP Connection(2)-192.168.0.104] [                                                 ] sun.rmi.loader                           : RMI TCP Connection(2)-192.168.0.104: name = "java.rmi.server.UID", codebase = "", defaultLoader = jdk.internal.loader.ClassLoaders$PlatformClassLoader@67a5978a
2024-10-18T18:59:06.603+03:00 DEBUG [,,] 14780 --- [RMI TCP Connection(2)-192.168.0.104] [                                                 ] sun.rmi.loader                           : RMI TCP Connection(2)-192.168.0.104: name = "java.rmi.dgc.VMID", codebase = "", defaultLoader = jdk.internal.loader.ClassLoaders$PlatformClassLoader@67a5978a
2024-10-18T18:59:06.603+03:00 DEBUG [,,] 14780 --- [RMI TCP Connection(2)-192.168.0.104] [                                                 ] sun.rmi.loader                           : RMI TCP Connection(2)-192.168.0.104: name = "[B", codebase = "", defaultLoader = jdk.internal.loader.ClassLoaders$PlatformClassLoader@67a5978a
2024-10-18T18:59:06.618+03:00 DEBUG [,,] 14780 --- [RMI TCP Connection(3)-192.168.0.104] [                                                 ] sun.rmi.transport.tcp                    : RMI TCP Connection(3)-192.168.0.104: accepted socket from [192.168.0.104:53350]
2024-10-18T18:59:06.618+03:00 DEBUG [,,] 14780 --- [RMI TCP Connection(3)-192.168.0.104] [                                                 ] sun.rmi.transport.tcp                    : RMI TCP Connection(3)-192.168.0.104: (port 53343) op = 80
2024-10-18T18:59:06.618+03:00 DEBUG [,,] 14780 --- [RMI TCP Connection(3)-192.168.0.104] [                                                 ] sun.rmi.loader                           : RMI TCP Connection(3)-192.168.0.104: name = "[Ljava.rmi.server.ObjID;", codebase = "", defaultLoader = jdk.internal.loader.ClassLoaders$PlatformClassLoader@67a5978a
2024-10-18T18:59:06.618+03:00 DEBUG [,,] 14780 --- [RMI TCP Connection(3)-192.168.0.104] [                                                 ] sun.rmi.loader                           : RMI TCP Connection(3)-192.168.0.104: name = "java.rmi.server.ObjID", codebase = "", defaultLoader = jdk.internal.loader.ClassLoaders$PlatformClassLoader@67a5978a
2024-10-18T18:59:06.618+03:00 DEBUG [,,] 14780 --- [RMI TCP Connection(3)-192.168.0.104] [                                                 ] sun.rmi.loader                           : RMI TCP Connection(3)-192.168.0.104: name = "java.rmi.server.UID", codebase = "", defaultLoader = jdk.internal.loader.ClassLoaders$PlatformClassLoader@67a5978a
2024-10-18T18:59:06.619+03:00 DEBUG [,,] 14780 --- [RMI TCP Connection(3)-192.168.0.104] [                                                 ] sun.rmi.loader                           : RMI TCP Connection(3)-192.168.0.104: name = "java.rmi.dgc.Lease", codebase = "", defaultLoader = jdk.internal.loader.ClassLoaders$PlatformClassLoader@67a5978a
2024-10-18T18:59:06.619+03:00 DEBUG [,,] 14780 --- [RMI TCP Connection(3)-192.168.0.104] [                                                 ] sun.rmi.loader                           : RMI TCP Connection(3)-192.168.0.104: name = "java.rmi.dgc.VMID", codebase = "", defaultLoader = jdk.internal.loader.ClassLoaders$PlatformClassLoader@67a5978a
2024-10-18T18:59:06.619+03:00 DEBUG [,,] 14780 --- [RMI TCP Connection(3)-192.168.0.104] [                                                 ] sun.rmi.loader                           : RMI TCP Connection(3)-192.168.0.104: name = "[B", codebase = "", defaultLoader = jdk.internal.loader.ClassLoaders$PlatformClassLoader@67a5978a
2024-10-18T18:59:06.619+03:00 DEBUG [,,] 14780 --- [RMI TCP Connection(3)-192.168.0.104] [                                                 ] sun.rmi.transport.tcp                    : RMI TCP Connection(3)-192.168.0.104: (port 53343) op = 80
2024-10-18T18:59:06.620+03:00 DEBUG [,,] 14780 --- [RMI TCP Connection(3)-192.168.0.104] [                                                 ] sun.rmi.transport.tcp                    : RMI TCP Connection(3)-192.168.0.104: (port 53343) op = 80
2024-10-18T18:59:06.620+03:00 DEBUG [,,] 14780 --- [RMI TCP Connection(3)-192.168.0.104] [                                                 ] sun.rmi.loader                           : RMI TCP Connection(3)-192.168.0.104: name = "[Ljava.rmi.server.ObjID;", codebase = "", defaultLoader = jdk.internal.loader.ClassLoaders$PlatformClassLoader@67a5978a
2024-10-18T18:59:06.620+03:00 DEBUG [,,] 14780 --- [RMI TCP Connection(3)-192.168.0.104] [                                                 ] sun.rmi.loader                           : RMI TCP Connection(3)-192.168.0.104: name = "java.rmi.server.ObjID", codebase = "", defaultLoader = jdk.internal.loader.ClassLoaders$PlatformClassLoader@67a5978a
2024-10-18T18:59:06.620+03:00 DEBUG [,,] 14780 --- [RMI TCP Connection(3)-192.168.0.104] [                                                 ] sun.rmi.loader                           : RMI TCP Connection(3)-192.168.0.104: name = "java.rmi.server.UID", codebase = "", defaultLoader = jdk.internal.loader.ClassLoaders$PlatformClassLoader@67a5978a
2024-10-18T18:59:06.620+03:00 DEBUG [,,] 14780 --- [RMI TCP Connection(3)-192.168.0.104] [                                                 ] sun.rmi.loader                           : RMI TCP Connection(3)-192.168.0.104: name = "java.rmi.dgc.Lease", codebase = "", defaultLoader = jdk.internal.loader.ClassLoaders$PlatformClassLoader@67a5978a
2024-10-18T18:59:06.620+03:00 DEBUG [,,] 14780 --- [RMI TCP Connection(3)-192.168.0.104] [                                                 ] sun.rmi.loader                           : RMI TCP Connection(3)-192.168.0.104: name = "java.rmi.dgc.VMID", codebase = "", defaultLoader = jdk.internal.loader.ClassLoaders$PlatformClassLoader@67a5978a
2024-10-18T18:59:06.620+03:00 DEBUG [,,] 14780 --- [RMI TCP Connection(3)-192.168.0.104] [                                                 ] sun.rmi.loader                           : RMI TCP Connection(3)-192.168.0.104: name = "[B", codebase = "", defaultLoader = jdk.internal.loader.ClassLoaders$PlatformClassLoader@67a5978a
2024-10-18T18:59:06.621+03:00 DEBUG [,,] 14780 --- [RMI TCP Connection(3)-192.168.0.104] [                                                 ] sun.rmi.transport.tcp                    : RMI TCP Connection(3)-192.168.0.104: (port 53343) op = 84
2024-10-18T18:59:06.621+03:00 DEBUG [,,] 14780 --- [RMI TCP Connection(3)-192.168.0.104] [                                                 ] sun.rmi.transport.tcp                    : RMI TCP Connection(3)-192.168.0.104: (port 53343) op = 80
2024-10-18T18:59:06.621+03:00 DEBUG [,,] 14780 --- [RMI TCP Connection(3)-192.168.0.104] [                                                 ] sun.rmi.transport.tcp                    : RMI TCP Connection(3)-192.168.0.104: (port 53343) op = 80
2024-10-18T18:59:06.621+03:00 DEBUG [,,] 14780 --- [RMI TCP Connection(3)-192.168.0.104] [                                                 ] sun.rmi.loader                           : RMI TCP Connection(3)-192.168.0.104: name = "javax.management.ObjectName", codebase = ""
2024-10-18T18:59:06.621+03:00 DEBUG [,,] 14780 --- [RMI TCP Connection(3)-192.168.0.104] [                                                 ] javax.management.remote.rmi              : connectionId=rmi://192.168.0.104  4, name=org.springframework.boot:type=Admin,name=SpringApplication, attribute=Ready
2024-10-18T18:59:06.622+03:00 DEBUG [,,] 14780 --- [RMI TCP Connection(3)-192.168.0.104] [                                                 ] sun.rmi.server.call                      : RMI TCP Connection(3)-192.168.0.104: [192.168.0.104] exception: 

javax.management.InstanceNotFoundException: org.springframework.boot:type=Admin,name=SpringApplication
	at java.management/com.sun.jmx.interceptor.DefaultMBeanServerInterceptor.getMBean(DefaultMBeanServerInterceptor.java:1088) ~[na:na]
	at java.management/com.sun.jmx.interceptor.DefaultMBeanServerInterceptor.getAttribute(DefaultMBeanServerInterceptor.java:640) ~[na:na]
	at java.management/com.sun.jmx.mbeanserver.JmxMBeanServer.getAttribute(JmxMBeanServer.java:679) ~[na:na]
	at java.management.rmi/javax.management.remote.rmi.RMIConnectionImpl.doOperation(RMIConnectionImpl.java:1449) ~[na:na]
	at java.management.rmi/javax.management.remote.rmi.RMIConnectionImpl$PrivilegedOperation.run(RMIConnectionImpl.java:1310) ~[na:na]
	at java.management.rmi/javax.management.remote.rmi.RMIConnectionImpl.doPrivilegedOperation(RMIConnectionImpl.java:1405) ~[na:na]
	at java.management.rmi/javax.management.remote.rmi.RMIConnectionImpl.getAttribute(RMIConnectionImpl.java:639) ~[na:na]
	at java.base/jdk.internal.reflect.NativeMethodAccessorImpl.invoke0(Native Method) ~[na:na]
	at java.base/jdk.internal.reflect.NativeMethodAccessorImpl.invoke(NativeMethodAccessorImpl.java:77) ~[na:na]
	at java.base/jdk.internal.reflect.DelegatingMethodAccessorImpl.invoke(DelegatingMethodAccessorImpl.java:43) ~[na:na]
	at java.base/java.lang.reflect.Method.invoke(Method.java:568) ~[na:na]
	at java.rmi/sun.rmi.server.UnicastServerRef.dispatch(UnicastServerRef.java:360) ~[na:na]
	at java.rmi/sun.rmi.transport.Transport$1.run(Transport.java:200) ~[na:na]
	at java.rmi/sun.rmi.transport.Transport$1.run(Transport.java:197) ~[na:na]
	at java.base/java.security.AccessController.doPrivileged(AccessController.java:712) ~[na:na]
	at java.rmi/sun.rmi.transport.Transport.serviceCall(Transport.java:196) ~[na:na]
	at java.rmi/sun.rmi.transport.tcp.TCPTransport.handleMessages(TCPTransport.java:587) ~[na:na]
	at java.rmi/sun.rmi.transport.tcp.TCPTransport$ConnectionHandler.run0(TCPTransport.java:828) ~[na:na]
	at java.rmi/sun.rmi.transport.tcp.TCPTransport$ConnectionHandler.lambda$run$0(TCPTransport.java:705) ~[na:na]
	at java.base/java.security.AccessController.doPrivileged(AccessController.java:399) ~[na:na]
	at java.rmi/sun.rmi.transport.tcp.TCPTransport$ConnectionHandler.run(TCPTransport.java:704) ~[na:na]
	at java.base/java.util.concurrent.ThreadPoolExecutor.runWorker(ThreadPoolExecutor.java:1136) ~[na:na]
	at java.base/java.util.concurrent.ThreadPoolExecutor$Worker.run(ThreadPoolExecutor.java:635) ~[na:na]
	at java.base/java.lang.Thread.run(Thread.java:833) ~[na:na]

2024-10-18T18:59:06.622+03:00 DEBUG [,,] 14780 --- [RMI TCP Connection(3)-192.168.0.104] [                                                 ] sun.rmi.transport.tcp                    : RMI TCP Connection(3)-192.168.0.104: (port 53343) op = 80
2024-10-18T18:59:06.622+03:00 DEBUG [,,] 14780 --- [RMI TCP Connection(3)-192.168.0.104] [                                                 ] javax.management.remote.rmi              : [javax.management.remote.rmi.RMIConnectionImpl@1f061d5a: connectionId=rmi://192.168.0.104  4] closing.
2024-10-18T18:59:06.622+03:00 DEBUG [,,] 14780 --- [RMI TCP Connection(3)-192.168.0.104] [                                                 ] javax.management.remote.rmi              : [javax.management.remote.rmi.RMIConnectionImpl@1f061d5a: connectionId=rmi://192.168.0.104  4] closed.
2024-10-18T18:59:06.631+03:00 DEBUG [,,] 14780 --- [HikariPool-1 connection adder] [                                                 ] com.zaxxer.hikari.pool.HikariPool        : HikariPool-1 - After adding stats (total=2, active=0, idle=2, waiting=0)
2024-10-18T18:59:06.631+03:00 DEBUG [,,] 14780 --- [main] [                                                 ] o.hibernate.internal.SessionFactoryImpl  : Building session factory
2024-10-18T18:59:06.633+03:00 DEBUG [,,] 14780 --- [HikariPool-1 connection adder] [                                                 ] com.zaxxer.hikari.pool.HikariPool        : HikariPool-1 - Added connection com.mysql.cj.jdbc.ConnectionImpl@55b32b60
2024-10-18T18:59:06.658+03:00 DEBUG [,,] 14780 --- [main] [                                                 ] .h.s.i.SessionFactoryServiceRegistryImpl : EventListenerRegistry access via ServiceRegistry is deprecated.  Use `sessionFactory.getEventEngine().getListenerRegistry()` instead
2024-10-18T18:59:06.659+03:00 DEBUG [,,] 14780 --- [main] [                                                 ] o.hibernate.internal.SessionFactoryImpl  : Instantiating SessionFactory with settings: {hibernate.format_sql=true, java.specification.version=17, sun.cpu.isalist=amd64, hibernate.resource.beans.container=org.springframework.orm.hibernate5.SpringBeanContainer@59c00722, hibernate.connection.handling_mode=DELAYED_ACQUISITION_AND_HOLD, sun.jnu.encoding=Cp1252, hibernate.dialect=org.hibernate.dialect.MySQLDialect, hibernate.implicit_naming_strategy=org.springframework.boot.orm.jpa.hibernate.SpringImplicitNamingStrategy, java.class.path=C:\Users\denis\OneDrive\Desktop\myCode\kibana_deploy_template\target\classes;C:\Users\denis\.m2\repository\org\springframework\boot\spring-boot-starter-data-jpa\3.3.4\spring-boot-starter-data-jpa-3.3.4.jar;C:\Users\denis\.m2\repository\org\springframework\boot\spring-boot-starter-aop\3.3.4\spring-boot-starter-aop-3.3.4.jar;C:\Users\denis\.m2\repository\org\springframework\spring-aop\6.1.13\spring-aop-6.1.13.jar;C:\Users\denis\.m2\repository\org\aspectj\aspectjweaver\1.9.22.1\aspectjweaver-1.9.22.1.jar;C:\Users\denis\.m2\repository\org\springframework\boot\spring-boot-starter-jdbc\3.3.4\spring-boot-starter-jdbc-3.3.4.jar;C:\Users\denis\.m2\repository\com\zaxxer\HikariCP\5.1.0\HikariCP-5.1.0.jar;C:\Users\denis\.m2\repository\org\springframework\spring-jdbc\6.1.13\spring-jdbc-6.1.13.jar;C:\Users\denis\.m2\repository\org\hibernate\orm\hibernate-core\6.5.3.Final\hibernate-core-6.5.3.Final.jar;C:\Users\denis\.m2\repository\jakarta\persistence\jakarta.persistence-api\3.1.0\jakarta.persistence-api-3.1.0.jar;C:\Users\denis\.m2\repository\jakarta\transaction\jakarta.transaction-api\2.0.1\jakarta.transaction-api-2.0.1.jar;C:\Users\denis\.m2\repository\org\jboss\logging\jboss-logging\3.5.3.Final\jboss-logging-3.5.3.Final.jar;C:\Users\denis\.m2\repository\org\hibernate\common\hibernate-commons-annotations\6.0.6.Final\hibernate-commons-annotations-6.0.6.Final.jar;C:\Users\denis\.m2\repository\io\smallrye\jandex\3.1.2\jandex-3.1.2.jar;C:\Users\denis\.m2\repository\com\fasterxml\classmate\1.7.0\classmate-1.7.0.jar;C:\Users\denis\.m2\repository\net\bytebuddy\byte-buddy\1.14.19\byte-buddy-1.14.19.jar;C:\Users\denis\.m2\repository\org\glassfish\jaxb\jaxb-runtime\4.0.5\jaxb-runtime-4.0.5.jar;C:\Users\denis\.m2\repository\org\glassfish\jaxb\jaxb-core\4.0.5\jaxb-core-4.0.5.jar;C:\Users\denis\.m2\repository\org\eclipse\angus\angus-activation\2.0.2\angus-activation-2.0.2.jar;C:\Users\denis\.m2\repository\org\glassfish\jaxb\txw2\4.0.5\txw2-4.0.5.jar;C:\Users\denis\.m2\repository\com\sun\istack\istack-commons-runtime\4.1.2\istack-commons-runtime-4.1.2.jar;C:\Users\denis\.m2\repository\jakarta\inject\jakarta.inject-api\2.0.1\jakarta.inject-api-2.0.1.jar;C:\Users\denis\.m2\repository\org\antlr\antlr4-runtime\4.13.0\antlr4-runtime-4.13.0.jar;C:\Users\denis\.m2\repository\org\springframework\data\spring-data-jpa\3.3.4\spring-data-jpa-3.3.4.jar;C:\Users\denis\.m2\repository\org\springframework\data\spring-data-commons\3.3.4\spring-data-commons-3.3.4.jar;C:\Users\denis\.m2\repository\org\springframework\spring-orm\6.1.13\spring-orm-6.1.13.jar;C:\Users\denis\.m2\repository\org\springframework\spring-context\6.1.13\spring-context-6.1.13.jar;C:\Users\denis\.m2\repository\org\springframework\spring-tx\6.1.13\spring-tx-6.1.13.jar;C:\Users\denis\.m2\repository\org\springframework\spring-beans\6.1.13\spring-beans-6.1.13.jar;C:\Users\denis\.m2\repository\jakarta\annotation\jakarta.annotation-api\2.1.1\jakarta.annotation-api-2.1.1.jar;C:\Users\denis\.m2\repository\org\springframework\spring-aspects\6.1.13\spring-aspects-6.1.13.jar;C:\Users\denis\.m2\repository\org\springframework\boot\spring-boot-starter-web\3.3.4\spring-boot-starter-web-3.3.4.jar;C:\Users\denis\.m2\repository\org\springframework\boot\spring-boot-starter\3.3.4\spring-boot-starter-3.3.4.jar;C:\Users\denis\.m2\repository\org\springframework\boot\spring-boot\3.3.4\spring-boot-3.3.4.jar;C:\Users\denis\.m2\repository\org\springframework\boot\spring-boot-autoconfigure\3.3.4\spring-boot-autoconfigure-3.3.4.jar;C:\Users\denis\.m2\repository\org\yaml\snakeyaml\2.2\snakeyaml-2.2.jar;C:\Users\denis\.m2\repository\org\springframework\boot\spring-boot-starter-json\3.3.4\spring-boot-starter-json-3.3.4.jar;C:\Users\denis\.m2\repository\com\fasterxml\jackson\datatype\jackson-datatype-jdk8\2.17.2\jackson-datatype-jdk8-2.17.2.jar;C:\Users\denis\.m2\repository\com\fasterxml\jackson\datatype\jackson-datatype-jsr310\2.17.2\jackson-datatype-jsr310-2.17.2.jar;C:\Users\denis\.m2\repository\com\fasterxml\jackson\module\jackson-module-parameter-names\2.17.2\jackson-module-parameter-names-2.17.2.jar;C:\Users\denis\.m2\repository\org\springframework\boot\spring-boot-starter-tomcat\3.3.4\spring-boot-starter-tomcat-3.3.4.jar;C:\Users\denis\.m2\repository\org\apache\tomcat\embed\tomcat-embed-core\10.1.30\tomcat-embed-core-10.1.30.jar;C:\Users\denis\.m2\repository\org\apache\tomcat\embed\tomcat-embed-el\10.1.30\tomcat-embed-el-10.1.30.jar;C:\Users\denis\.m2\repository\org\apache\tomcat\embed\tomcat-embed-websocket\10.1.30\tomcat-embed-websocket-10.1.30.jar;C:\Users\denis\.m2\repository\org\springframework\spring-web\6.1.13\spring-web-6.1.13.jar;C:\Users\denis\.m2\repository\org\springframework\spring-webmvc\6.1.13\spring-webmvc-6.1.13.jar;C:\Users\denis\.m2\repository\org\springframework\spring-expression\6.1.13\spring-expression-6.1.13.jar;C:\Users\denis\.m2\repository\org\springdoc\springdoc-openapi-starter-webmvc-ui\2.2.0\springdoc-openapi-starter-webmvc-ui-2.2.0.jar;C:\Users\denis\.m2\repository\org\springdoc\springdoc-openapi-starter-webmvc-api\2.2.0\springdoc-openapi-starter-webmvc-api-2.2.0.jar;C:\Users\denis\.m2\repository\org\springdoc\springdoc-openapi-starter-common\2.2.0\springdoc-openapi-starter-common-2.2.0.jar;C:\Users\denis\.m2\repository\io\swagger\core\v3\swagger-core-jakarta\2.2.15\swagger-core-jakarta-2.2.15.jar;C:\Users\denis\.m2\repository\org\apache\commons\commons-lang3\3.14.0\commons-lang3-3.14.0.jar;C:\Users\denis\.m2\repository\io\swagger\core\v3\swagger-annotations-jakarta\2.2.15\swagger-annotations-jakarta-2.2.15.jar;C:\Users\denis\.m2\repository\io\swagger\core\v3\swagger-models-jakarta\2.2.15\swagger-models-jakarta-2.2.15.jar;C:\Users\denis\.m2\repository\jakarta\validation\jakarta.validation-api\3.0.2\jakarta.validation-api-3.0.2.jar;C:\Users\denis\.m2\repository\com\fasterxml\jackson\dataformat\jackson-dataformat-yaml\2.17.2\jackson-dataformat-yaml-2.17.2.jar;C:\Users\denis\.m2\repository\org\webjars\swagger-ui\5.2.0\swagger-ui-5.2.0.jar;C:\Users\denis\.m2\repository\com\mysql\mysql-connector-j\8.3.0\mysql-connector-j-8.3.0.jar;C:\Users\denis\.m2\repository\org\projectlombok\lombok\1.18.34\lombok-1.18.34.jar;C:\Users\denis\.m2\repository\jakarta\xml\bind\jakarta.xml.bind-api\4.0.2\jakarta.xml.bind-api-4.0.2.jar;C:\Users\denis\.m2\repository\jakarta\activation\jakarta.activation-api\2.1.3\jakarta.activation-api-2.1.3.jar;C:\Users\denis\.m2\repository\org\springframework\spring-core\6.1.13\spring-core-6.1.13.jar;C:\Users\denis\.m2\repository\org\springframework\spring-jcl\6.1.13\spring-jcl-6.1.13.jar;C:\Users\denis\.m2\repository\org\springframework\boot\spring-boot-starter-actuator\3.3.0\spring-boot-starter-actuator-3.3.0.jar;C:\Users\denis\.m2\repository\org\springframework\boot\spring-boot-actuator-autoconfigure\3.3.4\spring-boot-actuator-autoconfigure-3.3.4.jar;C:\Users\denis\.m2\repository\org\springframework\boot\spring-boot-actuator\3.3.4\spring-boot-actuator-3.3.4.jar;C:\Users\denis\.m2\repository\io\micrometer\micrometer-observation\1.13.4\micrometer-observation-1.13.4.jar;C:\Users\denis\.m2\repository\io\micrometer\micrometer-commons\1.13.4\micrometer-commons-1.13.4.jar;C:\Users\denis\.m2\repository\io\micrometer\micrometer-jakarta9\1.13.4\micrometer-jakarta9-1.13.4.jar;C:\Users\denis\.m2\repository\io\micrometer\micrometer-tracing-bridge-brave\1.3.4\micrometer-tracing-bridge-brave-1.3.4.jar;C:\Users\denis\.m2\repository\io\micrometer\micrometer-tracing\1.3.4\micrometer-tracing-1.3.4.jar;C:\Users\denis\.m2\repository\io\micrometer\context-propagation\1.1.1\context-propagation-1.1.1.jar;C:\Users\denis\.m2\repository\aopalliance\aopalliance\1.0\aopalliance-1.0.jar;C:\Users\denis\.m2\repository\org\slf4j\slf4j-api\2.0.16\slf4j-api-2.0.16.jar;C:\Users\denis\.m2\repository\io\zipkin\brave\brave\6.0.3\brave-6.0.3.jar;C:\Users\denis\.m2\repository\io\zipkin\brave\brave-context-slf4j\6.0.3\brave-context-slf4j-6.0.3.jar;C:\Users\denis\.m2\repository\io\zipkin\brave\brave-instrumentation-http\6.0.3\brave-instrumentation-http-6.0.3.jar;C:\Users\denis\.m2\repository\io\zipkin\aws\brave-propagation-aws\1.2.5\brave-propagation-aws-1.2.5.jar;C:\Users\denis\.m2\repository\io\zipkin\contrib\brave-propagation-w3c\brave-propagation-tracecontext\0.2.0\brave-propagation-tracecontext-0.2.0.jar;C:\Users\denis\.m2\repository\io\zipkin\reporter2\zipkin-reporter-brave\3.4.2\zipkin-reporter-brave-3.4.2.jar;C:\Users\denis\.m2\repository\io\zipkin\reporter2\zipkin-reporter\3.4.2\zipkin-reporter-3.4.2.jar;C:\Users\denis\.m2\repository\org\springframework\boot\spring-boot-starter-logging\3.3.4\spring-boot-starter-logging-3.3.4.jar;C:\Users\denis\.m2\repository\ch\qos\logback\logback-classic\1.5.8\logback-classic-1.5.8.jar;C:\Users\denis\.m2\repository\ch\qos\logback\logback-core\1.5.8\logback-core-1.5.8.jar;C:\Users\denis\.m2\repository\org\apache\logging\log4j\log4j-to-slf4j\2.23.1\log4j-to-slf4j-2.23.1.jar;C:\Users\denis\.m2\repository\org\apache\logging\log4j\log4j-api\2.23.1\log4j-api-2.23.1.jar;C:\Users\denis\.m2\repository\org\slf4j\jul-to-slf4j\2.0.16\jul-to-slf4j-2.0.16.jar;C:\Users\denis\.m2\repository\net\logstash\logback\logstash-logback-encoder\8.0\logstash-logback-encoder-8.0.jar;C:\Users\denis\.m2\repository\com\fasterxml\jackson\core\jackson-databind\2.17.2\jackson-databind-2.17.2.jar;C:\Users\denis\.m2\repository\com\fasterxml\jackson\core\jackson-annotations\2.17.2\jackson-annotations-2.17.2.jar;C:\Users\denis\.m2\repository\com\fasterxml\jackson\core\jackson-core\2.17.2\jackson-core-2.17.2.jar;C:\Users\denis\.m2\repository\io\micrometer\micrometer-registry-prometheus\1.13.4\micrometer-registry-prometheus-1.13.4.jar;C:\Users\denis\.m2\repository\io\micrometer\micrometer-core\1.13.4\micrometer-core-1.13.4.jar;C:\Users\denis\.m2\repository\org\hdrhistogram\HdrHistogram\2.2.2\HdrHistogram-2.2.2.jar;C:\Users\denis\.m2\repository\org\latencyutils\LatencyUtils\2.0.3\LatencyUtils-2.0.3.jar;C:\Users\denis\.m2\repository\io\prometheus\prometheus-metrics-core\1.2.1\prometheus-metrics-core-1.2.1.jar;C:\Users\denis\.m2\repository\io\prometheus\prometheus-metrics-model\1.2.1\prometheus-metrics-model-1.2.1.jar;C:\Users\denis\.m2\repository\io\prometheus\prometheus-metrics-config\1.2.1\prometheus-metrics-config-1.2.1.jar;C:\Users\denis\.m2\repository\io\prometheus\prometheus-metrics-tracer-common\1.2.1\prometheus-metrics-tracer-common-1.2.1.jar;C:\Users\denis\.m2\repository\io\prometheus\prometheus-metrics-exposition-formats\1.2.1\prometheus-metrics-exposition-formats-1.2.1.jar;C:\Users\denis\.m2\repository\io\prometheus\prometheus-metrics-shaded-protobuf\1.2.1\prometheus-metrics-shaded-protobuf-1.2.1.jar, java.vm.vendor=Oracle Corporation, sun.arch.data.model=64, user.variant=, java.vendor.url=https://java.oracle.com/, catalina.useNaming=false, user.timezone=Europe/Bucharest, jakarta.persistence.sharedCache.mode=UNSPECIFIED, org.jboss.logging.provider=slf4j, java.vm.specification.version=17, os.name=Windows 11, jakarta.persistence.nonJtaDataSource=HikariDataSource (HikariPool-1), sun.java.launcher=SUN_STANDARD, user.country=US, sun.boot.library.path=C:\Program Files\Java\jdk-17\bin, sun.java.command=com.example.kibana_deploy_template.KibanaDeployTemplateApplication, spring.application.admin.enabled=true, javax.persistence.nonJtaDataSource=HikariDataSource (HikariPool-1), hibernate.transaction.jta.platform=org.hibernate.engine.transaction.jta.platform.internal.NoJtaPlatform@6c96346b, com.sun.management.jmxremote=, jdk.debug=release, spring.liveBeansView.mbeanDomain=, sun.cpu.endian=little, hibernate.cdi.extensions=true, user.home=C:\Users\denis, user.language=en, java.specification.vendor=Oracle Corporation, java.version.date=2023-07-18, java.home=C:\Program Files\Java\jdk-17, file.separator=\, spring.output.ansi.enabled=always, java.vm.compressedOopsMode=Zero based, line.separator=
, hibernate.persistenceUnitName=default, java.vm.specification.vendor=Oracle Corporation, java.specification.name=Java Platform API Specification, FILE_LOG_CHARSET=UTF-8, hibernate.transaction.coordinator_class=class org.hibernate.resource.transaction.backend.jdbc.internal.JdbcResourceLocalTransactionCoordinatorBuilderImpl, java.awt.headless=true, LOG_LEVEL_PATTERN=%5p [,%X{traceId:-},%X{spanId:-}], jakarta.persistence.validation.mode=AUTO, hibernate.hbm2ddl.auto=update, user.script=, sun.management.compiler=HotSpot 64-Bit Tiered Compilers, java.runtime.version=17.0.8+9-LTS-211, LOG_CORRELATION_PATTERN=%correlationId, user.name=denis, spring.jmx.enabled=true, path.separator=;, management.endpoints.jmx.exposure.include=*, os.version=10.0, java.runtime.name=Java(TM) SE Runtime Environment, file.encoding=UTF-8, java.vm.name=Java HotSpot(TM) 64-Bit Server VM, hibernate.show_sql=true, LOG_FILE=test.log, java.vendor.url.bug=https://bugreport.java.com/bugreport/, java.io.tmpdir=C:\Users\denis\AppData\Local\Temp\, catalina.home=C:\Users\denis\AppData\Local\Temp\tomcat.8080.17503381444150384284, java.version=17.0.8, hibernate.physical_naming_strategy=org.hibernate.boot.model.naming.CamelCaseToUnderscoresNamingStrategy, user.dir=C:\Users\denis\OneDrive\Desktop\myCode\kibana_deploy_template, os.arch=amd64, java.vm.specification.name=Java Virtual Machine Specification, PID=14780, sun.os.patch.level=, CONSOLE_LOG_CHARSET=UTF-8, catalina.base=C:\Users\denis\AppData\Local\Temp\tomcat.8080.17503381444150384284, hibernate.boot.CfgXmlAccessService.key=org.hibernate.boot.registry.StandardServiceRegistryBuilder$1@9734cae, native.encoding=Cp1252, java.library.path=C:\Program Files\Java\jdk-17\bin;C:\Windows\Sun\Java\bin;C:\Windows\system32;C:\Windows;C:\Python311\Scripts\;C:\Python311\;C:\Program Files\Common Files\Oracle\Java\javapath;C:\Windows\system32;C:\Windows;C:\Windows\System32\Wbem;C:\Windows\System32\WindowsPowerShell\v1.0\;C:\Windows\System32\OpenSSH\;C:\Program Files (x86)\GitExtensions\;C:\ProgramData\chocolatey\bin;C:\Program Files\nodejs\;C:\Program Files\Git\cmd;C:\Program Files\Microsoft SQL Server\150\Tools\Binn\;C:\Program Files\Microsoft SQL Server\Client SDK\ODBC\170\Tools\Binn\;C:\Program Files\dotnet\;C:\Program Files (x86)\Windows Kits\10\Windows Performance Toolkit\;C:\Program Files (x86)\NVIDIA Corporation\PhysX\Common;C:\Program Files\NVIDIA Corporation\NVIDIA NvDLISR;C:\Program Files\PuTTY\;C:\Program Files\Docker\Docker\resources\bin;C:\Program Files\Java\apache-maven-3.9.9\bin;C:\Users\denis\.console-ninja\.bin;C:\Users\denis\AppData\Local\Microsoft\WindowsApps;C:\Program Files\JetBrains\IntelliJ IDEA 2023.2.1\bin;C:\Program Files\JetBrains\WebStorm 2023.2\bin;C:\Program Files\JetBrains\DataGrip 2023.2.1\bin;C:\Users\denis\AppData\Local\Programs\Microsoft VS Code\bin;C:\Users\denis\AppData\Roaming\npm;C:\Program Files\JetBrains\PyCharm 2023.2.4\bin;C:\Users\denis\.dotnet\tools;C:\Users\denis\AppData\Local\JetBrains\Toolbox\scripts;C:\Users\denis\AppData\Local\gitkraken\bin;C:\Program Files\Java\apache-maven-3.9.9\bin;;., java.vendor=Oracle Corporation, java.vm.info=mixed mode, emulated-client, sharing, java.vm.version=17.0.8+9-LTS-211, java.rmi.server.randomIDs=true, sun.io.unicode.encoding=UnicodeLittle, hibernate.archive.scanner=org.hibernate.boot.archive.scan.internal.DisabledScanner, hibernate.connection.datasource=HikariDataSource (HikariPool-1), java.class.version=61.0}
2024-10-18T18:59:06.661+03:00 DEBUG [,,] 14780 --- [main] [                                                 ] o.hibernate.internal.SessionFactoryImpl  : Session factory constructed with filter configurations : {}
2024-10-18T18:59:06.663+03:00 DEBUG [,,] 14780 --- [main] [                                                 ] o.h.b.beanvalidation.TypeSafeActivator   : Unable to acquire Bean Validation ValidatorFactory, skipping activation
2024-10-18T18:59:06.678+03:00 DEBUG [,,] 14780 --- [HikariPool-1 connection adder] [                                                 ] com.zaxxer.hikari.pool.HikariPool        : HikariPool-1 - After adding stats (total=3, active=0, idle=3, waiting=0)
2024-10-18T18:59:06.680+03:00 DEBUG [,,] 14780 --- [HikariPool-1 connection adder] [                                                 ] com.zaxxer.hikari.pool.HikariPool        : HikariPool-1 - Added connection com.mysql.cj.jdbc.ConnectionImpl@64acbae3
2024-10-18T18:59:06.685+03:00 DEBUG [,,] 14780 --- [main] [                                                 ] o.h.q.sqm.function.SqmFunctionRegistry   : Registered SqmFunctionTemplate [NamedSqmFunctionTemplate(max)] under max; prior registration was null
2024-10-18T18:59:06.685+03:00 DEBUG [,,] 14780 --- [main] [                                                 ] o.h.q.sqm.function.SqmFunctionRegistry   : Registered SqmFunctionTemplate [NamedSqmFunctionTemplate(min)] under min; prior registration was null
2024-10-18T18:59:06.686+03:00 DEBUG [,,] 14780 --- [main] [                                                 ] o.h.q.sqm.function.SqmFunctionRegistry   : Registered SqmFunctionTemplate [NamedSqmFunctionTemplate(sum)] under sum; prior registration was null
2024-10-18T18:59:06.686+03:00 DEBUG [,,] 14780 --- [main] [                                                 ] o.h.q.sqm.function.SqmFunctionRegistry   : Registered SqmFunctionTemplate [NamedSqmFunctionTemplate(avg)] under avg; prior registration was null
2024-10-18T18:59:06.687+03:00 DEBUG [,,] 14780 --- [main] [                                                 ] o.h.q.sqm.function.SqmFunctionRegistry   : Registered SqmFunctionTemplate [org.hibernate.dialect.function.CountFunction@6bb71265] under count; prior registration was null
2024-10-18T18:59:06.687+03:00 DEBUG [,,] 14780 --- [main] [                                                 ] o.h.q.sqm.function.SqmFunctionRegistry   : Registered SqmFunctionTemplate [org.hibernate.dialect.function.EveryAnyEmulation@c7a1db6] under every; prior registration was null
2024-10-18T18:59:06.687+03:00 DEBUG [,,] 14780 --- [main] [                                                 ] o.h.q.sqm.function.SqmFunctionRegistry   : Registered SqmFunctionTemplate [org.hibernate.dialect.function.EveryAnyEmulation@17c72ffa] under any; prior registration was null
2024-10-18T18:59:06.688+03:00 DEBUG [,,] 14780 --- [main] [                                                 ] o.h.q.sqm.function.SqmFunctionRegistry   : Registered SqmFunctionTemplate [NamedSqmFunctionTemplate(floor)] under floor; prior registration was null
2024-10-18T18:59:06.688+03:00 DEBUG [,,] 14780 --- [main] [                                                 ] o.h.q.sqm.function.SqmFunctionRegistry   : Registered SqmFunctionTemplate [NamedSqmFunctionTemplate(ceiling)] under ceiling; prior registration was null
2024-10-18T18:59:06.688+03:00 DEBUG [,,] 14780 --- [main] [                                                 ] o.h.q.sqm.function.SqmFunctionRegistry   : Registered SqmFunctionTemplate [NamedSqmFunctionTemplate(mod)] under mod; prior registration was null
2024-10-18T18:59:06.688+03:00 DEBUG [,,] 14780 --- [main] [                                                 ] o.h.q.sqm.function.SqmFunctionRegistry   : Registered SqmFunctionTemplate [NamedSqmFunctionTemplate(abs)] under abs; prior registration was null
2024-10-18T18:59:06.688+03:00 DEBUG [,,] 14780 --- [main] [                                                 ] o.h.q.sqm.function.SqmFunctionRegistry   : Registered SqmFunctionTemplate [NamedSqmFunctionTemplate(sign)] under sign; prior registration was null
2024-10-18T18:59:06.688+03:00 DEBUG [,,] 14780 --- [main] [                                                 ] o.h.q.sqm.function.SqmFunctionRegistry   : Registered SqmFunctionTemplate [NamedSqmFunctionTemplate(sqrt)] under sqrt; prior registration was null
2024-10-18T18:59:06.688+03:00 DEBUG [,,] 14780 --- [main] [                                                 ] o.h.q.sqm.function.SqmFunctionRegistry   : Registered SqmFunctionTemplate [NamedSqmFunctionTemplate(ln)] under ln; prior registration was null
2024-10-18T18:59:06.688+03:00 DEBUG [,,] 14780 --- [main] [                                                 ] o.h.q.sqm.function.SqmFunctionRegistry   : Registered SqmFunctionTemplate [NamedSqmFunctionTemplate(exp)] under exp; prior registration was null
2024-10-18T18:59:06.688+03:00 DEBUG [,,] 14780 --- [main] [                                                 ] o.h.q.sqm.function.SqmFunctionRegistry   : Registered SqmFunctionTemplate [NamedSqmFunctionTemplate(power)] under power; prior registration was null
2024-10-18T18:59:06.688+03:00 DEBUG [,,] 14780 --- [main] [                                                 ] o.h.q.sqm.function.SqmFunctionRegistry   : Registered SqmFunctionTemplate [NamedSqmFunctionTemplate(round)] under round; prior registration was null
2024-10-18T18:59:06.688+03:00 DEBUG [,,] 14780 --- [main] [                                                 ] o.h.q.sqm.function.SqmFunctionRegistry   : Registered SqmFunctionTemplate [NamedSqmFunctionTemplate(sin)] under sin; prior registration was null
2024-10-18T18:59:06.688+03:00 DEBUG [,,] 14780 --- [main] [                                                 ] o.h.q.sqm.function.SqmFunctionRegistry   : Registered SqmFunctionTemplate [NamedSqmFunctionTemplate(cos)] under cos; prior registration was null
2024-10-18T18:59:06.688+03:00 DEBUG [,,] 14780 --- [main] [                                                 ] o.h.q.sqm.function.SqmFunctionRegistry   : Registered SqmFunctionTemplate [NamedSqmFunctionTemplate(tan)] under tan; prior registration was null
2024-10-18T18:59:06.688+03:00 DEBUG [,,] 14780 --- [main] [                                                 ] o.h.q.sqm.function.SqmFunctionRegistry   : Registered SqmFunctionTemplate [NamedSqmFunctionTemplate(asin)] under asin; prior registration was null
2024-10-18T18:59:06.688+03:00 DEBUG [,,] 14780 --- [main] [                                                 ] o.h.q.sqm.function.SqmFunctionRegistry   : Registered SqmFunctionTemplate [NamedSqmFunctionTemplate(acos)] under acos; prior registration was null
2024-10-18T18:59:06.688+03:00 DEBUG [,,] 14780 --- [main] [                                                 ] o.h.q.sqm.function.SqmFunctionRegistry   : Registered SqmFunctionTemplate [NamedSqmFunctionTemplate(atan)] under atan; prior registration was null
2024-10-18T18:59:06.688+03:00 DEBUG [,,] 14780 --- [main] [                                                 ] o.h.q.sqm.function.SqmFunctionRegistry   : Registered SqmFunctionTemplate [NamedSqmFunctionTemplate(atan2)] under atan2; prior registration was null
2024-10-18T18:59:06.689+03:00 DEBUG [,,] 14780 --- [main] [                                                 ] o.h.q.sqm.function.SqmFunctionRegistry   : Registered SqmFunctionTemplate [org.hibernate.query.sqm.function.PatternBasedSqmFunctionDescriptor@7668f8fd] under sinh; prior registration was null
2024-10-18T18:59:06.689+03:00 DEBUG [,,] 14780 --- [main] [                                                 ] o.h.q.sqm.function.SqmFunctionRegistry   : Registered SqmFunctionTemplate [org.hibernate.query.sqm.function.PatternBasedSqmFunctionDescriptor@75566f4] under cosh; prior registration was null
2024-10-18T18:59:06.689+03:00 DEBUG [,,] 14780 --- [main] [                                                 ] o.h.q.sqm.function.SqmFunctionRegistry   : Registered SqmFunctionTemplate [org.hibernate.query.sqm.function.PatternBasedSqmFunctionDescriptor@6785786d] under tanh; prior registration was null
2024-10-18T18:59:06.689+03:00 DEBUG [,,] 14780 --- [main] [                                                 ] o.h.q.sqm.function.SqmFunctionRegistry   : Registered SqmFunctionTemplate [org.hibernate.query.sqm.function.PatternBasedSqmFunctionDescriptor@5c261c74] under pi; prior registration was null
2024-10-18T18:59:06.689+03:00 DEBUG [,,] 14780 --- [main] [                                                 ] o.h.q.sqm.function.SqmFunctionRegistry   : Registered SqmFunctionTemplate [org.hibernate.query.sqm.function.PatternBasedSqmFunctionDescriptor@6d38a81d] under log; prior registration was null
2024-10-18T18:59:06.690+03:00 DEBUG [,,] 14780 --- [main] [                                                 ] o.h.q.sqm.function.SqmFunctionRegistry   : Registered SqmFunctionTemplate [NamedSqmFunctionTemplate(coalesce)] under coalesce; prior registration was null
2024-10-18T18:59:06.690+03:00 DEBUG [,,] 14780 --- [main] [                                                 ] o.h.q.sqm.function.SqmFunctionRegistry   : Registered SqmFunctionTemplate [NamedSqmFunctionTemplate(nullif)] under nullif; prior registration was null
2024-10-18T18:59:06.690+03:00 DEBUG [,,] 14780 --- [main] [                                                 ] o.h.q.sqm.function.SqmFunctionRegistry   : Registered SqmFunctionTemplate [NamedSqmFunctionTemplate(left)] under left; prior registration was null
2024-10-18T18:59:06.690+03:00 DEBUG [,,] 14780 --- [main] [                                                 ] o.h.q.sqm.function.SqmFunctionRegistry   : Registered SqmFunctionTemplate [NamedSqmFunctionTemplate(right)] under right; prior registration was null
2024-10-18T18:59:06.690+03:00 DEBUG [,,] 14780 --- [main] [                                                 ] o.h.q.sqm.function.SqmFunctionRegistry   : Registered SqmFunctionTemplate [NamedSqmFunctionTemplate(replace)] under replace; prior registration was null
2024-10-18T18:59:06.690+03:00 DEBUG [,,] 14780 --- [main] [                                                 ] o.h.q.sqm.function.SqmFunctionRegistry   : Registered SqmFunctionTemplate [NamedSqmFunctionTemplate(concat)] under concat; prior registration was null
2024-10-18T18:59:06.690+03:00 DEBUG [,,] 14780 --- [main] [                                                 ] o.h.q.sqm.function.SqmFunctionRegistry   : Registered SqmFunctionTemplate [NamedSqmFunctionTemplate(lower)] under lower; prior registration was null
2024-10-18T18:59:06.690+03:00 DEBUG [,,] 14780 --- [main] [                                                 ] o.h.q.sqm.function.SqmFunctionRegistry   : Registered SqmFunctionTemplate [NamedSqmFunctionTemplate(upper)] under upper; prior registration was null
2024-10-18T18:59:06.690+03:00 DEBUG [,,] 14780 --- [main] [                                                 ] o.h.q.sqm.function.SqmFunctionRegistry   : Registered SqmFunctionTemplate [NamedSqmFunctionTemplate(substring)] under substring; prior registration was null
2024-10-18T18:59:06.690+03:00 DEBUG [,,] 14780 --- [main] [                                                 ] o.h.q.sqm.function.SqmFunctionRegistry   : Registered SqmFunctionTemplate [NamedSqmFunctionTemplate(locate)] under locate; prior registration was null
2024-10-18T18:59:06.690+03:00 DEBUG [,,] 14780 --- [main] [                                                 ] o.h.q.sqm.function.SqmFunctionRegistry   : Registered SqmFunctionTemplate [NamedSqmFunctionTemplate(character_length)] under character_length; prior registration was null
2024-10-18T18:59:06.690+03:00 DEBUG [,,] 14780 --- [main] [                                                 ] o.h.q.sqm.function.SqmFunctionRegistry   : Registering alternate key : length -> character_length
2024-10-18T18:59:06.690+03:00 DEBUG [,,] 14780 --- [main] [                                                 ] o.h.q.sqm.function.SqmFunctionRegistry   : Registered SqmFunctionTemplate [org.hibernate.dialect.function.LocatePositionEmulation@79454d8e] under position; prior registration was null
2024-10-18T18:59:06.691+03:00 DEBUG [,,] 14780 --- [main] [                                                 ] o.h.q.sqm.function.SqmFunctionRegistry   : Registered SqmFunctionTemplate [org.hibernate.dialect.function.InsertSubstringOverlayEmulation@3b399f5a] under overlay; prior registration was null
2024-10-18T18:59:06.691+03:00 DEBUG [,,] 14780 --- [main] [                                                 ] o.h.q.sqm.function.SqmFunctionRegistry   : Registered SqmFunctionTemplate [org.hibernate.dialect.function.TrimFunction@69988d42] under trim; prior registration was null
2024-10-18T18:59:06.692+03:00 DEBUG [,,] 14780 --- [main] [                                                 ] o.h.q.sqm.function.SqmFunctionRegistry   : Registered SqmFunctionTemplate [org.hibernate.dialect.function.CastFunction@19656e21] under cast; prior registration was null
2024-10-18T18:59:06.692+03:00 DEBUG [,,] 14780 --- [main] [                                                 ] o.h.q.sqm.function.SqmFunctionRegistry   : Registered SqmFunctionTemplate [org.hibernate.query.sqm.function.PatternBasedSqmFunctionDescriptor@614ae4eb] under collate; prior registration was null
2024-10-18T18:59:06.692+03:00 DEBUG [,,] 14780 --- [main] [                                                 ] o.h.q.sqm.function.SqmFunctionRegistry   : Registered SqmFunctionTemplate [org.hibernate.dialect.function.ExtractFunction@5d32f5db] under extract; prior registration was null
2024-10-18T18:59:06.692+03:00 DEBUG [,,] 14780 --- [main] [                                                 ] o.h.q.sqm.function.SqmFunctionRegistry   : Registered SqmFunctionTemplate [NamedSqmFunctionTemplate(least)] under least; prior registration was null
2024-10-18T18:59:06.692+03:00 DEBUG [,,] 14780 --- [main] [                                                 ] o.h.q.sqm.function.SqmFunctionRegistry   : Registered SqmFunctionTemplate [NamedSqmFunctionTemplate(greatest)] under greatest; prior registration was null
2024-10-18T18:59:06.693+03:00 DEBUG [,,] 14780 --- [main] [                                                 ] o.h.q.sqm.function.SqmFunctionRegistry   : Registered SqmFunctionTemplate [org.hibernate.dialect.function.CoalesceIfnullEmulation@227fc322] under ifnull; prior registration was null
2024-10-18T18:59:06.693+03:00 DEBUG [,,] 14780 --- [main] [                                                 ] o.h.q.sqm.function.SqmFunctionRegistry   : Registered SqmFunctionTemplate [NamedSqmFunctionTemplate(lpad)] under lpad; prior registration was null
2024-10-18T18:59:06.693+03:00 DEBUG [,,] 14780 --- [main] [                                                 ] o.h.q.sqm.function.SqmFunctionRegistry   : Registered SqmFunctionTemplate [NamedSqmFunctionTemplate(rpad)] under rpad; prior registration was null
2024-10-18T18:59:06.693+03:00 DEBUG [,,] 14780 --- [main] [                                                 ] o.h.q.sqm.function.SqmFunctionRegistry   : Registered SqmFunctionTemplate [org.hibernate.dialect.function.LpadRpadPadEmulation@394950ad] under pad; prior registration was null
2024-10-18T18:59:06.693+03:00 DEBUG [,,] 14780 --- [main] [                                                 ] o.h.q.sqm.function.SqmFunctionRegistry   : Registered SqmFunctionTemplate [org.hibernate.dialect.function.CastStrEmulation@257708e] under str; prior registration was null
2024-10-18T18:59:06.694+03:00 DEBUG [,,] 14780 --- [main] [                                                 ] o.h.q.sqm.function.SqmFunctionRegistry   : Registered SqmFunctionTemplate [org.hibernate.dialect.function.FormatFunction@6d57b264] under format; prior registration was null
2024-10-18T18:59:06.695+03:00 DEBUG [,,] 14780 --- [main] [                                                 ] o.h.q.sqm.function.SqmFunctionRegistry   : Registered SqmFunctionTemplate [org.hibernate.dialect.function.TimestampaddFunction@8d52313] under timestampadd; prior registration was null
2024-10-18T18:59:06.695+03:00 DEBUG [,,] 14780 --- [main] [                                                 ] o.h.q.sqm.function.SqmFunctionRegistry   : Registered SqmFunctionTemplate [org.hibernate.dialect.function.TimestampdiffFunction@57abe94d] under timestampdiff; prior registration was null
2024-10-18T18:59:06.695+03:00 DEBUG [,,] 14780 --- [main] [                                                 ] o.h.q.sqm.function.SqmFunctionRegistry   : Registering alternate key : dateadd -> timestampadd
2024-10-18T18:59:06.695+03:00 DEBUG [,,] 14780 --- [main] [                                                 ] o.h.q.sqm.function.SqmFunctionRegistry   : Registering alternate key : datediff -> timestampdiff
2024-10-18T18:59:06.695+03:00 DEBUG [,,] 14780 --- [main] [                                                 ] o.h.q.sqm.function.SqmFunctionRegistry   : Registered SqmFunctionTemplate [org.hibernate.dialect.function.CurrentFunction@1221d607] under current_date; prior registration was null
2024-10-18T18:59:06.695+03:00 DEBUG [,,] 14780 --- [main] [                                                 ] o.h.q.sqm.function.SqmFunctionRegistry   : Registered SqmFunctionTemplate [org.hibernate.dialect.function.CurrentFunction@4b45c8e4] under current_time; prior registration was null
2024-10-18T18:59:06.695+03:00 DEBUG [,,] 14780 --- [main] [                                                 ] o.h.q.sqm.function.SqmFunctionRegistry   : Registered SqmFunctionTemplate [org.hibernate.dialect.function.CurrentFunction@3dc14f80] under current_timestamp; prior registration was null
2024-10-18T18:59:06.695+03:00 DEBUG [,,] 14780 --- [main] [                                                 ] o.h.q.sqm.function.SqmFunctionRegistry   : Registering alternate key : current date -> current_date
2024-10-18T18:59:06.695+03:00 DEBUG [,,] 14780 --- [main] [                                                 ] o.h.q.sqm.function.SqmFunctionRegistry   : Registering alternate key : current time -> current_time
2024-10-18T18:59:06.695+03:00 DEBUG [,,] 14780 --- [main] [                                                 ] o.h.q.sqm.function.SqmFunctionRegistry   : Registering alternate key : current timestamp -> current_timestamp
2024-10-18T18:59:06.695+03:00 DEBUG [,,] 14780 --- [main] [                                                 ] o.h.q.sqm.function.SqmFunctionRegistry   : Registered SqmFunctionTemplate [org.hibernate.dialect.function.CurrentFunction@627a890f] under local_date; prior registration was null
2024-10-18T18:59:06.695+03:00 DEBUG [,,] 14780 --- [main] [                                                 ] o.h.q.sqm.function.SqmFunctionRegistry   : Registered SqmFunctionTemplate [org.hibernate.dialect.function.CurrentFunction@7ef7faa9] under local_time; prior registration was null
2024-10-18T18:59:06.695+03:00 DEBUG [,,] 14780 --- [main] [                                                 ] o.h.q.sqm.function.SqmFunctionRegistry   : Registered SqmFunctionTemplate [org.hibernate.dialect.function.CurrentFunction@1b901f7b] under local_datetime; prior registration was null
2024-10-18T18:59:06.695+03:00 DEBUG [,,] 14780 --- [main] [                                                 ] o.h.q.sqm.function.SqmFunctionRegistry   : Registered SqmFunctionTemplate [org.hibernate.dialect.function.CurrentFunction@2c9aeec6] under offset_datetime; prior registration was null
2024-10-18T18:59:06.695+03:00 DEBUG [,,] 14780 --- [main] [                                                 ] o.h.q.sqm.function.SqmFunctionRegistry   : Registering alternate key : local date -> local_date
2024-10-18T18:59:06.695+03:00 DEBUG [,,] 14780 --- [main] [                                                 ] o.h.q.sqm.function.SqmFunctionRegistry   : Registering alternate key : local time -> local_time
2024-10-18T18:59:06.695+03:00 DEBUG [,,] 14780 --- [main] [                                                 ] o.h.q.sqm.function.SqmFunctionRegistry   : Registering alternate key : local datetime -> local_datetime
2024-10-18T18:59:06.695+03:00 DEBUG [,,] 14780 --- [main] [                                                 ] o.h.q.sqm.function.SqmFunctionRegistry   : Registering alternate key : offset datetime -> offset_datetime
2024-10-18T18:59:06.695+03:00 DEBUG [,,] 14780 --- [main] [                                                 ] o.h.q.sqm.function.SqmFunctionRegistry   : Registered SqmFunctionTemplate [org.hibernate.dialect.function.CurrentFunction@1a1e38ab] under instant; prior registration was null
2024-10-18T18:59:06.695+03:00 DEBUG [,,] 14780 --- [main] [                                                 ] o.h.q.sqm.function.SqmFunctionRegistry   : Registering alternate key : current_instant -> instant
2024-10-18T18:59:06.696+03:00 DEBUG [,,] 14780 --- [main] [                                                 ] o.h.q.sqm.function.SqmFunctionRegistry   : Registered SqmFunctionTemplate [org.hibernate.dialect.function.SqlFunction@50aa9a91] under sql; prior registration was null
2024-10-18T18:59:06.696+03:00 DEBUG [,,] 14780 --- [main] [                                                 ] o.h.q.sqm.function.SqmFunctionRegistry   : Registered SqmFunctionTemplate [NamedSqmFunctionTemplate(soundex)] under soundex; prior registration was null
2024-10-18T18:59:06.696+03:00 DEBUG [,,] 14780 --- [main] [                                                 ] o.h.q.sqm.function.SqmFunctionRegistry   : Registered SqmFunctionTemplate [NamedSqmFunctionTemplate(radians)] under radians; prior registration was null
2024-10-18T18:59:06.696+03:00 DEBUG [,,] 14780 --- [main] [                                                 ] o.h.q.sqm.function.SqmFunctionRegistry   : Registered SqmFunctionTemplate [NamedSqmFunctionTemplate(degrees)] under degrees; prior registration was null
2024-10-18T18:59:06.696+03:00 DEBUG [,,] 14780 --- [main] [                                                 ] o.h.q.sqm.function.SqmFunctionRegistry   : Registered SqmFunctionTemplate [NamedSqmFunctionTemplate(cot)] under cot; prior registration was null
2024-10-18T18:59:06.696+03:00 DEBUG [,,] 14780 --- [main] [                                                 ] o.h.q.sqm.function.SqmFunctionRegistry   : Registered SqmFunctionTemplate [NamedSqmFunctionTemplate(log)] under log; prior registration was org.hibernate.query.sqm.function.PatternBasedSqmFunctionDescriptor@6d38a81d
2024-10-18T18:59:06.696+03:00 DEBUG [,,] 14780 --- [main] [                                                 ] o.h.q.sqm.function.SqmFunctionRegistry   : Registered SqmFunctionTemplate [NamedSqmFunctionTemplate(log2)] under log2; prior registration was null
2024-10-18T18:59:06.696+03:00 DEBUG [,,] 14780 --- [main] [                                                 ] o.h.q.sqm.function.SqmFunctionRegistry   : Registered SqmFunctionTemplate [NamedSqmFunctionTemplate(log10)] under log10; prior registration was null
2024-10-18T18:59:06.696+03:00 DEBUG [,,] 14780 --- [main] [                                                 ] o.h.q.sqm.function.SqmFunctionRegistry   : Registered SqmFunctionTemplate [NamedSqmFunctionTemplate(ltrim)] under ltrim; prior registration was null
2024-10-18T18:59:06.696+03:00 DEBUG [,,] 14780 --- [main] [                                                 ] o.h.q.sqm.function.SqmFunctionRegistry   : Registered SqmFunctionTemplate [NamedSqmFunctionTemplate(rtrim)] under rtrim; prior registration was null
2024-10-18T18:59:06.696+03:00 DEBUG [,,] 14780 --- [main] [                                                 ] o.h.q.sqm.function.SqmFunctionRegistry   : Registered SqmFunctionTemplate [NamedSqmFunctionTemplate(octet_length)] under octet_length; prior registration was null
2024-10-18T18:59:06.696+03:00 DEBUG [,,] 14780 --- [main] [                                                 ] o.h.q.sqm.function.SqmFunctionRegistry   : Registered SqmFunctionTemplate [NamedSqmFunctionTemplate(reverse)] under reverse; prior registration was null
2024-10-18T18:59:06.696+03:00 DEBUG [,,] 14780 --- [main] [                                                 ] o.h.q.sqm.function.SqmFunctionRegistry   : Registered SqmFunctionTemplate [NamedSqmFunctionTemplate(space)] under space; prior registration was null
2024-10-18T18:59:06.696+03:00 DEBUG [,,] 14780 --- [main] [                                                 ] o.h.q.sqm.function.SqmFunctionRegistry   : Registered SqmFunctionTemplate [NamedSqmFunctionTemplate(repeat)] under repeat; prior registration was null
2024-10-18T18:59:06.696+03:00 DEBUG [,,] 14780 --- [main] [                                                 ] o.h.q.sqm.function.SqmFunctionRegistry   : Registered SqmFunctionTemplate [org.hibernate.query.sqm.function.MultipatternSqmFunctionDescriptor@2041c9a3] under lpad; prior registration was NamedSqmFunctionTemplate(lpad)
2024-10-18T18:59:06.696+03:00 DEBUG [,,] 14780 --- [main] [                                                 ] o.h.q.sqm.function.SqmFunctionRegistry   : Registered SqmFunctionTemplate [org.hibernate.query.sqm.function.MultipatternSqmFunctionDescriptor@36e358de] under rpad; prior registration was NamedSqmFunctionTemplate(rpad)
2024-10-18T18:59:06.696+03:00 DEBUG [,,] 14780 --- [main] [                                                 ] o.h.q.sqm.function.SqmFunctionRegistry   : Registered SqmFunctionTemplate [NamedSqmFunctionTemplate(md5)] under md5; prior registration was null
2024-10-18T18:59:06.696+03:00 DEBUG [,,] 14780 --- [main] [                                                 ] o.h.q.sqm.function.SqmFunctionRegistry   : Registered SqmFunctionTemplate [NamedSqmFunctionTemplate(day)] under day; prior registration was null
2024-10-18T18:59:06.696+03:00 DEBUG [,,] 14780 --- [main] [                                                 ] o.h.q.sqm.function.SqmFunctionRegistry   : Registered SqmFunctionTemplate [NamedSqmFunctionTemplate(month)] under month; prior registration was null
2024-10-18T18:59:06.696+03:00 DEBUG [,,] 14780 --- [main] [                                                 ] o.h.q.sqm.function.SqmFunctionRegistry   : Registered SqmFunctionTemplate [NamedSqmFunctionTemplate(year)] under year; prior registration was null
2024-10-18T18:59:06.696+03:00 DEBUG [,,] 14780 --- [main] [                                                 ] o.h.q.sqm.function.SqmFunctionRegistry   : Registered SqmFunctionTemplate [NamedSqmFunctionTemplate(hour)] under hour; prior registration was null
2024-10-18T18:59:06.696+03:00 DEBUG [,,] 14780 --- [main] [                                                 ] o.h.q.sqm.function.SqmFunctionRegistry   : Registered SqmFunctionTemplate [NamedSqmFunctionTemplate(minute)] under minute; prior registration was null
2024-10-18T18:59:06.696+03:00 DEBUG [,,] 14780 --- [main] [                                                 ] o.h.q.sqm.function.SqmFunctionRegistry   : Registered SqmFunctionTemplate [NamedSqmFunctionTemplate(second)] under second; prior registration was null
2024-10-18T18:59:06.696+03:00 DEBUG [,,] 14780 --- [main] [                                                 ] o.h.q.sqm.function.SqmFunctionRegistry   : Registered SqmFunctionTemplate [NamedSqmFunctionTemplate(microsecond)] under microsecond; prior registration was null
2024-10-18T18:59:06.696+03:00 DEBUG [,,] 14780 --- [main] [                                                 ] o.h.q.sqm.function.SqmFunctionRegistry   : Registered SqmFunctionTemplate [NamedSqmFunctionTemplate(dayofweek)] under dayofweek; prior registration was null
2024-10-18T18:59:06.696+03:00 DEBUG [,,] 14780 --- [main] [                                                 ] o.h.q.sqm.function.SqmFunctionRegistry   : Registered SqmFunctionTemplate [NamedSqmFunctionTemplate(dayofmonth)] under dayofmonth; prior registration was null
2024-10-18T18:59:06.696+03:00 DEBUG [,,] 14780 --- [main] [                                                 ] o.h.q.sqm.function.SqmFunctionRegistry   : Registering alternate key : day -> dayofmonth
2024-10-18T18:59:06.696+03:00 DEBUG [,,] 14780 --- [main] [                                                 ] o.h.q.sqm.function.SqmFunctionRegistry   : Registered SqmFunctionTemplate [NamedSqmFunctionTemplate(dayofyear)] under dayofyear; prior registration was null
2024-10-18T18:59:06.696+03:00 DEBUG [,,] 14780 --- [main] [                                                 ] o.h.q.sqm.function.SqmFunctionRegistry   : Registered SqmFunctionTemplate [NamedSqmFunctionTemplate(week)] under week; prior registration was null
2024-10-18T18:59:06.696+03:00 DEBUG [,,] 14780 --- [main] [                                                 ] o.h.q.sqm.function.SqmFunctionRegistry   : Registered SqmFunctionTemplate [NamedSqmFunctionTemplate(quarter)] under quarter; prior registration was null
2024-10-18T18:59:06.696+03:00 DEBUG [,,] 14780 --- [main] [                                                 ] o.h.q.sqm.function.SqmFunctionRegistry   : Registered SqmFunctionTemplate [NamedSqmFunctionTemplate(monthname)] under monthname; prior registration was null
2024-10-18T18:59:06.696+03:00 DEBUG [,,] 14780 --- [main] [                                                 ] o.h.q.sqm.function.SqmFunctionRegistry   : Registered SqmFunctionTemplate [NamedSqmFunctionTemplate(dayname)] under dayname; prior registration was null
2024-10-18T18:59:06.696+03:00 DEBUG [,,] 14780 --- [main] [                                                 ] o.h.q.sqm.function.SqmFunctionRegistry   : Registered SqmFunctionTemplate [NamedSqmFunctionTemplate(last_day)] under last_day; prior registration was null
2024-10-18T18:59:06.696+03:00 DEBUG [,,] 14780 --- [main] [                                                 ] o.h.q.sqm.function.SqmFunctionRegistry   : Registered SqmFunctionTemplate [NamedSqmFunctionTemplate(date)] under date; prior registration was null
2024-10-18T18:59:06.696+03:00 DEBUG [,,] 14780 --- [main] [                                                 ] o.h.q.sqm.function.SqmFunctionRegistry   : Registered SqmFunctionTemplate [NamedSqmFunctionTemplate(timestamp)] under timestamp; prior registration was null
2024-10-18T18:59:06.697+03:00 DEBUG [,,] 14780 --- [main] [                                                 ] o.h.q.sqm.function.SqmFunctionRegistry   : Registered SqmFunctionTemplate [NamedSqmFunctionTemplate(time)] under time; prior registration was null
2024-10-18T18:59:06.697+03:00 DEBUG [,,] 14780 --- [main] [                                                 ] o.h.q.sqm.function.SqmFunctionRegistry   : Registered SqmFunctionTemplate [NamedSqmFunctionTemplate(utc_date)] under utc_date; prior registration was null
2024-10-18T18:59:06.697+03:00 DEBUG [,,] 14780 --- [main] [                                                 ] o.h.q.sqm.function.SqmFunctionRegistry   : Registered SqmFunctionTemplate [NamedSqmFunctionTemplate(utc_time)] under utc_time; prior registration was null
2024-10-18T18:59:06.697+03:00 DEBUG [,,] 14780 --- [main] [                                                 ] o.h.q.sqm.function.SqmFunctionRegistry   : Registered SqmFunctionTemplate [NamedSqmFunctionTemplate(utc_timestamp)] under utc_timestamp; prior registration was null
2024-10-18T18:59:06.697+03:00 DEBUG [,,] 14780 --- [main] [                                                 ] o.h.q.sqm.function.SqmFunctionRegistry   : Registered SqmFunctionTemplate [NamedSqmFunctionTemplate(rand)] under rand; prior registration was null
2024-10-18T18:59:06.697+03:00 DEBUG [,,] 14780 --- [main] [                                                 ] o.h.q.sqm.function.SqmFunctionRegistry   : Registered SqmFunctionTemplate [NamedSqmFunctionTemplate(crc32)] under crc32; prior registration was null
2024-10-18T18:59:06.697+03:00 DEBUG [,,] 14780 --- [main] [                                                 ] o.h.q.sqm.function.SqmFunctionRegistry   : Registered SqmFunctionTemplate [NamedSqmFunctionTemplate(sha1)] under sha1; prior registration was null
2024-10-18T18:59:06.697+03:00 DEBUG [,,] 14780 --- [main] [                                                 ] o.h.q.sqm.function.SqmFunctionRegistry   : Registered SqmFunctionTemplate [NamedSqmFunctionTemplate(sha2)] under sha2; prior registration was null
2024-10-18T18:59:06.697+03:00 DEBUG [,,] 14780 --- [main] [                                                 ] o.h.q.sqm.function.SqmFunctionRegistry   : Registered SqmFunctionTemplate [NamedSqmFunctionTemplate(sha)] under sha; prior registration was null
2024-10-18T18:59:06.697+03:00 DEBUG [,,] 14780 --- [main] [                                                 ] o.h.q.sqm.function.SqmFunctionRegistry   : Registered SqmFunctionTemplate [NamedSqmFunctionTemplate(bit_length)] under bit_length; prior registration was null
2024-10-18T18:59:06.697+03:00 DEBUG [,,] 14780 --- [main] [                                                 ] o.h.q.sqm.function.SqmFunctionRegistry   : Registered SqmFunctionTemplate [NamedSqmFunctionTemplate(octet_length)] under octet_length; prior registration was NamedSqmFunctionTemplate(octet_length)
2024-10-18T18:59:06.697+03:00 DEBUG [,,] 14780 --- [main] [                                                 ] o.h.q.sqm.function.SqmFunctionRegistry   : Registered SqmFunctionTemplate [NamedSqmFunctionTemplate(ascii)] under ascii; prior registration was null
2024-10-18T18:59:06.697+03:00 DEBUG [,,] 14780 --- [main] [                                                 ] o.h.q.sqm.function.SqmFunctionRegistry   : Registered SqmFunctionTemplate [NamedSqmFunctionTemplate(instr)] under instr; prior registration was null
2024-10-18T18:59:06.697+03:00 DEBUG [,,] 14780 --- [main] [                                                 ] o.h.q.sqm.function.SqmFunctionRegistry   : Registered SqmFunctionTemplate [NamedSqmFunctionTemplate(substr)] under substr; prior registration was null
2024-10-18T18:59:06.697+03:00 DEBUG [,,] 14780 --- [main] [                                                 ] o.h.q.sqm.function.SqmFunctionRegistry   : Registered SqmFunctionTemplate [org.hibernate.query.sqm.function.PatternBasedSqmFunctionDescriptor@2bed5828] under position; prior registration was org.hibernate.dialect.function.LocatePositionEmulation@79454d8e
2024-10-18T18:59:06.697+03:00 DEBUG [,,] 14780 --- [main] [                                                 ] o.h.q.sqm.function.SqmFunctionRegistry   : Registered SqmFunctionTemplate [NamedSqmFunctionTemplate(curtime)] under curtime; prior registration was null
2024-10-18T18:59:06.697+03:00 DEBUG [,,] 14780 --- [main] [                                                 ] o.h.q.sqm.function.SqmFunctionRegistry   : Registered SqmFunctionTemplate [NamedSqmFunctionTemplate(curdate)] under curdate; prior registration was null
2024-10-18T18:59:06.697+03:00 DEBUG [,,] 14780 --- [main] [                                                 ] o.h.q.sqm.function.SqmFunctionRegistry   : Registered SqmFunctionTemplate [NamedSqmFunctionTemplate(now)] under now; prior registration was null
2024-10-18T18:59:06.699+03:00 DEBUG [,,] 14780 --- [main] [                                                 ] o.h.q.sqm.function.SqmFunctionRegistry   : Registered SqmFunctionTemplate [org.hibernate.dialect.function.TruncFunction@74a991cf] under trunc; prior registration was null
2024-10-18T18:59:06.699+03:00 DEBUG [,,] 14780 --- [main] [                                                 ] o.h.q.sqm.function.SqmFunctionRegistry   : Registering alternate key : truncate -> trunc
2024-10-18T18:59:06.699+03:00 DEBUG [,,] 14780 --- [main] [                                                 ] o.h.q.sqm.function.SqmFunctionRegistry   : Registered SqmFunctionTemplate [NamedSqmFunctionTemplate(insert)] under insert; prior registration was null
2024-10-18T18:59:06.699+03:00 DEBUG [,,] 14780 --- [main] [                                                 ] o.h.q.sqm.function.SqmFunctionRegistry   : Registered SqmFunctionTemplate [org.hibernate.query.sqm.function.PatternBasedSqmFunctionDescriptor@6097f225] under bitand; prior registration was null
2024-10-18T18:59:06.699+03:00 DEBUG [,,] 14780 --- [main] [                                                 ] o.h.q.sqm.function.SqmFunctionRegistry   : Registered SqmFunctionTemplate [org.hibernate.query.sqm.function.PatternBasedSqmFunctionDescriptor@5507584d] under bitor; prior registration was null
2024-10-18T18:59:06.699+03:00 DEBUG [,,] 14780 --- [main] [                                                 ] o.h.q.sqm.function.SqmFunctionRegistry   : Registered SqmFunctionTemplate [org.hibernate.query.sqm.function.PatternBasedSqmFunctionDescriptor@1e5e2e06] under bitxor; prior registration was null
2024-10-18T18:59:06.699+03:00 DEBUG [,,] 14780 --- [main] [                                                 ] o.h.q.sqm.function.SqmFunctionRegistry   : Registered SqmFunctionTemplate [org.hibernate.query.sqm.function.PatternBasedSqmFunctionDescriptor@26c1f3eb] under bitnot; prior registration was null
2024-10-18T18:59:06.699+03:00 DEBUG [,,] 14780 --- [main] [                                                 ] o.h.q.sqm.function.SqmFunctionRegistry   : Registered SqmFunctionTemplate [NamedSqmFunctionTemplate(bit_and)] under bit_and; prior registration was null
2024-10-18T18:59:06.699+03:00 DEBUG [,,] 14780 --- [main] [                                                 ] o.h.q.sqm.function.SqmFunctionRegistry   : Registered SqmFunctionTemplate [NamedSqmFunctionTemplate(bit_or)] under bit_or; prior registration was null
2024-10-18T18:59:06.699+03:00 DEBUG [,,] 14780 --- [main] [                                                 ] o.h.q.sqm.function.SqmFunctionRegistry   : Registered SqmFunctionTemplate [NamedSqmFunctionTemplate(stddev)] under stddev; prior registration was null
2024-10-18T18:59:06.699+03:00 DEBUG [,,] 14780 --- [main] [                                                 ] o.h.q.sqm.function.SqmFunctionRegistry   : Registered SqmFunctionTemplate [NamedSqmFunctionTemplate(stddev_pop)] under stddev_pop; prior registration was null
2024-10-18T18:59:06.699+03:00 DEBUG [,,] 14780 --- [main] [                                                 ] o.h.q.sqm.function.SqmFunctionRegistry   : Registered SqmFunctionTemplate [NamedSqmFunctionTemplate(stddev_samp)] under stddev_samp; prior registration was null
2024-10-18T18:59:06.699+03:00 DEBUG [,,] 14780 --- [main] [                                                 ] o.h.q.sqm.function.SqmFunctionRegistry   : Registered SqmFunctionTemplate [NamedSqmFunctionTemplate(variance)] under variance; prior registration was null
2024-10-18T18:59:06.699+03:00 DEBUG [,,] 14780 --- [main] [                                                 ] o.h.q.sqm.function.SqmFunctionRegistry   : Registered SqmFunctionTemplate [NamedSqmFunctionTemplate(var_pop)] under var_pop; prior registration was null
2024-10-18T18:59:06.699+03:00 DEBUG [,,] 14780 --- [main] [                                                 ] o.h.q.sqm.function.SqmFunctionRegistry   : Registered SqmFunctionTemplate [NamedSqmFunctionTemplate(var_samp)] under var_samp; prior registration was null
2024-10-18T18:59:06.699+03:00 DEBUG [,,] 14780 --- [main] [                                                 ] o.h.q.sqm.function.SqmFunctionRegistry   : Registered SqmFunctionTemplate [NamedSqmFunctionTemplate(datediff)] under datediff; prior registration was null
2024-10-18T18:59:06.699+03:00 DEBUG [,,] 14780 --- [main] [                                                 ] o.h.q.sqm.function.SqmFunctionRegistry   : Registered SqmFunctionTemplate [NamedSqmFunctionTemplate(adddate)] under adddate; prior registration was null
2024-10-18T18:59:06.699+03:00 DEBUG [,,] 14780 --- [main] [                                                 ] o.h.q.sqm.function.SqmFunctionRegistry   : Registered SqmFunctionTemplate [NamedSqmFunctionTemplate(subdate)] under subdate; prior registration was null
2024-10-18T18:59:06.699+03:00 DEBUG [,,] 14780 --- [main] [                                                 ] o.h.q.sqm.function.SqmFunctionRegistry   : Registered SqmFunctionTemplate [NamedSqmFunctionTemplate(addtime)] under addtime; prior registration was null
2024-10-18T18:59:06.699+03:00 DEBUG [,,] 14780 --- [main] [                                                 ] o.h.q.sqm.function.SqmFunctionRegistry   : Registered SqmFunctionTemplate [NamedSqmFunctionTemplate(subtime)] under subtime; prior registration was null
2024-10-18T18:59:06.699+03:00 DEBUG [,,] 14780 --- [main] [                                                 ] o.h.q.sqm.function.SqmFunctionRegistry   : Registered SqmFunctionTemplate [org.hibernate.dialect.function.FormatFunction@79982bcc] under format; prior registration was org.hibernate.dialect.function.FormatFunction@6d57b264
2024-10-18T18:59:06.699+03:00 DEBUG [,,] 14780 --- [main] [                                                 ] o.h.q.sqm.function.SqmFunctionRegistry   : Registered SqmFunctionTemplate [NamedSqmFunctionTemplate(makedate)] under makedate; prior registration was null
2024-10-18T18:59:06.699+03:00 DEBUG [,,] 14780 --- [main] [                                                 ] o.h.q.sqm.function.SqmFunctionRegistry   : Registered SqmFunctionTemplate [NamedSqmFunctionTemplate(maketime)] under maketime; prior registration was null
2024-10-18T18:59:06.699+03:00 DEBUG [,,] 14780 --- [main] [                                                 ] o.h.q.sqm.function.SqmFunctionRegistry   : Registered SqmFunctionTemplate [NamedSqmFunctionTemplate(localtime)] under localtime; prior registration was null
2024-10-18T18:59:06.699+03:00 DEBUG [,,] 14780 --- [main] [                                                 ] o.h.q.sqm.function.SqmFunctionRegistry   : Registered SqmFunctionTemplate [NamedSqmFunctionTemplate(localtimestamp)] under localtimestamp; prior registration was null
2024-10-18T18:59:06.699+03:00 DEBUG [,,] 14780 --- [main] [                                                 ] o.h.q.sqm.function.SqmFunctionRegistry   : Registered SqmFunctionTemplate [NamedSqmFunctionTemplate(localtime)] under local_time; prior registration was org.hibernate.dialect.function.CurrentFunction@7ef7faa9
2024-10-18T18:59:06.699+03:00 DEBUG [,,] 14780 --- [main] [                                                 ] o.h.q.sqm.function.SqmFunctionRegistry   : Registered SqmFunctionTemplate [NamedSqmFunctionTemplate(localtimestamp)] under local_datetime; prior registration was org.hibernate.dialect.function.CurrentFunction@1b901f7b
2024-10-18T18:59:06.699+03:00 DEBUG [,,] 14780 --- [main] [                                                 ] o.h.q.sqm.function.SqmFunctionRegistry   : Registered SqmFunctionTemplate [NamedSqmFunctionTemplate(localtime)] under localtime; prior registration was NamedSqmFunctionTemplate(localtime)
2024-10-18T18:59:06.699+03:00 DEBUG [,,] 14780 --- [main] [                                                 ] o.h.q.sqm.function.SqmFunctionRegistry   : Registered SqmFunctionTemplate [org.hibernate.query.sqm.function.PatternBasedSqmFunctionDescriptor@16b2d182] under pi; prior registration was org.hibernate.query.sqm.function.PatternBasedSqmFunctionDescriptor@5c261c74
2024-10-18T18:59:06.699+03:00 DEBUG [,,] 14780 --- [main] [                                                 ] o.h.q.sqm.function.SqmFunctionRegistry   : Registered SqmFunctionTemplate [org.hibernate.query.sqm.function.PatternBasedSqmFunctionDescriptor@79f3f34c] under chr; prior registration was null
2024-10-18T18:59:06.699+03:00 DEBUG [,,] 14780 --- [main] [                                                 ] o.h.q.sqm.function.SqmFunctionRegistry   : Registering alternate key : char -> chr
2024-10-18T18:59:06.699+03:00 DEBUG [,,] 14780 --- [main] [                                                 ] o.h.q.sqm.function.SqmFunctionRegistry   : Registered SqmFunctionTemplate [org.hibernate.query.sqm.function.PatternBasedSqmFunctionDescriptor@50841932] under sysdate; prior registration was null
2024-10-18T18:59:06.699+03:00 DEBUG [,,] 14780 --- [main] [                                                 ] o.h.q.sqm.function.SqmFunctionRegistry   : Registered SqmFunctionTemplate [NamedSqmFunctionTemplate(row_number)] under row_number; prior registration was null
2024-10-18T18:59:06.699+03:00 DEBUG [,,] 14780 --- [main] [                                                 ] o.h.q.sqm.function.SqmFunctionRegistry   : Registered SqmFunctionTemplate [NamedSqmFunctionTemplate(lag)] under lag; prior registration was null
2024-10-18T18:59:06.699+03:00 DEBUG [,,] 14780 --- [main] [                                                 ] o.h.q.sqm.function.SqmFunctionRegistry   : Registered SqmFunctionTemplate [NamedSqmFunctionTemplate(lead)] under lead; prior registration was null
2024-10-18T18:59:06.700+03:00 DEBUG [,,] 14780 --- [main] [                                                 ] o.h.q.sqm.function.SqmFunctionRegistry   : Registered SqmFunctionTemplate [NamedSqmFunctionTemplate(first_value)] under first_value; prior registration was null
2024-10-18T18:59:06.700+03:00 DEBUG [,,] 14780 --- [main] [                                                 ] o.h.q.sqm.function.SqmFunctionRegistry   : Registered SqmFunctionTemplate [NamedSqmFunctionTemplate(last_value)] under last_value; prior registration was null
2024-10-18T18:59:06.700+03:00 DEBUG [,,] 14780 --- [main] [                                                 ] o.h.q.sqm.function.SqmFunctionRegistry   : Registered SqmFunctionTemplate [NamedSqmFunctionTemplate(nth_value)] under nth_value; prior registration was null
2024-10-18T18:59:06.700+03:00 DEBUG [,,] 14780 --- [main] [                                                 ] o.h.q.sqm.function.SqmFunctionRegistry   : Registered SqmFunctionTemplate [org.hibernate.dialect.function.HypotheticalSetWindowEmulation@183a84f4] under rank; prior registration was null
2024-10-18T18:59:06.700+03:00 DEBUG [,,] 14780 --- [main] [                                                 ] o.h.q.sqm.function.SqmFunctionRegistry   : Registered SqmFunctionTemplate [org.hibernate.dialect.function.HypotheticalSetWindowEmulation@2b9bbaa8] under dense_rank; prior registration was null
2024-10-18T18:59:06.700+03:00 DEBUG [,,] 14780 --- [main] [                                                 ] o.h.q.sqm.function.SqmFunctionRegistry   : Registered SqmFunctionTemplate [org.hibernate.dialect.function.HypotheticalSetWindowEmulation@11771fd6] under percent_rank; prior registration was null
2024-10-18T18:59:06.700+03:00 DEBUG [,,] 14780 --- [main] [                                                 ] o.h.q.sqm.function.SqmFunctionRegistry   : Registered SqmFunctionTemplate [org.hibernate.dialect.function.HypotheticalSetWindowEmulation@1c512bb] under cume_dist; prior registration was null
2024-10-18T18:59:06.701+03:00 DEBUG [,,] 14780 --- [main] [                                                 ] o.h.q.sqm.function.SqmFunctionRegistry   : Registered SqmFunctionTemplate [org.hibernate.dialect.function.ListaggGroupConcatEmulation@3bf52f8f] under listagg; prior registration was null
2024-10-18T18:59:06.701+03:00 DEBUG [,,] 14780 --- [main] [                                                 ] org.hibernate.HQL_FUNCTIONS              : abs(NUMERIC arg)
2024-10-18T18:59:06.701+03:00 DEBUG [,,] 14780 --- [main] [                                                 ] org.hibernate.HQL_FUNCTIONS              : Double acos(NUMERIC arg)
2024-10-18T18:59:06.701+03:00 DEBUG [,,] 14780 --- [main] [                                                 ] org.hibernate.HQL_FUNCTIONS              : adddate(DATE datetime, INTEGER days)
2024-10-18T18:59:06.701+03:00 DEBUG [,,] 14780 --- [main] [                                                 ] org.hibernate.HQL_FUNCTIONS              : addtime(TIME datetime, TIME time)
2024-10-18T18:59:06.701+03:00 DEBUG [,,] 14780 --- [main] [                                                 ] org.hibernate.HQL_FUNCTIONS              : Boolean any(BOOLEAN arg)
2024-10-18T18:59:06.701+03:00 DEBUG [,,] 14780 --- [main] [                                                 ] org.hibernate.HQL_FUNCTIONS              : Integer ascii(STRING arg)
2024-10-18T18:59:06.701+03:00 DEBUG [,,] 14780 --- [main] [                                                 ] org.hibernate.HQL_FUNCTIONS              : Double asin(NUMERIC arg)
2024-10-18T18:59:06.701+03:00 DEBUG [,,] 14780 --- [main] [                                                 ] org.hibernate.HQL_FUNCTIONS              : Double atan(NUMERIC arg)
2024-10-18T18:59:06.701+03:00 DEBUG [,,] 14780 --- [main] [                                                 ] org.hibernate.HQL_FUNCTIONS              : Double atan2(NUMERIC arg0, NUMERIC arg1)
2024-10-18T18:59:06.701+03:00 DEBUG [,,] 14780 --- [main] [                                                 ] org.hibernate.HQL_FUNCTIONS              : avg(arg)
2024-10-18T18:59:06.701+03:00 DEBUG [,,] 14780 --- [main] [                                                 ] org.hibernate.HQL_FUNCTIONS              : bit_and(arg)
2024-10-18T18:59:06.701+03:00 DEBUG [,,] 14780 --- [main] [                                                 ] org.hibernate.HQL_FUNCTIONS              : Integer bit_length(STRING_OR_CLOB arg)
2024-10-18T18:59:06.701+03:00 DEBUG [,,] 14780 --- [main] [                                                 ] org.hibernate.HQL_FUNCTIONS              : bit_or(arg)
2024-10-18T18:59:06.701+03:00 DEBUG [,,] 14780 --- [main] [                                                 ] org.hibernate.HQL_FUNCTIONS              : bitand(arg0, arg1)
2024-10-18T18:59:06.701+03:00 DEBUG [,,] 14780 --- [main] [                                                 ] org.hibernate.HQL_FUNCTIONS              : bitnot(arg)
2024-10-18T18:59:06.701+03:00 DEBUG [,,] 14780 --- [main] [                                                 ] org.hibernate.HQL_FUNCTIONS              : bitor(arg0, arg1)
2024-10-18T18:59:06.701+03:00 DEBUG [,,] 14780 --- [main] [                                                 ] org.hibernate.HQL_FUNCTIONS              : bitxor(arg0, arg1)
2024-10-18T18:59:06.701+03:00 DEBUG [,,] 14780 --- [main] [                                                 ] org.hibernate.HQL_FUNCTIONS              : cast(arg as Type)
2024-10-18T18:59:06.701+03:00 DEBUG [,,] 14780 --- [main] [                                                 ] org.hibernate.HQL_FUNCTIONS              : ceiling(NUMERIC arg)
2024-10-18T18:59:06.701+03:00 DEBUG [,,] 14780 --- [main] [                                                 ] org.hibernate.HQL_FUNCTIONS              : Character char(INTEGER arg)
2024-10-18T18:59:06.701+03:00 DEBUG [,,] 14780 --- [main] [                                                 ] org.hibernate.HQL_FUNCTIONS              : Integer character_length(STRING_OR_CLOB arg)
2024-10-18T18:59:06.701+03:00 DEBUG [,,] 14780 --- [main] [                                                 ] org.hibernate.HQL_FUNCTIONS              : Character chr(INTEGER arg)
2024-10-18T18:59:06.702+03:00 DEBUG [,,] 14780 --- [main] [                                                 ] org.hibernate.HQL_FUNCTIONS              : coalesce(arg0[, arg1[, ...]])
2024-10-18T18:59:06.702+03:00 DEBUG [,,] 14780 --- [main] [                                                 ] org.hibernate.HQL_FUNCTIONS              : String collate(STRING string as COLLATION collation)
2024-10-18T18:59:06.702+03:00 DEBUG [,,] 14780 --- [main] [                                                 ] org.hibernate.HQL_FUNCTIONS              : String concat(STRING string0[, STRING string1[, ...]])
2024-10-18T18:59:06.702+03:00 DEBUG [,,] 14780 --- [main] [                                                 ] org.hibernate.HQL_FUNCTIONS              : Double cos(NUMERIC arg)
2024-10-18T18:59:06.702+03:00 DEBUG [,,] 14780 --- [main] [                                                 ] org.hibernate.HQL_FUNCTIONS              : Double cosh(NUMERIC arg)
2024-10-18T18:59:06.702+03:00 DEBUG [,,] 14780 --- [main] [                                                 ] org.hibernate.HQL_FUNCTIONS              : Double cot(NUMERIC arg)
2024-10-18T18:59:06.702+03:00 DEBUG [,,] 14780 --- [main] [                                                 ] org.hibernate.HQL_FUNCTIONS              : Long count([distinct ]{arg|*})
2024-10-18T18:59:06.702+03:00 DEBUG [,,] 14780 --- [main] [                                                 ] org.hibernate.HQL_FUNCTIONS              : Integer crc32(arg)
2024-10-18T18:59:06.702+03:00 DEBUG [,,] 14780 --- [main] [                                                 ] org.hibernate.HQL_FUNCTIONS              : Double cume_dist([arg0[, ...]])
2024-10-18T18:59:06.702+03:00 DEBUG [,,] 14780 --- [main] [                                                 ] org.hibernate.HQL_FUNCTIONS              : Date curdate()
2024-10-18T18:59:06.702+03:00 DEBUG [,,] 14780 --- [main] [                                                 ] org.hibernate.HQL_FUNCTIONS              : Date current date
2024-10-18T18:59:06.702+03:00 DEBUG [,,] 14780 --- [main] [                                                 ] org.hibernate.HQL_FUNCTIONS              : Time current time
2024-10-18T18:59:06.702+03:00 DEBUG [,,] 14780 --- [main] [                                                 ] org.hibernate.HQL_FUNCTIONS              : Timestamp current timestamp
2024-10-18T18:59:06.702+03:00 DEBUG [,,] 14780 --- [main] [                                                 ] org.hibernate.HQL_FUNCTIONS              : Date current_date
2024-10-18T18:59:06.702+03:00 DEBUG [,,] 14780 --- [main] [                                                 ] org.hibernate.HQL_FUNCTIONS              : Instant current_instant
2024-10-18T18:59:06.702+03:00 DEBUG [,,] 14780 --- [main] [                                                 ] org.hibernate.HQL_FUNCTIONS              : Time current_time
2024-10-18T18:59:06.702+03:00 DEBUG [,,] 14780 --- [main] [                                                 ] org.hibernate.HQL_FUNCTIONS              : Timestamp current_timestamp
2024-10-18T18:59:06.702+03:00 DEBUG [,,] 14780 --- [main] [                                                 ] org.hibernate.HQL_FUNCTIONS              : Time curtime()
2024-10-18T18:59:06.702+03:00 DEBUG [,,] 14780 --- [main] [                                                 ] org.hibernate.HQL_FUNCTIONS              : Date date(arg)
2024-10-18T18:59:06.702+03:00 DEBUG [,,] 14780 --- [main] [                                                 ] org.hibernate.HQL_FUNCTIONS              : dateadd(TEMPORAL_UNIT field, INTEGER magnitude, TEMPORAL datetime)
2024-10-18T18:59:06.702+03:00 DEBUG [,,] 14780 --- [main] [                                                 ] org.hibernate.HQL_FUNCTIONS              : Integer datediff(DATE end, DATE start)
2024-10-18T18:59:06.702+03:00 DEBUG [,,] 14780 --- [main] [                                                 ] org.hibernate.HQL_FUNCTIONS              : Integer day(DATE arg)
2024-10-18T18:59:06.702+03:00 DEBUG [,,] 14780 --- [main] [                                                 ] org.hibernate.HQL_FUNCTIONS              : String dayname(DATE arg)
2024-10-18T18:59:06.702+03:00 DEBUG [,,] 14780 --- [main] [                                                 ] org.hibernate.HQL_FUNCTIONS              : Integer dayofmonth(DATE arg)
2024-10-18T18:59:06.702+03:00 DEBUG [,,] 14780 --- [main] [                                                 ] org.hibernate.HQL_FUNCTIONS              : Integer dayofweek(DATE arg)
2024-10-18T18:59:06.702+03:00 DEBUG [,,] 14780 --- [main] [                                                 ] org.hibernate.HQL_FUNCTIONS              : Integer dayofyear(DATE arg)
2024-10-18T18:59:06.702+03:00 DEBUG [,,] 14780 --- [main] [                                                 ] org.hibernate.HQL_FUNCTIONS              : Double degrees(NUMERIC arg)
2024-10-18T18:59:06.702+03:00 DEBUG [,,] 14780 --- [main] [                                                 ] org.hibernate.HQL_FUNCTIONS              : Long dense_rank([arg0[, ...]])
2024-10-18T18:59:06.702+03:00 DEBUG [,,] 14780 --- [main] [                                                 ] org.hibernate.HQL_FUNCTIONS              : Boolean every(BOOLEAN arg)
2024-10-18T18:59:06.702+03:00 DEBUG [,,] 14780 --- [main] [                                                 ] org.hibernate.HQL_FUNCTIONS              : Double exp(NUMERIC arg)
2024-10-18T18:59:06.702+03:00 DEBUG [,,] 14780 --- [main] [                                                 ] org.hibernate.HQL_FUNCTIONS              : extract(TEMPORAL_UNIT field from TEMPORAL arg)
2024-10-18T18:59:06.702+03:00 DEBUG [,,] 14780 --- [main] [                                                 ] org.hibernate.HQL_FUNCTIONS              : first_valueANY value
2024-10-18T18:59:06.702+03:00 DEBUG [,,] 14780 --- [main] [                                                 ] org.hibernate.HQL_FUNCTIONS              : floor(NUMERIC arg)
2024-10-18T18:59:06.702+03:00 DEBUG [,,] 14780 --- [main] [                                                 ] org.hibernate.HQL_FUNCTIONS              : String format(TEMPORAL datetime as STRING pattern)
2024-10-18T18:59:06.702+03:00 DEBUG [,,] 14780 --- [main] [                                                 ] org.hibernate.HQL_FUNCTIONS              : greatest(COMPARABLE arg0, COMPARABLE arg1[, arg2[, ...]])
2024-10-18T18:59:06.702+03:00 DEBUG [,,] 14780 --- [main] [                                                 ] org.hibernate.HQL_FUNCTIONS              : Integer hour(TIME arg)
2024-10-18T18:59:06.702+03:00 DEBUG [,,] 14780 --- [main] [                                                 ] org.hibernate.HQL_FUNCTIONS              : ifnull(arg0, arg1)
2024-10-18T18:59:06.702+03:00 DEBUG [,,] 14780 --- [main] [                                                 ] org.hibernate.HQL_FUNCTIONS              : String insert(STRING string, INTEGER start, INTEGER length, STRING replacement)
2024-10-18T18:59:06.702+03:00 DEBUG [,,] 14780 --- [main] [                                                 ] org.hibernate.HQL_FUNCTIONS              : Instant instant
2024-10-18T18:59:06.702+03:00 DEBUG [,,] 14780 --- [main] [                                                 ] org.hibernate.HQL_FUNCTIONS              : Integer instr(STRING string, STRING pattern[, INTEGER start[, INTEGER occurrence]])
2024-10-18T18:59:06.702+03:00 DEBUG [,,] 14780 --- [main] [                                                 ] org.hibernate.HQL_FUNCTIONS              : lagANY value[, INTEGER offset[, ANY default]]
2024-10-18T18:59:06.702+03:00 DEBUG [,,] 14780 --- [main] [                                                 ] org.hibernate.HQL_FUNCTIONS              : Date last_day(DATE arg)
2024-10-18T18:59:06.702+03:00 DEBUG [,,] 14780 --- [main] [                                                 ] org.hibernate.HQL_FUNCTIONS              : last_valueANY value
2024-10-18T18:59:06.702+03:00 DEBUG [,,] 14780 --- [main] [                                                 ] org.hibernate.HQL_FUNCTIONS              : leadANY value[, INTEGER offset[, ANY default]]
2024-10-18T18:59:06.702+03:00 DEBUG [,,] 14780 --- [main] [                                                 ] org.hibernate.HQL_FUNCTIONS              : least(COMPARABLE arg0, COMPARABLE arg1[, arg2[, ...]])
2024-10-18T18:59:06.702+03:00 DEBUG [,,] 14780 --- [main] [                                                 ] org.hibernate.HQL_FUNCTIONS              : String left(STRING string, INTEGER length)
2024-10-18T18:59:06.702+03:00 DEBUG [,,] 14780 --- [main] [                                                 ] org.hibernate.HQL_FUNCTIONS              : Integer length(STRING_OR_CLOB arg)
2024-10-18T18:59:06.702+03:00 DEBUG [,,] 14780 --- [main] [                                                 ] org.hibernate.HQL_FUNCTIONS              : String listagg(STRING arg0, STRING arg1)
2024-10-18T18:59:06.702+03:00 DEBUG [,,] 14780 --- [main] [                                                 ] org.hibernate.HQL_FUNCTIONS              : Double ln(NUMERIC arg)
2024-10-18T18:59:06.702+03:00 DEBUG [,,] 14780 --- [main] [                                                 ] org.hibernate.HQL_FUNCTIONS              : LocalDate local date
2024-10-18T18:59:06.702+03:00 DEBUG [,,] 14780 --- [main] [                                                 ] org.hibernate.HQL_FUNCTIONS              : LocalDateTime local datetime
2024-10-18T18:59:06.702+03:00 DEBUG [,,] 14780 --- [main] [                                                 ] org.hibernate.HQL_FUNCTIONS              : LocalTime local time
2024-10-18T18:59:06.702+03:00 DEBUG [,,] 14780 --- [main] [                                                 ] org.hibernate.HQL_FUNCTIONS              : LocalDate local_date
2024-10-18T18:59:06.702+03:00 DEBUG [,,] 14780 --- [main] [                                                 ] org.hibernate.HQL_FUNCTIONS              : LocalDateTime local_datetime
2024-10-18T18:59:06.702+03:00 DEBUG [,,] 14780 --- [main] [                                                 ] org.hibernate.HQL_FUNCTIONS              : LocalTime local_time
2024-10-18T18:59:06.702+03:00 DEBUG [,,] 14780 --- [main] [                                                 ] org.hibernate.HQL_FUNCTIONS              : Timestamp localtime
2024-10-18T18:59:06.702+03:00 DEBUG [,,] 14780 --- [main] [                                                 ] org.hibernate.HQL_FUNCTIONS              : Timestamp localtimestamp
2024-10-18T18:59:06.702+03:00 DEBUG [,,] 14780 --- [main] [                                                 ] org.hibernate.HQL_FUNCTIONS              : Integer locate(STRING pattern, STRING string[, INTEGER start])
2024-10-18T18:59:06.702+03:00 DEBUG [,,] 14780 --- [main] [                                                 ] org.hibernate.HQL_FUNCTIONS              : Double log(NUMERIC arg0[, NUMERIC arg1])
2024-10-18T18:59:06.702+03:00 DEBUG [,,] 14780 --- [main] [                                                 ] org.hibernate.HQL_FUNCTIONS              : Double log10(NUMERIC arg)
2024-10-18T18:59:06.702+03:00 DEBUG [,,] 14780 --- [main] [                                                 ] org.hibernate.HQL_FUNCTIONS              : Double log2(NUMERIC arg)
2024-10-18T18:59:06.702+03:00 DEBUG [,,] 14780 --- [main] [                                                 ] org.hibernate.HQL_FUNCTIONS              : String lower(STRING string)
2024-10-18T18:59:06.702+03:00 DEBUG [,,] 14780 --- [main] [                                                 ] org.hibernate.HQL_FUNCTIONS              : String lpad(string, length[, padding])
2024-10-18T18:59:06.702+03:00 DEBUG [,,] 14780 --- [main] [                                                 ] org.hibernate.HQL_FUNCTIONS              : String ltrim(STRING string[, STRING characters])
2024-10-18T18:59:06.702+03:00 DEBUG [,,] 14780 --- [main] [                                                 ] org.hibernate.HQL_FUNCTIONS              : Date makedate(INTEGER year, INTEGER dayofyear)
2024-10-18T18:59:06.702+03:00 DEBUG [,,] 14780 --- [main] [                                                 ] org.hibernate.HQL_FUNCTIONS              : Time maketime(INTEGER hour, INTEGER min, INTEGER sec)
2024-10-18T18:59:06.702+03:00 DEBUG [,,] 14780 --- [main] [                                                 ] org.hibernate.HQL_FUNCTIONS              : max(COMPARABLE arg)
2024-10-18T18:59:06.702+03:00 DEBUG [,,] 14780 --- [main] [                                                 ] org.hibernate.HQL_FUNCTIONS              : String md5(arg)
2024-10-18T18:59:06.702+03:00 DEBUG [,,] 14780 --- [main] [                                                 ] org.hibernate.HQL_FUNCTIONS              : Integer microsecond(TIME arg)
2024-10-18T18:59:06.702+03:00 DEBUG [,,] 14780 --- [main] [                                                 ] org.hibernate.HQL_FUNCTIONS              : min(COMPARABLE arg)
2024-10-18T18:59:06.702+03:00 DEBUG [,,] 14780 --- [main] [                                                 ] org.hibernate.HQL_FUNCTIONS              : Integer minute(TIME arg)
2024-10-18T18:59:06.703+03:00 DEBUG [,,] 14780 --- [main] [                                                 ] org.hibernate.HQL_FUNCTIONS              : Integer mod(INTEGER arg0, INTEGER arg1)
2024-10-18T18:59:06.703+03:00 DEBUG [,,] 14780 --- [main] [                                                 ] org.hibernate.HQL_FUNCTIONS              : Integer month(DATE arg)
2024-10-18T18:59:06.703+03:00 DEBUG [,,] 14780 --- [main] [                                                 ] org.hibernate.HQL_FUNCTIONS              : String monthname(DATE arg)
2024-10-18T18:59:06.703+03:00 DEBUG [,,] 14780 --- [main] [                                                 ] org.hibernate.HQL_FUNCTIONS              : Timestamp now()
2024-10-18T18:59:06.703+03:00 DEBUG [,,] 14780 --- [main] [                                                 ] org.hibernate.HQL_FUNCTIONS              : nth_valueANY value, INTEGER nth
2024-10-18T18:59:06.703+03:00 DEBUG [,,] 14780 --- [main] [                                                 ] org.hibernate.HQL_FUNCTIONS              : nullif(arg0, arg1)
2024-10-18T18:59:06.703+03:00 DEBUG [,,] 14780 --- [main] [                                                 ] org.hibernate.HQL_FUNCTIONS              : Integer octet_length(STRING_OR_CLOB arg)
2024-10-18T18:59:06.703+03:00 DEBUG [,,] 14780 --- [main] [                                                 ] org.hibernate.HQL_FUNCTIONS              : OffsetDateTime offset datetime
2024-10-18T18:59:06.703+03:00 DEBUG [,,] 14780 --- [main] [                                                 ] org.hibernate.HQL_FUNCTIONS              : OffsetDateTime offset_datetime
2024-10-18T18:59:06.703+03:00 DEBUG [,,] 14780 --- [main] [                                                 ] org.hibernate.HQL_FUNCTIONS              : String overlay(STRING string placing STRING replacement from INTEGER start[ for INTEGER length])
2024-10-18T18:59:06.703+03:00 DEBUG [,,] 14780 --- [main] [                                                 ] org.hibernate.HQL_FUNCTIONS              : String pad(STRING string with INTEGER length {leading|trailing}[ STRING character])
2024-10-18T18:59:06.703+03:00 DEBUG [,,] 14780 --- [main] [                                                 ] org.hibernate.HQL_FUNCTIONS              : Double percent_rank([arg0[, ...]])
2024-10-18T18:59:06.703+03:00 DEBUG [,,] 14780 --- [main] [                                                 ] org.hibernate.HQL_FUNCTIONS              : Double pi
2024-10-18T18:59:06.703+03:00 DEBUG [,,] 14780 --- [main] [                                                 ] org.hibernate.HQL_FUNCTIONS              : Integer position(STRING pattern in STRING string)
2024-10-18T18:59:06.703+03:00 DEBUG [,,] 14780 --- [main] [                                                 ] org.hibernate.HQL_FUNCTIONS              : Double power(NUMERIC arg0, NUMERIC arg1)
2024-10-18T18:59:06.703+03:00 DEBUG [,,] 14780 --- [main] [                                                 ] org.hibernate.HQL_FUNCTIONS              : Integer quarter(DATE arg)
2024-10-18T18:59:06.703+03:00 DEBUG [,,] 14780 --- [main] [                                                 ] org.hibernate.HQL_FUNCTIONS              : Double radians(NUMERIC arg)
2024-10-18T18:59:06.703+03:00 DEBUG [,,] 14780 --- [main] [                                                 ] org.hibernate.HQL_FUNCTIONS              : Double rand([INTEGER seed])
2024-10-18T18:59:06.703+03:00 DEBUG [,,] 14780 --- [main] [                                                 ] org.hibernate.HQL_FUNCTIONS              : Long rank([arg0[, ...]])
2024-10-18T18:59:06.703+03:00 DEBUG [,,] 14780 --- [main] [                                                 ] org.hibernate.HQL_FUNCTIONS              : String repeat(STRING string, INTEGER times)
2024-10-18T18:59:06.703+03:00 DEBUG [,,] 14780 --- [main] [                                                 ] org.hibernate.HQL_FUNCTIONS              : String replace(STRING string, STRING pattern, STRING replacement)
2024-10-18T18:59:06.703+03:00 DEBUG [,,] 14780 --- [main] [                                                 ] org.hibernate.HQL_FUNCTIONS              : String reverse(STRING arg)
2024-10-18T18:59:06.703+03:00 DEBUG [,,] 14780 --- [main] [                                                 ] org.hibernate.HQL_FUNCTIONS              : String right(STRING string, INTEGER length)
2024-10-18T18:59:06.703+03:00 DEBUG [,,] 14780 --- [main] [                                                 ] org.hibernate.HQL_FUNCTIONS              : round(NUMERIC number[, INTEGER places])
2024-10-18T18:59:06.703+03:00 DEBUG [,,] 14780 --- [main] [                                                 ] org.hibernate.HQL_FUNCTIONS              : Long row_number()
2024-10-18T18:59:06.703+03:00 DEBUG [,,] 14780 --- [main] [                                                 ] org.hibernate.HQL_FUNCTIONS              : String rpad(string, length[, padding])
2024-10-18T18:59:06.703+03:00 DEBUG [,,] 14780 --- [main] [                                                 ] org.hibernate.HQL_FUNCTIONS              : String rtrim(STRING string[, STRING characters])
2024-10-18T18:59:06.703+03:00 DEBUG [,,] 14780 --- [main] [                                                 ] org.hibernate.HQL_FUNCTIONS              : Integer second(TIME arg)
2024-10-18T18:59:06.703+03:00 DEBUG [,,] 14780 --- [main] [                                                 ] org.hibernate.HQL_FUNCTIONS              : String sha(arg)
2024-10-18T18:59:06.703+03:00 DEBUG [,,] 14780 --- [main] [                                                 ] org.hibernate.HQL_FUNCTIONS              : String sha1(arg)
2024-10-18T18:59:06.703+03:00 DEBUG [,,] 14780 --- [main] [                                                 ] org.hibernate.HQL_FUNCTIONS              : String sha2(arg0, arg1)
2024-10-18T18:59:06.703+03:00 DEBUG [,,] 14780 --- [main] [                                                 ] org.hibernate.HQL_FUNCTIONS              : Integer sign(NUMERIC arg)
2024-10-18T18:59:06.703+03:00 DEBUG [,,] 14780 --- [main] [                                                 ] org.hibernate.HQL_FUNCTIONS              : Double sin(NUMERIC arg)
2024-10-18T18:59:06.703+03:00 DEBUG [,,] 14780 --- [main] [                                                 ] org.hibernate.HQL_FUNCTIONS              : Double sinh(NUMERIC arg)
2024-10-18T18:59:06.703+03:00 DEBUG [,,] 14780 --- [main] [                                                 ] org.hibernate.HQL_FUNCTIONS              : String soundex(arg)
2024-10-18T18:59:06.703+03:00 DEBUG [,,] 14780 --- [main] [                                                 ] org.hibernate.HQL_FUNCTIONS              : String space(INTEGER arg)
2024-10-18T18:59:06.703+03:00 DEBUG [,,] 14780 --- [main] [                                                 ] org.hibernate.HQL_FUNCTIONS              : Object sql
2024-10-18T18:59:06.703+03:00 DEBUG [,,] 14780 --- [main] [                                                 ] org.hibernate.HQL_FUNCTIONS              : Double sqrt(NUMERIC arg)
2024-10-18T18:59:06.703+03:00 DEBUG [,,] 14780 --- [main] [                                                 ] org.hibernate.HQL_FUNCTIONS              : Double stddev(NUMERIC arg)
2024-10-18T18:59:06.703+03:00 DEBUG [,,] 14780 --- [main] [                                                 ] org.hibernate.HQL_FUNCTIONS              : Double stddev_pop(NUMERIC arg)
2024-10-18T18:59:06.703+03:00 DEBUG [,,] 14780 --- [main] [                                                 ] org.hibernate.HQL_FUNCTIONS              : Double stddev_samp(NUMERIC arg)
2024-10-18T18:59:06.703+03:00 DEBUG [,,] 14780 --- [main] [                                                 ] org.hibernate.HQL_FUNCTIONS              : String str(arg)
2024-10-18T18:59:06.703+03:00 DEBUG [,,] 14780 --- [main] [                                                 ] org.hibernate.HQL_FUNCTIONS              : subdate(DATE datetime, INTEGER days)
2024-10-18T18:59:06.703+03:00 DEBUG [,,] 14780 --- [main] [                                                 ] org.hibernate.HQL_FUNCTIONS              : String substr(STRING string, INTEGER start[, INTEGER length])
2024-10-18T18:59:06.703+03:00 DEBUG [,,] 14780 --- [main] [                                                 ] org.hibernate.HQL_FUNCTIONS              : String substring(STRING string{ from|,} INTEGER start[{ for|,} INTEGER length])
2024-10-18T18:59:06.703+03:00 DEBUG [,,] 14780 --- [main] [                                                 ] org.hibernate.HQL_FUNCTIONS              : subtime(TIME datetime, TIME time)
2024-10-18T18:59:06.703+03:00 DEBUG [,,] 14780 --- [main] [                                                 ] org.hibernate.HQL_FUNCTIONS              : sum(arg)
2024-10-18T18:59:06.703+03:00 DEBUG [,,] 14780 --- [main] [                                                 ] org.hibernate.HQL_FUNCTIONS              : Timestamp sysdate()
2024-10-18T18:59:06.703+03:00 DEBUG [,,] 14780 --- [main] [                                                 ] org.hibernate.HQL_FUNCTIONS              : Double tan(NUMERIC arg)
2024-10-18T18:59:06.703+03:00 DEBUG [,,] 14780 --- [main] [                                                 ] org.hibernate.HQL_FUNCTIONS              : Double tanh(NUMERIC arg)
2024-10-18T18:59:06.703+03:00 DEBUG [,,] 14780 --- [main] [                                                 ] org.hibernate.HQL_FUNCTIONS              : String time(arg)
2024-10-18T18:59:06.703+03:00 DEBUG [,,] 14780 --- [main] [                                                 ] org.hibernate.HQL_FUNCTIONS              : Timestamp timestamp(arg0[, arg1])
2024-10-18T18:59:06.703+03:00 DEBUG [,,] 14780 --- [main] [                                                 ] org.hibernate.HQL_FUNCTIONS              : timestampadd(TEMPORAL_UNIT field, INTEGER magnitude, TEMPORAL datetime)
2024-10-18T18:59:06.703+03:00 DEBUG [,,] 14780 --- [main] [                                                 ] org.hibernate.HQL_FUNCTIONS              : Long|Double timestampdiff(TEMPORAL_UNIT field, TEMPORAL start, TEMPORAL end)
2024-10-18T18:59:06.703+03:00 DEBUG [,,] 14780 --- [main] [                                                 ] org.hibernate.HQL_FUNCTIONS              : String trim([[{leading|trailing|both} ][STRING arg0 ]from] STRING arg1)
2024-10-18T18:59:06.703+03:00 DEBUG [,,] 14780 --- [main] [                                                 ] org.hibernate.HQL_FUNCTIONS              : trunc( ... )
2024-10-18T18:59:06.703+03:00 DEBUG [,,] 14780 --- [main] [                                                 ] org.hibernate.HQL_FUNCTIONS              : truncate( ... )
2024-10-18T18:59:06.703+03:00 DEBUG [,,] 14780 --- [main] [                                                 ] org.hibernate.HQL_FUNCTIONS              : String upper(STRING string)
2024-10-18T18:59:06.703+03:00 DEBUG [,,] 14780 --- [main] [                                                 ] org.hibernate.HQL_FUNCTIONS              : Date utc_date
2024-10-18T18:59:06.703+03:00 DEBUG [,,] 14780 --- [main] [                                                 ] org.hibernate.HQL_FUNCTIONS              : Time utc_time
2024-10-18T18:59:06.703+03:00 DEBUG [,,] 14780 --- [main] [                                                 ] org.hibernate.HQL_FUNCTIONS              : Timestamp utc_timestamp
2024-10-18T18:59:06.703+03:00 DEBUG [,,] 14780 --- [main] [                                                 ] org.hibernate.HQL_FUNCTIONS              : Double var_pop(NUMERIC arg)
2024-10-18T18:59:06.703+03:00 DEBUG [,,] 14780 --- [main] [                                                 ] org.hibernate.HQL_FUNCTIONS              : Double var_samp(NUMERIC arg)
2024-10-18T18:59:06.703+03:00 DEBUG [,,] 14780 --- [main] [                                                 ] org.hibernate.HQL_FUNCTIONS              : Double variance(NUMERIC arg)
2024-10-18T18:59:06.703+03:00 DEBUG [,,] 14780 --- [main] [                                                 ] org.hibernate.HQL_FUNCTIONS              : Integer week(DATE arg)
2024-10-18T18:59:06.703+03:00 DEBUG [,,] 14780 --- [main] [                                                 ] org.hibernate.HQL_FUNCTIONS              : Integer year(DATE arg)
2024-10-18T18:59:06.705+03:00 DEBUG [,,] 14780 --- [main] [                                                 ] org.hibernate.orm.query.plan.cache       : Starting QueryInterpretationCache(2048)
2024-10-18T18:59:06.725+03:00 DEBUG [,,] 14780 --- [HikariPool-1 connection adder] [                                                 ] com.zaxxer.hikari.pool.HikariPool        : HikariPool-1 - After adding stats (total=4, active=0, idle=4, waiting=0)
2024-10-18T18:59:06.728+03:00 DEBUG [,,] 14780 --- [HikariPool-1 connection adder] [                                                 ] com.zaxxer.hikari.pool.HikariPool        : HikariPool-1 - Added connection com.mysql.cj.jdbc.ConnectionImpl@359cd42f
2024-10-18T18:59:06.746+03:00 DEBUG [,,] 14780 --- [main] [                                                 ] .h.s.i.SessionFactoryServiceRegistryImpl : EventListenerRegistry access via ServiceRegistry is deprecated.  Use `sessionFactory.getEventEngine().getListenerRegistry()` instead
2024-10-18T18:59:06.747+03:00 DEBUG [,,] 14780 --- [main] [                                                 ] h.e.i.EntityCopyObserverFactoryInitiator : Configured EntityCopyObserver strategy: disallow
2024-10-18T18:59:06.772+03:00 DEBUG [,,] 14780 --- [HikariPool-1 connection adder] [                                                 ] com.zaxxer.hikari.pool.HikariPool        : HikariPool-1 - After adding stats (total=5, active=0, idle=5, waiting=0)
2024-10-18T18:59:06.774+03:00 DEBUG [,,] 14780 --- [HikariPool-1 connection adder] [                                                 ] com.zaxxer.hikari.pool.HikariPool        : HikariPool-1 - Added connection com.mysql.cj.jdbc.ConnectionImpl@5b7f7172
2024-10-18T18:59:06.789+03:00 DEBUG [,,] 14780 --- [main] [                                                 ] o.h.boot.internal.ClassLoaderAccessImpl  : Not known whether passed class name [com.example.kibana_deploy_template.user.model.User] is safe
2024-10-18T18:59:06.789+03:00 DEBUG [,,] 14780 --- [main] [                                                 ] o.h.boot.internal.ClassLoaderAccessImpl  : No temp ClassLoader provided; using live ClassLoader for loading potentially unsafe class : com.example.kibana_deploy_template.user.model.User
2024-10-18T18:59:06.807+03:00 DEBUG [,,] 14780 --- [HikariPool-1 connection adder] [                                                 ] com.zaxxer.hikari.pool.HikariPool        : HikariPool-1 - After adding stats (total=6, active=0, idle=6, waiting=0)
2024-10-18T18:59:06.809+03:00 DEBUG [,,] 14780 --- [HikariPool-1 connection adder] [                                                 ] com.zaxxer.hikari.pool.HikariPool        : HikariPool-1 - Added connection com.mysql.cj.jdbc.ConnectionImpl@31d20d1a
2024-10-18T18:59:06.850+03:00 DEBUG [,,] 14780 --- [HikariPool-1 connection adder] [                                                 ] com.zaxxer.hikari.pool.HikariPool        : HikariPool-1 - After adding stats (total=7, active=0, idle=7, waiting=0)
2024-10-18T18:59:06.853+03:00 DEBUG [,,] 14780 --- [HikariPool-1 connection adder] [                                                 ] com.zaxxer.hikari.pool.HikariPool        : HikariPool-1 - Added connection com.mysql.cj.jdbc.ConnectionImpl@66ef33ac
2024-10-18T18:59:06.898+03:00 DEBUG [,,] 14780 --- [HikariPool-1 connection adder] [                                                 ] com.zaxxer.hikari.pool.HikariPool        : HikariPool-1 - After adding stats (total=8, active=0, idle=8, waiting=0)
2024-10-18T18:59:06.900+03:00 DEBUG [,,] 14780 --- [HikariPool-1 connection adder] [                                                 ] com.zaxxer.hikari.pool.HikariPool        : HikariPool-1 - Added connection com.mysql.cj.jdbc.ConnectionImpl@41489e92
2024-10-18T18:59:06.904+03:00 DEBUG [,,] 14780 --- [main] [                                                 ] o.h.b.i.bytebuddy.BytecodeProviderImpl   : HHH000513: Unable to create the ReflectionOptimizer for [com.example.kibana_deploy_template.user.model.User]: private accessor [email]
2024-10-18T18:59:06.929+03:00 DEBUG [,,] 14780 --- [main] [                                                 ] o.hibernate.orm.model.mapping.creation   : Starting post-init callbacks
2024-10-18T18:59:06.930+03:00 DEBUG [,,] 14780 --- [main] [                                                 ] o.hibernate.orm.model.mapping.creation   : Starting PostInitCallbackEntry : Entity(com.example.kibana_deploy_template.user.model.User) `staticFetchableList` generator
2024-10-18T18:59:06.930+03:00 DEBUG [,,] 14780 --- [main] [                                                 ] o.hibernate.orm.model.mapping.creation   : Starting PostInitCallbackEntry : Entity(com.example.kibana_deploy_template.user.model.User) `sqmMultiTableInsertStrategy` interpretation
2024-10-18T18:59:06.945+03:00 DEBUG [,,] 14780 --- [HikariPool-1 connection adder] [                                                 ] com.zaxxer.hikari.pool.HikariPool        : HikariPool-1 - After adding stats (total=9, active=0, idle=9, waiting=0)
2024-10-18T18:59:06.948+03:00 DEBUG [,,] 14780 --- [HikariPool-1 connection adder] [                                                 ] com.zaxxer.hikari.pool.HikariPool        : HikariPool-1 - Added connection com.mysql.cj.jdbc.ConnectionImpl@3b49d7bf
2024-10-18T18:59:06.982+03:00 DEBUG [,,] 14780 --- [main] [                                                 ] org.hibernate.orm.sql.ast.create         : Created new SQL alias : u1_0
2024-10-18T18:59:06.983+03:00 DEBUG [,,] 14780 --- [main] [                                                 ] org.hibernate.orm.sql.ast.create         : Registration of TableGroup [StandardTableGroup(com.example.kibana_deploy_template.user.model.User)] with identifierForTableGroup [com.example.kibana_deploy_template.user.model.User] for NavigablePath [com.example.kibana_deploy_template.user.model.User] 
2024-10-18T18:59:06.993+03:00 DEBUG [,,] 14780 --- [HikariPool-1 connection adder] [                                                 ] com.zaxxer.hikari.pool.HikariPool        : HikariPool-1 - After adding stats (total=10, active=0, idle=10, waiting=0)
2024-10-18T18:59:06.993+03:00 DEBUG [,,] 14780 --- [main] [                                                 ] org.hibernate.orm.results.graph.AST      : DomainResult Graph:
 \-EntityResultImpl [com.example.kibana_deploy_template.user.model.User]
 |  +-BasicFetch [com.example.kibana_deploy_template.user.model.User.email]
 |  +-BasicFetch [com.example.kibana_deploy_template.user.model.User.gender]
 |  +-BasicFetch [com.example.kibana_deploy_template.user.model.User.name]
 |  \-BasicFetch [com.example.kibana_deploy_template.user.model.User.password]

2024-10-18T18:59:06.995+03:00 DEBUG [,,] 14780 --- [main] [                                                 ] org.hibernate.orm.sql.ast.tree           : SQL AST Tree:
    SelectStatement {
      FromClause {
        StandardTableGroup (u1 : com.example.kibana_deploy_template.user.model.User) {
          primaryTableReference : users as u1_0
        }
      }
    }

2024-10-18T18:59:07.001+03:00 DEBUG [,,] 14780 --- [main] [                                                 ] o.h.p.entity.AbstractEntityPersister     : Static SQL for entity: com.example.kibana_deploy_template.user.model.User
2024-10-18T18:59:07.001+03:00 DEBUG [,,] 14780 --- [main] [                                                 ] o.h.p.entity.AbstractEntityPersister     :  Version select: select id from users where id=?
2024-10-18T18:59:07.001+03:00 DEBUG [,,] 14780 --- [main] [                                                 ] o.h.p.entity.AbstractEntityPersister     :  Insert (0): insert into users (email,gender,name,password,id) values (?,?,?,?,?)
2024-10-18T18:59:07.001+03:00 DEBUG [,,] 14780 --- [main] [                                                 ] o.h.p.entity.AbstractEntityPersister     :  Update (0): update users set email=?,gender=?,name=?,password=? where id=?
2024-10-18T18:59:07.001+03:00 DEBUG [,,] 14780 --- [main] [                                                 ] o.h.p.entity.AbstractEntityPersister     :  Delete (0): delete from users where id=?
2024-10-18T18:59:07.016+03:00  INFO [,,] 14780 --- [main] [                                                 ] o.h.e.t.j.p.i.JtaPlatformInitiator       : HHH000489: No JTA platform available (set 'hibernate.transaction.jta.platform' to enable JTA platform integration)
2024-10-18T18:59:07.016+03:00 DEBUG [,,] 14780 --- [main] [                                                 ] o.h.type.spi.TypeConfiguration$Scope     : Scoping TypeConfiguration [org.hibernate.type.spi.TypeConfiguration@544e6b] to SessionFactoryImplementor [org.hibernate.internal.SessionFactoryImpl@4ebd0b52]
2024-10-18T18:59:07.017+03:00 DEBUG [,,] 14780 --- [main] [                                                 ] o.h.query.named.NamedObjectRepository    : Checking 0 named HQL queries
2024-10-18T18:59:07.017+03:00 DEBUG [,,] 14780 --- [main] [                                                 ] o.h.query.named.NamedObjectRepository    : Checking 0 named SQL queries
2024-10-18T18:59:07.044+03:00 DEBUG [,,] 14780 --- [main] [                                                 ] org.hibernate.mapping.Table              : No alter strings for table : users
2024-10-18T18:59:07.044+03:00 DEBUG [,,] 14780 --- [main] [                                                 ] org.hibernate.mapping.Table              : No alter strings for table : users_seq
2024-10-18T18:59:07.045+03:00 DEBUG [,,] 14780 --- [main] [                                                 ] o.h.internal.SessionFactoryRegistry      : Initializing SessionFactoryRegistry : org.hibernate.internal.SessionFactoryRegistry@4d50f682
2024-10-18T18:59:07.045+03:00 DEBUG [,,] 14780 --- [main] [                                                 ] o.h.internal.SessionFactoryRegistry      : Registering SessionFactory: 39557f99-7c6d-46fb-9d76-9be983fa62a8 (<unnamed>)
2024-10-18T18:59:07.045+03:00 DEBUG [,,] 14780 --- [main] [                                                 ] o.h.internal.SessionFactoryRegistry      : Not binding SessionFactory to JNDI, no JNDI name configured
2024-10-18T18:59:07.045+03:00 DEBUG [,,] 14780 --- [main] [                                                 ] o.hibernate.internal.SessionFactoryImpl  : Instantiated SessionFactory
2024-10-18T18:59:07.045+03:00  INFO [,,] 14780 --- [main] [                                                 ] j.LocalContainerEntityManagerFactoryBean : Initialized JPA EntityManagerFactory for persistence unit 'default'
2024-10-18T18:59:07.049+03:00 DEBUG [,,] 14780 --- [main] [                                                 ] o.s.b.f.s.DefaultListableBeanFactory     : Creating shared instance of singleton bean 'kibanaDeployTemplateApplication'
2024-10-18T18:59:07.051+03:00 DEBUG [,,] 14780 --- [main] [                                                 ] o.s.b.f.s.DefaultListableBeanFactory     : Creating shared instance of singleton bean 'userCommandServiceImpl'
2024-10-18T18:59:07.054+03:00 DEBUG [,,] 14780 --- [main] [                                                 ] o.s.b.f.s.DefaultListableBeanFactory     : Creating shared instance of singleton bean 'userRepo'
2024-10-18T18:59:07.058+03:00 DEBUG [,,] 14780 --- [main] [                                                 ] o.s.b.f.s.DefaultListableBeanFactory     : Creating shared instance of singleton bean 'jpa.named-queries#0'
2024-10-18T18:59:07.061+03:00 DEBUG [,,] 14780 --- [main] [                                                 ] o.s.b.f.s.DefaultListableBeanFactory     : Creating shared instance of singleton bean 'jpa.UserRepo.fragments#0'
2024-10-18T18:59:07.065+03:00 DEBUG [,,] 14780 --- [main] [                                                 ] o.s.b.f.s.DefaultListableBeanFactory     : Creating shared instance of singleton bean 'jpaSharedEM_entityManagerFactory'
2024-10-18T18:59:07.089+03:00 DEBUG [,,] 14780 --- [main] [                                                 ] o.s.b.f.s.DefaultListableBeanFactory     : Creating shared instance of singleton bean 'jpaMappingContext'
2024-10-18T18:59:07.090+03:00 DEBUG [,,] 14780 --- [main] [                                                 ] .c.JpaMetamodelMappingContextFactoryBean : Initializing JpaMetamodelMappingContext…
2024-10-18T18:59:07.100+03:00 DEBUG [,,] 14780 --- [main] [                                                 ] .c.JpaMetamodelMappingContextFactoryBean : Finished initializing JpaMetamodelMappingContext
2024-10-18T18:59:07.120+03:00 DEBUG [,,] 14780 --- [main] [                                                 ] tor$SharedEntityManagerInvocationHandler : Creating new EntityManager for shared EntityManager invocation
2024-10-18T18:59:07.124+03:00 DEBUG [,,] 14780 --- [RMI TCP Connection(3)-192.168.0.104] [                                                 ] sun.rmi.transport.tcp                    : RMI TCP Connection(3)-192.168.0.104: (port 53343) op = 82
2024-10-18T18:59:07.124+03:00 DEBUG [,,] 14780 --- [RMI TCP Connection(3)-192.168.0.104] [                                                 ] sun.rmi.transport.tcp                    : RMI TCP Connection(3)-192.168.0.104: (port 53343) op = 80
2024-10-18T18:59:07.125+03:00 DEBUG [,,] 14780 --- [RMI TCP Connection(3)-192.168.0.104] [                                                 ] sun.rmi.transport.tcp                    : RMI TCP Connection(3)-192.168.0.104: (port 53343) op = 82
2024-10-18T18:59:07.125+03:00 DEBUG [,,] 14780 --- [RMI TCP Connection(3)-192.168.0.104] [                                                 ] sun.rmi.transport.tcp                    : RMI TCP Connection(3)-192.168.0.104: (port 53343) op = 80
2024-10-18T18:59:07.125+03:00 DEBUG [,,] 14780 --- [RMI TCP Connection(3)-192.168.0.104] [                                                 ] sun.rmi.loader                           : RMI TCP Connection(3)-192.168.0.104: name = "[Ljava.rmi.server.ObjID;", codebase = "", defaultLoader = jdk.internal.loader.ClassLoaders$PlatformClassLoader@67a5978a
2024-10-18T18:59:07.125+03:00 DEBUG [,,] 14780 --- [RMI TCP Connection(3)-192.168.0.104] [                                                 ] sun.rmi.loader                           : RMI TCP Connection(3)-192.168.0.104: name = "java.rmi.server.ObjID", codebase = "", defaultLoader = jdk.internal.loader.ClassLoaders$PlatformClassLoader@67a5978a
2024-10-18T18:59:07.125+03:00 DEBUG [,,] 14780 --- [RMI TCP Connection(3)-192.168.0.104] [                                                 ] sun.rmi.loader                           : RMI TCP Connection(3)-192.168.0.104: name = "java.rmi.server.UID", codebase = "", defaultLoader = jdk.internal.loader.ClassLoaders$PlatformClassLoader@67a5978a
2024-10-18T18:59:07.125+03:00 DEBUG [,,] 14780 --- [RMI TCP Connection(3)-192.168.0.104] [                                                 ] sun.rmi.loader                           : RMI TCP Connection(3)-192.168.0.104: name = "java.rmi.dgc.Lease", codebase = "", defaultLoader = jdk.internal.loader.ClassLoaders$PlatformClassLoader@67a5978a
2024-10-18T18:59:07.125+03:00 DEBUG [,,] 14780 --- [RMI TCP Connection(3)-192.168.0.104] [                                                 ] sun.rmi.loader                           : RMI TCP Connection(3)-192.168.0.104: name = "java.rmi.dgc.VMID", codebase = "", defaultLoader = jdk.internal.loader.ClassLoaders$PlatformClassLoader@67a5978a
2024-10-18T18:59:07.125+03:00 DEBUG [,,] 14780 --- [RMI TCP Connection(3)-192.168.0.104] [                                                 ] sun.rmi.loader                           : RMI TCP Connection(3)-192.168.0.104: name = "[B", codebase = "", defaultLoader = jdk.internal.loader.ClassLoaders$PlatformClassLoader@67a5978a
2024-10-18T18:59:07.126+03:00 DEBUG [,,] 14780 --- [RMI TCP Connection(3)-192.168.0.104] [                                                 ] sun.rmi.transport.tcp                    : RMI TCP Connection(3)-192.168.0.104: (port 53343) op = 82
2024-10-18T18:59:07.126+03:00 DEBUG [,,] 14780 --- [RMI TCP Connection(3)-192.168.0.104] [                                                 ] sun.rmi.transport.tcp                    : RMI TCP Connection(3)-192.168.0.104: (port 53343) op = 84
2024-10-18T18:59:07.126+03:00 DEBUG [,,] 14780 --- [RMI TCP Connection(3)-192.168.0.104] [                                                 ] sun.rmi.transport.tcp                    : RMI TCP Connection(3)-192.168.0.104: (port 53343) op = 82
2024-10-18T18:59:07.126+03:00 DEBUG [,,] 14780 --- [RMI TCP Connection(3)-192.168.0.104] [                                                 ] sun.rmi.transport.tcp                    : RMI TCP Connection(3)-192.168.0.104: (port 53343) op = 80
2024-10-18T18:59:07.126+03:00 DEBUG [,,] 14780 --- [RMI TCP Connection(3)-192.168.0.104] [                                                 ] sun.rmi.transport.tcp                    : RMI TCP Connection(3)-192.168.0.104: (port 53343) op = 82
2024-10-18T18:59:07.126+03:00 DEBUG [,,] 14780 --- [RMI TCP Connection(3)-192.168.0.104] [                                                 ] sun.rmi.transport.tcp                    : RMI TCP Connection(3)-192.168.0.104: (port 53343) op = 80
2024-10-18T18:59:07.127+03:00 DEBUG [,,] 14780 --- [RMI TCP Connection(3)-192.168.0.104] [                                                 ] sun.rmi.loader                           : RMI TCP Connection(3)-192.168.0.104: name = "javax.management.ObjectName", codebase = ""
2024-10-18T18:59:07.127+03:00 DEBUG [,,] 14780 --- [RMI TCP Connection(3)-192.168.0.104] [                                                 ] javax.management.remote.rmi              : connectionId=rmi://192.168.0.104  5, name=org.springframework.boot:type=Admin,name=SpringApplication, attribute=Ready
2024-10-18T18:59:07.127+03:00 DEBUG [,,] 14780 --- [RMI TCP Connection(3)-192.168.0.104] [                                                 ] sun.rmi.server.call                      : RMI TCP Connection(3)-192.168.0.104: [192.168.0.104] exception: 

javax.management.InstanceNotFoundException: org.springframework.boot:type=Admin,name=SpringApplication
	at java.management/com.sun.jmx.interceptor.DefaultMBeanServerInterceptor.getMBean(DefaultMBeanServerInterceptor.java:1088) ~[na:na]
	at java.management/com.sun.jmx.interceptor.DefaultMBeanServerInterceptor.getAttribute(DefaultMBeanServerInterceptor.java:640) ~[na:na]
	at java.management/com.sun.jmx.mbeanserver.JmxMBeanServer.getAttribute(JmxMBeanServer.java:679) ~[na:na]
	at java.management.rmi/javax.management.remote.rmi.RMIConnectionImpl.doOperation(RMIConnectionImpl.java:1449) ~[na:na]
	at java.management.rmi/javax.management.remote.rmi.RMIConnectionImpl$PrivilegedOperation.run(RMIConnectionImpl.java:1310) ~[na:na]
	at java.management.rmi/javax.management.remote.rmi.RMIConnectionImpl.doPrivilegedOperation(RMIConnectionImpl.java:1405) ~[na:na]
	at java.management.rmi/javax.management.remote.rmi.RMIConnectionImpl.getAttribute(RMIConnectionImpl.java:639) ~[na:na]
	at java.base/jdk.internal.reflect.NativeMethodAccessorImpl.invoke0(Native Method) ~[na:na]
	at java.base/jdk.internal.reflect.NativeMethodAccessorImpl.invoke(NativeMethodAccessorImpl.java:77) ~[na:na]
	at java.base/jdk.internal.reflect.DelegatingMethodAccessorImpl.invoke(DelegatingMethodAccessorImpl.java:43) ~[na:na]
	at java.base/java.lang.reflect.Method.invoke(Method.java:568) ~[na:na]
	at java.rmi/sun.rmi.server.UnicastServerRef.dispatch(UnicastServerRef.java:360) ~[na:na]
	at java.rmi/sun.rmi.transport.Transport$1.run(Transport.java:200) ~[na:na]
	at java.rmi/sun.rmi.transport.Transport$1.run(Transport.java:197) ~[na:na]
	at java.base/java.security.AccessController.doPrivileged(AccessController.java:712) ~[na:na]
	at java.rmi/sun.rmi.transport.Transport.serviceCall(Transport.java:196) ~[na:na]
	at java.rmi/sun.rmi.transport.tcp.TCPTransport.handleMessages(TCPTransport.java:587) ~[na:na]
	at java.rmi/sun.rmi.transport.tcp.TCPTransport$ConnectionHandler.run0(TCPTransport.java:828) ~[na:na]
	at java.rmi/sun.rmi.transport.tcp.TCPTransport$ConnectionHandler.lambda$run$0(TCPTransport.java:705) ~[na:na]
	at java.base/java.security.AccessController.doPrivileged(AccessController.java:399) ~[na:na]
	at java.rmi/sun.rmi.transport.tcp.TCPTransport$ConnectionHandler.run(TCPTransport.java:704) ~[na:na]
	at java.base/java.util.concurrent.ThreadPoolExecutor.runWorker(ThreadPoolExecutor.java:1136) ~[na:na]
	at java.base/java.util.concurrent.ThreadPoolExecutor$Worker.run(ThreadPoolExecutor.java:635) ~[na:na]
	at java.base/java.lang.Thread.run(Thread.java:833) ~[na:na]

2024-10-18T18:59:07.127+03:00 DEBUG [,,] 14780 --- [RMI TCP Connection(3)-192.168.0.104] [                                                 ] sun.rmi.transport.tcp                    : RMI TCP Connection(3)-192.168.0.104: (port 53343) op = 82
2024-10-18T18:59:07.128+03:00 DEBUG [,,] 14780 --- [RMI TCP Connection(3)-192.168.0.104] [                                                 ] sun.rmi.transport.tcp                    : RMI TCP Connection(3)-192.168.0.104: (port 53343) op = 80
2024-10-18T18:59:07.128+03:00 DEBUG [,,] 14780 --- [RMI TCP Connection(3)-192.168.0.104] [                                                 ] javax.management.remote.rmi              : [javax.management.remote.rmi.RMIConnectionImpl@6a1842de: connectionId=rmi://192.168.0.104  5] closing.
2024-10-18T18:59:07.128+03:00 DEBUG [,,] 14780 --- [RMI TCP Connection(3)-192.168.0.104] [                                                 ] javax.management.remote.rmi              : [javax.management.remote.rmi.RMIConnectionImpl@6a1842de: connectionId=rmi://192.168.0.104  5] closed.
2024-10-18T18:59:07.137+03:00 DEBUG [,,] 14780 --- [main] [                                                 ] o.h.stat.internal.StatisticsInitiator    : Statistics initialized [enabled=false]
2024-10-18T18:59:07.140+03:00 DEBUG [,,] 14780 --- [main] [                                                 ] tor$SharedEntityManagerInvocationHandler : Creating new EntityManager for shared EntityManager invocation
2024-10-18T18:59:07.145+03:00 DEBUG [,,] 14780 --- [main] [                                                 ] o.s.b.f.s.DefaultListableBeanFactory     : Creating shared instance of singleton bean 'metricsRepositoryMethodInvocationListener'
2024-10-18T18:59:07.145+03:00 DEBUG [,,] 14780 --- [main] [                                                 ] o.s.b.f.s.DefaultListableBeanFactory     : Creating shared instance of singleton bean 'org.springframework.boot.actuate.autoconfigure.metrics.data.RepositoryMetricsAutoConfiguration'
2024-10-18T18:59:07.146+03:00 DEBUG [,,] 14780 --- [main] [                                                 ] o.s.b.f.s.DefaultListableBeanFactory     : Autowiring by type from bean name 'org.springframework.boot.actuate.autoconfigure.metrics.data.RepositoryMetricsAutoConfiguration' via constructor to bean named 'management.metrics-org.springframework.boot.actuate.autoconfigure.metrics.MetricsProperties'
2024-10-18T18:59:07.147+03:00 DEBUG [,,] 14780 --- [main] [                                                 ] o.s.b.f.s.DefaultListableBeanFactory     : Creating shared instance of singleton bean 'repositoryTagsProvider'
2024-10-18T18:59:07.148+03:00 DEBUG [,,] 14780 --- [main] [                                                 ] o.s.b.f.s.DefaultListableBeanFactory     : Autowiring by type from bean name 'metricsRepositoryMethodInvocationListener' via factory method to bean named 'repositoryTagsProvider'
2024-10-18T18:59:07.169+03:00 DEBUG [,,] 14780 --- [main] [                                                 ] o.s.d.r.c.s.RepositoryFactorySupport     : Initializing repository instance for com.example.kibana_deploy_template.user.repository.UserRepo…
2024-10-18T18:59:07.176+03:00 DEBUG [,,] 14780 --- [main] [                                                 ] tor$SharedEntityManagerInvocationHandler : Creating new EntityManager for shared EntityManager invocation
2024-10-18T18:59:07.200+03:00 DEBUG [,,] 14780 --- [main] [                                                 ] o.s.d.jpa.repository.query.NamedQuery    : Looking up named query User.findByEmail
2024-10-18T18:59:07.201+03:00 DEBUG [,,] 14780 --- [main] [                                                 ] cResourceLocalTransactionCoordinatorImpl : JDBC transaction marked for rollback-only (exception provided for stack trace)

java.lang.Exception: exception just for purpose of providing stack trace
	at org.hibernate.resource.transaction.backend.jdbc.internal.JdbcResourceLocalTransactionCoordinatorImpl$TransactionDriverControlImpl.markRollbackOnly(JdbcResourceLocalTransactionCoordinatorImpl.java:309) ~[hibernate-core-6.5.3.Final.jar:6.5.3.Final]
	at org.hibernate.internal.AbstractSharedSessionContract.buildNamedQuery(AbstractSharedSessionContract.java:1109) ~[hibernate-core-6.5.3.Final.jar:6.5.3.Final]
	at org.hibernate.internal.AbstractSharedSessionContract.createNamedQuery(AbstractSharedSessionContract.java:987) ~[hibernate-core-6.5.3.Final.jar:6.5.3.Final]
	at org.hibernate.internal.AbstractSharedSessionContract.createNamedQuery(AbstractSharedSessionContract.java:140) ~[hibernate-core-6.5.3.Final.jar:6.5.3.Final]
	at java.base/jdk.internal.reflect.NativeMethodAccessorImpl.invoke0(Native Method) ~[na:na]
	at java.base/jdk.internal.reflect.NativeMethodAccessorImpl.invoke(NativeMethodAccessorImpl.java:77) ~[na:na]
	at java.base/jdk.internal.reflect.DelegatingMethodAccessorImpl.invoke(DelegatingMethodAccessorImpl.java:43) ~[na:na]
	at java.base/java.lang.reflect.Method.invoke(Method.java:568) ~[na:na]
	at org.springframework.orm.jpa.ExtendedEntityManagerCreator$ExtendedEntityManagerInvocationHandler.invoke(ExtendedEntityManagerCreator.java:364) ~[spring-orm-6.1.13.jar:6.1.13]
	at jdk.proxy2/jdk.proxy2.$Proxy134.createNamedQuery(Unknown Source) ~[na:na]
	at org.springframework.data.jpa.repository.query.NamedQuery.hasNamedQuery(NamedQuery.java:112) ~[spring-data-jpa-3.3.4.jar:3.3.4]
	at org.springframework.data.jpa.repository.query.NamedQuery.lookupFrom(NamedQuery.java:138) ~[spring-data-jpa-3.3.4.jar:3.3.4]
	at org.springframework.data.jpa.repository.query.JpaQueryLookupStrategy$DeclaredQueryLookupStrategy.resolveQuery(JpaQueryLookupStrategy.java:180) ~[spring-data-jpa-3.3.4.jar:3.3.4]
	at org.springframework.data.jpa.repository.query.JpaQueryLookupStrategy$CreateIfNotFoundQueryLookupStrategy.resolveQuery(JpaQueryLookupStrategy.java:252) ~[spring-data-jpa-3.3.4.jar:3.3.4]
	at org.springframework.data.jpa.repository.query.JpaQueryLookupStrategy$AbstractQueryLookupStrategy.resolveQuery(JpaQueryLookupStrategy.java:95) ~[spring-data-jpa-3.3.4.jar:3.3.4]
	at org.springframework.data.repository.core.support.QueryExecutorMethodInterceptor.lookupQuery(QueryExecutorMethodInterceptor.java:115) ~[spring-data-commons-3.3.4.jar:3.3.4]
	at org.springframework.data.repository.core.support.QueryExecutorMethodInterceptor.mapMethodsToQuery(QueryExecutorMethodInterceptor.java:103) ~[spring-data-commons-3.3.4.jar:3.3.4]
	at org.springframework.data.repository.core.support.QueryExecutorMethodInterceptor.lambda$new$0(QueryExecutorMethodInterceptor.java:92) ~[spring-data-commons-3.3.4.jar:3.3.4]
	at java.base/java.util.Optional.map(Optional.java:260) ~[na:na]
	at org.springframework.data.repository.core.support.QueryExecutorMethodInterceptor.<init>(QueryExecutorMethodInterceptor.java:92) ~[spring-data-commons-3.3.4.jar:3.3.4]
	at org.springframework.data.repository.core.support.RepositoryFactorySupport.getRepository(RepositoryFactorySupport.java:357) ~[spring-data-commons-3.3.4.jar:3.3.4]
	at org.springframework.data.repository.core.support.RepositoryFactoryBeanSupport.lambda$afterPropertiesSet$5(RepositoryFactoryBeanSupport.java:286) ~[spring-data-commons-3.3.4.jar:3.3.4]
	at org.springframework.data.util.Lazy.getNullable(Lazy.java:135) ~[spring-data-commons-3.3.4.jar:3.3.4]
	at org.springframework.data.util.Lazy.get(Lazy.java:113) ~[spring-data-commons-3.3.4.jar:3.3.4]
	at org.springframework.data.repository.core.support.RepositoryFactoryBeanSupport.afterPropertiesSet(RepositoryFactoryBeanSupport.java:292) ~[spring-data-commons-3.3.4.jar:3.3.4]
	at org.springframework.data.jpa.repository.support.JpaRepositoryFactoryBean.afterPropertiesSet(JpaRepositoryFactoryBean.java:132) ~[spring-data-jpa-3.3.4.jar:3.3.4]
	at org.springframework.beans.factory.support.AbstractAutowireCapableBeanFactory.invokeInitMethods(AbstractAutowireCapableBeanFactory.java:1853) ~[spring-beans-6.1.13.jar:6.1.13]
	at org.springframework.beans.factory.support.AbstractAutowireCapableBeanFactory.initializeBean(AbstractAutowireCapableBeanFactory.java:1802) ~[spring-beans-6.1.13.jar:6.1.13]
	at org.springframework.beans.factory.support.AbstractAutowireCapableBeanFactory.doCreateBean(AbstractAutowireCapableBeanFactory.java:600) ~[spring-beans-6.1.13.jar:6.1.13]
	at org.springframework.beans.factory.support.AbstractAutowireCapableBeanFactory.createBean(AbstractAutowireCapableBeanFactory.java:522) ~[spring-beans-6.1.13.jar:6.1.13]
	at org.springframework.beans.factory.support.AbstractBeanFactory.lambda$doGetBean$0(AbstractBeanFactory.java:337) ~[spring-beans-6.1.13.jar:6.1.13]
	at org.springframework.beans.factory.support.DefaultSingletonBeanRegistry.getSingleton(DefaultSingletonBeanRegistry.java:234) ~[spring-beans-6.1.13.jar:6.1.13]
	at org.springframework.beans.factory.support.AbstractBeanFactory.doGetBean(AbstractBeanFactory.java:335) ~[spring-beans-6.1.13.jar:6.1.13]
	at org.springframework.beans.factory.support.AbstractBeanFactory.getBean(AbstractBeanFactory.java:200) ~[spring-beans-6.1.13.jar:6.1.13]
	at org.springframework.beans.factory.config.DependencyDescriptor.resolveCandidate(DependencyDescriptor.java:254) ~[spring-beans-6.1.13.jar:6.1.13]
	at org.springframework.beans.factory.support.DefaultListableBeanFactory.doResolveDependency(DefaultListableBeanFactory.java:1443) ~[spring-beans-6.1.13.jar:6.1.13]
	at org.springframework.beans.factory.support.DefaultListableBeanFactory.resolveDependency(DefaultListableBeanFactory.java:1353) ~[spring-beans-6.1.13.jar:6.1.13]
	at org.springframework.beans.factory.support.ConstructorResolver.resolveAutowiredArgument(ConstructorResolver.java:904) ~[spring-beans-6.1.13.jar:6.1.13]
	at org.springframework.beans.factory.support.ConstructorResolver.createArgumentArray(ConstructorResolver.java:782) ~[spring-beans-6.1.13.jar:6.1.13]
	at org.springframework.beans.factory.support.ConstructorResolver.autowireConstructor(ConstructorResolver.java:237) ~[spring-beans-6.1.13.jar:6.1.13]
	at org.springframework.beans.factory.support.AbstractAutowireCapableBeanFactory.autowireConstructor(AbstractAutowireCapableBeanFactory.java:1375) ~[spring-beans-6.1.13.jar:6.1.13]
	at org.springframework.beans.factory.support.AbstractAutowireCapableBeanFactory.createBeanInstance(AbstractAutowireCapableBeanFactory.java:1212) ~[spring-beans-6.1.13.jar:6.1.13]
	at org.springframework.beans.factory.support.AbstractAutowireCapableBeanFactory.doCreateBean(AbstractAutowireCapableBeanFactory.java:562) ~[spring-beans-6.1.13.jar:6.1.13]
	at org.springframework.beans.factory.support.AbstractAutowireCapableBeanFactory.createBean(AbstractAutowireCapableBeanFactory.java:522) ~[spring-beans-6.1.13.jar:6.1.13]
	at org.springframework.beans.factory.support.AbstractBeanFactory.lambda$doGetBean$0(AbstractBeanFactory.java:337) ~[spring-beans-6.1.13.jar:6.1.13]
	at org.springframework.beans.factory.support.DefaultSingletonBeanRegistry.getSingleton(DefaultSingletonBeanRegistry.java:234) ~[spring-beans-6.1.13.jar:6.1.13]
	at org.springframework.beans.factory.support.AbstractBeanFactory.doGetBean(AbstractBeanFactory.java:335) ~[spring-beans-6.1.13.jar:6.1.13]
	at org.springframework.beans.factory.support.AbstractBeanFactory.getBean(AbstractBeanFactory.java:200) ~[spring-beans-6.1.13.jar:6.1.13]
	at org.springframework.beans.factory.support.DefaultListableBeanFactory.preInstantiateSingletons(DefaultListableBeanFactory.java:975) ~[spring-beans-6.1.13.jar:6.1.13]
	at org.springframework.context.support.AbstractApplicationContext.finishBeanFactoryInitialization(AbstractApplicationContext.java:971) ~[spring-context-6.1.13.jar:6.1.13]
	at org.springframework.context.support.AbstractApplicationContext.refresh(AbstractApplicationContext.java:625) ~[spring-context-6.1.13.jar:6.1.13]
	at org.springframework.boot.web.servlet.context.ServletWebServerApplicationContext.refresh(ServletWebServerApplicationContext.java:146) ~[spring-boot-3.3.4.jar:3.3.4]
	at org.springframework.boot.SpringApplication.refresh(SpringApplication.java:754) ~[spring-boot-3.3.4.jar:3.3.4]
	at org.springframework.boot.SpringApplication.refreshContext(SpringApplication.java:456) ~[spring-boot-3.3.4.jar:3.3.4]
	at org.springframework.boot.SpringApplication.run(SpringApplication.java:335) ~[spring-boot-3.3.4.jar:3.3.4]
	at org.springframework.boot.SpringApplication.run(SpringApplication.java:1363) ~[spring-boot-3.3.4.jar:3.3.4]
	at org.springframework.boot.SpringApplication.run(SpringApplication.java:1352) ~[spring-boot-3.3.4.jar:3.3.4]
	at com.example.kibana_deploy_template.KibanaDeployTemplateApplication.main(KibanaDeployTemplateApplication.java:10) ~[classes/:na]

2024-10-18T18:59:07.202+03:00 DEBUG [,,] 14780 --- [main] [                                                 ] o.s.d.jpa.repository.query.NamedQuery    : Did not find named query User.findByEmail
2024-10-18T18:59:07.204+03:00 DEBUG [,,] 14780 --- [main] [                                                 ] tor$SharedEntityManagerInvocationHandler : Creating new EntityManager for shared EntityManager invocation
2024-10-18T18:59:07.238+03:00 DEBUG [,,] 14780 --- [main] [                                                 ] o.s.d.jpa.repository.query.NamedQuery    : Looking up named query User.findAllByGender
2024-10-18T18:59:07.238+03:00 DEBUG [,,] 14780 --- [main] [                                                 ] cResourceLocalTransactionCoordinatorImpl : JDBC transaction marked for rollback-only (exception provided for stack trace)

java.lang.Exception: exception just for purpose of providing stack trace
	at org.hibernate.resource.transaction.backend.jdbc.internal.JdbcResourceLocalTransactionCoordinatorImpl$TransactionDriverControlImpl.markRollbackOnly(JdbcResourceLocalTransactionCoordinatorImpl.java:309) ~[hibernate-core-6.5.3.Final.jar:6.5.3.Final]
	at org.hibernate.internal.AbstractSharedSessionContract.buildNamedQuery(AbstractSharedSessionContract.java:1109) ~[hibernate-core-6.5.3.Final.jar:6.5.3.Final]
	at org.hibernate.internal.AbstractSharedSessionContract.createNamedQuery(AbstractSharedSessionContract.java:987) ~[hibernate-core-6.5.3.Final.jar:6.5.3.Final]
	at org.hibernate.internal.AbstractSharedSessionContract.createNamedQuery(AbstractSharedSessionContract.java:140) ~[hibernate-core-6.5.3.Final.jar:6.5.3.Final]
	at java.base/jdk.internal.reflect.NativeMethodAccessorImpl.invoke0(Native Method) ~[na:na]
	at java.base/jdk.internal.reflect.NativeMethodAccessorImpl.invoke(NativeMethodAccessorImpl.java:77) ~[na:na]
	at java.base/jdk.internal.reflect.DelegatingMethodAccessorImpl.invoke(DelegatingMethodAccessorImpl.java:43) ~[na:na]
	at java.base/java.lang.reflect.Method.invoke(Method.java:568) ~[na:na]
	at org.springframework.orm.jpa.ExtendedEntityManagerCreator$ExtendedEntityManagerInvocationHandler.invoke(ExtendedEntityManagerCreator.java:364) ~[spring-orm-6.1.13.jar:6.1.13]
	at jdk.proxy2/jdk.proxy2.$Proxy134.createNamedQuery(Unknown Source) ~[na:na]
	at org.springframework.data.jpa.repository.query.NamedQuery.hasNamedQuery(NamedQuery.java:112) ~[spring-data-jpa-3.3.4.jar:3.3.4]
	at org.springframework.data.jpa.repository.query.NamedQuery.lookupFrom(NamedQuery.java:138) ~[spring-data-jpa-3.3.4.jar:3.3.4]
	at org.springframework.data.jpa.repository.query.JpaQueryLookupStrategy$DeclaredQueryLookupStrategy.resolveQuery(JpaQueryLookupStrategy.java:180) ~[spring-data-jpa-3.3.4.jar:3.3.4]
	at org.springframework.data.jpa.repository.query.JpaQueryLookupStrategy$CreateIfNotFoundQueryLookupStrategy.resolveQuery(JpaQueryLookupStrategy.java:252) ~[spring-data-jpa-3.3.4.jar:3.3.4]
	at org.springframework.data.jpa.repository.query.JpaQueryLookupStrategy$AbstractQueryLookupStrategy.resolveQuery(JpaQueryLookupStrategy.java:95) ~[spring-data-jpa-3.3.4.jar:3.3.4]
	at org.springframework.data.repository.core.support.QueryExecutorMethodInterceptor.lookupQuery(QueryExecutorMethodInterceptor.java:115) ~[spring-data-commons-3.3.4.jar:3.3.4]
	at org.springframework.data.repository.core.support.QueryExecutorMethodInterceptor.mapMethodsToQuery(QueryExecutorMethodInterceptor.java:103) ~[spring-data-commons-3.3.4.jar:3.3.4]
	at org.springframework.data.repository.core.support.QueryExecutorMethodInterceptor.lambda$new$0(QueryExecutorMethodInterceptor.java:92) ~[spring-data-commons-3.3.4.jar:3.3.4]
	at java.base/java.util.Optional.map(Optional.java:260) ~[na:na]
	at org.springframework.data.repository.core.support.QueryExecutorMethodInterceptor.<init>(QueryExecutorMethodInterceptor.java:92) ~[spring-data-commons-3.3.4.jar:3.3.4]
	at org.springframework.data.repository.core.support.RepositoryFactorySupport.getRepository(RepositoryFactorySupport.java:357) ~[spring-data-commons-3.3.4.jar:3.3.4]
	at org.springframework.data.repository.core.support.RepositoryFactoryBeanSupport.lambda$afterPropertiesSet$5(RepositoryFactoryBeanSupport.java:286) ~[spring-data-commons-3.3.4.jar:3.3.4]
	at org.springframework.data.util.Lazy.getNullable(Lazy.java:135) ~[spring-data-commons-3.3.4.jar:3.3.4]
	at org.springframework.data.util.Lazy.get(Lazy.java:113) ~[spring-data-commons-3.3.4.jar:3.3.4]
	at org.springframework.data.repository.core.support.RepositoryFactoryBeanSupport.afterPropertiesSet(RepositoryFactoryBeanSupport.java:292) ~[spring-data-commons-3.3.4.jar:3.3.4]
	at org.springframework.data.jpa.repository.support.JpaRepositoryFactoryBean.afterPropertiesSet(JpaRepositoryFactoryBean.java:132) ~[spring-data-jpa-3.3.4.jar:3.3.4]
	at org.springframework.beans.factory.support.AbstractAutowireCapableBeanFactory.invokeInitMethods(AbstractAutowireCapableBeanFactory.java:1853) ~[spring-beans-6.1.13.jar:6.1.13]
	at org.springframework.beans.factory.support.AbstractAutowireCapableBeanFactory.initializeBean(AbstractAutowireCapableBeanFactory.java:1802) ~[spring-beans-6.1.13.jar:6.1.13]
	at org.springframework.beans.factory.support.AbstractAutowireCapableBeanFactory.doCreateBean(AbstractAutowireCapableBeanFactory.java:600) ~[spring-beans-6.1.13.jar:6.1.13]
	at org.springframework.beans.factory.support.AbstractAutowireCapableBeanFactory.createBean(AbstractAutowireCapableBeanFactory.java:522) ~[spring-beans-6.1.13.jar:6.1.13]
	at org.springframework.beans.factory.support.AbstractBeanFactory.lambda$doGetBean$0(AbstractBeanFactory.java:337) ~[spring-beans-6.1.13.jar:6.1.13]
	at org.springframework.beans.factory.support.DefaultSingletonBeanRegistry.getSingleton(DefaultSingletonBeanRegistry.java:234) ~[spring-beans-6.1.13.jar:6.1.13]
	at org.springframework.beans.factory.support.AbstractBeanFactory.doGetBean(AbstractBeanFactory.java:335) ~[spring-beans-6.1.13.jar:6.1.13]
	at org.springframework.beans.factory.support.AbstractBeanFactory.getBean(AbstractBeanFactory.java:200) ~[spring-beans-6.1.13.jar:6.1.13]
	at org.springframework.beans.factory.config.DependencyDescriptor.resolveCandidate(DependencyDescriptor.java:254) ~[spring-beans-6.1.13.jar:6.1.13]
	at org.springframework.beans.factory.support.DefaultListableBeanFactory.doResolveDependency(DefaultListableBeanFactory.java:1443) ~[spring-beans-6.1.13.jar:6.1.13]
	at org.springframework.beans.factory.support.DefaultListableBeanFactory.resolveDependency(DefaultListableBeanFactory.java:1353) ~[spring-beans-6.1.13.jar:6.1.13]
	at org.springframework.beans.factory.support.ConstructorResolver.resolveAutowiredArgument(ConstructorResolver.java:904) ~[spring-beans-6.1.13.jar:6.1.13]
	at org.springframework.beans.factory.support.ConstructorResolver.createArgumentArray(ConstructorResolver.java:782) ~[spring-beans-6.1.13.jar:6.1.13]
	at org.springframework.beans.factory.support.ConstructorResolver.autowireConstructor(ConstructorResolver.java:237) ~[spring-beans-6.1.13.jar:6.1.13]
	at org.springframework.beans.factory.support.AbstractAutowireCapableBeanFactory.autowireConstructor(AbstractAutowireCapableBeanFactory.java:1375) ~[spring-beans-6.1.13.jar:6.1.13]
	at org.springframework.beans.factory.support.AbstractAutowireCapableBeanFactory.createBeanInstance(AbstractAutowireCapableBeanFactory.java:1212) ~[spring-beans-6.1.13.jar:6.1.13]
	at org.springframework.beans.factory.support.AbstractAutowireCapableBeanFactory.doCreateBean(AbstractAutowireCapableBeanFactory.java:562) ~[spring-beans-6.1.13.jar:6.1.13]
	at org.springframework.beans.factory.support.AbstractAutowireCapableBeanFactory.createBean(AbstractAutowireCapableBeanFactory.java:522) ~[spring-beans-6.1.13.jar:6.1.13]
	at org.springframework.beans.factory.support.AbstractBeanFactory.lambda$doGetBean$0(AbstractBeanFactory.java:337) ~[spring-beans-6.1.13.jar:6.1.13]
	at org.springframework.beans.factory.support.DefaultSingletonBeanRegistry.getSingleton(DefaultSingletonBeanRegistry.java:234) ~[spring-beans-6.1.13.jar:6.1.13]
	at org.springframework.beans.factory.support.AbstractBeanFactory.doGetBean(AbstractBeanFactory.java:335) ~[spring-beans-6.1.13.jar:6.1.13]
	at org.springframework.beans.factory.support.AbstractBeanFactory.getBean(AbstractBeanFactory.java:200) ~[spring-beans-6.1.13.jar:6.1.13]
	at org.springframework.beans.factory.support.DefaultListableBeanFactory.preInstantiateSingletons(DefaultListableBeanFactory.java:975) ~[spring-beans-6.1.13.jar:6.1.13]
	at org.springframework.context.support.AbstractApplicationContext.finishBeanFactoryInitialization(AbstractApplicationContext.java:971) ~[spring-context-6.1.13.jar:6.1.13]
	at org.springframework.context.support.AbstractApplicationContext.refresh(AbstractApplicationContext.java:625) ~[spring-context-6.1.13.jar:6.1.13]
	at org.springframework.boot.web.servlet.context.ServletWebServerApplicationContext.refresh(ServletWebServerApplicationContext.java:146) ~[spring-boot-3.3.4.jar:3.3.4]
	at org.springframework.boot.SpringApplication.refresh(SpringApplication.java:754) ~[spring-boot-3.3.4.jar:3.3.4]
	at org.springframework.boot.SpringApplication.refreshContext(SpringApplication.java:456) ~[spring-boot-3.3.4.jar:3.3.4]
	at org.springframework.boot.SpringApplication.run(SpringApplication.java:335) ~[spring-boot-3.3.4.jar:3.3.4]
	at org.springframework.boot.SpringApplication.run(SpringApplication.java:1363) ~[spring-boot-3.3.4.jar:3.3.4]
	at org.springframework.boot.SpringApplication.run(SpringApplication.java:1352) ~[spring-boot-3.3.4.jar:3.3.4]
	at com.example.kibana_deploy_template.KibanaDeployTemplateApplication.main(KibanaDeployTemplateApplication.java:10) ~[classes/:na]

2024-10-18T18:59:07.238+03:00 DEBUG [,,] 14780 --- [main] [                                                 ] o.s.d.jpa.repository.query.NamedQuery    : Did not find named query User.findAllByGender
2024-10-18T18:59:07.239+03:00 DEBUG [,,] 14780 --- [main] [                                                 ] tor$SharedEntityManagerInvocationHandler : Creating new EntityManager for shared EntityManager invocation
2024-10-18T18:59:07.241+03:00 DEBUG [,,] 14780 --- [main] [                                                 ] o.s.d.r.c.s.RepositoryFactorySupport     : Finished creation of repository instance for com.example.kibana_deploy_template.user.repository.UserRepo.
2024-10-18T18:59:07.247+03:00 DEBUG [,,] 14780 --- [main] [                                                 ] o.s.b.f.s.DefaultListableBeanFactory     : Autowiring by type from bean name 'userCommandServiceImpl' via constructor to bean named 'userRepo'
2024-10-18T18:59:07.261+03:00 DEBUG [,,] 14780 --- [main] [                                                 ] o.s.b.f.s.DefaultListableBeanFactory     : Creating shared instance of singleton bean 'userQueryServiceImpl'
2024-10-18T18:59:07.262+03:00 DEBUG [,,] 14780 --- [main] [                                                 ] o.s.b.f.s.DefaultListableBeanFactory     : Autowiring by type from bean name 'userQueryServiceImpl' via constructor to bean named 'userRepo'
2024-10-18T18:59:07.263+03:00 DEBUG [,,] 14780 --- [main] [                                                 ] o.s.b.f.s.DefaultListableBeanFactory     : Creating shared instance of singleton bean 'userControllerService'
2024-10-18T18:59:07.266+03:00 DEBUG [,,] 14780 --- [main] [                                                 ] o.s.b.f.s.DefaultListableBeanFactory     : Autowiring by type from bean name 'userControllerService' via constructor to bean named 'userCommandServiceImpl'
2024-10-18T18:59:07.266+03:00 DEBUG [,,] 14780 --- [main] [                                                 ] o.s.b.f.s.DefaultListableBeanFactory     : Autowiring by type from bean name 'userControllerService' via constructor to bean named 'userQueryServiceImpl'
2024-10-18T18:59:07.267+03:00 DEBUG [,,] 14780 --- [main] [                                                 ] o.s.b.f.s.DefaultListableBeanFactory     : Creating shared instance of singleton bean 'org.springframework.boot.autoconfigure.context.PropertyPlaceholderAutoConfiguration'
2024-10-18T18:59:07.268+03:00 DEBUG [,,] 14780 --- [main] [                                                 ] o.s.b.f.s.DefaultListableBeanFactory     : Creating shared instance of singleton bean 'org.springframework.boot.context.properties.EnableConfigurationPropertiesRegistrar.methodValidationExcludeFilter'
2024-10-18T18:59:07.269+03:00 DEBUG [,,] 14780 --- [main] [                                                 ] o.s.b.f.s.DefaultListableBeanFactory     : Creating shared instance of singleton bean 'org.springframework.boot.autoconfigure.websocket.servlet.WebSocketServletAutoConfiguration'
2024-10-18T18:59:07.270+03:00 DEBUG [,,] 14780 --- [main] [                                                 ] o.s.b.f.s.DefaultListableBeanFactory     : Creating shared instance of singleton bean 'org.springframework.boot.autoconfigure.web.servlet.DispatcherServletAutoConfiguration'
2024-10-18T18:59:07.270+03:00 DEBUG [,,] 14780 --- [main] [                                                 ] o.s.b.f.s.DefaultListableBeanFactory     : Creating shared instance of singleton bean 'org.springframework.boot.autoconfigure.task.TaskExecutorConfigurations$ThreadPoolTaskExecutorBuilderConfiguration'
2024-10-18T18:59:07.271+03:00 DEBUG [,,] 14780 --- [main] [                                                 ] o.s.b.f.s.DefaultListableBeanFactory     : Creating shared instance of singleton bean 'threadPoolTaskExecutorBuilder'
2024-10-18T18:59:07.271+03:00 DEBUG [,,] 14780 --- [main] [                                                 ] o.s.b.f.s.DefaultListableBeanFactory     : Creating shared instance of singleton bean 'spring.task.execution-org.springframework.boot.autoconfigure.task.TaskExecutionProperties'
2024-10-18T18:59:07.273+03:00 DEBUG [,,] 14780 --- [main] [                                                 ] o.s.b.f.s.DefaultListableBeanFactory     : Autowiring by type from bean name 'threadPoolTaskExecutorBuilder' via factory method to bean named 'spring.task.execution-org.springframework.boot.autoconfigure.task.TaskExecutionProperties'
2024-10-18T18:59:07.276+03:00 DEBUG [,,] 14780 --- [main] [                                                 ] o.s.b.f.s.DefaultListableBeanFactory     : Creating shared instance of singleton bean 'org.springframework.boot.autoconfigure.task.TaskExecutorConfigurations$TaskExecutorBuilderConfiguration'
2024-10-18T18:59:07.276+03:00 DEBUG [,,] 14780 --- [main] [                                                 ] o.s.b.f.s.DefaultListableBeanFactory     : Creating shared instance of singleton bean 'taskExecutorBuilder'
2024-10-18T18:59:07.276+03:00 DEBUG [,,] 14780 --- [main] [                                                 ] o.s.b.f.s.DefaultListableBeanFactory     : Autowiring by type from bean name 'taskExecutorBuilder' via factory method to bean named 'spring.task.execution-org.springframework.boot.autoconfigure.task.TaskExecutionProperties'
2024-10-18T18:59:07.278+03:00 DEBUG [,,] 14780 --- [main] [                                                 ] o.s.b.f.s.DefaultListableBeanFactory     : Creating shared instance of singleton bean 'org.springframework.boot.autoconfigure.task.TaskExecutorConfigurations$SimpleAsyncTaskExecutorBuilderConfiguration'
2024-10-18T18:59:07.278+03:00 DEBUG [,,] 14780 --- [main] [                                                 ] o.s.b.f.s.DefaultListableBeanFactory     : Autowiring by type from bean name 'org.springframework.boot.autoconfigure.task.TaskExecutorConfigurations$SimpleAsyncTaskExecutorBuilderConfiguration' via constructor to bean named 'spring.task.execution-org.springframework.boot.autoconfigure.task.TaskExecutionProperties'
2024-10-18T18:59:07.279+03:00 DEBUG [,,] 14780 --- [main] [                                                 ] o.s.b.f.s.DefaultListableBeanFactory     : Creating shared instance of singleton bean 'simpleAsyncTaskExecutorBuilder'
2024-10-18T18:59:07.280+03:00 DEBUG [,,] 14780 --- [main] [                                                 ] o.s.b.f.s.DefaultListableBeanFactory     : Creating shared instance of singleton bean 'org.springframework.boot.autoconfigure.task.TaskExecutorConfigurations$TaskExecutorConfiguration'
2024-10-18T18:59:07.281+03:00 DEBUG [,,] 14780 --- [main] [                                                 ] o.s.b.f.s.DefaultListableBeanFactory     : Creating shared instance of singleton bean 'org.springframework.boot.autoconfigure.task.TaskExecutionAutoConfiguration'
2024-10-18T18:59:07.281+03:00 DEBUG [,,] 14780 --- [main] [                                                 ] o.s.b.f.s.DefaultListableBeanFactory     : Creating shared instance of singleton bean 'org.springframework.boot.autoconfigure.web.servlet.error.ErrorMvcAutoConfiguration$WhitelabelErrorViewConfiguration'
2024-10-18T18:59:07.282+03:00 DEBUG [,,] 14780 --- [main] [                                                 ] o.s.b.f.s.DefaultListableBeanFactory     : Creating shared instance of singleton bean 'error'
2024-10-18T18:59:07.283+03:00 DEBUG [,,] 14780 --- [main] [                                                 ] o.s.b.f.s.DefaultListableBeanFactory     : Creating shared instance of singleton bean 'beanNameViewResolver'
2024-10-18T18:59:07.284+03:00 DEBUG [,,] 14780 --- [main] [                                                 ] o.s.b.f.s.DefaultListableBeanFactory     : Creating shared instance of singleton bean 'org.springframework.boot.autoconfigure.web.servlet.error.ErrorMvcAutoConfiguration$DefaultErrorViewResolverConfiguration'
2024-10-18T18:59:07.285+03:00 DEBUG [,,] 14780 --- [main] [                                                 ] o.s.b.f.s.DefaultListableBeanFactory     : Creating shared instance of singleton bean 'spring.web-org.springframework.boot.autoconfigure.web.WebProperties'
2024-10-18T18:59:07.287+03:00 DEBUG [,,] 14780 --- [main] [                                                 ] o.s.b.f.s.DefaultListableBeanFactory     : Autowiring by type from bean name 'org.springframework.boot.autoconfigure.web.servlet.error.ErrorMvcAutoConfiguration$DefaultErrorViewResolverConfiguration' via constructor to bean named 'org.springframework.boot.web.servlet.context.AnnotationConfigServletWebServerApplicationContext@3a3e4aff'
2024-10-18T18:59:07.287+03:00 DEBUG [,,] 14780 --- [main] [                                                 ] o.s.b.f.s.DefaultListableBeanFactory     : Autowiring by type from bean name 'org.springframework.boot.autoconfigure.web.servlet.error.ErrorMvcAutoConfiguration$DefaultErrorViewResolverConfiguration' via constructor to bean named 'spring.web-org.springframework.boot.autoconfigure.web.WebProperties'
2024-10-18T18:59:07.287+03:00 DEBUG [,,] 14780 --- [main] [                                                 ] o.s.b.f.s.DefaultListableBeanFactory     : Creating shared instance of singleton bean 'conventionErrorViewResolver'
2024-10-18T18:59:07.288+03:00 DEBUG [,,] 14780 --- [main] [                                                 ] o.s.b.f.s.DefaultListableBeanFactory     : Creating shared instance of singleton bean 'errorAttributes'
2024-10-18T18:59:07.290+03:00 DEBUG [,,] 14780 --- [main] [                                                 ] o.s.b.f.s.DefaultListableBeanFactory     : Creating shared instance of singleton bean 'basicErrorController'
2024-10-18T18:59:07.290+03:00 DEBUG [,,] 14780 --- [main] [                                                 ] o.s.b.f.s.DefaultListableBeanFactory     : Autowiring by type from bean name 'basicErrorController' via factory method to bean named 'errorAttributes'
2024-10-18T18:59:07.292+03:00 DEBUG [,,] 14780 --- [main] [                                                 ] o.s.b.f.s.DefaultListableBeanFactory     : Creating shared instance of singleton bean 'org.springframework.boot.autoconfigure.web.servlet.WebMvcAutoConfiguration$EnableWebMvcConfiguration'
2024-10-18T18:59:07.294+03:00 DEBUG [,,] 14780 --- [main] [                                                 ] o.s.b.f.s.DefaultListableBeanFactory     : Autowiring by type from bean name 'org.springframework.boot.autoconfigure.web.servlet.WebMvcAutoConfiguration$EnableWebMvcConfiguration' via constructor to bean named 'spring.mvc-org.springframework.boot.autoconfigure.web.servlet.WebMvcProperties'
2024-10-18T18:59:07.294+03:00 DEBUG [,,] 14780 --- [main] [                                                 ] o.s.b.f.s.DefaultListableBeanFactory     : Autowiring by type from bean name 'org.springframework.boot.autoconfigure.web.servlet.WebMvcAutoConfiguration$EnableWebMvcConfiguration' via constructor to bean named 'spring.web-org.springframework.boot.autoconfigure.web.WebProperties'
2024-10-18T18:59:07.294+03:00 DEBUG [,,] 14780 --- [main] [                                                 ] o.s.b.f.s.DefaultListableBeanFactory     : Autowiring by type from bean name 'org.springframework.boot.autoconfigure.web.servlet.WebMvcAutoConfiguration$EnableWebMvcConfiguration' via constructor to bean named 'org.springframework.beans.factory.support.DefaultListableBeanFactory@49f5c307'
2024-10-18T18:59:07.295+03:00 DEBUG [,,] 14780 --- [main] [                                                 ] o.s.b.f.s.DefaultListableBeanFactory     : Creating shared instance of singleton bean 'org.springframework.boot.autoconfigure.web.servlet.WebMvcAutoConfiguration$WebMvcAutoConfigurationAdapter'
2024-10-18T18:59:07.296+03:00 DEBUG [,,] 14780 --- [main] [                                                 ] o.s.b.f.s.DefaultListableBeanFactory     : Autowiring by type from bean name 'org.springframework.boot.autoconfigure.web.servlet.WebMvcAutoConfiguration$WebMvcAutoConfigurationAdapter' via constructor to bean named 'spring.web-org.springframework.boot.autoconfigure.web.WebProperties'
2024-10-18T18:59:07.296+03:00 DEBUG [,,] 14780 --- [main] [                                                 ] o.s.b.f.s.DefaultListableBeanFactory     : Autowiring by type from bean name 'org.springframework.boot.autoconfigure.web.servlet.WebMvcAutoConfiguration$WebMvcAutoConfigurationAdapter' via constructor to bean named 'spring.mvc-org.springframework.boot.autoconfigure.web.servlet.WebMvcProperties'
2024-10-18T18:59:07.296+03:00 DEBUG [,,] 14780 --- [main] [                                                 ] o.s.b.f.s.DefaultListableBeanFactory     : Autowiring by type from bean name 'org.springframework.boot.autoconfigure.web.servlet.WebMvcAutoConfiguration$WebMvcAutoConfigurationAdapter' via constructor to bean named 'org.springframework.beans.factory.support.DefaultListableBeanFactory@49f5c307'
2024-10-18T18:59:07.298+03:00 DEBUG [,,] 14780 --- [main] [                                                 ] o.s.b.f.s.DefaultListableBeanFactory     : Creating shared instance of singleton bean 'swaggerWebMvcConfigurer'
2024-10-18T18:59:07.298+03:00 DEBUG [,,] 14780 --- [main] [                                                 ] o.s.b.f.s.DefaultListableBeanFactory     : Creating shared instance of singleton bean 'org.springdoc.webmvc.ui.SwaggerConfig'
2024-10-18T18:59:07.299+03:00 DEBUG [,,] 14780 --- [main] [                                                 ] o.s.b.f.s.DefaultListableBeanFactory     : Creating shared instance of singleton bean 'org.springdoc.core.properties.SwaggerUiConfigParameters'
2024-10-18T18:59:07.300+03:00 DEBUG [,,] 14780 --- [main] [                                                 ] o.s.b.f.s.DefaultListableBeanFactory     : Creating shared instance of singleton bean 'org.springdoc.core.properties.SwaggerUiConfigProperties'
2024-10-18T18:59:07.305+03:00 DEBUG [,,] 14780 --- [main] [                                                 ] o.s.b.f.s.DefaultListableBeanFactory     : Autowiring by type from bean name 'org.springdoc.core.properties.SwaggerUiConfigParameters' via constructor to bean named 'org.springdoc.core.properties.SwaggerUiConfigProperties'
2024-10-18T18:59:07.309+03:00 DEBUG [,,] 14780 --- [main] [                                                 ] o.s.b.f.s.DefaultListableBeanFactory     : Creating shared instance of singleton bean 'indexPageTransformer'
2024-10-18T18:59:07.309+03:00 DEBUG [,,] 14780 --- [main] [                                                 ] o.s.b.f.s.DefaultListableBeanFactory     : Creating shared instance of singleton bean 'org.springdoc.core.properties.SwaggerUiOAuthProperties'
2024-10-18T18:59:07.312+03:00 DEBUG [,,] 14780 --- [main] [                                                 ] o.s.b.f.s.DefaultListableBeanFactory     : Creating shared instance of singleton bean 'swaggerWelcome'
2024-10-18T18:59:07.313+03:00 DEBUG [,,] 14780 --- [main] [                                                 ] o.s.b.f.s.DefaultListableBeanFactory     : Creating shared instance of singleton bean 'org.springdoc.core.properties.SpringDocConfigProperties'
2024-10-18T18:59:07.319+03:00 DEBUG [,,] 14780 --- [main] [                                                 ] o.s.b.f.s.DefaultListableBeanFactory     : Creating shared instance of singleton bean 'springWebProvider'
2024-10-18T18:59:07.319+03:00 DEBUG [,,] 14780 --- [main] [                                                 ] o.s.b.f.s.DefaultListableBeanFactory     : Creating shared instance of singleton bean 'org.springdoc.webmvc.core.configuration.SpringDocWebMvcConfiguration'
2024-10-18T18:59:07.324+03:00 DEBUG [,,] 14780 --- [main] [                                                 ] o.s.b.f.s.DefaultListableBeanFactory     : Autowiring by type from bean name 'swaggerWelcome' via factory method to bean named 'org.springdoc.core.properties.SwaggerUiConfigProperties'
2024-10-18T18:59:07.324+03:00 DEBUG [,,] 14780 --- [main] [                                                 ] o.s.b.f.s.DefaultListableBeanFactory     : Autowiring by type from bean name 'swaggerWelcome' via factory method to bean named 'org.springdoc.core.properties.SpringDocConfigProperties'
2024-10-18T18:59:07.324+03:00 DEBUG [,,] 14780 --- [main] [                                                 ] o.s.b.f.s.DefaultListableBeanFactory     : Autowiring by type from bean name 'swaggerWelcome' via factory method to bean named 'org.springdoc.core.properties.SwaggerUiConfigParameters'
2024-10-18T18:59:07.324+03:00 DEBUG [,,] 14780 --- [main] [                                                 ] o.s.b.f.s.DefaultListableBeanFactory     : Autowiring by type from bean name 'swaggerWelcome' via factory method to bean named 'springWebProvider'
2024-10-18T18:59:07.337+03:00 DEBUG [,,] 14780 --- [main] [                                                 ] o.s.b.f.s.DefaultListableBeanFactory     : Creating shared instance of singleton bean 'springdocObjectMapperProvider'
2024-10-18T18:59:07.337+03:00 DEBUG [,,] 14780 --- [main] [                                                 ] o.s.b.f.s.DefaultListableBeanFactory     : Creating shared instance of singleton bean 'org.springdoc.core.configuration.SpringDocConfiguration'
2024-10-18T18:59:07.340+03:00 DEBUG [,,] 14780 --- [main] [                                                 ] o.s.b.f.s.DefaultListableBeanFactory     : Autowiring by type from bean name 'springdocObjectMapperProvider' via factory method to bean named 'org.springdoc.core.properties.SpringDocConfigProperties'
2024-10-18T18:59:07.354+03:00 DEBUG [,,] 14780 --- [main] [                                                 ] o.s.b.f.s.DefaultListableBeanFactory     : Autowiring by type from bean name 'indexPageTransformer' via factory method to bean named 'org.springdoc.core.properties.SwaggerUiConfigProperties'
2024-10-18T18:59:07.354+03:00 DEBUG [,,] 14780 --- [main] [                                                 ] o.s.b.f.s.DefaultListableBeanFactory     : Autowiring by type from bean name 'indexPageTransformer' via factory method to bean named 'org.springdoc.core.properties.SwaggerUiOAuthProperties'
2024-10-18T18:59:07.354+03:00 DEBUG [,,] 14780 --- [main] [                                                 ] o.s.b.f.s.DefaultListableBeanFactory     : Autowiring by type from bean name 'indexPageTransformer' via factory method to bean named 'org.springdoc.core.properties.SwaggerUiConfigParameters'
2024-10-18T18:59:07.354+03:00 DEBUG [,,] 14780 --- [main] [                                                 ] o.s.b.f.s.DefaultListableBeanFactory     : Autowiring by type from bean name 'indexPageTransformer' via factory method to bean named 'swaggerWelcome'
2024-10-18T18:59:07.354+03:00 DEBUG [,,] 14780 --- [main] [                                                 ] o.s.b.f.s.DefaultListableBeanFactory     : Autowiring by type from bean name 'indexPageTransformer' via factory method to bean named 'springdocObjectMapperProvider'
2024-10-18T18:59:07.357+03:00 DEBUG [,,] 14780 --- [main] [                                                 ] o.s.b.f.s.DefaultListableBeanFactory     : Creating shared instance of singleton bean 'swaggerResourceResolver'
2024-10-18T18:59:07.357+03:00 DEBUG [,,] 14780 --- [main] [                                                 ] o.s.b.f.s.DefaultListableBeanFactory     : Autowiring by type from bean name 'swaggerResourceResolver' via factory method to bean named 'org.springdoc.core.properties.SwaggerUiConfigProperties'
2024-10-18T18:59:07.359+03:00 DEBUG [,,] 14780 --- [main] [                                                 ] o.s.b.f.s.DefaultListableBeanFactory     : Autowiring by type from bean name 'swaggerWebMvcConfigurer' via factory method to bean named 'org.springdoc.core.properties.SwaggerUiConfigParameters'
2024-10-18T18:59:07.359+03:00 DEBUG [,,] 14780 --- [main] [                                                 ] o.s.b.f.s.DefaultListableBeanFactory     : Autowiring by type from bean name 'swaggerWebMvcConfigurer' via factory method to bean named 'indexPageTransformer'
2024-10-18T18:59:07.359+03:00 DEBUG [,,] 14780 --- [main] [                                                 ] o.s.b.f.s.DefaultListableBeanFactory     : Autowiring by type from bean name 'swaggerWebMvcConfigurer' via factory method to bean named 'swaggerResourceResolver'
2024-10-18T18:59:07.360+03:00 DEBUG [,,] 14780 --- [main] [                                                 ] o.s.b.f.s.DefaultListableBeanFactory     : Creating shared instance of singleton bean 'openEntityManagerInViewInterceptorConfigurer'
2024-10-18T18:59:07.360+03:00 DEBUG [,,] 14780 --- [main] [                                                 ] o.s.b.f.s.DefaultListableBeanFactory     : Creating shared instance of singleton bean 'org.springframework.boot.autoconfigure.orm.jpa.JpaBaseConfiguration$JpaWebConfiguration'
2024-10-18T18:59:07.360+03:00 DEBUG [,,] 14780 --- [main] [                                                 ] o.s.b.f.s.DefaultListableBeanFactory     : Autowiring by type from bean name 'org.springframework.boot.autoconfigure.orm.jpa.JpaBaseConfiguration$JpaWebConfiguration' via constructor to bean named 'spring.jpa-org.springframework.boot.autoconfigure.orm.jpa.JpaProperties'
2024-10-18T18:59:07.361+03:00 DEBUG [,,] 14780 --- [main] [                                                 ] o.s.b.f.s.DefaultListableBeanFactory     : Creating shared instance of singleton bean 'openEntityManagerInViewInterceptor'
2024-10-18T18:59:07.361+03:00  WARN [,,] 14780 --- [main] [                                                 ] JpaBaseConfiguration$JpaWebConfiguration : spring.jpa.open-in-view is enabled by default. Therefore, database queries may be performed during view rendering. Explicitly configure spring.jpa.open-in-view to disable this warning
2024-10-18T18:59:07.363+03:00 DEBUG [,,] 14780 --- [main] [                                                 ] o.s.b.f.s.DefaultListableBeanFactory     : Autowiring by type from bean name 'openEntityManagerInViewInterceptorConfigurer' via factory method to bean named 'openEntityManagerInViewInterceptor'
2024-10-18T18:59:07.363+03:00 DEBUG [,,] 14780 --- [main] [                                                 ] o.s.b.f.s.DefaultListableBeanFactory     : Creating shared instance of singleton bean 'org.springframework.data.web.config.SpringDataWebConfiguration'
2024-10-18T18:59:07.364+03:00 DEBUG [,,] 14780 --- [main] [                                                 ] o.s.b.f.s.DefaultListableBeanFactory     : Autowiring by type from bean name 'org.springframework.data.web.config.SpringDataWebConfiguration' via constructor to bean named 'org.springframework.boot.web.servlet.context.AnnotationConfigServletWebServerApplicationContext@3a3e4aff'
2024-10-18T18:59:07.366+03:00 DEBUG [,,] 14780 --- [main] [                                                 ] o.s.b.f.s.DefaultListableBeanFactory     : Creating shared instance of singleton bean 'endpointObjectMapperWebMvcConfigurer'
2024-10-18T18:59:07.366+03:00 DEBUG [,,] 14780 --- [main] [                                                 ] o.s.b.f.s.DefaultListableBeanFactory     : Creating shared instance of singleton bean 'endpointObjectMapper'
2024-10-18T18:59:07.366+03:00 DEBUG [,,] 14780 --- [main] [                                                 ] o.s.b.f.s.DefaultListableBeanFactory     : Creating shared instance of singleton bean 'org.springframework.boot.actuate.autoconfigure.endpoint.jackson.JacksonEndpointAutoConfiguration'
2024-10-18T18:59:07.368+03:00 DEBUG [,,] 14780 --- [main] [                                                 ] o.s.b.f.s.DefaultListableBeanFactory     : Autowiring by type from bean name 'endpointObjectMapperWebMvcConfigurer' via factory method to bean named 'endpointObjectMapper'
2024-10-18T18:59:07.371+03:00 DEBUG [,,] 14780 --- [main] [                                                 ] o.s.b.f.s.DefaultListableBeanFactory     : Creating shared instance of singleton bean 'welcomePageHandlerMapping'
2024-10-18T18:59:07.372+03:00 DEBUG [,,] 14780 --- [main] [                                                 ] o.s.b.f.s.DefaultListableBeanFactory     : Creating shared instance of singleton bean 'mvcConversionService'
2024-10-18T18:59:07.378+03:00 DEBUG [,,] 14780 --- [main] [                                                 ] o.s.b.f.s.DefaultListableBeanFactory     : Creating shared instance of singleton bean 'mvcResourceUrlProvider'
2024-10-18T18:59:07.379+03:00 DEBUG [,,] 14780 --- [main] [                                                 ] o.s.b.f.s.DefaultListableBeanFactory     : Autowiring by type from bean name 'welcomePageHandlerMapping' via factory method to bean named 'org.springframework.boot.web.servlet.context.AnnotationConfigServletWebServerApplicationContext@3a3e4aff'
2024-10-18T18:59:07.379+03:00 DEBUG [,,] 14780 --- [main] [                                                 ] o.s.b.f.s.DefaultListableBeanFactory     : Autowiring by type from bean name 'welcomePageHandlerMapping' via factory method to bean named 'mvcConversionService'
2024-10-18T18:59:07.380+03:00 DEBUG [,,] 14780 --- [main] [                                                 ] o.s.b.f.s.DefaultListableBeanFactory     : Autowiring by type from bean name 'welcomePageHandlerMapping' via factory method to bean named 'mvcResourceUrlProvider'
2024-10-18T18:59:07.388+03:00 DEBUG [,,] 14780 --- [main] [                                                 ] o.s.b.f.s.DefaultListableBeanFactory     : Creating shared instance of singleton bean 'welcomePageNotAcceptableHandlerMapping'
2024-10-18T18:59:07.388+03:00 DEBUG [,,] 14780 --- [main] [                                                 ] o.s.b.f.s.DefaultListableBeanFactory     : Autowiring by type from bean name 'welcomePageNotAcceptableHandlerMapping' via factory method to bean named 'org.springframework.boot.web.servlet.context.AnnotationConfigServletWebServerApplicationContext@3a3e4aff'
2024-10-18T18:59:07.388+03:00 DEBUG [,,] 14780 --- [main] [                                                 ] o.s.b.f.s.DefaultListableBeanFactory     : Autowiring by type from bean name 'welcomePageNotAcceptableHandlerMapping' via factory method to bean named 'mvcConversionService'
2024-10-18T18:59:07.388+03:00 DEBUG [,,] 14780 --- [main] [                                                 ] o.s.b.f.s.DefaultListableBeanFactory     : Autowiring by type from bean name 'welcomePageNotAcceptableHandlerMapping' via factory method to bean named 'mvcResourceUrlProvider'
2024-10-18T18:59:07.390+03:00 DEBUG [,,] 14780 --- [main] [                                                 ] o.s.b.f.s.DefaultListableBeanFactory     : Creating shared instance of singleton bean 'localeResolver'
2024-10-18T18:59:07.391+03:00 DEBUG [,,] 14780 --- [main] [                                                 ] o.s.b.f.s.DefaultListableBeanFactory     : Creating shared instance of singleton bean 'themeResolver'
2024-10-18T18:59:07.392+03:00 DEBUG [,,] 14780 --- [main] [                                                 ] o.s.b.f.s.DefaultListableBeanFactory     : Creating shared instance of singleton bean 'flashMapManager'
2024-10-18T18:59:07.394+03:00 DEBUG [,,] 14780 --- [main] [                                                 ] o.s.b.f.s.DefaultListableBeanFactory     : Creating shared instance of singleton bean 'mvcValidator'
2024-10-18T18:59:07.398+03:00 DEBUG [,,] 14780 --- [main] [                                                 ] o.s.v.b.OptionalValidatorFactoryBean     : Failed to set up a Bean Validation provider

jakarta.validation.NoProviderFoundException: Unable to create a Configuration, because no Jakarta Bean Validation provider could be found. Add a provider like Hibernate Validator (RI) to your classpath.
	at jakarta.validation.Validation$GenericBootstrapImpl.configure(Validation.java:291) ~[jakarta.validation-api-3.0.2.jar:na]
	at org.springframework.validation.beanvalidation.LocalValidatorFactoryBean.afterPropertiesSet(LocalValidatorFactoryBean.java:270) ~[spring-context-6.1.13.jar:6.1.13]
	at org.springframework.validation.beanvalidation.OptionalValidatorFactoryBean.afterPropertiesSet(OptionalValidatorFactoryBean.java:39) ~[spring-context-6.1.13.jar:6.1.13]
	at org.springframework.boot.autoconfigure.validation.ValidatorAdapter.afterPropertiesSet(ValidatorAdapter.java:85) ~[spring-boot-autoconfigure-3.3.4.jar:3.3.4]
	at org.springframework.beans.factory.support.AbstractAutowireCapableBeanFactory.invokeInitMethods(AbstractAutowireCapableBeanFactory.java:1853) ~[spring-beans-6.1.13.jar:6.1.13]
	at org.springframework.beans.factory.support.AbstractAutowireCapableBeanFactory.initializeBean(AbstractAutowireCapableBeanFactory.java:1802) ~[spring-beans-6.1.13.jar:6.1.13]
	at org.springframework.beans.factory.support.AbstractAutowireCapableBeanFactory.doCreateBean(AbstractAutowireCapableBeanFactory.java:600) ~[spring-beans-6.1.13.jar:6.1.13]
	at org.springframework.beans.factory.support.AbstractAutowireCapableBeanFactory.createBean(AbstractAutowireCapableBeanFactory.java:522) ~[spring-beans-6.1.13.jar:6.1.13]
	at org.springframework.beans.factory.support.AbstractBeanFactory.lambda$doGetBean$0(AbstractBeanFactory.java:337) ~[spring-beans-6.1.13.jar:6.1.13]
	at org.springframework.beans.factory.support.DefaultSingletonBeanRegistry.getSingleton(DefaultSingletonBeanRegistry.java:234) ~[spring-beans-6.1.13.jar:6.1.13]
	at org.springframework.beans.factory.support.AbstractBeanFactory.doGetBean(AbstractBeanFactory.java:335) ~[spring-beans-6.1.13.jar:6.1.13]
	at org.springframework.beans.factory.support.AbstractBeanFactory.getBean(AbstractBeanFactory.java:200) ~[spring-beans-6.1.13.jar:6.1.13]
	at org.springframework.beans.factory.support.DefaultListableBeanFactory.preInstantiateSingletons(DefaultListableBeanFactory.java:975) ~[spring-beans-6.1.13.jar:6.1.13]
	at org.springframework.context.support.AbstractApplicationContext.finishBeanFactoryInitialization(AbstractApplicationContext.java:971) ~[spring-context-6.1.13.jar:6.1.13]
	at org.springframework.context.support.AbstractApplicationContext.refresh(AbstractApplicationContext.java:625) ~[spring-context-6.1.13.jar:6.1.13]
	at org.springframework.boot.web.servlet.context.ServletWebServerApplicationContext.refresh(ServletWebServerApplicationContext.java:146) ~[spring-boot-3.3.4.jar:3.3.4]
	at org.springframework.boot.SpringApplication.refresh(SpringApplication.java:754) ~[spring-boot-3.3.4.jar:3.3.4]
	at org.springframework.boot.SpringApplication.refreshContext(SpringApplication.java:456) ~[spring-boot-3.3.4.jar:3.3.4]
	at org.springframework.boot.SpringApplication.run(SpringApplication.java:335) ~[spring-boot-3.3.4.jar:3.3.4]
	at org.springframework.boot.SpringApplication.run(SpringApplication.java:1363) ~[spring-boot-3.3.4.jar:3.3.4]
	at org.springframework.boot.SpringApplication.run(SpringApplication.java:1352) ~[spring-boot-3.3.4.jar:3.3.4]
	at com.example.kibana_deploy_template.KibanaDeployTemplateApplication.main(KibanaDeployTemplateApplication.java:10) ~[classes/:na]

2024-10-18T18:59:07.399+03:00 DEBUG [,,] 14780 --- [main] [                                                 ] o.s.b.f.s.DefaultListableBeanFactory     : Creating shared instance of singleton bean 'mvcContentNegotiationManager'
2024-10-18T18:59:07.402+03:00 DEBUG [,,] 14780 --- [main] [                                                 ] o.s.b.f.s.DefaultListableBeanFactory     : Creating shared instance of singleton bean 'requestMappingHandlerMapping'
2024-10-18T18:59:07.404+03:00 DEBUG [,,] 14780 --- [main] [                                                 ] o.s.b.f.s.DefaultListableBeanFactory     : Autowiring by type from bean name 'requestMappingHandlerMapping' via factory method to bean named 'mvcContentNegotiationManager'
2024-10-18T18:59:07.404+03:00 DEBUG [,,] 14780 --- [main] [                                                 ] o.s.b.f.s.DefaultListableBeanFactory     : Autowiring by type from bean name 'requestMappingHandlerMapping' via factory method to bean named 'mvcConversionService'
2024-10-18T18:59:07.404+03:00 DEBUG [,,] 14780 --- [main] [                                                 ] o.s.b.f.s.DefaultListableBeanFactory     : Autowiring by type from bean name 'requestMappingHandlerMapping' via factory method to bean named 'mvcResourceUrlProvider'
2024-10-18T18:59:07.427+03:00 DEBUG [,,] 14780 --- [main] [                                                 ] _.s.web.servlet.HandlerMapping.Mappings  : 
	c.e.k.u.w.UserControllerService:
	{GET [/api/v1/users/gender/{gender}]}: getUsersByGender(String)
	{GET [/api/v1/users/{email}]}: getUserByEmail(String)
	{PUT [/api/v1/users/{email}]}: updateUser(String,CreateUserRequest)
	{POST [/api/v1/users]}: createUser(CreateUserRequest)
	{DELETE [/api/v1/users/{email}]}: deleteUser(String)
2024-10-18T18:59:07.435+03:00 DEBUG [,,] 14780 --- [main] [                                                 ] _.s.web.servlet.HandlerMapping.Mappings  : 
	o.s.b.a.w.s.e.BasicErrorController:
	{ [/error]}: error(HttpServletRequest)
	{ [/error], produces [text/html]}: errorHtml(HttpServletRequest,HttpServletResponse)
2024-10-18T18:59:07.447+03:00 DEBUG [,,] 14780 --- [main] [                                                 ] _.s.web.servlet.HandlerMapping.Mappings  : 
	o.s.w.a.OpenApiWebMvcResource:
	{GET [/v3/api-docs.yaml], produces [application/vnd.oai.openapi]}: openapiYaml(HttpServletRequest,String,Locale)
	{GET [/v3/api-docs], produces [application/json]}: openapiJson(HttpServletRequest,String,Locale)
2024-10-18T18:59:07.449+03:00 DEBUG [,,] 14780 --- [main] [                                                 ] _.s.web.servlet.HandlerMapping.Mappings  : 
	o.s.w.u.SwaggerWelcomeWebMvc:
	{GET [/swagger-ui.html]}: redirectToUi(HttpServletRequest)
2024-10-18T18:59:07.450+03:00 DEBUG [,,] 14780 --- [main] [                                                 ] _.s.web.servlet.HandlerMapping.Mappings  : 
	o.s.w.u.SwaggerConfigResource:
	{GET [/v3/api-docs/swagger-config], produces [application/json]}: openapiJson(HttpServletRequest)
2024-10-18T18:59:07.452+03:00 DEBUG [,,] 14780 --- [main] [                                                 ] s.w.s.m.m.a.RequestMappingHandlerMapping : 11 mappings in 'requestMappingHandlerMapping'
2024-10-18T18:59:07.457+03:00 DEBUG [,,] 14780 --- [main] [                                                 ] o.s.b.f.s.DefaultListableBeanFactory     : Creating shared instance of singleton bean 'mvcPatternParser'
2024-10-18T18:59:07.457+03:00 DEBUG [,,] 14780 --- [main] [                                                 ] o.s.b.f.s.DefaultListableBeanFactory     : Creating shared instance of singleton bean 'mvcUrlPathHelper'
2024-10-18T18:59:07.458+03:00 DEBUG [,,] 14780 --- [main] [                                                 ] o.s.b.f.s.DefaultListableBeanFactory     : Creating shared instance of singleton bean 'mvcPathMatcher'
2024-10-18T18:59:07.459+03:00 DEBUG [,,] 14780 --- [main] [                                                 ] o.s.b.f.s.DefaultListableBeanFactory     : Creating shared instance of singleton bean 'viewControllerHandlerMapping'
2024-10-18T18:59:07.460+03:00 DEBUG [,,] 14780 --- [main] [                                                 ] o.s.b.f.s.DefaultListableBeanFactory     : Autowiring by type from bean name 'viewControllerHandlerMapping' via factory method to bean named 'mvcConversionService'
2024-10-18T18:59:07.460+03:00 DEBUG [,,] 14780 --- [main] [                                                 ] o.s.b.f.s.DefaultListableBeanFactory     : Autowiring by type from bean name 'viewControllerHandlerMapping' via factory method to bean named 'mvcResourceUrlProvider'
2024-10-18T18:59:07.460+03:00 DEBUG [,,] 14780 --- [main] [                                                 ] o.s.b.f.s.DefaultListableBeanFactory     : Creating shared instance of singleton bean 'beanNameHandlerMapping'
2024-10-18T18:59:07.461+03:00 DEBUG [,,] 14780 --- [main] [                                                 ] o.s.b.f.s.DefaultListableBeanFactory     : Autowiring by type from bean name 'beanNameHandlerMapping' via factory method to bean named 'mvcConversionService'
2024-10-18T18:59:07.461+03:00 DEBUG [,,] 14780 --- [main] [                                                 ] o.s.b.f.s.DefaultListableBeanFactory     : Autowiring by type from bean name 'beanNameHandlerMapping' via factory method to bean named 'mvcResourceUrlProvider'
2024-10-18T18:59:07.462+03:00 DEBUG [,,] 14780 --- [main] [                                                 ] _.s.web.servlet.HandlerMapping.Mappings  : 'beanNameHandlerMapping' {}
2024-10-18T18:59:07.464+03:00 DEBUG [,,] 14780 --- [main] [                                                 ] o.s.b.f.s.DefaultListableBeanFactory     : Creating shared instance of singleton bean 'routerFunctionMapping'
2024-10-18T18:59:07.464+03:00 DEBUG [,,] 14780 --- [main] [                                                 ] o.s.b.f.s.DefaultListableBeanFactory     : Autowiring by type from bean name 'routerFunctionMapping' via factory method to bean named 'mvcConversionService'
2024-10-18T18:59:07.464+03:00 DEBUG [,,] 14780 --- [main] [                                                 ] o.s.b.f.s.DefaultListableBeanFactory     : Autowiring by type from bean name 'routerFunctionMapping' via factory method to bean named 'mvcResourceUrlProvider'
2024-10-18T18:59:07.465+03:00 DEBUG [,,] 14780 --- [main] [                                                 ] o.s.b.f.s.DefaultListableBeanFactory     : Creating shared instance of singleton bean 'messageConverters'
2024-10-18T18:59:07.465+03:00 DEBUG [,,] 14780 --- [main] [                                                 ] o.s.b.f.s.DefaultListableBeanFactory     : Creating shared instance of singleton bean 'org.springframework.boot.autoconfigure.http.HttpMessageConvertersAutoConfiguration'
2024-10-18T18:59:07.467+03:00 DEBUG [,,] 14780 --- [main] [                                                 ] o.s.b.f.s.DefaultListableBeanFactory     : Creating shared instance of singleton bean 'stringHttpMessageConverter'
2024-10-18T18:59:07.467+03:00 DEBUG [,,] 14780 --- [main] [                                                 ] o.s.b.f.s.DefaultListableBeanFactory     : Creating shared instance of singleton bean 'org.springframework.boot.autoconfigure.http.HttpMessageConvertersAutoConfiguration$StringHttpMessageConverterConfiguration'
2024-10-18T18:59:07.468+03:00 DEBUG [,,] 14780 --- [main] [                                                 ] o.s.b.f.s.DefaultListableBeanFactory     : Autowiring by type from bean name 'stringHttpMessageConverter' via factory method to bean named 'environment'
2024-10-18T18:59:07.471+03:00 DEBUG [,,] 14780 --- [main] [                                                 ] o.s.b.f.s.DefaultListableBeanFactory     : Creating shared instance of singleton bean 'mappingJackson2HttpMessageConverter'
2024-10-18T18:59:07.471+03:00 DEBUG [,,] 14780 --- [main] [                                                 ] o.s.b.f.s.DefaultListableBeanFactory     : Creating shared instance of singleton bean 'org.springframework.boot.autoconfigure.http.JacksonHttpMessageConvertersConfiguration$MappingJackson2HttpMessageConverterConfiguration'
2024-10-18T18:59:07.472+03:00 DEBUG [,,] 14780 --- [main] [                                                 ] o.s.b.f.s.DefaultListableBeanFactory     : Creating shared instance of singleton bean 'jacksonObjectMapper'
2024-10-18T18:59:07.472+03:00 DEBUG [,,] 14780 --- [main] [                                                 ] o.s.b.f.s.DefaultListableBeanFactory     : Creating shared instance of singleton bean 'org.springframework.boot.autoconfigure.jackson.JacksonAutoConfiguration$JacksonObjectMapperConfiguration'
2024-10-18T18:59:07.473+03:00 DEBUG [,,] 14780 --- [main] [                                                 ] o.s.b.f.s.DefaultListableBeanFactory     : Creating shared instance of singleton bean 'org.springframework.boot.autoconfigure.jackson.JacksonAutoConfiguration$JacksonObjectMapperBuilderConfiguration'
2024-10-18T18:59:07.474+03:00 DEBUG [,,] 14780 --- [main] [                                                 ] o.s.b.f.s.DefaultListableBeanFactory     : Creating shared instance of singleton bean 'standardJacksonObjectMapperBuilderCustomizer'
2024-10-18T18:59:07.474+03:00 DEBUG [,,] 14780 --- [main] [                                                 ] o.s.b.f.s.DefaultListableBeanFactory     : Creating shared instance of singleton bean 'org.springframework.boot.autoconfigure.jackson.JacksonAutoConfiguration$Jackson2ObjectMapperBuilderCustomizerConfiguration'
2024-10-18T18:59:07.474+03:00 DEBUG [,,] 14780 --- [main] [                                                 ] o.s.b.f.s.DefaultListableBeanFactory     : Creating shared instance of singleton bean 'spring.jackson-org.springframework.boot.autoconfigure.jackson.JacksonProperties'
2024-10-18T18:59:07.477+03:00 DEBUG [,,] 14780 --- [main] [                                                 ] o.s.b.f.s.DefaultListableBeanFactory     : Autowiring by type from bean name 'standardJacksonObjectMapperBuilderCustomizer' via factory method to bean named 'spring.jackson-org.springframework.boot.autoconfigure.jackson.JacksonProperties'
2024-10-18T18:59:07.477+03:00 DEBUG [,,] 14780 --- [main] [                                                 ] o.s.b.f.s.DefaultListableBeanFactory     : Creating shared instance of singleton bean 'parameterNamesModule'
2024-10-18T18:59:07.477+03:00 DEBUG [,,] 14780 --- [main] [                                                 ] o.s.b.f.s.DefaultListableBeanFactory     : Creating shared instance of singleton bean 'org.springframework.boot.autoconfigure.jackson.JacksonAutoConfiguration$ParameterNamesModuleConfiguration'
2024-10-18T18:59:07.482+03:00 DEBUG [,,] 14780 --- [main] [                                                 ] o.s.b.f.s.DefaultListableBeanFactory     : Creating shared instance of singleton bean 'jsonMixinModule'
2024-10-18T18:59:07.482+03:00 DEBUG [,,] 14780 --- [main] [                                                 ] o.s.b.f.s.DefaultListableBeanFactory     : Creating shared instance of singleton bean 'org.springframework.boot.autoconfigure.jackson.JacksonAutoConfiguration$JacksonMixinConfiguration'
2024-10-18T18:59:07.483+03:00 DEBUG [,,] 14780 --- [main] [                                                 ] o.s.b.f.s.DefaultListableBeanFactory     : Creating shared instance of singleton bean 'jsonMixinModuleEntries'
2024-10-18T18:59:07.483+03:00 DEBUG [,,] 14780 --- [main] [                                                 ] o.s.b.f.s.DefaultListableBeanFactory     : Autowiring by type from bean name 'jsonMixinModuleEntries' via factory method to bean named 'org.springframework.boot.web.servlet.context.AnnotationConfigServletWebServerApplicationContext@3a3e4aff'
2024-10-18T18:59:07.488+03:00 DEBUG [,,] 14780 --- [main] [                                                 ] o.s.b.f.s.DefaultListableBeanFactory     : Autowiring by type from bean name 'jsonMixinModule' via factory method to bean named 'org.springframework.boot.web.servlet.context.AnnotationConfigServletWebServerApplicationContext@3a3e4aff'
2024-10-18T18:59:07.488+03:00 DEBUG [,,] 14780 --- [main] [                                                 ] o.s.b.f.s.DefaultListableBeanFactory     : Autowiring by type from bean name 'jsonMixinModule' via factory method to bean named 'jsonMixinModuleEntries'
2024-10-18T18:59:07.489+03:00 DEBUG [,,] 14780 --- [main] [                                                 ] o.s.b.f.s.DefaultListableBeanFactory     : Creating shared instance of singleton bean 'jsonComponentModule'
2024-10-18T18:59:07.489+03:00 DEBUG [,,] 14780 --- [main] [                                                 ] o.s.b.f.s.DefaultListableBeanFactory     : Creating shared instance of singleton bean 'org.springframework.boot.autoconfigure.jackson.JacksonAutoConfiguration'
2024-10-18T18:59:07.497+03:00 DEBUG [,,] 14780 --- [main] [                                                 ] o.s.b.f.s.DefaultListableBeanFactory     : Creating shared instance of singleton bean 'jacksonGeoModule'
2024-10-18T18:59:07.497+03:00 DEBUG [,,] 14780 --- [main] [                                                 ] o.s.b.f.s.DefaultListableBeanFactory     : Creating shared instance of singleton bean 'org.springframework.data.web.config.SpringDataJacksonConfiguration'
2024-10-18T18:59:07.500+03:00 DEBUG [,,] 14780 --- [main] [                                                 ] o.s.b.f.s.DefaultListableBeanFactory     : Creating shared instance of singleton bean 'pageModule'
2024-10-18T18:59:07.503+03:00 DEBUG [,,] 14780 --- [main] [                                                 ] o.s.b.f.s.DefaultListableBeanFactory     : Autowiring by type from bean name 'jacksonObjectMapperBuilder' via factory method to bean named 'org.springframework.boot.web.servlet.context.AnnotationConfigServletWebServerApplicationContext@3a3e4aff'
2024-10-18T18:59:07.503+03:00 DEBUG [,,] 14780 --- [main] [                                                 ] o.s.b.f.s.DefaultListableBeanFactory     : Autowiring by type from bean name 'jacksonObjectMapperBuilder' via factory method to bean named 'standardJacksonObjectMapperBuilderCustomizer'
2024-10-18T18:59:07.506+03:00 DEBUG [,,] 14780 --- [main] [                                                 ] o.s.b.f.s.DefaultListableBeanFactory     : Autowiring by type from bean name 'jacksonObjectMapper' via factory method to bean named 'jacksonObjectMapperBuilder'
2024-10-18T18:59:07.521+03:00 DEBUG [,,] 14780 --- [main] [                                                 ] o.s.b.f.s.DefaultListableBeanFactory     : Autowiring by type from bean name 'mappingJackson2HttpMessageConverter' via factory method to bean named 'jacksonObjectMapper'
2024-10-18T18:59:07.531+03:00 DEBUG [,,] 14780 --- [main] [                                                 ] o.s.b.f.s.DefaultListableBeanFactory     : Creating shared instance of singleton bean 'resourceHandlerMapping'
2024-10-18T18:59:07.532+03:00 DEBUG [,,] 14780 --- [main] [                                                 ] o.s.b.f.s.DefaultListableBeanFactory     : Autowiring by type from bean name 'resourceHandlerMapping' via factory method to bean named 'mvcContentNegotiationManager'
2024-10-18T18:59:07.532+03:00 DEBUG [,,] 14780 --- [main] [                                                 ] o.s.b.f.s.DefaultListableBeanFactory     : Autowiring by type from bean name 'resourceHandlerMapping' via factory method to bean named 'mvcConversionService'
2024-10-18T18:59:07.532+03:00 DEBUG [,,] 14780 --- [main] [                                                 ] o.s.b.f.s.DefaultListableBeanFactory     : Autowiring by type from bean name 'resourceHandlerMapping' via factory method to bean named 'mvcResourceUrlProvider'
2024-10-18T18:59:07.538+03:00 DEBUG [,,] 14780 --- [main] [                                                 ] _.s.web.servlet.HandlerMapping.Mappings  : 'resourceHandlerMapping' {/webjars/**=ResourceHttpRequestHandler [classpath [META-INF/resources/webjars/]], /**=ResourceHttpRequestHandler [classpath [META-INF/resources/], classpath [resources/], classpath [static/], classpath [public/], ServletContext [/]], /swagger-ui*/*swagger-initializer.js=ResourceHttpRequestHandler [classpath [META-INF/resources/webjars/]], /swagger-ui*/**=ResourceHttpRequestHandler [classpath [META-INF/resources/webjars/]]}
2024-10-18T18:59:07.540+03:00 DEBUG [,,] 14780 --- [main] [                                                 ] o.s.b.f.s.DefaultListableBeanFactory     : Creating shared instance of singleton bean 'defaultServletHandlerMapping'
2024-10-18T18:59:07.540+03:00 DEBUG [,,] 14780 --- [main] [                                                 ] o.s.b.f.s.DefaultListableBeanFactory     : Creating shared instance of singleton bean 'requestMappingHandlerAdapter'
2024-10-18T18:59:07.541+03:00 DEBUG [,,] 14780 --- [main] [                                                 ] o.s.b.f.s.DefaultListableBeanFactory     : Autowiring by type from bean name 'requestMappingHandlerAdapter' via factory method to bean named 'mvcContentNegotiationManager'
2024-10-18T18:59:07.541+03:00 DEBUG [,,] 14780 --- [main] [                                                 ] o.s.b.f.s.DefaultListableBeanFactory     : Autowiring by type from bean name 'requestMappingHandlerAdapter' via factory method to bean named 'mvcConversionService'
2024-10-18T18:59:07.541+03:00 DEBUG [,,] 14780 --- [main] [                                                 ] o.s.b.f.s.DefaultListableBeanFactory     : Autowiring by type from bean name 'requestMappingHandlerAdapter' via factory method to bean named 'mvcValidator'
2024-10-18T18:59:07.545+03:00 DEBUG [,,] 14780 --- [main] [                                                 ] o.s.b.f.s.DefaultListableBeanFactory     : Creating shared instance of singleton bean 'sortResolver'
2024-10-18T18:59:07.545+03:00 DEBUG [,,] 14780 --- [main] [                                                 ] o.s.b.f.s.DefaultListableBeanFactory     : Creating shared instance of singleton bean 'sortCustomizer'
2024-10-18T18:59:07.545+03:00 DEBUG [,,] 14780 --- [main] [                                                 ] o.s.b.f.s.DefaultListableBeanFactory     : Creating shared instance of singleton bean 'org.springframework.boot.autoconfigure.data.web.SpringDataWebAutoConfiguration'
2024-10-18T18:59:07.546+03:00 DEBUG [,,] 14780 --- [main] [                                                 ] o.s.b.f.s.DefaultListableBeanFactory     : Creating shared instance of singleton bean 'spring.data.web-org.springframework.boot.autoconfigure.data.web.SpringDataWebProperties'
2024-10-18T18:59:07.547+03:00 DEBUG [,,] 14780 --- [main] [                                                 ] o.s.b.f.s.DefaultListableBeanFactory     : Autowiring by type from bean name 'org.springframework.boot.autoconfigure.data.web.SpringDataWebAutoConfiguration' via constructor to bean named 'spring.data.web-org.springframework.boot.autoconfigure.data.web.SpringDataWebProperties'
2024-10-18T18:59:07.549+03:00 DEBUG [,,] 14780 --- [main] [                                                 ] o.s.b.f.s.DefaultListableBeanFactory     : Creating shared instance of singleton bean 'pageableResolver'
2024-10-18T18:59:07.550+03:00 DEBUG [,,] 14780 --- [main] [                                                 ] o.s.b.f.s.DefaultListableBeanFactory     : Creating shared instance of singleton bean 'pageableCustomizer'
2024-10-18T18:59:07.553+03:00 DEBUG [,,] 14780 --- [main] [                                                 ] o.s.b.f.s.DefaultListableBeanFactory     : Creating shared instance of singleton bean 'applicationTaskExecutor'
2024-10-18T18:59:07.553+03:00 DEBUG [,,] 14780 --- [main] [                                                 ] o.s.b.f.s.DefaultListableBeanFactory     : Autowiring by type from bean name 'applicationTaskExecutor' via factory method to bean named 'taskExecutorBuilder'
2024-10-18T18:59:07.555+03:00 DEBUG [,,] 14780 --- [main] [                                                 ] o.s.s.concurrent.ThreadPoolTaskExecutor  : Initializing ExecutorService 'applicationTaskExecutor'
2024-10-18T18:59:07.565+03:00 DEBUG [,,] 14780 --- [main] [                                                 ] s.w.s.m.m.a.RequestMappingHandlerAdapter : ControllerAdvice beans: 0 @ModelAttribute, 0 @InitBinder, 1 RequestBodyAdvice, 1 ResponseBodyAdvice
2024-10-18T18:59:07.584+03:00 DEBUG [,,] 14780 --- [main] [                                                 ] o.s.b.f.s.DefaultListableBeanFactory     : Creating shared instance of singleton bean 'handlerFunctionAdapter'
2024-10-18T18:59:07.585+03:00 DEBUG [,,] 14780 --- [main] [                                                 ] o.s.b.f.s.DefaultListableBeanFactory     : Creating shared instance of singleton bean 'mvcUriComponentsContributor'
2024-10-18T18:59:07.586+03:00 DEBUG [,,] 14780 --- [main] [                                                 ] o.s.b.f.s.DefaultListableBeanFactory     : Autowiring by type from bean name 'mvcUriComponentsContributor' via factory method to bean named 'mvcConversionService'
2024-10-18T18:59:07.586+03:00 DEBUG [,,] 14780 --- [main] [                                                 ] o.s.b.f.s.DefaultListableBeanFactory     : Autowiring by type from bean name 'mvcUriComponentsContributor' via factory method to bean named 'requestMappingHandlerAdapter'
2024-10-18T18:59:07.586+03:00 DEBUG [,,] 14780 --- [main] [                                                 ] o.s.b.f.s.DefaultListableBeanFactory     : Creating shared instance of singleton bean 'httpRequestHandlerAdapter'
2024-10-18T18:59:07.587+03:00 DEBUG [,,] 14780 --- [main] [                                                 ] o.s.b.f.s.DefaultListableBeanFactory     : Creating shared instance of singleton bean 'simpleControllerHandlerAdapter'
2024-10-18T18:59:07.587+03:00 DEBUG [,,] 14780 --- [main] [                                                 ] o.s.b.f.s.DefaultListableBeanFactory     : Creating shared instance of singleton bean 'handlerExceptionResolver'
2024-10-18T18:59:07.588+03:00 DEBUG [,,] 14780 --- [main] [                                                 ] o.s.b.f.s.DefaultListableBeanFactory     : Autowiring by type from bean name 'handlerExceptionResolver' via factory method to bean named 'mvcContentNegotiationManager'
2024-10-18T18:59:07.590+03:00 DEBUG [,,] 14780 --- [main] [                                                 ] .m.m.a.ExceptionHandlerExceptionResolver : ControllerAdvice beans: 1 @ExceptionHandler, 1 ResponseBodyAdvice
2024-10-18T18:59:07.592+03:00 DEBUG [,,] 14780 --- [main] [                                                 ] o.s.b.f.s.DefaultListableBeanFactory     : Creating shared instance of singleton bean 'mvcViewResolver'
2024-10-18T18:59:07.592+03:00 DEBUG [,,] 14780 --- [main] [                                                 ] o.s.b.f.s.DefaultListableBeanFactory     : Autowiring by type from bean name 'mvcViewResolver' via factory method to bean named 'mvcContentNegotiationManager'
2024-10-18T18:59:07.594+03:00 DEBUG [,,] 14780 --- [main] [                                                 ] o.s.b.f.s.DefaultListableBeanFactory     : Creating shared instance of singleton bean 'viewNameTranslator'
2024-10-18T18:59:07.595+03:00 DEBUG [,,] 14780 --- [main] [                                                 ] o.s.b.f.s.DefaultListableBeanFactory     : Creating shared instance of singleton bean 'defaultViewResolver'
2024-10-18T18:59:07.599+03:00 DEBUG [,,] 14780 --- [main] [                                                 ] o.s.b.f.s.DefaultListableBeanFactory     : Creating shared instance of singleton bean 'viewResolver'
2024-10-18T18:59:07.599+03:00 DEBUG [,,] 14780 --- [main] [                                                 ] o.s.b.f.s.DefaultListableBeanFactory     : Autowiring by type from bean name 'viewResolver' via factory method to bean named 'org.springframework.beans.factory.support.DefaultListableBeanFactory@49f5c307'
2024-10-18T18:59:07.600+03:00 DEBUG [,,] 14780 --- [main] [                                                 ] o.s.b.f.s.DefaultListableBeanFactory     : Creating shared instance of singleton bean 'viewResolver'
2024-10-18T18:59:07.601+03:00 DEBUG [,,] 14780 --- [main] [                                                 ] o.s.b.f.s.DefaultListableBeanFactory     : Creating shared instance of singleton bean 'org.springdoc.core.configuration.SpringDocConfiguration$QuerydslProvider'
2024-10-18T18:59:07.602+03:00 DEBUG [,,] 14780 --- [main] [                                                 ] o.s.b.f.s.DefaultListableBeanFactory     : Creating shared instance of singleton bean 'queryDslQuerydslPredicateOperationCustomizer'
2024-10-18T18:59:07.602+03:00 DEBUG [,,] 14780 --- [main] [                                                 ] o.s.b.f.s.DefaultListableBeanFactory     : Creating shared instance of singleton bean 'org.springdoc.core.configuration.SpringDocConfiguration$OpenApiResourceAdvice'
2024-10-18T18:59:07.603+03:00 DEBUG [,,] 14780 --- [main] [                                                 ] o.s.b.f.s.DefaultListableBeanFactory     : Autowiring by type from bean name 'org.springdoc.core.configuration.SpringDocConfiguration$OpenApiResourceAdvice' via constructor to bean named 'org.springdoc.core.configuration.SpringDocConfiguration'
2024-10-18T18:59:07.603+03:00 DEBUG [,,] 14780 --- [main] [                                                 ] o.s.b.f.s.DefaultListableBeanFactory     : Creating shared instance of singleton bean 'org.springdoc.core.configuration.SpringDocConfiguration$SpringDocSpringDataWebPropertiesProvider'
2024-10-18T18:59:07.604+03:00 DEBUG [,,] 14780 --- [main] [                                                 ] o.s.b.f.s.DefaultListableBeanFactory     : Creating shared instance of singleton bean 'springDataWebPropertiesProvider'
2024-10-18T18:59:07.604+03:00 DEBUG [,,] 14780 --- [main] [                                                 ] o.s.b.f.s.DefaultListableBeanFactory     : Creating shared instance of singleton bean 'org.springdoc.core.configuration.SpringDocConfiguration$WebConversionServiceConfiguration'
2024-10-18T18:59:07.605+03:00 DEBUG [,,] 14780 --- [main] [                                                 ] o.s.b.f.s.DefaultListableBeanFactory     : Creating shared instance of singleton bean 'webConversionServiceProvider'
2024-10-18T18:59:07.605+03:00 DEBUG [,,] 14780 --- [main] [                                                 ] o.s.b.f.s.DefaultListableBeanFactory     : Creating shared instance of singleton bean 'localSpringDocParameterNameDiscoverer'
2024-10-18T18:59:07.606+03:00 DEBUG [,,] 14780 --- [main] [                                                 ] o.s.b.f.s.DefaultListableBeanFactory     : Creating shared instance of singleton bean 'additionalModelsConverter'
2024-10-18T18:59:07.606+03:00 DEBUG [,,] 14780 --- [main] [                                                 ] o.s.b.f.s.DefaultListableBeanFactory     : Autowiring by type from bean name 'additionalModelsConverter' via factory method to bean named 'springdocObjectMapperProvider'
2024-10-18T18:59:07.607+03:00 DEBUG [,,] 14780 --- [main] [                                                 ] o.s.b.f.s.DefaultListableBeanFactory     : Creating shared instance of singleton bean 'fileSupportConverter'
2024-10-18T18:59:07.607+03:00 DEBUG [,,] 14780 --- [main] [                                                 ] o.s.b.f.s.DefaultListableBeanFactory     : Autowiring by type from bean name 'fileSupportConverter' via factory method to bean named 'springdocObjectMapperProvider'
2024-10-18T18:59:07.608+03:00 DEBUG [,,] 14780 --- [main] [                                                 ] o.s.b.f.s.DefaultListableBeanFactory     : Creating shared instance of singleton bean 'responseSupportConverter'
2024-10-18T18:59:07.608+03:00 DEBUG [,,] 14780 --- [main] [                                                 ] o.s.b.f.s.DefaultListableBeanFactory     : Autowiring by type from bean name 'responseSupportConverter' via factory method to bean named 'springdocObjectMapperProvider'
2024-10-18T18:59:07.608+03:00 DEBUG [,,] 14780 --- [main] [                                                 ] o.s.b.f.s.DefaultListableBeanFactory     : Creating shared instance of singleton bean 'schemaPropertyDeprecatingConverter'
2024-10-18T18:59:07.609+03:00 DEBUG [,,] 14780 --- [main] [                                                 ] o.s.b.f.s.DefaultListableBeanFactory     : Creating shared instance of singleton bean 'polymorphicModelConverter'
2024-10-18T18:59:07.609+03:00 DEBUG [,,] 14780 --- [main] [                                                 ] o.s.b.f.s.DefaultListableBeanFactory     : Autowiring by type from bean name 'polymorphicModelConverter' via factory method to bean named 'springdocObjectMapperProvider'
2024-10-18T18:59:07.610+03:00 DEBUG [,,] 14780 --- [main] [                                                 ] o.s.b.f.s.DefaultListableBeanFactory     : Creating shared instance of singleton bean 'openAPIBuilder'
2024-10-18T18:59:07.611+03:00 DEBUG [,,] 14780 --- [main] [                                                 ] o.s.b.f.s.DefaultListableBeanFactory     : Creating shared instance of singleton bean 'securityParser'
2024-10-18T18:59:07.611+03:00 DEBUG [,,] 14780 --- [main] [                                                 ] o.s.b.f.s.DefaultListableBeanFactory     : Creating shared instance of singleton bean 'propertyResolverUtils'
2024-10-18T18:59:07.612+03:00 DEBUG [,,] 14780 --- [main] [                                                 ] o.s.b.f.s.DefaultListableBeanFactory     : Autowiring by type from bean name 'propertyResolverUtils' via factory method to bean named 'org.springframework.beans.factory.support.DefaultListableBeanFactory@49f5c307'
2024-10-18T18:59:07.612+03:00 DEBUG [,,] 14780 --- [main] [                                                 ] o.s.b.f.s.DefaultListableBeanFactory     : Autowiring by type from bean name 'propertyResolverUtils' via factory method to bean named 'messageSource'
2024-10-18T18:59:07.612+03:00 DEBUG [,,] 14780 --- [main] [                                                 ] o.s.b.f.s.DefaultListableBeanFactory     : Autowiring by type from bean name 'propertyResolverUtils' via factory method to bean named 'org.springdoc.core.properties.SpringDocConfigProperties'
2024-10-18T18:59:07.612+03:00 DEBUG [,,] 14780 --- [main] [                                                 ] o.s.b.f.s.DefaultListableBeanFactory     : Autowiring by type from bean name 'securityParser' via factory method to bean named 'propertyResolverUtils'
2024-10-18T18:59:07.615+03:00 DEBUG [,,] 14780 --- [main] [                                                 ] o.s.b.f.s.DefaultListableBeanFactory     : Autowiring by type from bean name 'openAPIBuilder' via factory method to bean named 'securityParser'
2024-10-18T18:59:07.615+03:00 DEBUG [,,] 14780 --- [main] [                                                 ] o.s.b.f.s.DefaultListableBeanFactory     : Autowiring by type from bean name 'openAPIBuilder' via factory method to bean named 'org.springdoc.core.properties.SpringDocConfigProperties'
2024-10-18T18:59:07.615+03:00 DEBUG [,,] 14780 --- [main] [                                                 ] o.s.b.f.s.DefaultListableBeanFactory     : Autowiring by type from bean name 'openAPIBuilder' via factory method to bean named 'propertyResolverUtils'
2024-10-18T18:59:07.617+03:00 DEBUG [,,] 14780 --- [main] [                                                 ] o.s.b.f.s.DefaultListableBeanFactory     : Creating shared instance of singleton bean 'modelConverterRegistrar'
2024-10-18T18:59:07.617+03:00 DEBUG [,,] 14780 --- [main] [                                                 ] o.s.b.f.s.DefaultListableBeanFactory     : Creating shared instance of singleton bean 'pageableOpenAPIConverter'
2024-10-18T18:59:07.617+03:00 DEBUG [,,] 14780 --- [main] [                                                 ] o.s.b.f.s.DefaultListableBeanFactory     : Creating shared instance of singleton bean 'org.springdoc.core.configuration.SpringDocPageableConfiguration'
2024-10-18T18:59:07.618+03:00 DEBUG [,,] 14780 --- [main] [                                                 ] o.s.b.f.s.DefaultListableBeanFactory     : Autowiring by type from bean name 'pageableOpenAPIConverter' via factory method to bean named 'springdocObjectMapperProvider'
2024-10-18T18:59:07.619+03:00 DEBUG [,,] 14780 --- [main] [                                                 ] o.s.b.f.s.DefaultListableBeanFactory     : Creating shared instance of singleton bean 'sortOpenAPIConverter'
2024-10-18T18:59:07.620+03:00 DEBUG [,,] 14780 --- [main] [                                                 ] o.s.b.f.s.DefaultListableBeanFactory     : Creating shared instance of singleton bean 'org.springdoc.core.configuration.SpringDocSortConfiguration'
2024-10-18T18:59:07.621+03:00 DEBUG [,,] 14780 --- [main] [                                                 ] o.s.b.f.s.DefaultListableBeanFactory     : Autowiring by type from bean name 'sortOpenAPIConverter' via factory method to bean named 'springdocObjectMapperProvider'
2024-10-18T18:59:07.629+03:00 DEBUG [,,] 14780 --- [main] [                                                 ] o.s.b.f.s.DefaultListableBeanFactory     : Creating shared instance of singleton bean 'operationBuilder'
2024-10-18T18:59:07.629+03:00 DEBUG [,,] 14780 --- [RMI TCP Connection(3)-192.168.0.104] [                                                 ] sun.rmi.transport.tcp                    : RMI TCP Connection(3)-192.168.0.104: (port 53343) op = 82
2024-10-18T18:59:07.629+03:00 DEBUG [,,] 14780 --- [RMI TCP Connection(3)-192.168.0.104] [                                                 ] sun.rmi.transport.tcp                    : RMI TCP Connection(3)-192.168.0.104: (port 53343) op = 80
2024-10-18T18:59:07.629+03:00 DEBUG [,,] 14780 --- [main] [                                                 ] o.s.b.f.s.DefaultListableBeanFactory     : Creating shared instance of singleton bean 'parameterBuilder'
2024-10-18T18:59:07.630+03:00 DEBUG [,,] 14780 --- [RMI TCP Connection(3)-192.168.0.104] [                                                 ] sun.rmi.transport.tcp                    : RMI TCP Connection(3)-192.168.0.104: (port 53343) op = 82
2024-10-18T18:59:07.630+03:00 DEBUG [,,] 14780 --- [main] [                                                 ] o.s.b.f.s.DefaultListableBeanFactory     : Creating shared instance of singleton bean 'delegatingMethodParameterCustomizer'
2024-10-18T18:59:07.630+03:00 DEBUG [,,] 14780 --- [RMI TCP Connection(3)-192.168.0.104] [                                                 ] sun.rmi.transport.tcp                    : RMI TCP Connection(3)-192.168.0.104: (port 53343) op = 80
2024-10-18T18:59:07.630+03:00 DEBUG [,,] 14780 --- [RMI TCP Connection(3)-192.168.0.104] [                                                 ] sun.rmi.loader                           : RMI TCP Connection(3)-192.168.0.104: name = "[Ljava.rmi.server.ObjID;", codebase = "", defaultLoader = jdk.internal.loader.ClassLoaders$PlatformClassLoader@67a5978a
2024-10-18T18:59:07.630+03:00 DEBUG [,,] 14780 --- [RMI TCP Connection(3)-192.168.0.104] [                                                 ] sun.rmi.loader                           : RMI TCP Connection(3)-192.168.0.104: name = "java.rmi.server.ObjID", codebase = "", defaultLoader = jdk.internal.loader.ClassLoaders$PlatformClassLoader@67a5978a
2024-10-18T18:59:07.630+03:00 DEBUG [,,] 14780 --- [RMI TCP Connection(3)-192.168.0.104] [                                                 ] sun.rmi.loader                           : RMI TCP Connection(3)-192.168.0.104: name = "java.rmi.server.UID", codebase = "", defaultLoader = jdk.internal.loader.ClassLoaders$PlatformClassLoader@67a5978a
2024-10-18T18:59:07.631+03:00 DEBUG [,,] 14780 --- [RMI TCP Connection(3)-192.168.0.104] [                                                 ] sun.rmi.loader                           : RMI TCP Connection(3)-192.168.0.104: name = "java.rmi.dgc.Lease", codebase = "", defaultLoader = jdk.internal.loader.ClassLoaders$PlatformClassLoader@67a5978a
2024-10-18T18:59:07.631+03:00 DEBUG [,,] 14780 --- [RMI TCP Connection(3)-192.168.0.104] [                                                 ] sun.rmi.loader                           : RMI TCP Connection(3)-192.168.0.104: name = "java.rmi.dgc.VMID", codebase = "", defaultLoader = jdk.internal.loader.ClassLoaders$PlatformClassLoader@67a5978a
2024-10-18T18:59:07.631+03:00 DEBUG [,,] 14780 --- [RMI TCP Connection(3)-192.168.0.104] [                                                 ] sun.rmi.loader                           : RMI TCP Connection(3)-192.168.0.104: name = "[B", codebase = "", defaultLoader = jdk.internal.loader.ClassLoaders$PlatformClassLoader@67a5978a
2024-10-18T18:59:07.631+03:00 DEBUG [,,] 14780 --- [RMI TCP Connection(3)-192.168.0.104] [                                                 ] sun.rmi.transport.tcp                    : RMI TCP Connection(3)-192.168.0.104: (port 53343) op = 82
2024-10-18T18:59:07.631+03:00 DEBUG [,,] 14780 --- [RMI TCP Connection(3)-192.168.0.104] [                                                 ] sun.rmi.transport.tcp                    : RMI TCP Connection(3)-192.168.0.104: (port 53343) op = 84
2024-10-18T18:59:07.631+03:00 DEBUG [,,] 14780 --- [RMI TCP Connection(3)-192.168.0.104] [                                                 ] sun.rmi.transport.tcp                    : RMI TCP Connection(3)-192.168.0.104: (port 53343) op = 82
2024-10-18T18:59:07.631+03:00 DEBUG [,,] 14780 --- [RMI TCP Connection(3)-192.168.0.104] [                                                 ] sun.rmi.transport.tcp                    : RMI TCP Connection(3)-192.168.0.104: (port 53343) op = 80
2024-10-18T18:59:07.632+03:00 DEBUG [,,] 14780 --- [RMI TCP Connection(3)-192.168.0.104] [                                                 ] sun.rmi.transport.tcp                    : RMI TCP Connection(3)-192.168.0.104: (port 53343) op = 82
2024-10-18T18:59:07.632+03:00 DEBUG [,,] 14780 --- [RMI TCP Connection(3)-192.168.0.104] [                                                 ] sun.rmi.transport.tcp                    : RMI TCP Connection(3)-192.168.0.104: (port 53343) op = 80
2024-10-18T18:59:07.632+03:00 DEBUG [,,] 14780 --- [RMI TCP Connection(3)-192.168.0.104] [                                                 ] sun.rmi.loader                           : RMI TCP Connection(3)-192.168.0.104: name = "javax.management.ObjectName", codebase = ""
2024-10-18T18:59:07.632+03:00 DEBUG [,,] 14780 --- [RMI TCP Connection(3)-192.168.0.104] [                                                 ] javax.management.remote.rmi              : connectionId=rmi://192.168.0.104  6, name=org.springframework.boot:type=Admin,name=SpringApplication, attribute=Ready
2024-10-18T18:59:07.632+03:00 DEBUG [,,] 14780 --- [RMI TCP Connection(3)-192.168.0.104] [                                                 ] sun.rmi.server.call                      : RMI TCP Connection(3)-192.168.0.104: [192.168.0.104] exception: 

javax.management.InstanceNotFoundException: org.springframework.boot:type=Admin,name=SpringApplication
	at java.management/com.sun.jmx.interceptor.DefaultMBeanServerInterceptor.getMBean(DefaultMBeanServerInterceptor.java:1088) ~[na:na]
	at java.management/com.sun.jmx.interceptor.DefaultMBeanServerInterceptor.getAttribute(DefaultMBeanServerInterceptor.java:640) ~[na:na]
	at java.management/com.sun.jmx.mbeanserver.JmxMBeanServer.getAttribute(JmxMBeanServer.java:679) ~[na:na]
	at java.management.rmi/javax.management.remote.rmi.RMIConnectionImpl.doOperation(RMIConnectionImpl.java:1449) ~[na:na]
	at java.management.rmi/javax.management.remote.rmi.RMIConnectionImpl$PrivilegedOperation.run(RMIConnectionImpl.java:1310) ~[na:na]
	at java.management.rmi/javax.management.remote.rmi.RMIConnectionImpl.doPrivilegedOperation(RMIConnectionImpl.java:1405) ~[na:na]
	at java.management.rmi/javax.management.remote.rmi.RMIConnectionImpl.getAttribute(RMIConnectionImpl.java:639) ~[na:na]
	at java.base/jdk.internal.reflect.NativeMethodAccessorImpl.invoke0(Native Method) ~[na:na]
	at java.base/jdk.internal.reflect.NativeMethodAccessorImpl.invoke(NativeMethodAccessorImpl.java:77) ~[na:na]
	at java.base/jdk.internal.reflect.DelegatingMethodAccessorImpl.invoke(DelegatingMethodAccessorImpl.java:43) ~[na:na]
	at java.base/java.lang.reflect.Method.invoke(Method.java:568) ~[na:na]
	at java.rmi/sun.rmi.server.UnicastServerRef.dispatch(UnicastServerRef.java:360) ~[na:na]
	at java.rmi/sun.rmi.transport.Transport$1.run(Transport.java:200) ~[na:na]
	at java.rmi/sun.rmi.transport.Transport$1.run(Transport.java:197) ~[na:na]
	at java.base/java.security.AccessController.doPrivileged(AccessController.java:712) ~[na:na]
	at java.rmi/sun.rmi.transport.Transport.serviceCall(Transport.java:196) ~[na:na]
	at java.rmi/sun.rmi.transport.tcp.TCPTransport.handleMessages(TCPTransport.java:587) ~[na:na]
	at java.rmi/sun.rmi.transport.tcp.TCPTransport$ConnectionHandler.run0(TCPTransport.java:828) ~[na:na]
	at java.rmi/sun.rmi.transport.tcp.TCPTransport$ConnectionHandler.lambda$run$0(TCPTransport.java:705) ~[na:na]
	at java.base/java.security.AccessController.doPrivileged(AccessController.java:399) ~[na:na]
	at java.rmi/sun.rmi.transport.tcp.TCPTransport$ConnectionHandler.run(TCPTransport.java:704) ~[na:na]
	at java.base/java.util.concurrent.ThreadPoolExecutor.runWorker(ThreadPoolExecutor.java:1136) ~[na:na]
	at java.base/java.util.concurrent.ThreadPoolExecutor$Worker.run(ThreadPoolExecutor.java:635) ~[na:na]
	at java.base/java.lang.Thread.run(Thread.java:833) ~[na:na]

2024-10-18T18:59:07.633+03:00 DEBUG [,,] 14780 --- [RMI TCP Connection(3)-192.168.0.104] [                                                 ] sun.rmi.transport.tcp                    : RMI TCP Connection(3)-192.168.0.104: (port 53343) op = 82
2024-10-18T18:59:07.633+03:00 DEBUG [,,] 14780 --- [RMI TCP Connection(3)-192.168.0.104] [                                                 ] sun.rmi.transport.tcp                    : RMI TCP Connection(3)-192.168.0.104: (port 53343) op = 80
2024-10-18T18:59:07.633+03:00 DEBUG [,,] 14780 --- [RMI TCP Connection(3)-192.168.0.104] [                                                 ] javax.management.remote.rmi              : [javax.management.remote.rmi.RMIConnectionImpl@3a814a2: connectionId=rmi://192.168.0.104  6] closing.
2024-10-18T18:59:07.633+03:00 DEBUG [,,] 14780 --- [RMI TCP Connection(3)-192.168.0.104] [                                                 ] javax.management.remote.rmi              : [javax.management.remote.rmi.RMIConnectionImpl@3a814a2: connectionId=rmi://192.168.0.104  6] closed.
2024-10-18T18:59:07.634+03:00 DEBUG [,,] 14780 --- [main] [                                                 ] o.s.b.f.s.DefaultListableBeanFactory     : Autowiring by type from bean name 'parameterBuilder' via factory method to bean named 'propertyResolverUtils'
2024-10-18T18:59:07.634+03:00 DEBUG [,,] 14780 --- [main] [                                                 ] o.s.b.f.s.DefaultListableBeanFactory     : Autowiring by type from bean name 'parameterBuilder' via factory method to bean named 'springdocObjectMapperProvider'
2024-10-18T18:59:07.636+03:00 DEBUG [,,] 14780 --- [main] [                                                 ] o.s.b.f.s.DefaultListableBeanFactory     : Creating shared instance of singleton bean 'requestBodyBuilder'
2024-10-18T18:59:07.637+03:00 DEBUG [,,] 14780 --- [main] [                                                 ] o.s.b.f.s.DefaultListableBeanFactory     : Autowiring by type from bean name 'requestBodyBuilder' via factory method to bean named 'parameterBuilder'
2024-10-18T18:59:07.638+03:00 DEBUG [,,] 14780 --- [main] [                                                 ] o.s.b.f.s.DefaultListableBeanFactory     : Autowiring by type from bean name 'operationBuilder' via factory method to bean named 'parameterBuilder'
2024-10-18T18:59:07.638+03:00 DEBUG [,,] 14780 --- [main] [                                                 ] o.s.b.f.s.DefaultListableBeanFactory     : Autowiring by type from bean name 'operationBuilder' via factory method to bean named 'requestBodyBuilder'
2024-10-18T18:59:07.638+03:00 DEBUG [,,] 14780 --- [main] [                                                 ] o.s.b.f.s.DefaultListableBeanFactory     : Autowiring by type from bean name 'operationBuilder' via factory method to bean named 'securityParser'
2024-10-18T18:59:07.638+03:00 DEBUG [,,] 14780 --- [main] [                                                 ] o.s.b.f.s.DefaultListableBeanFactory     : Autowiring by type from bean name 'operationBuilder' via factory method to bean named 'propertyResolverUtils'
2024-10-18T18:59:07.639+03:00 DEBUG [,,] 14780 --- [main] [                                                 ] o.s.b.f.s.DefaultListableBeanFactory     : Creating shared instance of singleton bean 'genericReturnTypeParser'
2024-10-18T18:59:07.640+03:00 DEBUG [,,] 14780 --- [main] [                                                 ] o.s.b.f.s.DefaultListableBeanFactory     : Creating shared instance of singleton bean 'springDocProviders'
2024-10-18T18:59:07.642+03:00 DEBUG [,,] 14780 --- [main] [                                                 ] o.s.b.f.s.DefaultListableBeanFactory     : Creating shared instance of singleton bean 'routerFunctionProvider'
2024-10-18T18:59:07.642+03:00 DEBUG [,,] 14780 --- [main] [                                                 ] o.s.b.f.s.DefaultListableBeanFactory     : Creating shared instance of singleton bean 'org.springdoc.webmvc.core.configuration.SpringDocWebMvcConfiguration$SpringDocWebMvcRouterConfiguration'
2024-10-18T18:59:07.643+03:00 DEBUG [,,] 14780 --- [main] [                                                 ] o.s.b.f.s.DefaultListableBeanFactory     : Autowiring by type from bean name 'springDocProviders' via factory method to bean named 'springdocObjectMapperProvider'
2024-10-18T18:59:07.644+03:00 DEBUG [,,] 14780 --- [main] [                                                 ] o.s.b.f.s.DefaultListableBeanFactory     : Creating shared instance of singleton bean 'springDocCustomizers'
2024-10-18T18:59:07.647+03:00 DEBUG [,,] 14780 --- [main] [                                                 ] o.s.b.f.s.DefaultListableBeanFactory     : Creating shared instance of singleton bean 'org.springdoc.core.configuration.SpringDocUIConfiguration'
2024-10-18T18:59:07.649+03:00 DEBUG [,,] 14780 --- [main] [                                                 ] o.s.b.f.s.DefaultListableBeanFactory     : Creating shared instance of singleton bean 'org.springdoc.webmvc.core.configuration.SpringDocWebMvcConfiguration$SpringDocWebMvcActuatorConfiguration'
2024-10-18T18:59:07.650+03:00 DEBUG [,,] 14780 --- [main] [                                                 ] o.s.b.f.s.DefaultListableBeanFactory     : Creating shared instance of singleton bean 'openApiResource'
2024-10-18T18:59:07.651+03:00 DEBUG [,,] 14780 --- [main] [                                                 ] o.s.b.f.s.DefaultListableBeanFactory     : Creating shared instance of singleton bean 'requestBuilder'
2024-10-18T18:59:07.652+03:00 DEBUG [,,] 14780 --- [main] [                                                 ] o.s.b.f.s.DefaultListableBeanFactory     : Autowiring by type from bean name 'requestBuilder' via factory method to bean named 'parameterBuilder'
2024-10-18T18:59:07.652+03:00 DEBUG [,,] 14780 --- [main] [                                                 ] o.s.b.f.s.DefaultListableBeanFactory     : Autowiring by type from bean name 'requestBuilder' via factory method to bean named 'requestBodyBuilder'
2024-10-18T18:59:07.652+03:00 DEBUG [,,] 14780 --- [main] [                                                 ] o.s.b.f.s.DefaultListableBeanFactory     : Autowiring by type from bean name 'requestBuilder' via factory method to bean named 'operationBuilder'
2024-10-18T18:59:07.652+03:00 DEBUG [,,] 14780 --- [main] [                                                 ] o.s.b.f.s.DefaultListableBeanFactory     : Autowiring by type from bean name 'requestBuilder' via factory method to bean named 'localSpringDocParameterNameDiscoverer'
2024-10-18T18:59:07.654+03:00 DEBUG [,,] 14780 --- [main] [                                                 ] o.s.b.f.s.DefaultListableBeanFactory     : Creating shared instance of singleton bean 'responseBuilder'
2024-10-18T18:59:07.655+03:00 DEBUG [,,] 14780 --- [main] [                                                 ] o.s.b.f.s.DefaultListableBeanFactory     : Autowiring by type from bean name 'responseBuilder' via factory method to bean named 'operationBuilder'
2024-10-18T18:59:07.655+03:00 DEBUG [,,] 14780 --- [main] [                                                 ] o.s.b.f.s.DefaultListableBeanFactory     : Autowiring by type from bean name 'responseBuilder' via factory method to bean named 'genericReturnTypeParser'
2024-10-18T18:59:07.655+03:00 DEBUG [,,] 14780 --- [main] [                                                 ] o.s.b.f.s.DefaultListableBeanFactory     : Autowiring by type from bean name 'responseBuilder' via factory method to bean named 'org.springdoc.core.properties.SpringDocConfigProperties'
2024-10-18T18:59:07.655+03:00 DEBUG [,,] 14780 --- [main] [                                                 ] o.s.b.f.s.DefaultListableBeanFactory     : Autowiring by type from bean name 'responseBuilder' via factory method to bean named 'propertyResolverUtils'
2024-10-18T18:59:07.656+03:00 DEBUG [,,] 14780 --- [main] [                                                 ] o.s.b.f.s.DefaultListableBeanFactory     : Autowiring by type from bean name 'openApiResource' via factory method to bean named 'requestBuilder'
2024-10-18T18:59:07.657+03:00 DEBUG [,,] 14780 --- [main] [                                                 ] o.s.b.f.s.DefaultListableBeanFactory     : Autowiring by type from bean name 'openApiResource' via factory method to bean named 'responseBuilder'
2024-10-18T18:59:07.657+03:00 DEBUG [,,] 14780 --- [main] [                                                 ] o.s.b.f.s.DefaultListableBeanFactory     : Autowiring by type from bean name 'openApiResource' via factory method to bean named 'operationBuilder'
2024-10-18T18:59:07.657+03:00 DEBUG [,,] 14780 --- [main] [                                                 ] o.s.b.f.s.DefaultListableBeanFactory     : Autowiring by type from bean name 'openApiResource' via factory method to bean named 'org.springdoc.core.properties.SpringDocConfigProperties'
2024-10-18T18:59:07.657+03:00 DEBUG [,,] 14780 --- [main] [                                                 ] o.s.b.f.s.DefaultListableBeanFactory     : Autowiring by type from bean name 'openApiResource' via factory method to bean named 'springDocProviders'
2024-10-18T18:59:07.657+03:00 DEBUG [,,] 14780 --- [main] [                                                 ] o.s.b.f.s.DefaultListableBeanFactory     : Autowiring by type from bean name 'openApiResource' via factory method to bean named 'springDocCustomizers'
2024-10-18T18:59:07.661+03:00 DEBUG [,,] 14780 --- [main] [                                                 ] o.s.b.f.s.DefaultListableBeanFactory     : Creating shared instance of singleton bean 'swaggerConfigResource'
2024-10-18T18:59:07.661+03:00 DEBUG [,,] 14780 --- [main] [                                                 ] o.s.b.f.s.DefaultListableBeanFactory     : Autowiring by type from bean name 'swaggerConfigResource' via factory method to bean named 'swaggerWelcome'
2024-10-18T18:59:07.661+03:00 DEBUG [,,] 14780 --- [main] [                                                 ] o.s.b.f.s.DefaultListableBeanFactory     : Creating shared instance of singleton bean 'org.springframework.boot.actuate.autoconfigure.audit.AuditEventsEndpointAutoConfiguration'
2024-10-18T18:59:07.662+03:00 DEBUG [,,] 14780 --- [main] [                                                 ] o.s.b.f.s.DefaultListableBeanFactory     : Creating shared instance of singleton bean 'org.springframework.boot.autoconfigure.availability.ApplicationAvailabilityAutoConfiguration'
2024-10-18T18:59:07.662+03:00 DEBUG [,,] 14780 --- [main] [                                                 ] o.s.b.f.s.DefaultListableBeanFactory     : Creating shared instance of singleton bean 'applicationAvailability'
2024-10-18T18:59:07.664+03:00 DEBUG [,,] 14780 --- [main] [                                                 ] o.s.b.f.s.DefaultListableBeanFactory     : Creating shared instance of singleton bean 'org.springframework.boot.actuate.autoconfigure.availability.AvailabilityHealthContributorAutoConfiguration'
2024-10-18T18:59:07.665+03:00 DEBUG [,,] 14780 --- [main] [                                                 ] o.s.b.f.s.DefaultListableBeanFactory     : Creating shared instance of singleton bean 'org.springframework.boot.actuate.autoconfigure.beans.BeansEndpointAutoConfiguration'
2024-10-18T18:59:07.665+03:00 DEBUG [,,] 14780 --- [main] [                                                 ] o.s.b.f.s.DefaultListableBeanFactory     : Creating shared instance of singleton bean 'beansEndpoint'
2024-10-18T18:59:07.665+03:00 DEBUG [,,] 14780 --- [main] [                                                 ] o.s.b.f.s.DefaultListableBeanFactory     : Autowiring by type from bean name 'beansEndpoint' via factory method to bean named 'org.springframework.boot.web.servlet.context.AnnotationConfigServletWebServerApplicationContext@3a3e4aff'
2024-10-18T18:59:07.667+03:00 DEBUG [,,] 14780 --- [main] [                                                 ] o.s.b.f.s.DefaultListableBeanFactory     : Creating shared instance of singleton bean 'org.springframework.boot.autoconfigure.transaction.jta.JtaAutoConfiguration'
2024-10-18T18:59:07.667+03:00 DEBUG [,,] 14780 --- [main] [                                                 ] o.s.b.f.s.DefaultListableBeanFactory     : Creating shared instance of singleton bean 'org.springframework.boot.autoconfigure.jdbc.DataSourceJmxConfiguration$Hikari'
2024-10-18T18:59:07.668+03:00 DEBUG [,,] 14780 --- [main] [                                                 ] o.s.b.f.s.DefaultListableBeanFactory     : Autowiring by type from bean name 'org.springframework.boot.autoconfigure.jdbc.DataSourceJmxConfiguration$Hikari' via constructor to bean named 'dataSource'
2024-10-18T18:59:07.668+03:00 DEBUG [,,] 14780 --- [main] [                                                 ] o.s.b.f.s.DefaultListableBeanFactory     : Creating shared instance of singleton bean 'org.springframework.boot.autoconfigure.jdbc.DataSourceJmxConfiguration'
2024-10-18T18:59:07.668+03:00 DEBUG [,,] 14780 --- [main] [                                                 ] o.s.b.f.s.DefaultListableBeanFactory     : Creating shared instance of singleton bean 'org.springframework.boot.autoconfigure.jdbc.metadata.DataSourcePoolMetadataProvidersConfiguration'
2024-10-18T18:59:07.668+03:00 DEBUG [,,] 14780 --- [main] [                                                 ] o.s.b.f.s.DefaultListableBeanFactory     : Creating shared instance of singleton bean 'org.springframework.boot.autoconfigure.jdbc.DataSourceAutoConfiguration'
2024-10-18T18:59:07.669+03:00 DEBUG [,,] 14780 --- [main] [                                                 ] o.s.b.f.s.DefaultListableBeanFactory     : Creating shared instance of singleton bean 'org.springframework.boot.autoconfigure.transaction.TransactionManagerCustomizationAutoConfiguration'
2024-10-18T18:59:07.669+03:00 DEBUG [,,] 14780 --- [main] [                                                 ] o.s.b.f.s.DefaultListableBeanFactory     : Creating shared instance of singleton bean 'platformTransactionManagerCustomizers'
2024-10-18T18:59:07.670+03:00 DEBUG [,,] 14780 --- [main] [                                                 ] o.s.b.f.s.DefaultListableBeanFactory     : Creating shared instance of singleton bean 'transactionExecutionListeners'
2024-10-18T18:59:07.670+03:00 DEBUG [,,] 14780 --- [main] [                                                 ] o.s.b.f.s.DefaultListableBeanFactory     : Creating shared instance of singleton bean 'spring.transaction-org.springframework.boot.autoconfigure.transaction.TransactionProperties'
2024-10-18T18:59:07.672+03:00 DEBUG [,,] 14780 --- [main] [                                                 ] o.s.b.f.s.DefaultListableBeanFactory     : Creating shared instance of singleton bean 'org.springframework.boot.autoconfigure.orm.jpa.JpaBaseConfiguration$PersistenceManagedTypesConfiguration'
2024-10-18T18:59:07.673+03:00 DEBUG [,,] 14780 --- [main] [                                                 ] o.s.b.f.s.DefaultListableBeanFactory     : Creating shared instance of singleton bean 'transactionManager'
2024-10-18T18:59:07.679+03:00 DEBUG [,,] 14780 --- [main] [                                                 ] o.s.b.f.s.DefaultListableBeanFactory     : Creating shared instance of singleton bean 'org.springframework.boot.autoconfigure.orm.jpa.HibernateJpaAutoConfiguration'
2024-10-18T18:59:07.679+03:00 DEBUG [,,] 14780 --- [main] [                                                 ] o.s.b.f.s.DefaultListableBeanFactory     : Creating shared instance of singleton bean 'org.springframework.boot.actuate.autoconfigure.cache.CachesEndpointAutoConfiguration'
2024-10-18T18:59:07.680+03:00 DEBUG [,,] 14780 --- [main] [                                                 ] o.s.b.f.s.DefaultListableBeanFactory     : Creating shared instance of singleton bean 'cachesEndpoint'
2024-10-18T18:59:07.682+03:00 DEBUG [,,] 14780 --- [main] [                                                 ] o.s.b.f.s.DefaultListableBeanFactory     : Creating shared instance of singleton bean 'org.springframework.boot.actuate.autoconfigure.health.HealthEndpointConfiguration'
2024-10-18T18:59:07.683+03:00 DEBUG [,,] 14780 --- [main] [                                                 ] o.s.b.f.s.DefaultListableBeanFactory     : Creating shared instance of singleton bean 'healthStatusAggregator'
2024-10-18T18:59:07.683+03:00 DEBUG [,,] 14780 --- [main] [                                                 ] o.s.b.f.s.DefaultListableBeanFactory     : Creating shared instance of singleton bean 'management.endpoint.health-org.springframework.boot.actuate.autoconfigure.health.HealthEndpointProperties'
2024-10-18T18:59:07.685+03:00 DEBUG [,,] 14780 --- [main] [                                                 ] o.s.b.f.s.DefaultListableBeanFactory     : Autowiring by type from bean name 'healthStatusAggregator' via factory method to bean named 'management.endpoint.health-org.springframework.boot.actuate.autoconfigure.health.HealthEndpointProperties'
2024-10-18T18:59:07.687+03:00 DEBUG [,,] 14780 --- [main] [                                                 ] o.s.b.f.s.DefaultListableBeanFactory     : Creating shared instance of singleton bean 'healthHttpCodeStatusMapper'
2024-10-18T18:59:07.687+03:00 DEBUG [,,] 14780 --- [main] [                                                 ] o.s.b.f.s.DefaultListableBeanFactory     : Autowiring by type from bean name 'healthHttpCodeStatusMapper' via factory method to bean named 'management.endpoint.health-org.springframework.boot.actuate.autoconfigure.health.HealthEndpointProperties'
2024-10-18T18:59:07.688+03:00 DEBUG [,,] 14780 --- [main] [                                                 ] o.s.b.f.s.DefaultListableBeanFactory     : Creating shared instance of singleton bean 'healthEndpointGroups'
2024-10-18T18:59:07.688+03:00 DEBUG [,,] 14780 --- [main] [                                                 ] o.s.b.f.s.DefaultListableBeanFactory     : Autowiring by type from bean name 'healthEndpointGroups' via factory method to bean named 'org.springframework.boot.web.servlet.context.AnnotationConfigServletWebServerApplicationContext@3a3e4aff'
2024-10-18T18:59:07.688+03:00 DEBUG [,,] 14780 --- [main] [                                                 ] o.s.b.f.s.DefaultListableBeanFactory     : Autowiring by type from bean name 'healthEndpointGroups' via factory method to bean named 'management.endpoint.health-org.springframework.boot.actuate.autoconfigure.health.HealthEndpointProperties'
2024-10-18T18:59:07.693+03:00 DEBUG [,,] 14780 --- [main] [                                                 ] o.s.b.f.s.DefaultListableBeanFactory     : Creating shared instance of singleton bean 'healthContributorRegistry'
2024-10-18T18:59:07.694+03:00 DEBUG [,,] 14780 --- [main] [                                                 ] o.s.b.f.s.DefaultListableBeanFactory     : Creating shared instance of singleton bean 'diskSpaceHealthIndicator'
2024-10-18T18:59:07.694+03:00 DEBUG [,,] 14780 --- [main] [                                                 ] o.s.b.f.s.DefaultListableBeanFactory     : Creating shared instance of singleton bean 'org.springframework.boot.actuate.autoconfigure.system.DiskSpaceHealthContributorAutoConfiguration'
2024-10-18T18:59:07.695+03:00 DEBUG [,,] 14780 --- [main] [                                                 ] o.s.b.f.s.DefaultListableBeanFactory     : Creating shared instance of singleton bean 'management.health.diskspace-org.springframework.boot.actuate.autoconfigure.system.DiskSpaceHealthIndicatorProperties'
2024-10-18T18:59:07.696+03:00 DEBUG [,,] 14780 --- [main] [                                                 ] o.s.b.f.s.DefaultListableBeanFactory     : Autowiring by type from bean name 'diskSpaceHealthIndicator' via factory method to bean named 'management.health.diskspace-org.springframework.boot.actuate.autoconfigure.system.DiskSpaceHealthIndicatorProperties'
2024-10-18T18:59:07.697+03:00 DEBUG [,,] 14780 --- [main] [                                                 ] o.s.b.f.s.DefaultListableBeanFactory     : Creating shared instance of singleton bean 'pingHealthContributor'
2024-10-18T18:59:07.698+03:00 DEBUG [,,] 14780 --- [main] [                                                 ] o.s.b.f.s.DefaultListableBeanFactory     : Creating shared instance of singleton bean 'org.springframework.boot.actuate.autoconfigure.health.HealthContributorAutoConfiguration'
2024-10-18T18:59:07.698+03:00 DEBUG [,,] 14780 --- [main] [                                                 ] o.s.b.f.s.DefaultListableBeanFactory     : Creating shared instance of singleton bean 'dbHealthContributor'
2024-10-18T18:59:07.698+03:00 DEBUG [,,] 14780 --- [main] [                                                 ] o.s.b.f.s.DefaultListableBeanFactory     : Creating shared instance of singleton bean 'org.springframework.boot.actuate.autoconfigure.jdbc.DataSourceHealthContributorAutoConfiguration'
2024-10-18T18:59:07.700+03:00 DEBUG [,,] 14780 --- [main] [                                                 ] o.s.b.f.s.DefaultListableBeanFactory     : Creating shared instance of singleton bean 'management.health.db-org.springframework.boot.actuate.autoconfigure.jdbc.DataSourceHealthIndicatorProperties'
2024-10-18T18:59:07.700+03:00 DEBUG [,,] 14780 --- [main] [                                                 ] o.s.b.f.s.DefaultListableBeanFactory     : Autowiring by type from bean name 'dbHealthContributor' via factory method to bean named 'dataSource'
2024-10-18T18:59:07.700+03:00 DEBUG [,,] 14780 --- [main] [                                                 ] o.s.b.f.s.DefaultListableBeanFactory     : Autowiring by type from bean name 'dbHealthContributor' via factory method to bean named 'management.health.db-org.springframework.boot.actuate.autoconfigure.jdbc.DataSourceHealthIndicatorProperties'
2024-10-18T18:59:07.703+03:00 DEBUG [,,] 14780 --- [main] [                                                 ] o.s.b.f.s.DefaultListableBeanFactory     : Autowiring by type from bean name 'healthContributorRegistry' via factory method to bean named 'org.springframework.boot.web.servlet.context.AnnotationConfigServletWebServerApplicationContext@3a3e4aff'
2024-10-18T18:59:07.703+03:00 DEBUG [,,] 14780 --- [main] [                                                 ] o.s.b.f.s.DefaultListableBeanFactory     : Autowiring by type from bean name 'healthContributorRegistry' via factory method to bean named 'healthEndpointGroups'
2024-10-18T18:59:07.704+03:00 DEBUG [,,] 14780 --- [main] [                                                 ] o.s.b.f.s.DefaultListableBeanFactory     : Autowiring by type from bean name 'healthContributorRegistry' via factory method to bean named 'diskSpaceHealthIndicator'
2024-10-18T18:59:07.704+03:00 DEBUG [,,] 14780 --- [main] [                                                 ] o.s.b.f.s.DefaultListableBeanFactory     : Autowiring by type from bean name 'healthContributorRegistry' via factory method to bean named 'pingHealthContributor'
2024-10-18T18:59:07.704+03:00 DEBUG [,,] 14780 --- [main] [                                                 ] o.s.b.f.s.DefaultListableBeanFactory     : Autowiring by type from bean name 'healthContributorRegistry' via factory method to bean named 'dbHealthContributor'
2024-10-18T18:59:07.706+03:00 DEBUG [,,] 14780 --- [main] [                                                 ] o.s.b.f.s.DefaultListableBeanFactory     : Creating shared instance of singleton bean 'healthEndpointGroupMembershipValidator'
2024-10-18T18:59:07.707+03:00 DEBUG [,,] 14780 --- [main] [                                                 ] o.s.b.f.s.DefaultListableBeanFactory     : Autowiring by type from bean name 'healthEndpointGroupMembershipValidator' via factory method to bean named 'management.endpoint.health-org.springframework.boot.actuate.autoconfigure.health.HealthEndpointProperties'
2024-10-18T18:59:07.707+03:00 DEBUG [,,] 14780 --- [main] [                                                 ] o.s.b.f.s.DefaultListableBeanFactory     : Autowiring by type from bean name 'healthEndpointGroupMembershipValidator' via factory method to bean named 'healthContributorRegistry'
2024-10-18T18:59:07.708+03:00 DEBUG [,,] 14780 --- [main] [                                                 ] o.s.b.f.s.DefaultListableBeanFactory     : Creating shared instance of singleton bean 'healthEndpoint'
2024-10-18T18:59:07.708+03:00 DEBUG [,,] 14780 --- [main] [                                                 ] o.s.b.f.s.DefaultListableBeanFactory     : Autowiring by type from bean name 'healthEndpoint' via factory method to bean named 'healthContributorRegistry'
2024-10-18T18:59:07.708+03:00 DEBUG [,,] 14780 --- [main] [                                                 ] o.s.b.f.s.DefaultListableBeanFactory     : Autowiring by type from bean name 'healthEndpoint' via factory method to bean named 'healthEndpointGroups'
2024-10-18T18:59:07.708+03:00 DEBUG [,,] 14780 --- [main] [                                                 ] o.s.b.f.s.DefaultListableBeanFactory     : Autowiring by type from bean name 'healthEndpoint' via factory method to bean named 'management.endpoint.health-org.springframework.boot.actuate.autoconfigure.health.HealthEndpointProperties'
2024-10-18T18:59:07.710+03:00 DEBUG [,,] 14780 --- [main] [                                                 ] o.s.b.f.s.DefaultListableBeanFactory     : Creating shared instance of singleton bean 'org.springframework.boot.actuate.autoconfigure.health.HealthEndpointWebExtensionConfiguration$MvcAdditionalHealthEndpointPathsConfiguration'
2024-10-18T18:59:07.711+03:00 DEBUG [,,] 14780 --- [main] [                                                 ] o.s.b.f.s.DefaultListableBeanFactory     : Creating shared instance of singleton bean 'healthEndpointWebMvcHandlerMapping'
2024-10-18T18:59:07.711+03:00 DEBUG [,,] 14780 --- [main] [                                                 ] o.s.b.f.s.DefaultListableBeanFactory     : Creating shared instance of singleton bean 'webEndpointDiscoverer'
2024-10-18T18:59:07.711+03:00 DEBUG [,,] 14780 --- [main] [                                                 ] o.s.b.f.s.DefaultListableBeanFactory     : Creating shared instance of singleton bean 'endpointOperationParameterMapper'
2024-10-18T18:59:07.711+03:00 DEBUG [,,] 14780 --- [main] [                                                 ] o.s.b.f.s.DefaultListableBeanFactory     : Creating shared instance of singleton bean 'org.springframework.boot.actuate.autoconfigure.endpoint.EndpointAutoConfiguration'
2024-10-18T18:59:07.714+03:00 DEBUG [,,] 14780 --- [main] [                                                 ] o.s.b.f.s.DefaultListableBeanFactory     : Creating shared instance of singleton bean 'endpointMediaTypes'
2024-10-18T18:59:07.715+03:00 DEBUG [,,] 14780 --- [main] [                                                 ] o.s.b.f.s.DefaultListableBeanFactory     : Autowiring by type from bean name 'webEndpointDiscoverer' via factory method to bean named 'endpointOperationParameterMapper'
2024-10-18T18:59:07.715+03:00 DEBUG [,,] 14780 --- [main] [                                                 ] o.s.b.f.s.DefaultListableBeanFactory     : Autowiring by type from bean name 'webEndpointDiscoverer' via factory method to bean named 'endpointMediaTypes'
2024-10-18T18:59:07.715+03:00 DEBUG [,,] 14780 --- [main] [                                                 ] o.s.b.f.s.DefaultListableBeanFactory     : Creating shared instance of singleton bean 'endpointCachingOperationInvokerAdvisor'
2024-10-18T18:59:07.716+03:00 DEBUG [,,] 14780 --- [main] [                                                 ] o.s.b.f.s.DefaultListableBeanFactory     : Autowiring by type from bean name 'endpointCachingOperationInvokerAdvisor' via factory method to bean named 'environment'
2024-10-18T18:59:07.717+03:00 DEBUG [,,] 14780 --- [main] [                                                 ] o.s.b.f.s.DefaultListableBeanFactory     : Creating shared instance of singleton bean 'webExposeExcludePropertyEndpointFilter'
2024-10-18T18:59:07.719+03:00 DEBUG [,,] 14780 --- [main] [                                                 ] o.s.b.f.s.DefaultListableBeanFactory     : Autowiring by type from bean name 'healthEndpointWebMvcHandlerMapping' via factory method to bean named 'webEndpointDiscoverer'
2024-10-18T18:59:07.719+03:00 DEBUG [,,] 14780 --- [main] [                                                 ] o.s.b.f.s.DefaultListableBeanFactory     : Autowiring by type from bean name 'healthEndpointWebMvcHandlerMapping' via factory method to bean named 'healthEndpointGroups'
2024-10-18T18:59:07.731+03:00 DEBUG [,,] 14780 --- [main] [                                                 ] o.s.b.f.s.DefaultListableBeanFactory     : Creating shared instance of singleton bean 'healthEndpointWebExtension'
2024-10-18T18:59:07.731+03:00 DEBUG [,,] 14780 --- [main] [                                                 ] o.s.b.f.s.DefaultListableBeanFactory     : Creating shared instance of singleton bean 'org.springframework.boot.actuate.autoconfigure.health.HealthEndpointWebExtensionConfiguration'
2024-10-18T18:59:07.731+03:00 DEBUG [,,] 14780 --- [main] [                                                 ] o.s.b.f.s.DefaultListableBeanFactory     : Autowiring by type from bean name 'healthEndpointWebExtension' via factory method to bean named 'healthContributorRegistry'
2024-10-18T18:59:07.731+03:00 DEBUG [,,] 14780 --- [main] [                                                 ] o.s.b.f.s.DefaultListableBeanFactory     : Autowiring by type from bean name 'healthEndpointWebExtension' via factory method to bean named 'healthEndpointGroups'
2024-10-18T18:59:07.731+03:00 DEBUG [,,] 14780 --- [main] [                                                 ] o.s.b.f.s.DefaultListableBeanFactory     : Autowiring by type from bean name 'healthEndpointWebExtension' via factory method to bean named 'management.endpoint.health-org.springframework.boot.actuate.autoconfigure.health.HealthEndpointProperties'
2024-10-18T18:59:07.733+03:00 DEBUG [,,] 14780 --- [main] [                                                 ] o.s.b.f.s.DefaultListableBeanFactory     : Creating shared instance of singleton bean 'infoEndpoint'
2024-10-18T18:59:07.733+03:00 DEBUG [,,] 14780 --- [main] [                                                 ] o.s.b.f.s.DefaultListableBeanFactory     : Creating shared instance of singleton bean 'org.springframework.boot.actuate.autoconfigure.info.InfoEndpointAutoConfiguration'
2024-10-18T18:59:07.735+03:00 DEBUG [,,] 14780 --- [main] [                                                 ] o.s.b.f.s.DefaultListableBeanFactory     : Creating shared instance of singleton bean 'conditionsReportEndpoint'
2024-10-18T18:59:07.735+03:00 DEBUG [,,] 14780 --- [main] [                                                 ] o.s.b.f.s.DefaultListableBeanFactory     : Creating shared instance of singleton bean 'org.springframework.boot.actuate.autoconfigure.condition.ConditionsReportEndpointAutoConfiguration'
2024-10-18T18:59:07.735+03:00 DEBUG [,,] 14780 --- [main] [                                                 ] o.s.b.f.s.DefaultListableBeanFactory     : Autowiring by type from bean name 'conditionsReportEndpoint' via factory method to bean named 'org.springframework.boot.web.servlet.context.AnnotationConfigServletWebServerApplicationContext@3a3e4aff'
2024-10-18T18:59:07.736+03:00 DEBUG [,,] 14780 --- [main] [                                                 ] o.s.b.f.s.DefaultListableBeanFactory     : Creating shared instance of singleton bean 'configurationPropertiesReportEndpoint'
2024-10-18T18:59:07.736+03:00 DEBUG [,,] 14780 --- [main] [                                                 ] o.s.b.f.s.DefaultListableBeanFactory     : Creating shared instance of singleton bean 'org.springframework.boot.actuate.autoconfigure.context.properties.ConfigurationPropertiesReportEndpointAutoConfiguration'
2024-10-18T18:59:07.737+03:00 DEBUG [,,] 14780 --- [main] [                                                 ] o.s.b.f.s.DefaultListableBeanFactory     : Creating shared instance of singleton bean 'management.endpoint.configprops-org.springframework.boot.actuate.autoconfigure.context.properties.ConfigurationPropertiesReportEndpointProperties'
2024-10-18T18:59:07.737+03:00 DEBUG [,,] 14780 --- [main] [                                                 ] o.s.b.f.s.DefaultListableBeanFactory     : Autowiring by type from bean name 'configurationPropertiesReportEndpoint' via factory method to bean named 'management.endpoint.configprops-org.springframework.boot.actuate.autoconfigure.context.properties.ConfigurationPropertiesReportEndpointProperties'
2024-10-18T18:59:07.742+03:00 DEBUG [,,] 14780 --- [main] [                                                 ] o.s.b.f.s.DefaultListableBeanFactory     : Creating shared instance of singleton bean 'environmentEndpoint'
2024-10-18T18:59:07.742+03:00 DEBUG [,,] 14780 --- [main] [                                                 ] o.s.b.f.s.DefaultListableBeanFactory     : Creating shared instance of singleton bean 'org.springframework.boot.actuate.autoconfigure.env.EnvironmentEndpointAutoConfiguration'
2024-10-18T18:59:07.743+03:00 DEBUG [,,] 14780 --- [main] [                                                 ] o.s.b.f.s.DefaultListableBeanFactory     : Creating shared instance of singleton bean 'management.endpoint.env-org.springframework.boot.actuate.autoconfigure.env.EnvironmentEndpointProperties'
2024-10-18T18:59:07.743+03:00 DEBUG [,,] 14780 --- [main] [                                                 ] o.s.b.f.s.DefaultListableBeanFactory     : Autowiring by type from bean name 'environmentEndpoint' via factory method to bean named 'environment'
2024-10-18T18:59:07.743+03:00 DEBUG [,,] 14780 --- [main] [                                                 ] o.s.b.f.s.DefaultListableBeanFactory     : Autowiring by type from bean name 'environmentEndpoint' via factory method to bean named 'management.endpoint.env-org.springframework.boot.actuate.autoconfigure.env.EnvironmentEndpointProperties'
2024-10-18T18:59:07.745+03:00 DEBUG [,,] 14780 --- [main] [                                                 ] o.s.b.f.s.DefaultListableBeanFactory     : Creating shared instance of singleton bean 'logFileWebEndpoint'
2024-10-18T18:59:07.745+03:00 DEBUG [,,] 14780 --- [main] [                                                 ] o.s.b.f.s.DefaultListableBeanFactory     : Creating shared instance of singleton bean 'org.springframework.boot.actuate.autoconfigure.logging.LogFileWebEndpointAutoConfiguration'
2024-10-18T18:59:07.746+03:00 DEBUG [,,] 14780 --- [main] [                                                 ] o.s.b.f.s.DefaultListableBeanFactory     : Creating shared instance of singleton bean 'management.endpoint.logfile-org.springframework.boot.actuate.autoconfigure.logging.LogFileWebEndpointProperties'
2024-10-18T18:59:07.746+03:00 DEBUG [,,] 14780 --- [main] [                                                 ] o.s.b.f.s.DefaultListableBeanFactory     : Autowiring by type from bean name 'logFileWebEndpoint' via factory method to bean named 'management.endpoint.logfile-org.springframework.boot.actuate.autoconfigure.logging.LogFileWebEndpointProperties'
2024-10-18T18:59:07.747+03:00 DEBUG [,,] 14780 --- [main] [                                                 ] o.s.b.f.s.DefaultListableBeanFactory     : Creating shared instance of singleton bean 'loggersEndpoint'
2024-10-18T18:59:07.747+03:00 DEBUG [,,] 14780 --- [main] [                                                 ] o.s.b.f.s.DefaultListableBeanFactory     : Creating shared instance of singleton bean 'org.springframework.boot.actuate.autoconfigure.logging.LoggersEndpointAutoConfiguration'
2024-10-18T18:59:07.748+03:00 DEBUG [,,] 14780 --- [main] [                                                 ] o.s.b.f.s.DefaultListableBeanFactory     : Autowiring by type from bean name 'loggersEndpoint' via factory method to bean named 'springBootLoggingSystem'
2024-10-18T18:59:07.749+03:00 DEBUG [,,] 14780 --- [main] [                                                 ] o.s.b.f.s.DefaultListableBeanFactory     : Creating shared instance of singleton bean 'heapDumpWebEndpoint'
2024-10-18T18:59:07.749+03:00 DEBUG [,,] 14780 --- [main] [                                                 ] o.s.b.f.s.DefaultListableBeanFactory     : Creating shared instance of singleton bean 'org.springframework.boot.actuate.autoconfigure.management.HeapDumpWebEndpointAutoConfiguration'
2024-10-18T18:59:07.750+03:00 DEBUG [,,] 14780 --- [main] [                                                 ] o.s.b.f.s.DefaultListableBeanFactory     : Creating shared instance of singleton bean 'dumpEndpoint'
2024-10-18T18:59:07.750+03:00 DEBUG [,,] 14780 --- [main] [                                                 ] o.s.b.f.s.DefaultListableBeanFactory     : Creating shared instance of singleton bean 'org.springframework.boot.actuate.autoconfigure.management.ThreadDumpEndpointAutoConfiguration'
2024-10-18T18:59:07.751+03:00 DEBUG [,,] 14780 --- [main] [                                                 ] o.s.b.f.s.DefaultListableBeanFactory     : Creating shared instance of singleton bean 'prometheusEndpoint'
2024-10-18T18:59:07.752+03:00 DEBUG [,,] 14780 --- [main] [                                                 ] o.s.b.f.s.DefaultListableBeanFactory     : Creating shared instance of singleton bean 'org.springframework.boot.actuate.autoconfigure.metrics.export.prometheus.PrometheusMetricsExportAutoConfiguration$PrometheusScrapeEndpointConfiguration'
2024-10-18T18:59:07.752+03:00 DEBUG [,,] 14780 --- [main] [                                                 ] o.s.b.f.s.DefaultListableBeanFactory     : Autowiring by type from bean name 'prometheusEndpoint' via factory method to bean named 'prometheusRegistry'
2024-10-18T18:59:07.752+03:00 DEBUG [,,] 14780 --- [main] [                                                 ] o.s.b.f.s.DefaultListableBeanFactory     : Autowiring by type from bean name 'prometheusEndpoint' via factory method to bean named 'prometheusConfig'
2024-10-18T18:59:07.754+03:00 DEBUG [,,] 14780 --- [main] [                                                 ] o.s.b.f.s.DefaultListableBeanFactory     : Creating shared instance of singleton bean 'metricsEndpoint'
2024-10-18T18:59:07.754+03:00 DEBUG [,,] 14780 --- [main] [                                                 ] o.s.b.f.s.DefaultListableBeanFactory     : Creating shared instance of singleton bean 'org.springframework.boot.actuate.autoconfigure.metrics.MetricsEndpointAutoConfiguration'
2024-10-18T18:59:07.754+03:00 DEBUG [,,] 14780 --- [main] [                                                 ] o.s.b.f.s.DefaultListableBeanFactory     : Autowiring by type from bean name 'metricsEndpoint' via factory method to bean named 'prometheusMeterRegistry'
2024-10-18T18:59:07.756+03:00 DEBUG [,,] 14780 --- [main] [                                                 ] o.s.b.f.s.DefaultListableBeanFactory     : Creating shared instance of singleton bean 'sbomEndpoint'
2024-10-18T18:59:07.756+03:00 DEBUG [,,] 14780 --- [main] [                                                 ] o.s.b.f.s.DefaultListableBeanFactory     : Creating shared instance of singleton bean 'org.springframework.boot.actuate.autoconfigure.sbom.SbomEndpointAutoConfiguration'
2024-10-18T18:59:07.756+03:00 DEBUG [,,] 14780 --- [main] [                                                 ] o.s.b.f.s.DefaultListableBeanFactory     : Creating shared instance of singleton bean 'management.endpoint.sbom-org.springframework.boot.actuate.sbom.SbomProperties'
2024-10-18T18:59:07.757+03:00 DEBUG [,,] 14780 --- [main] [                                                 ] o.s.b.f.s.DefaultListableBeanFactory     : Autowiring by type from bean name 'org.springframework.boot.actuate.autoconfigure.sbom.SbomEndpointAutoConfiguration' via constructor to bean named 'management.endpoint.sbom-org.springframework.boot.actuate.sbom.SbomProperties'
2024-10-18T18:59:07.758+03:00 DEBUG [,,] 14780 --- [main] [                                                 ] o.s.b.f.s.DefaultListableBeanFactory     : Autowiring by type from bean name 'sbomEndpoint' via factory method to bean named 'org.springframework.boot.web.servlet.context.AnnotationConfigServletWebServerApplicationContext@3a3e4aff'
2024-10-18T18:59:07.759+03:00 DEBUG [,,] 14780 --- [main] [                                                 ] o.s.b.f.s.DefaultListableBeanFactory     : Creating shared instance of singleton bean 'scheduledTasksEndpoint'
2024-10-18T18:59:07.759+03:00 DEBUG [,,] 14780 --- [main] [                                                 ] o.s.b.f.s.DefaultListableBeanFactory     : Creating shared instance of singleton bean 'org.springframework.boot.actuate.autoconfigure.scheduling.ScheduledTasksEndpointAutoConfiguration'
2024-10-18T18:59:07.760+03:00 DEBUG [,,] 14780 --- [main] [                                                 ] o.s.b.f.s.DefaultListableBeanFactory     : Creating shared instance of singleton bean 'mappingsEndpoint'
2024-10-18T18:59:07.760+03:00 DEBUG [,,] 14780 --- [main] [                                                 ] o.s.b.f.s.DefaultListableBeanFactory     : Creating shared instance of singleton bean 'org.springframework.boot.actuate.autoconfigure.web.mappings.MappingsEndpointAutoConfiguration'
2024-10-18T18:59:07.761+03:00 DEBUG [,,] 14780 --- [main] [                                                 ] o.s.b.f.s.DefaultListableBeanFactory     : Autowiring by type from bean name 'mappingsEndpoint' via factory method to bean named 'org.springframework.boot.web.servlet.context.AnnotationConfigServletWebServerApplicationContext@3a3e4aff'
2024-10-18T18:59:07.761+03:00 DEBUG [,,] 14780 --- [main] [                                                 ] o.s.b.f.s.DefaultListableBeanFactory     : Creating shared instance of singleton bean 'dispatcherServletMappingDescriptionProvider'
2024-10-18T18:59:07.761+03:00 DEBUG [,,] 14780 --- [main] [                                                 ] o.s.b.f.s.DefaultListableBeanFactory     : Creating shared instance of singleton bean 'org.springframework.boot.actuate.autoconfigure.web.mappings.MappingsEndpointAutoConfiguration$ServletWebConfiguration$SpringMvcConfiguration'
2024-10-18T18:59:07.763+03:00 DEBUG [,,] 14780 --- [main] [                                                 ] o.s.b.f.s.DefaultListableBeanFactory     : Creating shared instance of singleton bean 'servletMappingDescriptionProvider'
2024-10-18T18:59:07.763+03:00 DEBUG [,,] 14780 --- [main] [                                                 ] o.s.b.f.s.DefaultListableBeanFactory     : Creating shared instance of singleton bean 'org.springframework.boot.actuate.autoconfigure.web.mappings.MappingsEndpointAutoConfiguration$ServletWebConfiguration'
2024-10-18T18:59:07.763+03:00 DEBUG [,,] 14780 --- [main] [                                                 ] o.s.b.f.s.DefaultListableBeanFactory     : Creating shared instance of singleton bean 'filterMappingDescriptionProvider'
2024-10-18T18:59:07.770+03:00 DEBUG [,,] 14780 --- [main] [                                                 ] o.s.b.f.s.DefaultListableBeanFactory     : Creating shared instance of singleton bean 'org.springframework.boot.actuate.autoconfigure.health.HealthEndpointAutoConfiguration'
2024-10-18T18:59:07.771+03:00 DEBUG [,,] 14780 --- [main] [                                                 ] o.s.b.f.s.DefaultListableBeanFactory     : Creating shared instance of singleton bean 'org.springframework.boot.autoconfigure.info.ProjectInfoAutoConfiguration'
2024-10-18T18:59:07.771+03:00 DEBUG [,,] 14780 --- [main] [                                                 ] o.s.b.f.s.DefaultListableBeanFactory     : Creating shared instance of singleton bean 'spring.info-org.springframework.boot.autoconfigure.info.ProjectInfoProperties'
2024-10-18T18:59:07.772+03:00 DEBUG [,,] 14780 --- [main] [                                                 ] o.s.b.f.s.DefaultListableBeanFactory     : Autowiring by type from bean name 'org.springframework.boot.autoconfigure.info.ProjectInfoAutoConfiguration' via constructor to bean named 'spring.info-org.springframework.boot.autoconfigure.info.ProjectInfoProperties'
2024-10-18T18:59:07.773+03:00 DEBUG [,,] 14780 --- [main] [                                                 ] o.s.b.f.s.DefaultListableBeanFactory     : Creating shared instance of singleton bean 'org.springframework.boot.actuate.autoconfigure.info.InfoContributorAutoConfiguration'
2024-10-18T18:59:07.774+03:00 DEBUG [,,] 14780 --- [main] [                                                 ] o.s.b.f.s.DefaultListableBeanFactory     : Creating shared instance of singleton bean 'management.info-org.springframework.boot.actuate.autoconfigure.info.InfoContributorProperties'
2024-10-18T18:59:07.775+03:00 DEBUG [,,] 14780 --- [main] [                                                 ] o.s.b.f.s.DefaultListableBeanFactory     : Creating shared instance of singleton bean 'org.springframework.boot.actuate.autoconfigure.web.servlet.ServletManagementContextAutoConfiguration'
2024-10-18T18:59:07.775+03:00 DEBUG [,,] 14780 --- [main] [                                                 ] o.s.b.f.s.DefaultListableBeanFactory     : Creating shared instance of singleton bean 'servletWebChildContextFactory'
2024-10-18T18:59:07.776+03:00 DEBUG [,,] 14780 --- [main] [                                                 ] o.s.b.f.s.DefaultListableBeanFactory     : Creating shared instance of singleton bean 'managementServletContext'
2024-10-18T18:59:07.776+03:00 DEBUG [,,] 14780 --- [main] [                                                 ] o.s.b.f.s.DefaultListableBeanFactory     : Autowiring by type from bean name 'managementServletContext' via factory method to bean named 'management.endpoints.web-org.springframework.boot.actuate.autoconfigure.endpoint.web.WebEndpointProperties'
2024-10-18T18:59:07.777+03:00 DEBUG [,,] 14780 --- [main] [                                                 ] o.s.b.f.s.DefaultListableBeanFactory     : Creating shared instance of singleton bean 'org.springframework.boot.autoconfigure.jmx.JmxAutoConfiguration'
2024-10-18T18:59:07.777+03:00 DEBUG [,,] 14780 --- [main] [                                                 ] o.s.b.f.s.DefaultListableBeanFactory     : Creating shared instance of singleton bean 'spring.jmx-org.springframework.boot.autoconfigure.jmx.JmxProperties'
2024-10-18T18:59:07.778+03:00 DEBUG [,,] 14780 --- [main] [                                                 ] o.s.b.f.s.DefaultListableBeanFactory     : Autowiring by type from bean name 'org.springframework.boot.autoconfigure.jmx.JmxAutoConfiguration' via constructor to bean named 'spring.jmx-org.springframework.boot.autoconfigure.jmx.JmxProperties'
2024-10-18T18:59:07.779+03:00 DEBUG [,,] 14780 --- [main] [                                                 ] o.s.b.f.s.DefaultListableBeanFactory     : Creating shared instance of singleton bean 'mbeanExporter'
2024-10-18T18:59:07.779+03:00 DEBUG [,,] 14780 --- [main] [                                                 ] o.s.b.f.s.DefaultListableBeanFactory     : Creating shared instance of singleton bean 'objectNamingStrategy'
2024-10-18T18:59:07.780+03:00 DEBUG [,,] 14780 --- [main] [                                                 ] o.s.b.f.s.DefaultListableBeanFactory     : Autowiring by type from bean name 'mbeanExporter' via factory method to bean named 'objectNamingStrategy'
2024-10-18T18:59:07.781+03:00 DEBUG [,,] 14780 --- [main] [                                                 ] o.s.b.f.s.DefaultListableBeanFactory     : Autowiring by type from bean name 'mbeanExporter' via factory method to bean named 'org.springframework.beans.factory.support.DefaultListableBeanFactory@49f5c307'
2024-10-18T18:59:07.783+03:00 DEBUG [,,] 14780 --- [main] [                                                 ] o.s.b.f.s.DefaultListableBeanFactory     : Creating shared instance of singleton bean 'mbeanServer'
2024-10-18T18:59:07.784+03:00 DEBUG [,,] 14780 --- [main] [                                                 ] o.springframework.jmx.support.JmxUtils   : Found MBeanServer: com.sun.jmx.mbeanserver.JmxMBeanServer@5c0369c4
2024-10-18T18:59:07.793+03:00 DEBUG [,,] 14780 --- [main] [                                                 ] o.s.b.f.s.DefaultListableBeanFactory     : Creating shared instance of singleton bean 'org.springframework.boot.actuate.autoconfigure.endpoint.jmx.JmxEndpointAutoConfiguration'
2024-10-18T18:59:07.793+03:00 DEBUG [,,] 14780 --- [main] [                                                 ] o.s.b.f.s.DefaultListableBeanFactory     : Creating shared instance of singleton bean 'management.endpoints.jmx-org.springframework.boot.actuate.autoconfigure.endpoint.jmx.JmxEndpointProperties'
2024-10-18T18:59:07.795+03:00 DEBUG [,,] 14780 --- [main] [                                                 ] o.s.b.f.s.DefaultListableBeanFactory     : Autowiring by type from bean name 'org.springframework.boot.actuate.autoconfigure.endpoint.jmx.JmxEndpointAutoConfiguration' via constructor to bean named 'org.springframework.boot.web.servlet.context.AnnotationConfigServletWebServerApplicationContext@3a3e4aff'
2024-10-18T18:59:07.795+03:00 DEBUG [,,] 14780 --- [main] [                                                 ] o.s.b.f.s.DefaultListableBeanFactory     : Autowiring by type from bean name 'org.springframework.boot.actuate.autoconfigure.endpoint.jmx.JmxEndpointAutoConfiguration' via constructor to bean named 'management.endpoints.jmx-org.springframework.boot.actuate.autoconfigure.endpoint.jmx.JmxEndpointProperties'
2024-10-18T18:59:07.795+03:00 DEBUG [,,] 14780 --- [main] [                                                 ] o.s.b.f.s.DefaultListableBeanFactory     : Autowiring by type from bean name 'org.springframework.boot.actuate.autoconfigure.endpoint.jmx.JmxEndpointAutoConfiguration' via constructor to bean named 'spring.jmx-org.springframework.boot.autoconfigure.jmx.JmxProperties'
2024-10-18T18:59:07.795+03:00 DEBUG [,,] 14780 --- [main] [                                                 ] o.s.b.f.s.DefaultListableBeanFactory     : Creating shared instance of singleton bean 'jmxAnnotationEndpointDiscoverer'
2024-10-18T18:59:07.795+03:00 DEBUG [,,] 14780 --- [main] [                                                 ] o.s.b.f.s.DefaultListableBeanFactory     : Autowiring by type from bean name 'jmxAnnotationEndpointDiscoverer' via factory method to bean named 'endpointOperationParameterMapper'
2024-10-18T18:59:07.796+03:00 DEBUG [,,] 14780 --- [main] [                                                 ] o.s.b.f.s.DefaultListableBeanFactory     : Creating shared instance of singleton bean 'jmxIncludeExcludePropertyEndpointFilter'
2024-10-18T18:59:07.797+03:00 DEBUG [,,] 14780 --- [main] [                                                 ] o.s.b.f.s.DefaultListableBeanFactory     : Creating shared instance of singleton bean 'endpointObjectNameFactory'
2024-10-18T18:59:07.798+03:00 DEBUG [,,] 14780 --- [main] [                                                 ] o.s.b.f.s.DefaultListableBeanFactory     : Autowiring by type from bean name 'endpointObjectNameFactory' via factory method to bean named 'mbeanServer'
2024-10-18T18:59:07.798+03:00 DEBUG [,,] 14780 --- [main] [                                                 ] o.s.b.f.s.DefaultListableBeanFactory     : Creating shared instance of singleton bean 'jmxMBeanExporter'
2024-10-18T18:59:07.798+03:00 DEBUG [,,] 14780 --- [main] [                                                 ] o.s.b.f.s.DefaultListableBeanFactory     : Autowiring by type from bean name 'jmxMBeanExporter' via factory method to bean named 'mbeanServer'
2024-10-18T18:59:07.798+03:00 DEBUG [,,] 14780 --- [main] [                                                 ] o.s.b.f.s.DefaultListableBeanFactory     : Autowiring by type from bean name 'jmxMBeanExporter' via factory method to bean named 'endpointObjectNameFactory'
2024-10-18T18:59:07.798+03:00 DEBUG [,,] 14780 --- [main] [                                                 ] o.s.b.f.s.DefaultListableBeanFactory     : Autowiring by type from bean name 'jmxMBeanExporter' via factory method to bean named 'jmxAnnotationEndpointDiscoverer'
2024-10-18T18:59:07.816+03:00 DEBUG [,,] 14780 --- [main] [                                                 ] o.s.b.f.s.DefaultListableBeanFactory     : Creating shared instance of singleton bean 'eagerlyInitializeJmxEndpointExporter'
2024-10-18T18:59:07.817+03:00 DEBUG [,,] 14780 --- [main] [                                                 ] o.s.b.f.s.DefaultListableBeanFactory     : Creating shared instance of singleton bean 'controllerEndpointDiscoverer'
2024-10-18T18:59:07.818+03:00 DEBUG [,,] 14780 --- [main] [                                                 ] o.s.b.f.s.DefaultListableBeanFactory     : Creating shared instance of singleton bean 'controllerExposeExcludePropertyEndpointFilter'
2024-10-18T18:59:07.819+03:00 DEBUG [,,] 14780 --- [main] [                                                 ] o.s.b.f.s.DefaultListableBeanFactory     : Creating shared instance of singleton bean 'pathMappedEndpoints'
2024-10-18T18:59:07.819+03:00 DEBUG [,,] 14780 --- [main] [                                                 ] o.s.b.f.s.DefaultListableBeanFactory     : Autowiring by type from bean name 'pathMappedEndpoints' via factory method to bean named 'jmxAnnotationEndpointDiscoverer'
2024-10-18T18:59:07.820+03:00 DEBUG [,,] 14780 --- [main] [                                                 ] o.s.b.f.s.DefaultListableBeanFactory     : Autowiring by type from bean name 'pathMappedEndpoints' via factory method to bean named 'servletEndpointDiscoverer'
2024-10-18T18:59:07.820+03:00 DEBUG [,,] 14780 --- [main] [                                                 ] o.s.b.f.s.DefaultListableBeanFactory     : Autowiring by type from bean name 'pathMappedEndpoints' via factory method to bean named 'webEndpointDiscoverer'
2024-10-18T18:59:07.820+03:00 DEBUG [,,] 14780 --- [main] [                                                 ] o.s.b.f.s.DefaultListableBeanFactory     : Autowiring by type from bean name 'pathMappedEndpoints' via factory method to bean named 'controllerEndpointDiscoverer'
2024-10-18T18:59:07.824+03:00 DEBUG [,,] 14780 --- [main] [                                                 ] o.s.b.f.s.DefaultListableBeanFactory     : Creating shared instance of singleton bean 'meterRegistryCloser'
2024-10-18T18:59:07.824+03:00 DEBUG [,,] 14780 --- [main] [                                                 ] o.s.b.f.s.DefaultListableBeanFactory     : Creating shared instance of singleton bean 'org.springframework.boot.actuate.autoconfigure.tracing.BravePropagationConfigurations$NoPropagation'
2024-10-18T18:59:07.825+03:00 DEBUG [,,] 14780 --- [main] [                                                 ] o.s.b.f.s.DefaultListableBeanFactory     : Creating shared instance of singleton bean 'currentSpanCustomizer'
2024-10-18T18:59:07.825+03:00 DEBUG [,,] 14780 --- [main] [                                                 ] o.s.b.f.s.DefaultListableBeanFactory     : Autowiring by type from bean name 'currentSpanCustomizer' via factory method to bean named 'braveTracing'
2024-10-18T18:59:07.825+03:00 DEBUG [,,] 14780 --- [main] [                                                 ] o.s.b.f.s.DefaultListableBeanFactory     : Creating shared instance of singleton bean 'braveSpanCustomizer'
2024-10-18T18:59:07.826+03:00 DEBUG [,,] 14780 --- [main] [                                                 ] o.s.b.f.s.DefaultListableBeanFactory     : Autowiring by type from bean name 'braveSpanCustomizer' via factory method to bean named 'currentSpanCustomizer'
2024-10-18T18:59:07.826+03:00 DEBUG [,,] 14780 --- [main] [                                                 ] o.s.b.f.s.DefaultListableBeanFactory     : Creating shared instance of singleton bean 'org.springframework.boot.actuate.autoconfigure.metrics.CompositeMeterRegistryAutoConfiguration'
2024-10-18T18:59:07.827+03:00 DEBUG [,,] 14780 --- [main] [                                                 ] o.s.b.f.s.DefaultListableBeanFactory     : Creating shared instance of singleton bean 'org.springframework.boot.actuate.autoconfigure.metrics.JvmMetricsAutoConfiguration'
2024-10-18T18:59:07.827+03:00 DEBUG [,,] 14780 --- [main] [                                                 ] o.s.b.f.s.DefaultListableBeanFactory     : Creating shared instance of singleton bean 'jvmGcMetrics'
2024-10-18T18:59:07.830+03:00 DEBUG [,,] 14780 --- [main] [                                                 ] o.s.b.f.s.DefaultListableBeanFactory     : Creating shared instance of singleton bean 'jvmHeapPressureMetrics'
2024-10-18T18:59:07.832+03:00 DEBUG [,,] 14780 --- [main] [                                                 ] o.s.b.f.s.DefaultListableBeanFactory     : Creating shared instance of singleton bean 'jvmMemoryMetrics'
2024-10-18T18:59:07.832+03:00 DEBUG [,,] 14780 --- [main] [                                                 ] o.s.b.f.s.DefaultListableBeanFactory     : Creating shared instance of singleton bean 'jvmThreadMetrics'
2024-10-18T18:59:07.833+03:00 DEBUG [,,] 14780 --- [main] [                                                 ] o.s.b.f.s.DefaultListableBeanFactory     : Creating shared instance of singleton bean 'classLoaderMetrics'
2024-10-18T18:59:07.833+03:00 DEBUG [,,] 14780 --- [main] [                                                 ] o.s.b.f.s.DefaultListableBeanFactory     : Creating shared instance of singleton bean 'jvmInfoMetrics'
2024-10-18T18:59:07.834+03:00 DEBUG [,,] 14780 --- [main] [                                                 ] o.s.b.f.s.DefaultListableBeanFactory     : Creating shared instance of singleton bean 'jvmCompilationMetrics'
2024-10-18T18:59:07.834+03:00 DEBUG [,,] 14780 --- [main] [                                                 ] o.s.b.f.s.DefaultListableBeanFactory     : Creating shared instance of singleton bean 'org.springframework.boot.actuate.autoconfigure.metrics.LogbackMetricsAutoConfiguration'
2024-10-18T18:59:07.834+03:00 DEBUG [,,] 14780 --- [main] [                                                 ] o.s.b.f.s.DefaultListableBeanFactory     : Creating shared instance of singleton bean 'logbackMetrics'
2024-10-18T18:59:07.835+03:00 DEBUG [,,] 14780 --- [main] [                                                 ] o.s.b.f.s.DefaultListableBeanFactory     : Creating shared instance of singleton bean 'org.springframework.boot.actuate.autoconfigure.metrics.SystemMetricsAutoConfiguration'
2024-10-18T18:59:07.836+03:00 DEBUG [,,] 14780 --- [main] [                                                 ] o.s.b.f.s.DefaultListableBeanFactory     : Creating shared instance of singleton bean 'uptimeMetrics'
2024-10-18T18:59:07.836+03:00 DEBUG [,,] 14780 --- [main] [                                                 ] o.s.b.f.s.DefaultListableBeanFactory     : Creating shared instance of singleton bean 'processorMetrics'
2024-10-18T18:59:07.837+03:00 DEBUG [,,] 14780 --- [main] [                                                 ] o.s.b.f.s.DefaultListableBeanFactory     : Creating shared instance of singleton bean 'fileDescriptorMetrics'
2024-10-18T18:59:07.838+03:00 DEBUG [,,] 14780 --- [main] [                                                 ] o.s.b.f.s.DefaultListableBeanFactory     : Creating shared instance of singleton bean 'diskSpaceMetrics'
2024-10-18T18:59:07.838+03:00 DEBUG [,,] 14780 --- [main] [                                                 ] o.s.b.f.s.DefaultListableBeanFactory     : Autowiring by type from bean name 'diskSpaceMetrics' via factory method to bean named 'management.metrics-org.springframework.boot.actuate.autoconfigure.metrics.MetricsProperties'
2024-10-18T18:59:07.838+03:00 DEBUG [,,] 14780 --- [main] [                                                 ] o.s.b.f.s.DefaultListableBeanFactory     : Creating shared instance of singleton bean 'org.springframework.boot.actuate.autoconfigure.metrics.integration.IntegrationMetricsAutoConfiguration'
2024-10-18T18:59:07.839+03:00 DEBUG [,,] 14780 --- [main] [                                                 ] o.s.b.f.s.DefaultListableBeanFactory     : Creating shared instance of singleton bean 'org.springframework.boot.actuate.autoconfigure.metrics.jdbc.DataSourcePoolMetricsAutoConfiguration$HikariDataSourceMetricsConfiguration'
2024-10-18T18:59:07.839+03:00 DEBUG [,,] 14780 --- [main] [                                                 ] o.s.b.f.s.DefaultListableBeanFactory     : Creating shared instance of singleton bean 'hikariDataSourceMeterBinder'
2024-10-18T18:59:07.840+03:00 DEBUG [,,] 14780 --- [main] [                                                 ] o.s.b.f.s.DefaultListableBeanFactory     : Creating shared instance of singleton bean 'org.springframework.boot.actuate.autoconfigure.metrics.jdbc.DataSourcePoolMetricsAutoConfiguration$DataSourcePoolMetadataMetricsConfiguration'
2024-10-18T18:59:07.840+03:00 DEBUG [,,] 14780 --- [main] [                                                 ] o.s.b.f.s.DefaultListableBeanFactory     : Creating shared instance of singleton bean 'dataSourcePoolMetadataMeterBinder'
2024-10-18T18:59:07.840+03:00 DEBUG [,,] 14780 --- [main] [                                                 ] o.s.b.f.s.DefaultListableBeanFactory     : Autowiring by type from bean name 'dataSourcePoolMetadataMeterBinder' via factory method to bean named 'dataSource'
2024-10-18T18:59:07.840+03:00 DEBUG [,,] 14780 --- [main] [                                                 ] o.s.b.f.s.DefaultListableBeanFactory     : Creating shared instance of singleton bean 'org.springframework.boot.actuate.autoconfigure.metrics.jdbc.DataSourcePoolMetricsAutoConfiguration'
2024-10-18T18:59:07.841+03:00 DEBUG [,,] 14780 --- [main] [                                                 ] o.s.b.f.s.DefaultListableBeanFactory     : Creating shared instance of singleton bean 'org.springframework.boot.actuate.autoconfigure.metrics.startup.StartupTimeMetricsListenerAutoConfiguration'
2024-10-18T18:59:07.841+03:00 DEBUG [,,] 14780 --- [main] [                                                 ] o.s.b.f.s.DefaultListableBeanFactory     : Creating shared instance of singleton bean 'startupTimeMetrics'
2024-10-18T18:59:07.841+03:00 DEBUG [,,] 14780 --- [main] [                                                 ] o.s.b.f.s.DefaultListableBeanFactory     : Autowiring by type from bean name 'startupTimeMetrics' via factory method to bean named 'prometheusMeterRegistry'
2024-10-18T18:59:07.842+03:00 DEBUG [,,] 14780 --- [main] [                                                 ] o.s.b.f.s.DefaultListableBeanFactory     : Creating shared instance of singleton bean 'org.springframework.boot.autoconfigure.task.TaskSchedulingConfigurations$ThreadPoolTaskSchedulerBuilderConfiguration'
2024-10-18T18:59:07.842+03:00 DEBUG [,,] 14780 --- [main] [                                                 ] o.s.b.f.s.DefaultListableBeanFactory     : Creating shared instance of singleton bean 'threadPoolTaskSchedulerBuilder'
2024-10-18T18:59:07.843+03:00 DEBUG [,,] 14780 --- [main] [                                                 ] o.s.b.f.s.DefaultListableBeanFactory     : Creating shared instance of singleton bean 'spring.task.scheduling-org.springframework.boot.autoconfigure.task.TaskSchedulingProperties'
2024-10-18T18:59:07.843+03:00 DEBUG [,,] 14780 --- [main] [                                                 ] o.s.b.f.s.DefaultListableBeanFactory     : Autowiring by type from bean name 'threadPoolTaskSchedulerBuilder' via factory method to bean named 'spring.task.scheduling-org.springframework.boot.autoconfigure.task.TaskSchedulingProperties'
2024-10-18T18:59:07.847+03:00 DEBUG [,,] 14780 --- [main] [                                                 ] o.s.b.f.s.DefaultListableBeanFactory     : Creating shared instance of singleton bean 'org.springframework.boot.autoconfigure.task.TaskSchedulingConfigurations$TaskSchedulerBuilderConfiguration'
2024-10-18T18:59:07.848+03:00 DEBUG [,,] 14780 --- [RMI TCP Connection(3)-192.168.0.104] [                                                 ] sun.rmi.transport.tcp                    : RMI TCP Connection(3)-192.168.0.104: (port 53343) connection closed
2024-10-18T18:59:07.848+03:00 DEBUG [,,] 14780 --- [main] [                                                 ] o.s.b.f.s.DefaultListableBeanFactory     : Creating shared instance of singleton bean 'taskSchedulerBuilder'
2024-10-18T18:59:07.848+03:00 DEBUG [,,] 14780 --- [RMI TCP Connection(3)-192.168.0.104] [                                                 ] sun.rmi.transport.tcp                    : RMI TCP Connection(3)-192.168.0.104: close connection, socket: Socket[addr=/192.168.0.104,port=53350,localport=53343]
2024-10-18T18:59:07.848+03:00 DEBUG [,,] 14780 --- [main] [                                                 ] o.s.b.f.s.DefaultListableBeanFactory     : Autowiring by type from bean name 'taskSchedulerBuilder' via factory method to bean named 'spring.task.scheduling-org.springframework.boot.autoconfigure.task.TaskSchedulingProperties'
2024-10-18T18:59:07.848+03:00 DEBUG [,,] 14780 --- [RMI TCP Connection(3)-192.168.0.104] [                                                 ] sun.rmi.transport.tcp                    : RMI TCP Connection(3)-192.168.0.104: socket close: Socket[addr=/192.168.0.104,port=53350,localport=53343]
2024-10-18T18:59:07.849+03:00 DEBUG [,,] 14780 --- [main] [                                                 ] o.s.b.f.s.DefaultListableBeanFactory     : Creating shared instance of singleton bean 'org.springframework.boot.autoconfigure.task.TaskSchedulingConfigurations$SimpleAsyncTaskSchedulerBuilderConfiguration'
2024-10-18T18:59:07.849+03:00 DEBUG [,,] 14780 --- [main] [                                                 ] o.s.b.f.s.DefaultListableBeanFactory     : Autowiring by type from bean name 'org.springframework.boot.autoconfigure.task.TaskSchedulingConfigurations$SimpleAsyncTaskSchedulerBuilderConfiguration' via constructor to bean named 'spring.task.scheduling-org.springframework.boot.autoconfigure.task.TaskSchedulingProperties'
2024-10-18T18:59:07.850+03:00 DEBUG [,,] 14780 --- [main] [                                                 ] o.s.b.f.s.DefaultListableBeanFactory     : Creating shared instance of singleton bean 'simpleAsyncTaskSchedulerBuilder'
2024-10-18T18:59:07.852+03:00 DEBUG [,,] 14780 --- [main] [                                                 ] o.s.b.f.s.DefaultListableBeanFactory     : Creating shared instance of singleton bean 'org.springframework.boot.autoconfigure.task.TaskSchedulingAutoConfiguration'
2024-10-18T18:59:07.852+03:00 DEBUG [,,] 14780 --- [main] [                                                 ] o.s.b.f.s.DefaultListableBeanFactory     : Creating shared instance of singleton bean 'org.springframework.boot.actuate.autoconfigure.metrics.task.TaskExecutorMetricsAutoConfiguration'
2024-10-18T18:59:07.853+03:00 DEBUG [,,] 14780 --- [RMI TCP Connection(4)-192.168.0.104] [                                                 ] sun.rmi.transport.tcp                    : RMI TCP Connection(4)-192.168.0.104: accepted socket from [192.168.0.104:53359]
2024-10-18T18:59:07.853+03:00 DEBUG [,,] 14780 --- [RMI TCP Connection(4)-192.168.0.104] [                                                 ] sun.rmi.transport.tcp                    : RMI TCP Connection(4)-192.168.0.104: (port 53343) op = 80
2024-10-18T18:59:07.853+03:00 DEBUG [,,] 14780 --- [RMI TCP Connection(4)-192.168.0.104] [                                                 ] sun.rmi.loader                           : RMI TCP Connection(4)-192.168.0.104: name = "[Ljava.rmi.server.ObjID;", codebase = "", defaultLoader = jdk.internal.loader.ClassLoaders$PlatformClassLoader@67a5978a
2024-10-18T18:59:07.853+03:00 DEBUG [,,] 14780 --- [RMI TCP Connection(4)-192.168.0.104] [                                                 ] sun.rmi.loader                           : RMI TCP Connection(4)-192.168.0.104: name = "java.rmi.server.ObjID", codebase = "", defaultLoader = jdk.internal.loader.ClassLoaders$PlatformClassLoader@67a5978a
2024-10-18T18:59:07.853+03:00 DEBUG [,,] 14780 --- [RMI TCP Connection(4)-192.168.0.104] [                                                 ] sun.rmi.loader                           : RMI TCP Connection(4)-192.168.0.104: name = "java.rmi.server.UID", codebase = "", defaultLoader = jdk.internal.loader.ClassLoaders$PlatformClassLoader@67a5978a
2024-10-18T18:59:07.854+03:00 DEBUG [,,] 14780 --- [RMI TCP Connection(4)-192.168.0.104] [                                                 ] sun.rmi.loader                           : RMI TCP Connection(4)-192.168.0.104: name = "java.rmi.dgc.VMID", codebase = "", defaultLoader = jdk.internal.loader.ClassLoaders$PlatformClassLoader@67a5978a
2024-10-18T18:59:07.854+03:00 DEBUG [,,] 14780 --- [RMI TCP Connection(4)-192.168.0.104] [                                                 ] sun.rmi.loader                           : RMI TCP Connection(4)-192.168.0.104: name = "[B", codebase = "", defaultLoader = jdk.internal.loader.ClassLoaders$PlatformClassLoader@67a5978a
2024-10-18T18:59:07.859+03:00 DEBUG [,,] 14780 --- [main] [                                                 ] o.s.b.f.s.DefaultListableBeanFactory     : Creating shared instance of singleton bean 'eagerTaskExecutorMetrics'
2024-10-18T18:59:07.860+03:00 DEBUG [,,] 14780 --- [main] [                                                 ] o.s.b.f.s.DefaultListableBeanFactory     : Creating shared instance of singleton bean 'org.springframework.boot.actuate.autoconfigure.metrics.web.tomcat.TomcatMetricsAutoConfiguration'
2024-10-18T18:59:07.860+03:00 DEBUG [,,] 14780 --- [main] [                                                 ] o.s.b.f.s.DefaultListableBeanFactory     : Creating shared instance of singleton bean 'tomcatMetricsBinder'
2024-10-18T18:59:07.860+03:00 DEBUG [,,] 14780 --- [main] [                                                 ] o.s.b.f.s.DefaultListableBeanFactory     : Autowiring by type from bean name 'tomcatMetricsBinder' via factory method to bean named 'prometheusMeterRegistry'
2024-10-18T18:59:07.861+03:00 DEBUG [,,] 14780 --- [main] [                                                 ] o.s.b.f.s.DefaultListableBeanFactory     : Creating shared instance of singleton bean 'org.springframework.boot.actuate.autoconfigure.observation.ObservationAutoConfiguration$ObservedAspectConfiguration'
2024-10-18T18:59:07.861+03:00 DEBUG [,,] 14780 --- [main] [                                                 ] o.s.b.f.s.DefaultListableBeanFactory     : Creating shared instance of singleton bean 'observedAspect'
2024-10-18T18:59:07.861+03:00 DEBUG [,,] 14780 --- [main] [                                                 ] o.s.b.f.s.DefaultListableBeanFactory     : Autowiring by type from bean name 'observedAspect' via factory method to bean named 'observationRegistry'
2024-10-18T18:59:07.862+03:00 DEBUG [,,] 14780 --- [main] [                                                 ] o.s.b.f.s.DefaultListableBeanFactory     : Creating shared instance of singleton bean 'org.springframework.boot.actuate.autoconfigure.observation.ObservationAutoConfiguration$MeterObservationHandlerConfiguration'
2024-10-18T18:59:07.862+03:00 DEBUG [,,] 14780 --- [main] [                                                 ] o.s.b.f.s.DefaultListableBeanFactory     : Creating shared instance of singleton bean 'org.springframework.boot.autoconfigure.http.JacksonHttpMessageConvertersConfiguration'
2024-10-18T18:59:07.862+03:00 DEBUG [,,] 14780 --- [main] [                                                 ] o.s.b.f.s.DefaultListableBeanFactory     : Creating shared instance of singleton bean 'org.springframework.boot.autoconfigure.web.client.RestClientAutoConfiguration'
2024-10-18T18:59:07.863+03:00 DEBUG [,,] 14780 --- [main] [                                                 ] o.s.b.f.s.DefaultListableBeanFactory     : Creating shared instance of singleton bean 'httpMessageConvertersRestClientCustomizer'
2024-10-18T18:59:07.863+03:00 DEBUG [,,] 14780 --- [main] [                                                 ] o.s.b.f.s.DefaultListableBeanFactory     : Creating shared instance of singleton bean 'restClientSsl'
2024-10-18T18:59:07.864+03:00 DEBUG [,,] 14780 --- [main] [                                                 ] o.s.b.f.s.DefaultListableBeanFactory     : Autowiring by type from bean name 'restClientSsl' via factory method to bean named 'sslBundleRegistry'
2024-10-18T18:59:07.864+03:00 DEBUG [,,] 14780 --- [main] [                                                 ] o.s.b.f.s.DefaultListableBeanFactory     : Creating shared instance of singleton bean 'restClientBuilderConfigurer'
2024-10-18T18:59:07.864+03:00 DEBUG [,,] 14780 --- [main] [                                                 ] o.s.b.f.s.DefaultListableBeanFactory     : Creating shared instance of singleton bean 'observationRestClientCustomizer'
2024-10-18T18:59:07.864+03:00 DEBUG [,,] 14780 --- [main] [                                                 ] o.s.b.f.s.DefaultListableBeanFactory     : Creating shared instance of singleton bean 'org.springframework.boot.actuate.autoconfigure.observation.web.client.RestClientObservationConfiguration'
2024-10-18T18:59:07.865+03:00 DEBUG [,,] 14780 --- [main] [                                                 ] o.s.b.f.s.DefaultListableBeanFactory     : Autowiring by type from bean name 'observationRestClientCustomizer' via factory method to bean named 'observationRegistry'
2024-10-18T18:59:07.865+03:00 DEBUG [,,] 14780 --- [main] [                                                 ] o.s.b.f.s.DefaultListableBeanFactory     : Autowiring by type from bean name 'observationRestClientCustomizer' via factory method to bean named 'management.observations-org.springframework.boot.actuate.autoconfigure.observation.ObservationProperties'
2024-10-18T18:59:07.867+03:00 DEBUG [,,] 14780 --- [main] [                                                 ] o.s.b.f.s.DefaultListableBeanFactory     : Creating shared instance of singleton bean 'org.springframework.boot.autoconfigure.web.client.RestTemplateAutoConfiguration'
2024-10-18T18:59:07.867+03:00 DEBUG [,,] 14780 --- [main] [                                                 ] o.s.b.f.s.DefaultListableBeanFactory     : Creating shared instance of singleton bean 'org.springframework.boot.actuate.autoconfigure.observation.web.client.RestTemplateObservationConfiguration'
2024-10-18T18:59:07.867+03:00 DEBUG [,,] 14780 --- [main] [                                                 ] o.s.b.f.s.DefaultListableBeanFactory     : Creating shared instance of singleton bean 'observationRestTemplateCustomizer'
2024-10-18T18:59:07.868+03:00 DEBUG [,,] 14780 --- [main] [                                                 ] o.s.b.f.s.DefaultListableBeanFactory     : Autowiring by type from bean name 'observationRestTemplateCustomizer' via factory method to bean named 'observationRegistry'
2024-10-18T18:59:07.868+03:00 DEBUG [,,] 14780 --- [main] [                                                 ] o.s.b.f.s.DefaultListableBeanFactory     : Autowiring by type from bean name 'observationRestTemplateCustomizer' via factory method to bean named 'management.observations-org.springframework.boot.actuate.autoconfigure.observation.ObservationProperties'
2024-10-18T18:59:07.868+03:00 DEBUG [,,] 14780 --- [main] [                                                 ] o.s.b.f.s.DefaultListableBeanFactory     : Creating shared instance of singleton bean 'org.springframework.boot.actuate.autoconfigure.observation.web.client.HttpClientObservationsAutoConfiguration'
2024-10-18T18:59:07.868+03:00 DEBUG [,,] 14780 --- [main] [                                                 ] o.s.b.f.s.DefaultListableBeanFactory     : Creating shared instance of singleton bean 'org.springframework.boot.actuate.autoconfigure.scheduling.ScheduledTasksObservabilityAutoConfiguration'
2024-10-18T18:59:07.869+03:00 DEBUG [,,] 14780 --- [main] [                                                 ] o.s.b.f.s.DefaultListableBeanFactory     : Creating shared instance of singleton bean 'observabilitySchedulingConfigurer'
2024-10-18T18:59:07.869+03:00 DEBUG [,,] 14780 --- [main] [                                                 ] o.s.b.f.s.DefaultListableBeanFactory     : Autowiring by type from bean name 'observabilitySchedulingConfigurer' via factory method to bean named 'observationRegistry'
2024-10-18T18:59:07.870+03:00 DEBUG [,,] 14780 --- [main] [                                                 ] o.s.b.f.s.DefaultListableBeanFactory     : Creating shared instance of singleton bean 'org.springframework.boot.actuate.autoconfigure.tracing.zipkin.ZipkinConfigurations$HttpClientSenderConfiguration'
2024-10-18T18:59:07.871+03:00 DEBUG [,,] 14780 --- [main] [                                                 ] o.s.b.f.s.DefaultListableBeanFactory     : Creating shared instance of singleton bean 'org.springframework.boot.actuate.autoconfigure.tracing.zipkin.ZipkinConfigurations$SenderConfiguration'
2024-10-18T18:59:07.871+03:00 DEBUG [,,] 14780 --- [main] [                                                 ] o.s.b.f.s.DefaultListableBeanFactory     : Creating shared instance of singleton bean 'org.springframework.boot.actuate.autoconfigure.web.exchanges.HttpExchangesEndpointAutoConfiguration'
2024-10-18T18:59:07.872+03:00 DEBUG [,,] 14780 --- [main] [                                                 ] o.s.b.f.s.DefaultListableBeanFactory     : Creating shared instance of singleton bean 'org.springframework.boot.autoconfigure.admin.SpringApplicationAdminJmxAutoConfiguration'
2024-10-18T18:59:07.872+03:00 DEBUG [,,] 14780 --- [main] [                                                 ] o.s.b.f.s.DefaultListableBeanFactory     : Creating shared instance of singleton bean 'springApplicationAdminRegistrar'
2024-10-18T18:59:07.872+03:00 DEBUG [,,] 14780 --- [main] [                                                 ] o.s.b.f.s.DefaultListableBeanFactory     : Autowiring by type from bean name 'springApplicationAdminRegistrar' via factory method to bean named 'environment'
2024-10-18T18:59:07.874+03:00 DEBUG [,,] 14780 --- [main] [                                                 ] inMXBeanRegistrar$SpringApplicationAdmin : Application Admin MBean registered with name 'org.springframework.boot:type=Admin,name=SpringApplication'
2024-10-18T18:59:07.874+03:00 DEBUG [,,] 14780 --- [main] [                                                 ] o.s.b.f.s.DefaultListableBeanFactory     : Creating shared instance of singleton bean 'org.springframework.boot.autoconfigure.aop.AopAutoConfiguration$AspectJAutoProxyingConfiguration$CglibAutoProxyConfiguration'
2024-10-18T18:59:07.875+03:00 DEBUG [,,] 14780 --- [main] [                                                 ] o.s.b.f.s.DefaultListableBeanFactory     : Creating shared instance of singleton bean 'org.springframework.boot.autoconfigure.aop.AopAutoConfiguration$AspectJAutoProxyingConfiguration'
2024-10-18T18:59:07.875+03:00 DEBUG [,,] 14780 --- [main] [                                                 ] o.s.b.f.s.DefaultListableBeanFactory     : Creating shared instance of singleton bean 'org.springframework.boot.autoconfigure.aop.AopAutoConfiguration'
2024-10-18T18:59:07.875+03:00 DEBUG [,,] 14780 --- [main] [                                                 ] o.s.b.f.s.DefaultListableBeanFactory     : Creating shared instance of singleton bean 'org.springframework.boot.autoconfigure.context.ConfigurationPropertiesAutoConfiguration'
2024-10-18T18:59:07.875+03:00 DEBUG [,,] 14780 --- [main] [                                                 ] o.s.b.f.s.DefaultListableBeanFactory     : Creating shared instance of singleton bean 'org.springframework.boot.autoconfigure.context.LifecycleAutoConfiguration'
2024-10-18T18:59:07.876+03:00 DEBUG [,,] 14780 --- [main] [                                                 ] o.s.b.f.s.DefaultListableBeanFactory     : Creating shared instance of singleton bean 'lifecycleProcessor'
2024-10-18T18:59:07.876+03:00 DEBUG [,,] 14780 --- [main] [                                                 ] o.s.b.f.s.DefaultListableBeanFactory     : Creating shared instance of singleton bean 'spring.lifecycle-org.springframework.boot.autoconfigure.context.LifecycleProperties'
2024-10-18T18:59:07.877+03:00 DEBUG [,,] 14780 --- [main] [                                                 ] o.s.b.f.s.DefaultListableBeanFactory     : Autowiring by type from bean name 'lifecycleProcessor' via factory method to bean named 'spring.lifecycle-org.springframework.boot.autoconfigure.context.LifecycleProperties'
2024-10-18T18:59:07.879+03:00 DEBUG [,,] 14780 --- [main] [                                                 ] o.s.b.f.s.DefaultListableBeanFactory     : Creating shared instance of singleton bean 'org.springframework.boot.autoconfigure.dao.PersistenceExceptionTranslationAutoConfiguration'
2024-10-18T18:59:07.879+03:00 DEBUG [,,] 14780 --- [main] [                                                 ] o.s.b.f.s.DefaultListableBeanFactory     : Creating shared instance of singleton bean 'org.springframework.boot.autoconfigure.data.jpa.JpaRepositoriesAutoConfiguration'
2024-10-18T18:59:07.880+03:00 DEBUG [,,] 14780 --- [main] [                                                 ] o.s.b.f.s.DefaultListableBeanFactory     : Creating shared instance of singleton bean 'org.springframework.data.jpa.util.JpaMetamodelCacheCleanup'
2024-10-18T18:59:07.880+03:00 DEBUG [,,] 14780 --- [main] [                                                 ] o.s.b.f.s.DefaultListableBeanFactory     : Creating shared instance of singleton bean 'org.springframework.data.jpa.repository.support.JpaEvaluationContextExtension'
2024-10-18T18:59:07.881+03:00 DEBUG [,,] 14780 --- [main] [                                                 ] o.s.b.f.s.DefaultListableBeanFactory     : Creating shared instance of singleton bean 'data-jpa.repository-aot-processor#0'
2024-10-18T18:59:07.884+03:00 DEBUG [,,] 14780 --- [main] [                                                 ] o.s.b.f.s.DefaultListableBeanFactory     : Creating shared instance of singleton bean 'org.springframework.data.web.config.ProjectingArgumentResolverRegistrar'
2024-10-18T18:59:07.884+03:00 DEBUG [,,] 14780 --- [main] [                                                 ] o.s.b.f.s.DefaultListableBeanFactory     : Creating shared instance of singleton bean 'offsetResolver'
2024-10-18T18:59:07.886+03:00 DEBUG [,,] 14780 --- [main] [                                                 ] o.s.b.f.s.DefaultListableBeanFactory     : Creating shared instance of singleton bean 'org.springframework.boot.autoconfigure.jdbc.JdbcTemplateConfiguration'
2024-10-18T18:59:07.887+03:00 DEBUG [,,] 14780 --- [main] [                                                 ] o.s.b.f.s.DefaultListableBeanFactory     : Creating shared instance of singleton bean 'jdbcTemplate'
2024-10-18T18:59:07.887+03:00 DEBUG [,,] 14780 --- [main] [                                                 ] o.s.b.f.s.DefaultListableBeanFactory     : Creating shared instance of singleton bean 'spring.jdbc-org.springframework.boot.autoconfigure.jdbc.JdbcProperties'
2024-10-18T18:59:07.887+03:00 DEBUG [,,] 14780 --- [main] [                                                 ] o.s.b.f.s.DefaultListableBeanFactory     : Autowiring by type from bean name 'jdbcTemplate' via factory method to bean named 'dataSource'
2024-10-18T18:59:07.887+03:00 DEBUG [,,] 14780 --- [main] [                                                 ] o.s.b.f.s.DefaultListableBeanFactory     : Autowiring by type from bean name 'jdbcTemplate' via factory method to bean named 'spring.jdbc-org.springframework.boot.autoconfigure.jdbc.JdbcProperties'
2024-10-18T18:59:07.893+03:00 DEBUG [,,] 14780 --- [main] [                                                 ] o.s.b.f.s.DefaultListableBeanFactory     : Creating shared instance of singleton bean 'org.springframework.boot.autoconfigure.jdbc.NamedParameterJdbcTemplateConfiguration'
2024-10-18T18:59:07.894+03:00 DEBUG [,,] 14780 --- [main] [                                                 ] o.s.b.f.s.DefaultListableBeanFactory     : Creating shared instance of singleton bean 'namedParameterJdbcTemplate'
2024-10-18T18:59:07.894+03:00 DEBUG [,,] 14780 --- [main] [                                                 ] o.s.b.f.s.DefaultListableBeanFactory     : Autowiring by type from bean name 'namedParameterJdbcTemplate' via factory method to bean named 'jdbcTemplate'
2024-10-18T18:59:07.897+03:00 DEBUG [,,] 14780 --- [main] [                                                 ] o.s.b.f.s.DefaultListableBeanFactory     : Creating shared instance of singleton bean 'org.springframework.boot.autoconfigure.jdbc.JdbcTemplateAutoConfiguration'
2024-10-18T18:59:07.898+03:00 DEBUG [,,] 14780 --- [main] [                                                 ] o.s.b.f.s.DefaultListableBeanFactory     : Creating shared instance of singleton bean 'org.springframework.boot.autoconfigure.jdbc.JdbcClientAutoConfiguration'
2024-10-18T18:59:07.898+03:00 DEBUG [,,] 14780 --- [main] [                                                 ] o.s.b.f.s.DefaultListableBeanFactory     : Creating shared instance of singleton bean 'jdbcClient'
2024-10-18T18:59:07.898+03:00 DEBUG [,,] 14780 --- [main] [                                                 ] o.s.b.f.s.DefaultListableBeanFactory     : Autowiring by type from bean name 'jdbcClient' via factory method to bean named 'namedParameterJdbcTemplate'
2024-10-18T18:59:07.900+03:00 DEBUG [,,] 14780 --- [main] [                                                 ] o.s.b.f.s.DefaultListableBeanFactory     : Creating shared instance of singleton bean 'org.springframework.boot.autoconfigure.sql.init.SqlInitializationAutoConfiguration'
2024-10-18T18:59:07.900+03:00 DEBUG [,,] 14780 --- [main] [                                                 ] o.s.b.f.s.DefaultListableBeanFactory     : Creating shared instance of singleton bean 'org.springframework.boot.autoconfigure.jdbc.DataSourceTransactionManagerAutoConfiguration$JdbcTransactionManagerConfiguration'
2024-10-18T18:59:07.901+03:00 DEBUG [,,] 14780 --- [main] [                                                 ] o.s.b.f.s.DefaultListableBeanFactory     : Creating shared instance of singleton bean 'org.springframework.boot.autoconfigure.jdbc.DataSourceTransactionManagerAutoConfiguration'
2024-10-18T18:59:07.901+03:00 DEBUG [,,] 14780 --- [main] [                                                 ] o.s.b.f.s.DefaultListableBeanFactory     : Creating shared instance of singleton bean 'org.springframework.boot.autoconfigure.transaction.TransactionAutoConfiguration$EnableTransactionManagementConfiguration$CglibAutoProxyConfiguration'
2024-10-18T18:59:07.902+03:00 DEBUG [,,] 14780 --- [main] [                                                 ] o.s.b.f.s.DefaultListableBeanFactory     : Creating shared instance of singleton bean 'org.springframework.boot.autoconfigure.transaction.TransactionAutoConfiguration$EnableTransactionManagementConfiguration'
2024-10-18T18:59:07.902+03:00 DEBUG [,,] 14780 --- [main] [                                                 ] o.s.b.f.s.DefaultListableBeanFactory     : Creating shared instance of singleton bean 'org.springframework.boot.autoconfigure.transaction.TransactionAutoConfiguration$TransactionTemplateConfiguration'
2024-10-18T18:59:07.902+03:00 DEBUG [,,] 14780 --- [main] [                                                 ] o.s.b.f.s.DefaultListableBeanFactory     : Creating shared instance of singleton bean 'transactionTemplate'
2024-10-18T18:59:07.903+03:00 DEBUG [,,] 14780 --- [main] [                                                 ] o.s.b.f.s.DefaultListableBeanFactory     : Autowiring by type from bean name 'transactionTemplate' via factory method to bean named 'transactionManager'
2024-10-18T18:59:07.904+03:00 DEBUG [,,] 14780 --- [main] [                                                 ] o.s.b.f.s.DefaultListableBeanFactory     : Creating shared instance of singleton bean 'org.springframework.boot.autoconfigure.transaction.TransactionAutoConfiguration'
2024-10-18T18:59:07.905+03:00 DEBUG [,,] 14780 --- [main] [                                                 ] o.s.b.f.s.DefaultListableBeanFactory     : Creating shared instance of singleton bean 'org.springframework.boot.autoconfigure.web.embedded.EmbeddedWebServerFactoryCustomizerAutoConfiguration'
2024-10-18T18:59:07.905+03:00 DEBUG [,,] 14780 --- [main] [                                                 ] o.s.b.f.s.DefaultListableBeanFactory     : Creating shared instance of singleton bean 'multipartResolver'
2024-10-18T18:59:07.906+03:00 DEBUG [,,] 14780 --- [main] [                                                 ] o.s.b.f.s.DefaultListableBeanFactory     : Creating shared instance of singleton bean 'org.springframework.boot.actuate.autoconfigure.endpoint.web.servlet.WebMvcEndpointManagementContextConfiguration'
2024-10-18T18:59:07.907+03:00 DEBUG [,,] 14780 --- [main] [                                                 ] o.s.b.f.s.DefaultListableBeanFactory     : Creating shared instance of singleton bean 'webEndpointServletHandlerMapping'
2024-10-18T18:59:07.907+03:00 DEBUG [,,] 14780 --- [main] [                                                 ] o.s.b.f.s.DefaultListableBeanFactory     : Creating shared instance of singleton bean 'management.endpoints.web.cors-org.springframework.boot.actuate.autoconfigure.endpoint.web.CorsEndpointProperties'
2024-10-18T18:59:07.909+03:00 DEBUG [,,] 14780 --- [main] [                                                 ] o.s.b.f.s.DefaultListableBeanFactory     : Autowiring by type from bean name 'webEndpointServletHandlerMapping' via factory method to bean named 'webEndpointDiscoverer'
2024-10-18T18:59:07.909+03:00 DEBUG [,,] 14780 --- [main] [                                                 ] o.s.b.f.s.DefaultListableBeanFactory     : Autowiring by type from bean name 'webEndpointServletHandlerMapping' via factory method to bean named 'servletEndpointDiscoverer'
2024-10-18T18:59:07.909+03:00 DEBUG [,,] 14780 --- [main] [                                                 ] o.s.b.f.s.DefaultListableBeanFactory     : Autowiring by type from bean name 'webEndpointServletHandlerMapping' via factory method to bean named 'controllerEndpointDiscoverer'
2024-10-18T18:59:07.909+03:00 DEBUG [,,] 14780 --- [main] [                                                 ] o.s.b.f.s.DefaultListableBeanFactory     : Autowiring by type from bean name 'webEndpointServletHandlerMapping' via factory method to bean named 'endpointMediaTypes'
2024-10-18T18:59:07.909+03:00 DEBUG [,,] 14780 --- [main] [                                                 ] o.s.b.f.s.DefaultListableBeanFactory     : Autowiring by type from bean name 'webEndpointServletHandlerMapping' via factory method to bean named 'management.endpoints.web.cors-org.springframework.boot.actuate.autoconfigure.endpoint.web.CorsEndpointProperties'
2024-10-18T18:59:07.909+03:00 DEBUG [,,] 14780 --- [main] [                                                 ] o.s.b.f.s.DefaultListableBeanFactory     : Autowiring by type from bean name 'webEndpointServletHandlerMapping' via factory method to bean named 'management.endpoints.web-org.springframework.boot.actuate.autoconfigure.endpoint.web.WebEndpointProperties'
2024-10-18T18:59:07.909+03:00 DEBUG [,,] 14780 --- [main] [                                                 ] o.s.b.f.s.DefaultListableBeanFactory     : Autowiring by type from bean name 'webEndpointServletHandlerMapping' via factory method to bean named 'environment'
2024-10-18T18:59:07.910+03:00  INFO [,,] 14780 --- [main] [                                                 ] o.s.b.a.e.web.EndpointLinksResolver      : Exposing 3 endpoints beneath base path '/actuator'
2024-10-18T18:59:07.918+03:00 DEBUG [,,] 14780 --- [main] [                                                 ] o.s.b.f.s.DefaultListableBeanFactory     : Creating shared instance of singleton bean 'controllerEndpointHandlerMapping'
2024-10-18T18:59:07.918+03:00 DEBUG [,,] 14780 --- [main] [                                                 ] o.s.b.f.s.DefaultListableBeanFactory     : Autowiring by type from bean name 'controllerEndpointHandlerMapping' via factory method to bean named 'controllerEndpointDiscoverer'
2024-10-18T18:59:07.918+03:00 DEBUG [,,] 14780 --- [main] [                                                 ] o.s.b.f.s.DefaultListableBeanFactory     : Autowiring by type from bean name 'controllerEndpointHandlerMapping' via factory method to bean named 'management.endpoints.web.cors-org.springframework.boot.actuate.autoconfigure.endpoint.web.CorsEndpointProperties'
2024-10-18T18:59:07.918+03:00 DEBUG [,,] 14780 --- [main] [                                                 ] o.s.b.f.s.DefaultListableBeanFactory     : Autowiring by type from bean name 'controllerEndpointHandlerMapping' via factory method to bean named 'management.endpoints.web-org.springframework.boot.actuate.autoconfigure.endpoint.web.WebEndpointProperties'
2024-10-18T18:59:07.922+03:00 DEBUG [,,] 14780 --- [main] [                                                 ] o.s.b.f.s.DefaultListableBeanFactory     : Creating shared instance of singleton bean 'org.springframework.boot.actuate.autoconfigure.web.server.ManagementContextAutoConfiguration$SameManagementContextConfiguration$EnableSameManagementContextConfiguration'
2024-10-18T18:59:07.922+03:00 DEBUG [,,] 14780 --- [main] [                                                 ] o.s.b.f.s.DefaultListableBeanFactory     : Creating shared instance of singleton bean 'org.springframework.boot.actuate.autoconfigure.web.server.ManagementContextAutoConfiguration$SameManagementContextConfiguration'
2024-10-18T18:59:07.923+03:00 DEBUG [,,] 14780 --- [main] [                                                 ] o.s.b.f.s.DefaultListableBeanFactory     : Autowiring by type from bean name 'org.springframework.boot.actuate.autoconfigure.web.server.ManagementContextAutoConfiguration$SameManagementContextConfiguration' via constructor to bean named 'environment'
2024-10-18T18:59:07.923+03:00 DEBUG [,,] 14780 --- [main] [                                                 ] o.s.b.f.s.DefaultListableBeanFactory     : Creating shared instance of singleton bean 'org.springframework.boot.actuate.autoconfigure.web.server.ManagementContextAutoConfiguration'
2024-10-18T18:59:07.923+03:00 DEBUG [,,] 14780 --- [main] [                                                 ] o.s.b.f.s.DefaultListableBeanFactory     : Creating shared instance of singleton bean 'management.server-org.springframework.boot.actuate.autoconfigure.web.server.ManagementServerProperties'
2024-10-18T18:59:07.931+03:00 DEBUG [,,] 14780 --- [main] [                                                 ] o.s.j.e.a.AnnotationMBeanExporter        : Registering beans for JMX exposure on startup
2024-10-18T18:59:07.931+03:00 DEBUG [,,] 14780 --- [main] [                                                 ] o.s.j.e.a.AnnotationMBeanExporter        : Auto-detecting user-defined JMX MBeans
2024-10-18T18:59:07.931+03:00 DEBUG [,,] 14780 --- [main] [                                                 ] o.s.j.e.a.AnnotationMBeanExporter        : Bean with name 'dataSource' has been autodetected for JMX exposure
2024-10-18T18:59:07.934+03:00 DEBUG [,,] 14780 --- [main] [                                                 ] o.s.j.e.a.AnnotationMBeanExporter        : Located MBean 'dataSource': registering with JMX server as MBean [com.zaxxer.hikari:name=dataSource,type=HikariDataSource]
2024-10-18T18:59:07.960+03:00 DEBUG [,,] 14780 --- [main] [                                                 ] o.s.c.support.DefaultLifecycleProcessor  : Starting beans in phase -2147483647
2024-10-18T18:59:07.960+03:00 DEBUG [,,] 14780 --- [main] [                                                 ] o.s.c.support.DefaultLifecycleProcessor  : Successfully started bean 'springBootLoggingLifecycle'
2024-10-18T18:59:07.960+03:00 DEBUG [,,] 14780 --- [main] [                                                 ] o.s.c.support.DefaultLifecycleProcessor  : Starting beans in phase 2147481599
2024-10-18T18:59:07.972+03:00  INFO [,,] 14780 --- [main] [                                                 ] o.s.b.w.embedded.tomcat.TomcatWebServer  : Tomcat started on port 8080 (http) with context path '/'
2024-10-18T18:59:07.972+03:00 DEBUG [,,] 14780 --- [main] [                                                 ] o.s.c.support.DefaultLifecycleProcessor  : Successfully started bean 'webServerStartStop'
2024-10-18T18:59:07.973+03:00 DEBUG [,,] 14780 --- [main] [                                                 ] o.s.c.support.DefaultLifecycleProcessor  : Starting beans in phase 2147482623
2024-10-18T18:59:07.973+03:00 DEBUG [,,] 14780 --- [main] [                                                 ] o.s.c.support.DefaultLifecycleProcessor  : Successfully started bean 'webServerGracefulShutdown'
2024-10-18T18:59:07.973+03:00 DEBUG [,,] 14780 --- [main] [                                                 ] o.s.c.support.DefaultLifecycleProcessor  : Starting beans in phase 2147483647
2024-10-18T18:59:07.986+03:00 DEBUG [,,] 14780 --- [main] [                                                 ] .s.b.a.l.ConditionEvaluationReportLogger : 


============================
CONDITIONS EVALUATION REPORT
============================


Positive matches:
-----------------

   AopAutoConfiguration matched:
      - @ConditionalOnProperty (spring.aop.auto=true) matched (OnPropertyCondition)

   AopAutoConfiguration.AspectJAutoProxyingConfiguration matched:
      - @ConditionalOnClass found required class 'org.aspectj.weaver.Advice' (OnClassCondition)

   AopAutoConfiguration.AspectJAutoProxyingConfiguration.CglibAutoProxyConfiguration matched:
      - @ConditionalOnProperty (spring.aop.proxy-target-class=true) matched (OnPropertyCondition)

   ApplicationAvailabilityAutoConfiguration#applicationAvailability matched:
      - @ConditionalOnMissingBean (types: org.springframework.boot.availability.ApplicationAvailability; SearchStrategy: all) did not find any beans (OnBeanCondition)

   AuditEventsEndpointAutoConfiguration matched:
      - @ConditionalOnAvailableEndpoint marked as exposed by a 'management.endpoints.jmx.exposure' property (OnAvailableEndpointCondition)

   BeansEndpointAutoConfiguration matched:
      - @ConditionalOnAvailableEndpoint marked as exposed by a 'management.endpoints.jmx.exposure' property (OnAvailableEndpointCondition)

   BeansEndpointAutoConfiguration#beansEndpoint matched:
      - @ConditionalOnMissingBean (types: org.springframework.boot.actuate.beans.BeansEndpoint; SearchStrategy: all) did not find any beans (OnBeanCondition)

   BraveAutoConfiguration matched:
      - @ConditionalOnClass found required classes 'brave.Tracer', 'io.micrometer.tracing.brave.bridge.BraveTracer' (OnClassCondition)

   BraveAutoConfiguration#braveCurrentTraceContext matched:
      - @ConditionalOnMissingBean (types: brave.propagation.CurrentTraceContext; SearchStrategy: all) did not find any beans (OnBeanCondition)

   BraveAutoConfiguration#bravePropagator matched:
      - @ConditionalOnMissingBean (types: io.micrometer.tracing.brave.bridge.BravePropagator; SearchStrategy: all) did not find any beans (OnBeanCondition)

   BraveAutoConfiguration#braveSampler matched:
      - @ConditionalOnMissingBean (types: brave.sampler.Sampler; SearchStrategy: all) did not find any beans (OnBeanCondition)

   BraveAutoConfiguration#braveSpanCustomizer matched:
      - @ConditionalOnMissingBean (types: io.micrometer.tracing.SpanCustomizer; SearchStrategy: all) did not find any beans (OnBeanCondition)

   BraveAutoConfiguration#braveTracer matched:
      - @ConditionalOnMissingBean (types: brave.Tracer; SearchStrategy: all) did not find any beans (OnBeanCondition)

   BraveAutoConfiguration#braveTracerBridge matched:
      - @ConditionalOnMissingBean (types: io.micrometer.tracing.Tracer; SearchStrategy: all) did not find any beans (OnBeanCondition)

   BraveAutoConfiguration#braveTracing matched:
      - @ConditionalOnMissingBean (types: brave.Tracing; SearchStrategy: all) did not find any beans (OnBeanCondition)

   BraveAutoConfiguration#compositeSpanHandler matched:
      - @ConditionalOnMissingBean (types: io.micrometer.tracing.brave.bridge.CompositeSpanHandler; SearchStrategy: all) did not find any beans (OnBeanCondition)

   BraveAutoConfiguration#currentSpanCustomizer matched:
      - @ConditionalOnMissingBean (types: brave.SpanCustomizer; SearchStrategy: all) did not find any beans (OnBeanCondition)

   BravePropagationConfigurations.PropagationWithBaggage matched:
      - @ConditionalOnProperty (management.tracing.baggage.enabled) matched (OnPropertyCondition)

   BravePropagationConfigurations.PropagationWithBaggage#correlationFieldsCorrelationScopeCustomizer matched:
      - @ConditionalOnProperty (management.tracing.baggage.correlation.enabled) matched (OnPropertyCondition)

   BravePropagationConfigurations.PropagationWithBaggage#correlationScopeDecorator matched:
      - @ConditionalOnMissingBean (types: brave.baggage.CorrelationScopeDecorator; SearchStrategy: all) did not find any beans (OnBeanCondition)

   BravePropagationConfigurations.PropagationWithBaggage#mdcCorrelationScopeDecoratorBuilder matched:
      - @ConditionalOnMissingBean (types: brave.baggage.CorrelationScopeDecorator$Builder; SearchStrategy: all) did not find any beans (OnBeanCondition)

   BravePropagationConfigurations.PropagationWithBaggage#propagationFactory matched:
      - @ConditionalOnProperty (management.tracing.enabled) matched (OnPropertyCondition)
      - @ConditionalOnMissingBean (types: brave.propagation.Propagation$Factory; SearchStrategy: all) did not find any beans (OnBeanCondition)

   BravePropagationConfigurations.PropagationWithBaggage#propagationFactoryBuilder matched:
      - @ConditionalOnMissingBean (types: brave.baggage.BaggagePropagation$FactoryBuilder; SearchStrategy: all) did not find any beans (OnBeanCondition)

   CacheMeterBinderProvidersConfiguration matched:
      - @ConditionalOnClass found required class 'io.micrometer.core.instrument.binder.MeterBinder' (OnClassCondition)

   CachesEndpointAutoConfiguration matched:
      - @ConditionalOnClass found required class 'org.springframework.cache.CacheManager' (OnClassCondition)
      - @ConditionalOnAvailableEndpoint marked as exposed by a 'management.endpoints.jmx.exposure' property (OnAvailableEndpointCondition)

   CachesEndpointAutoConfiguration#cachesEndpoint matched:
      - @ConditionalOnMissingBean (types: org.springframework.boot.actuate.cache.CachesEndpoint; SearchStrategy: all) did not find any beans (OnBeanCondition)

   CompositeMeterRegistryAutoConfiguration matched:
      - @ConditionalOnClass found required class 'io.micrometer.core.instrument.composite.CompositeMeterRegistry' (OnClassCondition)

   ConditionsReportEndpointAutoConfiguration matched:
      - @ConditionalOnAvailableEndpoint marked as exposed by a 'management.endpoints.jmx.exposure' property (OnAvailableEndpointCondition)

   ConditionsReportEndpointAutoConfiguration#conditionsReportEndpoint matched:
      - @ConditionalOnMissingBean (types: org.springframework.boot.actuate.autoconfigure.condition.ConditionsReportEndpoint; SearchStrategy: current) did not find any beans (OnBeanCondition)

   ConfigurationPropertiesReportEndpointAutoConfiguration matched:
      - @ConditionalOnAvailableEndpoint marked as exposed by a 'management.endpoints.jmx.exposure' property (OnAvailableEndpointCondition)

   ConfigurationPropertiesReportEndpointAutoConfiguration#configurationPropertiesReportEndpoint matched:
      - @ConditionalOnMissingBean (types: org.springframework.boot.actuate.context.properties.ConfigurationPropertiesReportEndpoint; SearchStrategy: all) did not find any beans (OnBeanCondition)

   DataSourceAutoConfiguration matched:
      - @ConditionalOnClass found required classes 'javax.sql.DataSource', 'org.springframework.jdbc.datasource.embedded.EmbeddedDatabaseType' (OnClassCondition)
      - @ConditionalOnMissingBean (types: io.r2dbc.spi.ConnectionFactory; SearchStrategy: all) did not find any beans (OnBeanCondition)

   DataSourceAutoConfiguration.PooledDataSourceConfiguration matched:
      - AnyNestedCondition 1 matched 1 did not; NestedCondition on DataSourceAutoConfiguration.PooledDataSourceCondition.PooledDataSourceAvailable PooledDataSource found supported DataSource; NestedCondition on DataSourceAutoConfiguration.PooledDataSourceCondition.ExplicitType @ConditionalOnProperty (spring.datasource.type) did not find property 'type' (DataSourceAutoConfiguration.PooledDataSourceCondition)
      - @ConditionalOnMissingBean (types: javax.sql.DataSource,javax.sql.XADataSource; SearchStrategy: all) did not find any beans (OnBeanCondition)

   DataSourceAutoConfiguration.PooledDataSourceConfiguration#jdbcConnectionDetails matched:
      - @ConditionalOnMissingBean (types: org.springframework.boot.autoconfigure.jdbc.JdbcConnectionDetails; SearchStrategy: all) did not find any beans (OnBeanCondition)

   DataSourceConfiguration.Hikari matched:
      - @ConditionalOnClass found required class 'com.zaxxer.hikari.HikariDataSource' (OnClassCondition)
      - @ConditionalOnProperty (spring.datasource.type=com.zaxxer.hikari.HikariDataSource) matched (OnPropertyCondition)
      - @ConditionalOnMissingBean (types: javax.sql.DataSource; SearchStrategy: all) did not find any beans (OnBeanCondition)

   DataSourceHealthContributorAutoConfiguration matched:
      - @ConditionalOnClass found required classes 'org.springframework.jdbc.core.JdbcTemplate', 'org.springframework.jdbc.datasource.lookup.AbstractRoutingDataSource' (OnClassCondition)
      - @ConditionalOnEnabledHealthIndicator management.health.defaults.enabled is considered true (OnEnabledHealthIndicatorCondition)
      - @ConditionalOnBean (types: javax.sql.DataSource; SearchStrategy: all) found bean 'dataSource' (OnBeanCondition)

   DataSourceHealthContributorAutoConfiguration#dbHealthContributor matched:
      - @ConditionalOnMissingBean (names: dbHealthIndicator,dbHealthContributor; SearchStrategy: all) did not find any beans (OnBeanCondition)

   DataSourceInitializationConfiguration matched:
      - @ConditionalOnClass found required class 'org.springframework.jdbc.datasource.init.DatabasePopulator' (OnClassCondition)
      - @ConditionalOnSingleCandidate (types: javax.sql.DataSource; SearchStrategy: all) found a single bean 'dataSource'; @ConditionalOnMissingBean (types: org.springframework.boot.autoconfigure.sql.init.SqlDataSourceScriptDatabaseInitializer,org.springframework.boot.autoconfigure.sql.init.SqlR2dbcScriptDatabaseInitializer; SearchStrategy: all) did not find any beans (OnBeanCondition)

   DataSourceJmxConfiguration matched:
      - @ConditionalOnProperty (spring.jmx.enabled=true) matched (OnPropertyCondition)

   DataSourceJmxConfiguration.Hikari matched:
      - @ConditionalOnClass found required class 'com.zaxxer.hikari.HikariDataSource' (OnClassCondition)
      - @ConditionalOnSingleCandidate (types: javax.sql.DataSource; SearchStrategy: all) found a single bean 'dataSource' (OnBeanCondition)

   DataSourcePoolMetadataProvidersConfiguration.HikariPoolDataSourceMetadataProviderConfiguration matched:
      - @ConditionalOnClass found required class 'com.zaxxer.hikari.HikariDataSource' (OnClassCondition)

   DataSourcePoolMetricsAutoConfiguration matched:
      - @ConditionalOnClass found required classes 'javax.sql.DataSource', 'io.micrometer.core.instrument.MeterRegistry' (OnClassCondition)
      - @ConditionalOnBean (types: javax.sql.DataSource,io.micrometer.core.instrument.MeterRegistry; SearchStrategy: all) found beans 'prometheusMeterRegistry', 'dataSource' (OnBeanCondition)

   DataSourcePoolMetricsAutoConfiguration.DataSourcePoolMetadataMetricsConfiguration matched:
      - @ConditionalOnBean (types: org.springframework.boot.jdbc.metadata.DataSourcePoolMetadataProvider; SearchStrategy: all) found bean 'hikariPoolDataSourceMetadataProvider' (OnBeanCondition)

   DataSourcePoolMetricsAutoConfiguration.HikariDataSourceMetricsConfiguration matched:
      - @ConditionalOnClass found required class 'com.zaxxer.hikari.HikariDataSource' (OnClassCondition)

   DataSourceTransactionManagerAutoConfiguration matched:
      - @ConditionalOnClass found required classes 'javax.sql.DataSource', 'org.springframework.jdbc.core.JdbcTemplate', 'org.springframework.transaction.TransactionManager' (OnClassCondition)

   DataSourceTransactionManagerAutoConfiguration.JdbcTransactionManagerConfiguration matched:
      - @ConditionalOnSingleCandidate (types: javax.sql.DataSource; SearchStrategy: all) found a single bean 'dataSource' (OnBeanCondition)

   DiskSpaceHealthContributorAutoConfiguration matched:
      - @ConditionalOnEnabledHealthIndicator management.health.defaults.enabled is considered true (OnEnabledHealthIndicatorCondition)

   DiskSpaceHealthContributorAutoConfiguration#diskSpaceHealthIndicator matched:
      - @ConditionalOnMissingBean (names: diskSpaceHealthIndicator; SearchStrategy: all) did not find any beans (OnBeanCondition)

   DispatcherServletAutoConfiguration matched:
      - @ConditionalOnClass found required class 'org.springframework.web.servlet.DispatcherServlet' (OnClassCondition)
      - found 'session' scope (OnWebApplicationCondition)

   DispatcherServletAutoConfiguration.DispatcherServletConfiguration matched:
      - @ConditionalOnClass found required class 'jakarta.servlet.ServletRegistration' (OnClassCondition)
      - Default DispatcherServlet did not find dispatcher servlet beans (DispatcherServletAutoConfiguration.DefaultDispatcherServletCondition)

   DispatcherServletAutoConfiguration.DispatcherServletRegistrationConfiguration matched:
      - @ConditionalOnClass found required class 'jakarta.servlet.ServletRegistration' (OnClassCondition)
      - DispatcherServlet Registration did not find servlet registration bean (DispatcherServletAutoConfiguration.DispatcherServletRegistrationCondition)

   DispatcherServletAutoConfiguration.DispatcherServletRegistrationConfiguration#dispatcherServletRegistration matched:
      - @ConditionalOnBean (names: dispatcherServlet types: org.springframework.web.servlet.DispatcherServlet; SearchStrategy: all) found bean 'dispatcherServlet' (OnBeanCondition)

   EmbeddedWebServerFactoryCustomizerAutoConfiguration matched:
      - @ConditionalOnWebApplication (required) found 'session' scope (OnWebApplicationCondition)
      - @ConditionalOnWarDeployment the application is not deployed as a WAR file. (OnWarDeploymentCondition)

   EmbeddedWebServerFactoryCustomizerAutoConfiguration.TomcatWebServerFactoryCustomizerConfiguration matched:
      - @ConditionalOnClass found required classes 'org.apache.catalina.startup.Tomcat', 'org.apache.coyote.UpgradeProtocol' (OnClassCondition)

   EndpointAutoConfiguration#endpointCachingOperationInvokerAdvisor matched:
      - @ConditionalOnMissingBean (types: org.springframework.boot.actuate.endpoint.invoker.cache.CachingOperationInvokerAdvisor; SearchStrategy: all) did not find any beans (OnBeanCondition)

   EndpointAutoConfiguration#endpointOperationParameterMapper matched:
      - @ConditionalOnMissingBean (types: org.springframework.boot.actuate.endpoint.invoke.ParameterValueMapper; SearchStrategy: all) did not find any beans (OnBeanCondition)

   EnvironmentEndpointAutoConfiguration matched:
      - @ConditionalOnAvailableEndpoint marked as exposed by a 'management.endpoints.jmx.exposure' property (OnAvailableEndpointCondition)

   EnvironmentEndpointAutoConfiguration#environmentEndpoint matched:
      - @ConditionalOnMissingBean (types: org.springframework.boot.actuate.env.EnvironmentEndpoint; SearchStrategy: all) did not find any beans (OnBeanCondition)

   ErrorMvcAutoConfiguration matched:
      - @ConditionalOnClass found required classes 'jakarta.servlet.Servlet', 'org.springframework.web.servlet.DispatcherServlet' (OnClassCondition)
      - found 'session' scope (OnWebApplicationCondition)

   ErrorMvcAutoConfiguration#basicErrorController matched:
      - @ConditionalOnMissingBean (types: org.springframework.boot.web.servlet.error.ErrorController; SearchStrategy: current) did not find any beans (OnBeanCondition)

   ErrorMvcAutoConfiguration#errorAttributes matched:
      - @ConditionalOnMissingBean (types: org.springframework.boot.web.servlet.error.ErrorAttributes; SearchStrategy: current) did not find any beans (OnBeanCondition)

   ErrorMvcAutoConfiguration.DefaultErrorViewResolverConfiguration#conventionErrorViewResolver matched:
      - @ConditionalOnBean (types: org.springframework.web.servlet.DispatcherServlet; SearchStrategy: all) found bean 'dispatcherServlet'; @ConditionalOnMissingBean (types: org.springframework.boot.autoconfigure.web.servlet.error.ErrorViewResolver; SearchStrategy: all) did not find any beans (OnBeanCondition)

   ErrorMvcAutoConfiguration.WhitelabelErrorViewConfiguration matched:
      - @ConditionalOnProperty (server.error.whitelabel.enabled) matched (OnPropertyCondition)
      - ErrorTemplate Missing did not find error template view (ErrorMvcAutoConfiguration.ErrorTemplateMissingCondition)

   ErrorMvcAutoConfiguration.WhitelabelErrorViewConfiguration#beanNameViewResolver matched:
      - @ConditionalOnMissingBean (types: org.springframework.web.servlet.view.BeanNameViewResolver; SearchStrategy: all) did not find any beans (OnBeanCondition)

   ErrorMvcAutoConfiguration.WhitelabelErrorViewConfiguration#defaultErrorView matched:
      - @ConditionalOnMissingBean (names: error; SearchStrategy: all) did not find any beans (OnBeanCondition)

   GenericCacheConfiguration matched:
      - Cache org.springframework.boot.autoconfigure.cache.GenericCacheConfiguration automatic cache type (CacheCondition)

   HealthContributorAutoConfiguration#pingHealthContributor matched:
      - @ConditionalOnEnabledHealthIndicator management.health.defaults.enabled is considered true (OnEnabledHealthIndicatorCondition)

   HealthEndpointAutoConfiguration matched:
      - @ConditionalOnAvailableEndpoint marked as exposed by a 'management.endpoints.jmx.exposure' property (OnAvailableEndpointCondition)

   HealthEndpointConfiguration#healthContributorRegistry matched:
      - @ConditionalOnMissingBean (types: org.springframework.boot.actuate.health.HealthContributorRegistry; SearchStrategy: all) did not find any beans (OnBeanCondition)

   HealthEndpointConfiguration#healthEndpoint matched:
      - @ConditionalOnMissingBean (types: org.springframework.boot.actuate.health.HealthEndpoint; SearchStrategy: all) did not find any beans (OnBeanCondition)

   HealthEndpointConfiguration#healthEndpointGroupMembershipValidator matched:
      - @ConditionalOnProperty (management.endpoint.health.validate-group-membership=true) matched (OnPropertyCondition)

   HealthEndpointConfiguration#healthEndpointGroups matched:
      - @ConditionalOnMissingBean (types: org.springframework.boot.actuate.health.HealthEndpointGroups; SearchStrategy: all) did not find any beans (OnBeanCondition)

   HealthEndpointConfiguration#healthHttpCodeStatusMapper matched:
      - @ConditionalOnMissingBean (types: org.springframework.boot.actuate.health.HttpCodeStatusMapper; SearchStrategy: all) did not find any beans (OnBeanCondition)

   HealthEndpointConfiguration#healthStatusAggregator matched:
      - @ConditionalOnMissingBean (types: org.springframework.boot.actuate.health.StatusAggregator; SearchStrategy: all) did not find any beans (OnBeanCondition)

   HealthEndpointWebExtensionConfiguration matched:
      - found 'session' scope (OnWebApplicationCondition)
      - @ConditionalOnAvailableEndpoint marked as exposed by a 'management.endpoints.web.exposure' property (OnAvailableEndpointCondition)
      - @ConditionalOnBean (types: org.springframework.boot.actuate.health.HealthEndpoint; SearchStrategy: all) found bean 'healthEndpoint' (OnBeanCondition)

   HealthEndpointWebExtensionConfiguration#healthEndpointWebExtension matched:
      - @ConditionalOnMissingBean (types: org.springframework.boot.actuate.health.HealthEndpointWebExtension; SearchStrategy: all) did not find any beans (OnBeanCondition)

   HealthEndpointWebExtensionConfiguration.MvcAdditionalHealthEndpointPathsConfiguration matched:
      - @ConditionalOnAvailableEndpoint marked as exposed by a 'management.endpoints.web.exposure' property (OnAvailableEndpointCondition)
      - @ConditionalOnBean (types: org.springframework.web.servlet.DispatcherServlet; SearchStrategy: all) found bean 'dispatcherServlet' (OnBeanCondition)

   HeapDumpWebEndpointAutoConfiguration matched:
      - @ConditionalOnAvailableEndpoint marked as exposed by a 'management.endpoints.jmx.exposure' property (OnAvailableEndpointCondition)

   HeapDumpWebEndpointAutoConfiguration#heapDumpWebEndpoint matched:
      - @ConditionalOnMissingBean (types: org.springframework.boot.actuate.management.HeapDumpWebEndpoint; SearchStrategy: all) did not find any beans (OnBeanCondition)

   HibernateJpaAutoConfiguration matched:
      - @ConditionalOnClass found required classes 'org.springframework.orm.jpa.LocalContainerEntityManagerFactoryBean', 'jakarta.persistence.EntityManager', 'org.hibernate.engine.spi.SessionImplementor' (OnClassCondition)

   HibernateJpaConfiguration matched:
      - @ConditionalOnSingleCandidate (types: javax.sql.DataSource; SearchStrategy: all) found a single bean 'dataSource' (OnBeanCondition)

   HttpClientObservationsAutoConfiguration matched:
      - @ConditionalOnClass found required class 'io.micrometer.observation.Observation' (OnClassCondition)
      - @ConditionalOnBean (types: io.micrometer.observation.ObservationRegistry; SearchStrategy: all) found bean 'observationRegistry' (OnBeanCondition)

   HttpClientObservationsAutoConfiguration.MeterFilterConfiguration matched:
      - @ConditionalOnClass found required class 'io.micrometer.core.instrument.MeterRegistry' (OnClassCondition)
      - @ConditionalOnBean (types: io.micrometer.core.instrument.MeterRegistry; SearchStrategy: all) found bean 'prometheusMeterRegistry' (OnBeanCondition)

   HttpEncodingAutoConfiguration matched:
      - @ConditionalOnClass found required class 'org.springframework.web.filter.CharacterEncodingFilter' (OnClassCondition)
      - found 'session' scope (OnWebApplicationCondition)
      - @ConditionalOnProperty (server.servlet.encoding.enabled) matched (OnPropertyCondition)

   HttpEncodingAutoConfiguration#characterEncodingFilter matched:
      - @ConditionalOnMissingBean (types: org.springframework.web.filter.CharacterEncodingFilter; SearchStrategy: all) did not find any beans (OnBeanCondition)

   HttpExchangesEndpointAutoConfiguration matched:
      - @ConditionalOnAvailableEndpoint marked as exposed by a 'management.endpoints.jmx.exposure' property (OnAvailableEndpointCondition)

   HttpMessageConvertersAutoConfiguration matched:
      - @ConditionalOnClass found required class 'org.springframework.http.converter.HttpMessageConverter' (OnClassCondition)
      - NoneNestedConditions 0 matched 1 did not; NestedCondition on HttpMessageConvertersAutoConfiguration.NotReactiveWebApplicationCondition.ReactiveWebApplication did not find reactive web application classes (HttpMessageConvertersAutoConfiguration.NotReactiveWebApplicationCondition)

   HttpMessageConvertersAutoConfiguration#messageConverters matched:
      - @ConditionalOnMissingBean (types: org.springframework.boot.autoconfigure.http.HttpMessageConverters; SearchStrategy: all) did not find any beans (OnBeanCondition)

   HttpMessageConvertersAutoConfiguration.StringHttpMessageConverterConfiguration matched:
      - @ConditionalOnClass found required class 'org.springframework.http.converter.StringHttpMessageConverter' (OnClassCondition)

   HttpMessageConvertersAutoConfiguration.StringHttpMessageConverterConfiguration#stringHttpMessageConverter matched:
      - @ConditionalOnMissingBean (types: org.springframework.http.converter.StringHttpMessageConverter; SearchStrategy: all) did not find any beans (OnBeanCondition)

   InfoEndpointAutoConfiguration matched:
      - @ConditionalOnAvailableEndpoint marked as exposed by a 'management.endpoints.jmx.exposure' property (OnAvailableEndpointCondition)

   InfoEndpointAutoConfiguration#infoEndpoint matched:
      - @ConditionalOnMissingBean (types: org.springframework.boot.actuate.info.InfoEndpoint; SearchStrategy: all) did not find any beans (OnBeanCondition)

   JacksonAutoConfiguration matched:
      - @ConditionalOnClass found required class 'com.fasterxml.jackson.databind.ObjectMapper' (OnClassCondition)

   JacksonAutoConfiguration.Jackson2ObjectMapperBuilderCustomizerConfiguration matched:
      - @ConditionalOnClass found required class 'org.springframework.http.converter.json.Jackson2ObjectMapperBuilder' (OnClassCondition)

   JacksonAutoConfiguration.JacksonObjectMapperBuilderConfiguration matched:
      - @ConditionalOnClass found required class 'org.springframework.http.converter.json.Jackson2ObjectMapperBuilder' (OnClassCondition)

   JacksonAutoConfiguration.JacksonObjectMapperBuilderConfiguration#jacksonObjectMapperBuilder matched:
      - @ConditionalOnMissingBean (types: org.springframework.http.converter.json.Jackson2ObjectMapperBuilder; SearchStrategy: all) did not find any beans (OnBeanCondition)

   JacksonAutoConfiguration.JacksonObjectMapperConfiguration matched:
      - @ConditionalOnClass found required class 'org.springframework.http.converter.json.Jackson2ObjectMapperBuilder' (OnClassCondition)

   JacksonAutoConfiguration.JacksonObjectMapperConfiguration#jacksonObjectMapper matched:
      - @ConditionalOnMissingBean (types: com.fasterxml.jackson.databind.ObjectMapper; SearchStrategy: all) did not find any beans (OnBeanCondition)

   JacksonAutoConfiguration.ParameterNamesModuleConfiguration matched:
      - @ConditionalOnClass found required class 'com.fasterxml.jackson.module.paramnames.ParameterNamesModule' (OnClassCondition)

   JacksonAutoConfiguration.ParameterNamesModuleConfiguration#parameterNamesModule matched:
      - @ConditionalOnMissingBean (types: com.fasterxml.jackson.module.paramnames.ParameterNamesModule; SearchStrategy: all) did not find any beans (OnBeanCondition)

   JacksonEndpointAutoConfiguration#endpointObjectMapper matched:
      - @ConditionalOnClass found required classes 'com.fasterxml.jackson.databind.ObjectMapper', 'org.springframework.http.converter.json.Jackson2ObjectMapperBuilder' (OnClassCondition)
      - @ConditionalOnProperty (management.endpoints.jackson.isolated-object-mapper) matched (OnPropertyCondition)

   JacksonHttpMessageConvertersConfiguration.MappingJackson2HttpMessageConverterConfiguration matched:
      - @ConditionalOnClass found required class 'com.fasterxml.jackson.databind.ObjectMapper' (OnClassCondition)
      - @ConditionalOnProperty (spring.mvc.converters.preferred-json-mapper=jackson) matched (OnPropertyCondition)
      - @ConditionalOnBean (types: com.fasterxml.jackson.databind.ObjectMapper; SearchStrategy: all) found bean 'jacksonObjectMapper' (OnBeanCondition)

   JacksonHttpMessageConvertersConfiguration.MappingJackson2HttpMessageConverterConfiguration#mappingJackson2HttpMessageConverter matched:
      - @ConditionalOnMissingBean (types: org.springframework.http.converter.json.MappingJackson2HttpMessageConverter ignored: org.springframework.hateoas.server.mvc.TypeConstrainedMappingJackson2HttpMessageConverter,org.springframework.data.rest.webmvc.alps.AlpsJsonHttpMessageConverter; SearchStrategy: all) did not find any beans (OnBeanCondition)

   JdbcClientAutoConfiguration matched:
      - @ConditionalOnSingleCandidate (types: org.springframework.jdbc.core.namedparam.NamedParameterJdbcTemplate; SearchStrategy: all) found a single bean 'namedParameterJdbcTemplate'; @ConditionalOnMissingBean (types: org.springframework.jdbc.core.simple.JdbcClient; SearchStrategy: all) did not find any beans (OnBeanCondition)

   JdbcTemplateAutoConfiguration matched:
      - @ConditionalOnClass found required classes 'javax.sql.DataSource', 'org.springframework.jdbc.core.JdbcTemplate' (OnClassCondition)
      - @ConditionalOnSingleCandidate (types: javax.sql.DataSource; SearchStrategy: all) found a single bean 'dataSource' (OnBeanCondition)

   JdbcTemplateConfiguration matched:
      - @ConditionalOnMissingBean (types: org.springframework.jdbc.core.JdbcOperations; SearchStrategy: all) did not find any beans (OnBeanCondition)

   JmxAutoConfiguration matched:
      - @ConditionalOnClass found required class 'org.springframework.jmx.export.MBeanExporter' (OnClassCondition)
      - @ConditionalOnProperty (spring.jmx.enabled=true) matched (OnPropertyCondition)

   JmxAutoConfiguration#mbeanExporter matched:
      - @ConditionalOnMissingBean (types: org.springframework.jmx.export.MBeanExporter; SearchStrategy: current) did not find any beans (OnBeanCondition)

   JmxAutoConfiguration#mbeanServer matched:
      - @ConditionalOnMissingBean (types: javax.management.MBeanServer; SearchStrategy: all) did not find any beans (OnBeanCondition)

   JmxAutoConfiguration#objectNamingStrategy matched:
      - @ConditionalOnMissingBean (types: org.springframework.jmx.export.naming.ObjectNamingStrategy; SearchStrategy: current) did not find any beans (OnBeanCondition)

   JmxEndpointAutoConfiguration matched:
      - @ConditionalOnProperty (spring.jmx.enabled=true) matched (OnPropertyCondition)

   JmxEndpointAutoConfiguration#endpointObjectNameFactory matched:
      - @ConditionalOnMissingBean (types: org.springframework.boot.actuate.endpoint.jmx.EndpointObjectNameFactory; SearchStrategy: current) did not find any beans (OnBeanCondition)

   JmxEndpointAutoConfiguration#jmxAnnotationEndpointDiscoverer matched:
      - @ConditionalOnMissingBean (types: org.springframework.boot.actuate.endpoint.jmx.JmxEndpointsSupplier; SearchStrategy: all) did not find any beans (OnBeanCondition)

   JmxEndpointAutoConfiguration#jmxMBeanExporter matched:
      - @ConditionalOnSingleCandidate (types: javax.management.MBeanServer; SearchStrategy: all) found a single bean 'mbeanServer' (OnBeanCondition)

   JpaBaseConfiguration#entityManagerFactory matched:
      - @ConditionalOnMissingBean (types: org.springframework.orm.jpa.LocalContainerEntityManagerFactoryBean,jakarta.persistence.EntityManagerFactory; SearchStrategy: all) did not find any beans (OnBeanCondition)

   JpaBaseConfiguration#entityManagerFactoryBuilder matched:
      - @ConditionalOnMissingBean (types: org.springframework.boot.orm.jpa.EntityManagerFactoryBuilder; SearchStrategy: all) did not find any beans (OnBeanCondition)

   JpaBaseConfiguration#jpaVendorAdapter matched:
      - @ConditionalOnMissingBean (types: org.springframework.orm.jpa.JpaVendorAdapter; SearchStrategy: all) did not find any beans (OnBeanCondition)

   JpaBaseConfiguration#transactionManager matched:
      - @ConditionalOnMissingBean (types: org.springframework.transaction.TransactionManager; SearchStrategy: all) did not find any beans (OnBeanCondition)

   JpaBaseConfiguration.JpaWebConfiguration matched:
      - @ConditionalOnClass found required class 'org.springframework.web.servlet.config.annotation.WebMvcConfigurer' (OnClassCondition)
      - found 'session' scope (OnWebApplicationCondition)
      - @ConditionalOnProperty (spring.jpa.open-in-view=true) matched (OnPropertyCondition)
      - @ConditionalOnMissingBean (types: org.springframework.orm.jpa.support.OpenEntityManagerInViewInterceptor,org.springframework.orm.jpa.support.OpenEntityManagerInViewFilter; SearchStrategy: all) did not find any beans (OnBeanCondition)

   JpaBaseConfiguration.PersistenceManagedTypesConfiguration matched:
      - @ConditionalOnMissingBean (types: org.springframework.orm.jpa.LocalContainerEntityManagerFactoryBean,jakarta.persistence.EntityManagerFactory; SearchStrategy: all) did not find any beans (OnBeanCondition)

   JpaBaseConfiguration.PersistenceManagedTypesConfiguration#persistenceManagedTypes matched:
      - @ConditionalOnMissingBean (types: org.springframework.orm.jpa.persistenceunit.PersistenceManagedTypes; SearchStrategy: all) did not find any beans (OnBeanCondition)

   JpaRepositoriesAutoConfiguration matched:
      - @ConditionalOnClass found required class 'org.springframework.data.jpa.repository.JpaRepository' (OnClassCondition)
      - @ConditionalOnProperty (spring.data.jpa.repositories.enabled=true) matched (OnPropertyCondition)
      - @ConditionalOnBean (types: javax.sql.DataSource; SearchStrategy: all) found bean 'dataSource'; @ConditionalOnMissingBean (types: org.springframework.data.jpa.repository.support.JpaRepositoryFactoryBean,org.springframework.data.jpa.repository.config.JpaRepositoryConfigExtension; SearchStrategy: all) did not find any beans (OnBeanCondition)

   JtaAutoConfiguration matched:
      - @ConditionalOnClass found required class 'jakarta.transaction.Transaction' (OnClassCondition)
      - @ConditionalOnProperty (spring.jta.enabled) matched (OnPropertyCondition)

   JvmMetricsAutoConfiguration matched:
      - @ConditionalOnClass found required class 'io.micrometer.core.instrument.MeterRegistry' (OnClassCondition)
      - @ConditionalOnBean (types: io.micrometer.core.instrument.MeterRegistry; SearchStrategy: all) found bean 'prometheusMeterRegistry' (OnBeanCondition)

   JvmMetricsAutoConfiguration#classLoaderMetrics matched:
      - @ConditionalOnMissingBean (types: io.micrometer.core.instrument.binder.jvm.ClassLoaderMetrics; SearchStrategy: all) did not find any beans (OnBeanCondition)

   JvmMetricsAutoConfiguration#jvmCompilationMetrics matched:
      - @ConditionalOnMissingBean (types: io.micrometer.core.instrument.binder.jvm.JvmCompilationMetrics; SearchStrategy: all) did not find any beans (OnBeanCondition)

   JvmMetricsAutoConfiguration#jvmGcMetrics matched:
      - @ConditionalOnMissingBean (types: io.micrometer.core.instrument.binder.jvm.JvmGcMetrics; SearchStrategy: all) did not find any beans (OnBeanCondition)

   JvmMetricsAutoConfiguration#jvmHeapPressureMetrics matched:
      - @ConditionalOnMissingBean (types: io.micrometer.core.instrument.binder.jvm.JvmHeapPressureMetrics; SearchStrategy: all) did not find any beans (OnBeanCondition)

   JvmMetricsAutoConfiguration#jvmInfoMetrics matched:
      - @ConditionalOnMissingBean (types: io.micrometer.core.instrument.binder.jvm.JvmInfoMetrics; SearchStrategy: all) did not find any beans (OnBeanCondition)

   JvmMetricsAutoConfiguration#jvmMemoryMetrics matched:
      - @ConditionalOnMissingBean (types: io.micrometer.core.instrument.binder.jvm.JvmMemoryMetrics; SearchStrategy: all) did not find any beans (OnBeanCondition)

   JvmMetricsAutoConfiguration#jvmThreadMetrics matched:
      - @ConditionalOnMissingBean (types: io.micrometer.core.instrument.binder.jvm.JvmThreadMetrics; SearchStrategy: all) did not find any beans (OnBeanCondition)

   LifecycleAutoConfiguration#defaultLifecycleProcessor matched:
      - @ConditionalOnMissingBean (names: lifecycleProcessor; SearchStrategy: current) did not find any beans (OnBeanCondition)

   LogFileWebEndpointAutoConfiguration matched:
      - @ConditionalOnAvailableEndpoint marked as exposed by a 'management.endpoints.jmx.exposure' property (OnAvailableEndpointCondition)

   LogFileWebEndpointAutoConfiguration#logFileWebEndpoint matched:
      - Log File found logging.file.name test.log (LogFileWebEndpointAutoConfiguration.LogFileCondition)
      - @ConditionalOnMissingBean (types: org.springframework.boot.actuate.logging.LogFileWebEndpoint; SearchStrategy: all) did not find any beans (OnBeanCondition)

   LogbackMetricsAutoConfiguration matched:
      - @ConditionalOnClass found required classes 'io.micrometer.core.instrument.MeterRegistry', 'ch.qos.logback.classic.LoggerContext', 'org.slf4j.LoggerFactory' (OnClassCondition)
      - LogbackLoggingCondition ILoggerFactory is a Logback LoggerContext (LogbackMetricsAutoConfiguration.LogbackLoggingCondition)
      - @ConditionalOnBean (types: io.micrometer.core.instrument.MeterRegistry; SearchStrategy: all) found bean 'prometheusMeterRegistry' (OnBeanCondition)

   LogbackMetricsAutoConfiguration#logbackMetrics matched:
      - @ConditionalOnMissingBean (types: io.micrometer.core.instrument.binder.logging.LogbackMetrics; SearchStrategy: all) did not find any beans (OnBeanCondition)

   LoggersEndpointAutoConfiguration matched:
      - @ConditionalOnAvailableEndpoint marked as exposed by a 'management.endpoints.jmx.exposure' property (OnAvailableEndpointCondition)

   LoggersEndpointAutoConfiguration#loggersEndpoint matched:
      - Logging System enabled (LoggersEndpointAutoConfiguration.OnEnabledLoggingSystemCondition)
      - @ConditionalOnBean (types: org.springframework.boot.logging.LoggingSystem; SearchStrategy: all) found bean 'springBootLoggingSystem'; @ConditionalOnMissingBean (types: org.springframework.boot.actuate.logging.LoggersEndpoint; SearchStrategy: all) did not find any beans (OnBeanCondition)

   ManagementContextAutoConfiguration.SameManagementContextConfiguration matched:
      - Management Port actual port type (SAME) matched required type (OnManagementPortCondition)

   MappingsEndpointAutoConfiguration matched:
      - @ConditionalOnAvailableEndpoint marked as exposed by a 'management.endpoints.jmx.exposure' property (OnAvailableEndpointCondition)

   MappingsEndpointAutoConfiguration.ServletWebConfiguration matched:
      - found 'session' scope (OnWebApplicationCondition)

   MappingsEndpointAutoConfiguration.ServletWebConfiguration.SpringMvcConfiguration matched:
      - @ConditionalOnClass found required class 'org.springframework.web.servlet.DispatcherServlet' (OnClassCondition)
      - @ConditionalOnBean (types: org.springframework.web.servlet.DispatcherServlet; SearchStrategy: all) found bean 'dispatcherServlet' (OnBeanCondition)

   MetricsAutoConfiguration matched:
      - @ConditionalOnClass found required class 'io.micrometer.core.annotation.Timed' (OnClassCondition)

   MetricsAutoConfiguration#micrometerClock matched:
      - @ConditionalOnMissingBean (types: io.micrometer.core.instrument.Clock; SearchStrategy: all) did not find any beans (OnBeanCondition)

   MetricsEndpointAutoConfiguration matched:
      - @ConditionalOnClass found required class 'io.micrometer.core.annotation.Timed' (OnClassCondition)
      - @ConditionalOnAvailableEndpoint marked as exposed by a 'management.endpoints.jmx.exposure' property (OnAvailableEndpointCondition)

   MetricsEndpointAutoConfiguration#metricsEndpoint matched:
      - @ConditionalOnBean (types: io.micrometer.core.instrument.MeterRegistry; SearchStrategy: all) found bean 'prometheusMeterRegistry'; @ConditionalOnMissingBean (types: org.springframework.boot.actuate.metrics.MetricsEndpoint; SearchStrategy: all) did not find any beans (OnBeanCondition)

   MicrometerTracingAutoConfiguration matched:
      - @ConditionalOnClass found required class 'io.micrometer.tracing.Tracer' (OnClassCondition)
      - @ConditionalOnBean (types: io.micrometer.tracing.Tracer; SearchStrategy: all) found bean 'braveTracerBridge' (OnBeanCondition)

   MicrometerTracingAutoConfiguration#defaultTracingObservationHandler matched:
      - @ConditionalOnMissingBean (types: io.micrometer.tracing.handler.DefaultTracingObservationHandler; SearchStrategy: all) did not find any beans (OnBeanCondition)

   MicrometerTracingAutoConfiguration#propagatingReceiverTracingObservationHandler matched:
      - @ConditionalOnBean (types: io.micrometer.tracing.propagation.Propagator; SearchStrategy: all) found bean 'bravePropagator'; @ConditionalOnMissingBean (types: io.micrometer.tracing.handler.PropagatingReceiverTracingObservationHandler; SearchStrategy: all) did not find any beans (OnBeanCondition)

   MicrometerTracingAutoConfiguration#propagatingSenderTracingObservationHandler matched:
      - @ConditionalOnBean (types: io.micrometer.tracing.propagation.Propagator; SearchStrategy: all) found bean 'bravePropagator'; @ConditionalOnMissingBean (types: io.micrometer.tracing.handler.PropagatingSenderTracingObservationHandler; SearchStrategy: all) did not find any beans (OnBeanCondition)

   MultipartAutoConfiguration matched:
      - @ConditionalOnClass found required classes 'jakarta.servlet.Servlet', 'org.springframework.web.multipart.support.StandardServletMultipartResolver', 'jakarta.servlet.MultipartConfigElement' (OnClassCondition)
      - found 'session' scope (OnWebApplicationCondition)
      - @ConditionalOnProperty (spring.servlet.multipart.enabled) matched (OnPropertyCondition)

   MultipartAutoConfiguration#multipartConfigElement matched:
      - @ConditionalOnMissingBean (types: jakarta.servlet.MultipartConfigElement; SearchStrategy: all) did not find any beans (OnBeanCondition)

   MultipartAutoConfiguration#multipartResolver matched:
      - @ConditionalOnMissingBean (types: org.springframework.web.multipart.MultipartResolver; SearchStrategy: all) did not find any beans (OnBeanCondition)

   NamedParameterJdbcTemplateConfiguration matched:
      - @ConditionalOnSingleCandidate (types: org.springframework.jdbc.core.JdbcTemplate; SearchStrategy: all) found a single bean 'jdbcTemplate'; @ConditionalOnMissingBean (types: org.springframework.jdbc.core.namedparam.NamedParameterJdbcOperations; SearchStrategy: all) did not find any beans (OnBeanCondition)

   NoOpCacheConfiguration matched:
      - Cache org.springframework.boot.autoconfigure.cache.NoOpCacheConfiguration automatic cache type (CacheCondition)

   ObservationAutoConfiguration matched:
      - @ConditionalOnClass found required class 'io.micrometer.observation.ObservationRegistry' (OnClassCondition)

   ObservationAutoConfiguration#observationRegistry matched:
      - @ConditionalOnMissingBean (types: io.micrometer.observation.ObservationRegistry; SearchStrategy: all) did not find any beans (OnBeanCondition)

   ObservationAutoConfiguration.MeterObservationHandlerConfiguration matched:
      - @ConditionalOnBean (types: io.micrometer.core.instrument.MeterRegistry; SearchStrategy: all) found bean 'prometheusMeterRegistry'; @ConditionalOnMissingBean (types: io.micrometer.core.instrument.observation.MeterObservationHandler; SearchStrategy: all) did not find any beans (OnBeanCondition)

   ObservationAutoConfiguration.MeterObservationHandlerConfiguration.TracingAndMetricsObservationHandlerConfiguration matched:
      - @ConditionalOnBean (types: io.micrometer.tracing.Tracer; SearchStrategy: all) found bean 'braveTracerBridge' (OnBeanCondition)

   ObservationAutoConfiguration.MetricsWithTracingConfiguration matched:
      - @ConditionalOnClass found required classes 'io.micrometer.core.instrument.MeterRegistry', 'io.micrometer.tracing.Tracer' (OnClassCondition)

   ObservationAutoConfiguration.ObservedAspectConfiguration matched:
      - @ConditionalOnClass found required class 'org.aspectj.weaver.Advice' (OnClassCondition)

   ObservationAutoConfiguration.ObservedAspectConfiguration#observedAspect matched:
      - @ConditionalOnMissingBean (types: io.micrometer.observation.aop.ObservedAspect; SearchStrategy: all) did not find any beans (OnBeanCondition)

   PersistenceExceptionTranslationAutoConfiguration matched:
      - @ConditionalOnClass found required class 'org.springframework.dao.annotation.PersistenceExceptionTranslationPostProcessor' (OnClassCondition)

   PersistenceExceptionTranslationAutoConfiguration#persistenceExceptionTranslationPostProcessor matched:
      - @ConditionalOnProperty (spring.dao.exceptiontranslation.enabled) matched (OnPropertyCondition)
      - @ConditionalOnMissingBean (types: org.springframework.dao.annotation.PersistenceExceptionTranslationPostProcessor; SearchStrategy: all) did not find any beans (OnBeanCondition)

   PrometheusExemplarsAutoConfiguration matched:
      - @ConditionalOnClass found required classes 'io.micrometer.tracing.Tracer', 'io.prometheus.metrics.tracer.common.SpanContext' (OnClassCondition)
      - @ConditionalOnBean (types: io.micrometer.tracing.Tracer; SearchStrategy: all) found bean 'braveTracerBridge' (OnBeanCondition)

   PrometheusExemplarsAutoConfiguration#spanContext matched:
      - @ConditionalOnMissingBean (types: io.prometheus.metrics.tracer.common.SpanContext; SearchStrategy: all) did not find any beans (OnBeanCondition)

   PrometheusMetricsExportAutoConfiguration matched:
      - @ConditionalOnClass found required class 'io.micrometer.prometheusmetrics.PrometheusMeterRegistry' (OnClassCondition)
      - @ConditionalOnEnabledMetricsExport management.defaults.metrics.export.enabled is considered true (OnMetricsExportEnabledCondition)
      - @ConditionalOnBean (types: io.micrometer.core.instrument.Clock; SearchStrategy: all) found bean 'micrometerClock' (OnBeanCondition)

   PrometheusMetricsExportAutoConfiguration#prometheusConfig matched:
      - @ConditionalOnMissingBean (types: io.micrometer.prometheusmetrics.PrometheusConfig; SearchStrategy: all) did not find any beans (OnBeanCondition)

   PrometheusMetricsExportAutoConfiguration#prometheusMeterRegistry matched:
      - @ConditionalOnMissingBean (types: io.micrometer.prometheusmetrics.PrometheusMeterRegistry; SearchStrategy: all) did not find any beans (OnBeanCondition)

   PrometheusMetricsExportAutoConfiguration#prometheusRegistry matched:
      - @ConditionalOnMissingBean (types: io.prometheus.metrics.model.registry.PrometheusRegistry; SearchStrategy: all) did not find any beans (OnBeanCondition)

   PrometheusMetricsExportAutoConfiguration.PrometheusScrapeEndpointConfiguration matched:
      - @ConditionalOnAvailableEndpoint marked as exposed by a 'management.endpoints.jmx.exposure' property (OnAvailableEndpointCondition)

   PrometheusMetricsExportAutoConfiguration.PrometheusScrapeEndpointConfiguration#prometheusEndpoint matched:
      - @ConditionalOnMissingBean (types: org.springframework.boot.actuate.metrics.export.prometheus.PrometheusScrapeEndpoint,org.springframework.boot.actuate.metrics.export.prometheus.PrometheusSimpleclientScrapeEndpoint; SearchStrategy: all) did not find any beans (OnBeanCondition)

   PropertyPlaceholderAutoConfiguration#propertySourcesPlaceholderConfigurer matched:
      - @ConditionalOnMissingBean (types: org.springframework.context.support.PropertySourcesPlaceholderConfigurer; SearchStrategy: current) did not find any beans (OnBeanCondition)

   RepositoryMetricsAutoConfiguration matched:
      - @ConditionalOnClass found required class 'org.springframework.data.repository.Repository' (OnClassCondition)
      - @ConditionalOnBean (types: io.micrometer.core.instrument.MeterRegistry; SearchStrategy: all) found bean 'prometheusMeterRegistry' (OnBeanCondition)

   RepositoryMetricsAutoConfiguration#metricsRepositoryMethodInvocationListener matched:
      - @ConditionalOnMissingBean (types: org.springframework.boot.actuate.metrics.data.MetricsRepositoryMethodInvocationListener; SearchStrategy: all) did not find any beans (OnBeanCondition)

   RepositoryMetricsAutoConfiguration#repositoryTagsProvider matched:
      - @ConditionalOnMissingBean (types: org.springframework.boot.actuate.metrics.data.RepositoryTagsProvider; SearchStrategy: all) did not find any beans (OnBeanCondition)

   RestClientAutoConfiguration matched:
      - @ConditionalOnClass found required class 'org.springframework.web.client.RestClient' (OnClassCondition)
      - NoneNestedConditions 0 matched 1 did not; NestedCondition on NotReactiveWebApplicationCondition.ReactiveWebApplication did not find reactive web application classes (NotReactiveWebApplicationCondition)

   RestClientAutoConfiguration#httpMessageConvertersRestClientCustomizer matched:
      - @ConditionalOnMissingBean (types: org.springframework.boot.autoconfigure.web.client.HttpMessageConvertersRestClientCustomizer; SearchStrategy: all) did not find any beans (OnBeanCondition)

   RestClientAutoConfiguration#restClientBuilder matched:
      - @ConditionalOnMissingBean (types: org.springframework.web.client.RestClient$Builder; SearchStrategy: all) did not find any beans (OnBeanCondition)

   RestClientAutoConfiguration#restClientBuilderConfigurer matched:
      - @ConditionalOnMissingBean (types: org.springframework.boot.autoconfigure.web.client.RestClientBuilderConfigurer; SearchStrategy: all) did not find any beans (OnBeanCondition)

   RestClientAutoConfiguration#restClientSsl matched:
      - @ConditionalOnBean (types: org.springframework.boot.ssl.SslBundles; SearchStrategy: all) found bean 'sslBundleRegistry'; @ConditionalOnMissingBean (types: org.springframework.boot.autoconfigure.web.client.RestClientSsl; SearchStrategy: all) did not find any beans (OnBeanCondition)

   RestClientObservationConfiguration matched:
      - @ConditionalOnClass found required class 'org.springframework.web.client.RestClient' (OnClassCondition)
      - @ConditionalOnBean (types: org.springframework.web.client.RestClient$Builder; SearchStrategy: all) found bean 'restClientBuilder' (OnBeanCondition)

   RestTemplateAutoConfiguration matched:
      - @ConditionalOnClass found required class 'org.springframework.web.client.RestTemplate' (OnClassCondition)
      - NoneNestedConditions 0 matched 1 did not; NestedCondition on NotReactiveWebApplicationCondition.ReactiveWebApplication did not find reactive web application classes (NotReactiveWebApplicationCondition)

   RestTemplateAutoConfiguration#restTemplateBuilder matched:
      - @ConditionalOnMissingBean (types: org.springframework.boot.web.client.RestTemplateBuilder; SearchStrategy: all) did not find any beans (OnBeanCondition)

   RestTemplateObservationConfiguration matched:
      - @ConditionalOnClass found required class 'org.springframework.web.client.RestTemplate' (OnClassCondition)
      - @ConditionalOnBean (types: org.springframework.boot.web.client.RestTemplateBuilder; SearchStrategy: all) found bean 'restTemplateBuilder' (OnBeanCondition)

   SbomEndpointAutoConfiguration matched:
      - @ConditionalOnAvailableEndpoint marked as exposed by a 'management.endpoints.jmx.exposure' property (OnAvailableEndpointCondition)

   SbomEndpointAutoConfiguration#sbomEndpoint matched:
      - @ConditionalOnMissingBean (types: org.springframework.boot.actuate.sbom.SbomEndpoint; SearchStrategy: all) did not find any beans (OnBeanCondition)

   ScheduledTasksEndpointAutoConfiguration matched:
      - @ConditionalOnAvailableEndpoint marked as exposed by a 'management.endpoints.jmx.exposure' property (OnAvailableEndpointCondition)

   ScheduledTasksEndpointAutoConfiguration#scheduledTasksEndpoint matched:
      - @ConditionalOnMissingBean (types: org.springframework.boot.actuate.scheduling.ScheduledTasksEndpoint; SearchStrategy: all) did not find any beans (OnBeanCondition)

   ScheduledTasksObservabilityAutoConfiguration matched:
      - @ConditionalOnClass found required class 'org.springframework.scheduling.concurrent.ThreadPoolTaskScheduler' (OnClassCondition)
      - @ConditionalOnBean (types: io.micrometer.observation.ObservationRegistry; SearchStrategy: all) found bean 'observationRegistry' (OnBeanCondition)

   ServletEndpointManagementContextConfiguration matched:
      - found 'session' scope (OnWebApplicationCondition)

   ServletEndpointManagementContextConfiguration.WebMvcServletEndpointManagementContextConfiguration matched:
      - @ConditionalOnClass found required class 'org.springframework.web.servlet.DispatcherServlet' (OnClassCondition)

   ServletManagementContextAutoConfiguration matched:
      - @ConditionalOnClass found required class 'jakarta.servlet.Servlet' (OnClassCondition)
      - found 'session' scope (OnWebApplicationCondition)

   ServletWebServerFactoryAutoConfiguration matched:
      - @ConditionalOnClass found required class 'jakarta.servlet.ServletRequest' (OnClassCondition)
      - found 'session' scope (OnWebApplicationCondition)

   ServletWebServerFactoryAutoConfiguration#tomcatServletWebServerFactoryCustomizer matched:
      - @ConditionalOnClass found required class 'org.apache.catalina.startup.Tomcat' (OnClassCondition)

   ServletWebServerFactoryConfiguration.EmbeddedTomcat matched:
      - @ConditionalOnClass found required classes 'jakarta.servlet.Servlet', 'org.apache.catalina.startup.Tomcat', 'org.apache.coyote.UpgradeProtocol' (OnClassCondition)
      - @ConditionalOnMissingBean (types: org.springframework.boot.web.servlet.server.ServletWebServerFactory; SearchStrategy: current) did not find any beans (OnBeanCondition)

   SimpleCacheConfiguration matched:
      - Cache org.springframework.boot.autoconfigure.cache.SimpleCacheConfiguration automatic cache type (CacheCondition)

   SpringApplicationAdminJmxAutoConfiguration matched:
      - @ConditionalOnProperty (spring.application.admin.enabled=true) matched (OnPropertyCondition)

   SpringApplicationAdminJmxAutoConfiguration#springApplicationAdminRegistrar matched:
      - @ConditionalOnMissingBean (types: org.springframework.boot.admin.SpringApplicationAdminMXBeanRegistrar; SearchStrategy: all) did not find any beans (OnBeanCondition)

   SpringDataWebAutoConfiguration matched:
      - @ConditionalOnClass found required classes 'org.springframework.data.web.PageableHandlerMethodArgumentResolver', 'org.springframework.web.servlet.config.annotation.WebMvcConfigurer' (OnClassCondition)
      - found 'session' scope (OnWebApplicationCondition)
      - @ConditionalOnMissingBean (types: org.springframework.data.web.PageableHandlerMethodArgumentResolver; SearchStrategy: all) did not find any beans (OnBeanCondition)

   SpringDataWebAutoConfiguration#pageableCustomizer matched:
      - @ConditionalOnMissingBean (types: org.springframework.data.web.config.PageableHandlerMethodArgumentResolverCustomizer; SearchStrategy: all) did not find any beans (OnBeanCondition)

   SpringDataWebAutoConfiguration#sortCustomizer matched:
      - @ConditionalOnMissingBean (types: org.springframework.data.web.config.SortHandlerMethodArgumentResolverCustomizer; SearchStrategy: all) did not find any beans (OnBeanCondition)

   SpringDocConfigProperties matched:
      - @ConditionalOnProperty (springdoc.api-docs.enabled) matched (OnPropertyCondition)
      - @ConditionalOnBean (types: org.springdoc.core.configuration.SpringDocConfiguration; SearchStrategy: all) found bean 'org.springdoc.core.configuration.SpringDocConfiguration' (OnBeanCondition)

   SpringDocConfiguration matched:
      - @ConditionalOnWebApplication (required) found 'session' scope (OnWebApplicationCondition)
      - @ConditionalOnProperty (springdoc.api-docs.enabled) matched (OnPropertyCondition)

   SpringDocConfiguration#fileSupportConverter matched:
      - @ConditionalOnMissingBean (types: org.springdoc.core.converters.FileSupportConverter; SearchStrategy: all) did not find any beans (OnBeanCondition)

   SpringDocConfiguration#openAPIBuilder matched:
      - @ConditionalOnMissingBean (types: org.springdoc.core.service.OpenAPIService; SearchStrategy: all) did not find any beans (OnBeanCondition)

   SpringDocConfiguration#operationBuilder matched:
      - @ConditionalOnMissingBean (types: org.springdoc.core.service.OperationService; SearchStrategy: all) did not find any beans (OnBeanCondition)

   SpringDocConfiguration#parameterBuilder matched:
      - @ConditionalOnMissingBean (types: org.springdoc.core.service.GenericParameterService; SearchStrategy: all) did not find any beans (OnBeanCondition)

   SpringDocConfiguration#polymorphicModelConverter matched:
      - @ConditionalOnProperty (springdoc.model-converters.polymorphic-converter.enabled) matched (OnPropertyCondition)
      - @ConditionalOnMissingBean (types: org.springdoc.core.converters.PolymorphicModelConverter; SearchStrategy: all) did not find any beans (OnBeanCondition)

   SpringDocConfiguration#requestBodyBuilder matched:
      - @ConditionalOnMissingBean (types: org.springdoc.core.service.RequestBodyService; SearchStrategy: all) did not find any beans (OnBeanCondition)

   SpringDocConfiguration#responseSupportConverter matched:
      - @ConditionalOnMissingBean (types: org.springdoc.core.converters.ResponseSupportConverter; SearchStrategy: all) did not find any beans (OnBeanCondition)

   SpringDocConfiguration#schemaPropertyDeprecatingConverter matched:
      - @ConditionalOnProperty (springdoc.model-converters.deprecating-converter.enabled) matched (OnPropertyCondition)
      - @ConditionalOnMissingBean (types: org.springdoc.core.converters.SchemaPropertyDeprecatingConverter; SearchStrategy: all) did not find any beans (OnBeanCondition)

   SpringDocConfiguration#securityParser matched:
      - @ConditionalOnMissingBean (types: org.springdoc.core.service.SecurityService; SearchStrategy: all) did not find any beans (OnBeanCondition)

   SpringDocConfiguration#springDocCustomizers matched:
      - @ConditionalOnMissingBean (types: org.springdoc.core.customizers.SpringDocCustomizers; SearchStrategy: all) did not find any beans (OnBeanCondition)

   SpringDocConfiguration#springDocProviders matched:
      - @ConditionalOnMissingBean (types: org.springdoc.core.providers.SpringDocProviders; SearchStrategy: all) did not find any beans (OnBeanCondition)

   SpringDocConfiguration#springdocObjectMapperProvider matched:
      - @ConditionalOnMissingBean (types: org.springdoc.core.providers.ObjectMapperProvider; SearchStrategy: all) did not find any beans (OnBeanCondition)

   SpringDocConfiguration.QuerydslProvider matched:
      - @ConditionalOnClass found required class 'org.springframework.data.querydsl.binding.QuerydslBindingsFactory' (OnClassCondition)

   SpringDocConfiguration.QuerydslProvider#queryDslQuerydslPredicateOperationCustomizer matched:
      - @ConditionalOnMissingBean (types: org.springdoc.core.customizers.QuerydslPredicateOperationCustomizer; SearchStrategy: all) did not find any beans (OnBeanCondition)

   SpringDocConfiguration.SpringDocSpringDataWebPropertiesProvider matched:
      - @ConditionalOnClass found required class 'org.springframework.boot.autoconfigure.data.web.SpringDataWebProperties' (OnClassCondition)

   SpringDocConfiguration.SpringDocSpringDataWebPropertiesProvider#springDataWebPropertiesProvider matched:
      - @ConditionalOnMissingBean (types: org.springdoc.core.providers.SpringDataWebPropertiesProvider; SearchStrategy: all) did not find any beans (OnBeanCondition)

   SpringDocConfiguration.WebConversionServiceConfiguration matched:
      - @ConditionalOnClass found required class 'org.springframework.boot.autoconfigure.web.format.WebConversionService' (OnClassCondition)

   SpringDocPageableConfiguration matched:
      - @ConditionalOnClass found required class 'org.springframework.data.domain.Pageable' (OnClassCondition)
      - @ConditionalOnWebApplication (required) found 'session' scope (OnWebApplicationCondition)
      - @ConditionalOnProperty (springdoc.api-docs.enabled) matched (OnPropertyCondition)
      - @ConditionalOnBean (types: org.springdoc.core.configuration.SpringDocConfiguration; SearchStrategy: all) found bean 'org.springdoc.core.configuration.SpringDocConfiguration' (OnBeanCondition)

   SpringDocPageableConfiguration#delegatingMethodParameterCustomizer matched:
      - @ConditionalOnMissingBean (types: org.springdoc.core.customizers.DelegatingMethodParameterCustomizer; SearchStrategy: all) did not find any beans (OnBeanCondition)

   SpringDocPageableConfiguration#pageableOpenAPIConverter matched:
      - @ConditionalOnProperty (springdoc.model-converters.pageable-converter.enabled) matched (OnPropertyCondition)
      - @ConditionalOnMissingBean (types: org.springdoc.core.converters.PageableOpenAPIConverter; SearchStrategy: all) did not find any beans (OnBeanCondition)

   SpringDocSortConfiguration matched:
      - @ConditionalOnClass found required class 'org.springframework.data.domain.Sort' (OnClassCondition)
      - @ConditionalOnWebApplication (required) found 'session' scope (OnWebApplicationCondition)
      - @ConditionalOnProperty (springdoc.api-docs.enabled) matched (OnPropertyCondition)
      - @ConditionalOnBean (types: org.springdoc.core.configuration.SpringDocConfiguration; SearchStrategy: all) found bean 'org.springdoc.core.configuration.SpringDocConfiguration' (OnBeanCondition)

   SpringDocSortConfiguration#sortOpenAPIConverter matched:
      - @ConditionalOnProperty (springdoc.model-converters.sort-converter.enabled) matched (OnPropertyCondition)
      - @ConditionalOnMissingBean (types: org.springdoc.core.converters.SortOpenAPIConverter; SearchStrategy: all) did not find any beans (OnBeanCondition)

   SpringDocUIConfiguration matched:
      - @ConditionalOnWebApplication (required) found 'session' scope (OnWebApplicationCondition)
      - @ConditionalOnBean (types: org.springdoc.core.configuration.SpringDocConfiguration; SearchStrategy: all) found bean 'org.springdoc.core.configuration.SpringDocConfiguration' (OnBeanCondition)

   SpringDocWebMvcConfiguration matched:
      - found 'session' scope (OnWebApplicationCondition)
      - @ConditionalOnProperty (springdoc.api-docs.enabled) matched (OnPropertyCondition)
      - @ConditionalOnBean (types: org.springdoc.core.configuration.SpringDocConfiguration; SearchStrategy: all) found bean 'org.springdoc.core.configuration.SpringDocConfiguration' (OnBeanCondition)

   SpringDocWebMvcConfiguration#openApiResource matched:
      - @ConditionalOnProperty (springdoc.use-management-port=false) matched (OnPropertyCondition)
      - @ConditionalOnMissingBean (types: org.springdoc.webmvc.api.OpenApiWebMvcResource; SearchStrategy: all) did not find any beans (OnBeanCondition)

   SpringDocWebMvcConfiguration#requestBuilder matched:
      - @ConditionalOnMissingBean (types: org.springdoc.webmvc.core.service.RequestService; SearchStrategy: all) did not find any beans (OnBeanCondition)

   SpringDocWebMvcConfiguration#responseBuilder matched:
      - @ConditionalOnMissingBean (types: org.springdoc.core.service.GenericResponseService; SearchStrategy: all) did not find any beans (OnBeanCondition)

   SpringDocWebMvcConfiguration#springWebProvider matched:
      - @ConditionalOnMissingBean (types: org.springdoc.core.providers.SpringWebProvider; SearchStrategy: all) did not find any beans (OnBeanCondition)

   SpringDocWebMvcConfiguration.SpringDocWebMvcActuatorConfiguration matched:
      - @ConditionalOnClass found required class 'org.springframework.boot.actuate.endpoint.web.servlet.WebMvcEndpointHandlerMapping' (OnClassCondition)

   SpringDocWebMvcConfiguration.SpringDocWebMvcRouterConfiguration matched:
      - @ConditionalOnClass found required class 'org.springframework.web.servlet.function.RouterFunction' (OnClassCondition)

   SpringDocWebMvcConfiguration.SpringDocWebMvcRouterConfiguration#routerFunctionProvider matched:
      - @ConditionalOnMissingBean (types: org.springdoc.webmvc.core.providers.RouterFunctionWebMvcProvider; SearchStrategy: all) did not find any beans (OnBeanCondition)

   SqlInitializationAutoConfiguration matched:
      - @ConditionalOnProperty (spring.sql.init.enabled) matched (OnPropertyCondition)
      - NoneNestedConditions 0 matched 1 did not; NestedCondition on SqlInitializationAutoConfiguration.SqlInitializationModeCondition.ModeIsNever @ConditionalOnProperty (spring.sql.init.mode=never) did not find property 'mode' (SqlInitializationAutoConfiguration.SqlInitializationModeCondition)

   SslAutoConfiguration#sslBundleRegistry matched:
      - @ConditionalOnMissingBean (types: org.springframework.boot.ssl.SslBundleRegistry,org.springframework.boot.ssl.SslBundles; SearchStrategy: all) did not find any beans (OnBeanCondition)

   StartupTimeMetricsListenerAutoConfiguration matched:
      - @ConditionalOnClass found required class 'io.micrometer.core.instrument.MeterRegistry' (OnClassCondition)
      - @ConditionalOnBean (types: io.micrometer.core.instrument.MeterRegistry; SearchStrategy: all) found bean 'prometheusMeterRegistry' (OnBeanCondition)

   StartupTimeMetricsListenerAutoConfiguration#startupTimeMetrics matched:
      - @ConditionalOnMissingBean (types: org.springframework.boot.actuate.metrics.startup.StartupTimeMetricsListener; SearchStrategy: all) did not find any beans (OnBeanCondition)

   SwaggerConfig matched:
      - found 'session' scope (OnWebApplicationCondition)
      - @ConditionalOnProperty (springdoc.swagger-ui.enabled) matched (OnPropertyCondition)
      - @ConditionalOnBean (types: org.springdoc.core.configuration.SpringDocConfiguration; SearchStrategy: all) found bean 'org.springdoc.core.configuration.SpringDocConfiguration' (OnBeanCondition)

   SwaggerConfig#indexPageTransformer matched:
      - @ConditionalOnMissingBean (types: org.springdoc.webmvc.ui.SwaggerIndexTransformer; SearchStrategy: all) did not find any beans (OnBeanCondition)

   SwaggerConfig#swaggerConfigResource matched:
      - @ConditionalOnProperty (springdoc.use-management-port=false) matched (OnPropertyCondition)
      - @ConditionalOnMissingBean (types: org.springdoc.webmvc.ui.SwaggerConfigResource; SearchStrategy: all) did not find any beans (OnBeanCondition)

   SwaggerConfig#swaggerResourceResolver matched:
      - @ConditionalOnMissingBean (types: org.springdoc.webmvc.ui.SwaggerResourceResolver; SearchStrategy: all) did not find any beans (OnBeanCondition)

   SwaggerConfig#swaggerWebMvcConfigurer matched:
      - @ConditionalOnMissingBean (types: org.springdoc.webmvc.ui.SwaggerWebMvcConfigurer; SearchStrategy: all) did not find any beans (OnBeanCondition)

   SwaggerConfig#swaggerWelcome matched:
      - @ConditionalOnProperty (springdoc.use-management-port=false) matched (OnPropertyCondition)
      - @ConditionalOnMissingBean (types: org.springdoc.webmvc.ui.SwaggerWelcomeWebMvc; SearchStrategy: all) did not find any beans (OnBeanCondition)

   SwaggerUiConfigParameters matched:
      - @ConditionalOnProperty (springdoc.swagger-ui.enabled) matched (OnPropertyCondition)
      - @ConditionalOnBean (types: org.springdoc.core.configuration.SpringDocConfiguration; SearchStrategy: all) found bean 'org.springdoc.core.configuration.SpringDocConfiguration' (OnBeanCondition)

   SwaggerUiConfigProperties matched:
      - @ConditionalOnProperty (springdoc.swagger-ui.enabled) matched (OnPropertyCondition)
      - @ConditionalOnBean (types: org.springdoc.core.configuration.SpringDocConfiguration; SearchStrategy: all) found bean 'org.springdoc.core.configuration.SpringDocConfiguration' (OnBeanCondition)

   SwaggerUiOAuthProperties matched:
      - @ConditionalOnProperty (springdoc.swagger-ui.enabled) matched (OnPropertyCondition)
      - @ConditionalOnBean (types: org.springdoc.core.configuration.SpringDocConfiguration; SearchStrategy: all) found bean 'org.springdoc.core.configuration.SpringDocConfiguration' (OnBeanCondition)

   SystemMetricsAutoConfiguration matched:
      - @ConditionalOnClass found required class 'io.micrometer.core.instrument.MeterRegistry' (OnClassCondition)
      - @ConditionalOnBean (types: io.micrometer.core.instrument.MeterRegistry; SearchStrategy: all) found bean 'prometheusMeterRegistry' (OnBeanCondition)

   SystemMetricsAutoConfiguration#diskSpaceMetrics matched:
      - @ConditionalOnMissingBean (types: org.springframework.boot.actuate.metrics.system.DiskSpaceMetricsBinder; SearchStrategy: all) did not find any beans (OnBeanCondition)

   SystemMetricsAutoConfiguration#fileDescriptorMetrics matched:
      - @ConditionalOnMissingBean (types: io.micrometer.core.instrument.binder.system.FileDescriptorMetrics; SearchStrategy: all) did not find any beans (OnBeanCondition)

   SystemMetricsAutoConfiguration#processorMetrics matched:
      - @ConditionalOnMissingBean (types: io.micrometer.core.instrument.binder.system.ProcessorMetrics; SearchStrategy: all) did not find any beans (OnBeanCondition)

   SystemMetricsAutoConfiguration#uptimeMetrics matched:
      - @ConditionalOnMissingBean (types: io.micrometer.core.instrument.binder.system.UptimeMetrics; SearchStrategy: all) did not find any beans (OnBeanCondition)

   TaskExecutionAutoConfiguration matched:
      - @ConditionalOnClass found required class 'org.springframework.scheduling.concurrent.ThreadPoolTaskExecutor' (OnClassCondition)

   TaskExecutorConfigurations.SimpleAsyncTaskExecutorBuilderConfiguration#simpleAsyncTaskExecutorBuilder matched:
      - @ConditionalOnMissingBean (types: org.springframework.boot.task.SimpleAsyncTaskExecutorBuilder; SearchStrategy: all) did not find any beans (OnBeanCondition)
      - @ConditionalOnThreading found PLATFORM (OnThreadingCondition)

   TaskExecutorConfigurations.TaskExecutorBuilderConfiguration#taskExecutorBuilder matched:
      - @ConditionalOnMissingBean (types: org.springframework.boot.task.TaskExecutorBuilder; SearchStrategy: all) did not find any beans (OnBeanCondition)

   TaskExecutorConfigurations.TaskExecutorConfiguration matched:
      - @ConditionalOnMissingBean (types: java.util.concurrent.Executor; SearchStrategy: all) did not find any beans (OnBeanCondition)

   TaskExecutorConfigurations.TaskExecutorConfiguration#applicationTaskExecutor matched:
      - @ConditionalOnThreading found PLATFORM (OnThreadingCondition)

   TaskExecutorConfigurations.ThreadPoolTaskExecutorBuilderConfiguration#threadPoolTaskExecutorBuilder matched:
      - @ConditionalOnMissingBean (types: org.springframework.boot.task.TaskExecutorBuilder,org.springframework.boot.task.ThreadPoolTaskExecutorBuilder; SearchStrategy: all) did not find any beans (OnBeanCondition)

   TaskExecutorMetricsAutoConfiguration matched:
      - @ConditionalOnClass found required class 'io.micrometer.core.instrument.binder.jvm.ExecutorServiceMetrics' (OnClassCondition)
      - @ConditionalOnBean (types: java.util.concurrent.Executor,io.micrometer.core.instrument.MeterRegistry; SearchStrategy: all) found beans 'prometheusMeterRegistry', 'applicationTaskExecutor' (OnBeanCondition)

   TaskSchedulingAutoConfiguration matched:
      - @ConditionalOnClass found required class 'org.springframework.scheduling.concurrent.ThreadPoolTaskScheduler' (OnClassCondition)

   TaskSchedulingConfigurations.SimpleAsyncTaskSchedulerBuilderConfiguration#simpleAsyncTaskSchedulerBuilder matched:
      - @ConditionalOnMissingBean (types: org.springframework.boot.task.SimpleAsyncTaskSchedulerBuilder; SearchStrategy: all) did not find any beans (OnBeanCondition)
      - @ConditionalOnThreading found PLATFORM (OnThreadingCondition)

   TaskSchedulingConfigurations.TaskSchedulerBuilderConfiguration#taskSchedulerBuilder matched:
      - @ConditionalOnMissingBean (types: org.springframework.boot.task.TaskSchedulerBuilder; SearchStrategy: all) did not find any beans (OnBeanCondition)

   TaskSchedulingConfigurations.ThreadPoolTaskSchedulerBuilderConfiguration#threadPoolTaskSchedulerBuilder matched:
      - @ConditionalOnMissingBean (types: org.springframework.boot.task.TaskSchedulerBuilder,org.springframework.boot.task.ThreadPoolTaskSchedulerBuilder; SearchStrategy: all) did not find any beans (OnBeanCondition)

   ThreadDumpEndpointAutoConfiguration matched:
      - @ConditionalOnAvailableEndpoint marked as exposed by a 'management.endpoints.jmx.exposure' property (OnAvailableEndpointCondition)

   ThreadDumpEndpointAutoConfiguration#dumpEndpoint matched:
      - @ConditionalOnMissingBean (types: org.springframework.boot.actuate.management.ThreadDumpEndpoint; SearchStrategy: all) did not find any beans (OnBeanCondition)

   TomcatMetricsAutoConfiguration matched:
      - @ConditionalOnClass found required classes 'io.micrometer.core.instrument.binder.tomcat.TomcatMetrics', 'org.apache.catalina.Manager' (OnClassCondition)
      - @ConditionalOnWebApplication (required) found 'session' scope (OnWebApplicationCondition)

   TomcatMetricsAutoConfiguration#tomcatMetricsBinder matched:
      - @ConditionalOnBean (types: io.micrometer.core.instrument.MeterRegistry; SearchStrategy: all) found bean 'prometheusMeterRegistry'; @ConditionalOnMissingBean (types: io.micrometer.core.instrument.binder.tomcat.TomcatMetrics,org.springframework.boot.actuate.metrics.web.tomcat.TomcatMetricsBinder; SearchStrategy: all) did not find any beans (OnBeanCondition)

   TransactionAutoConfiguration matched:
      - @ConditionalOnClass found required class 'org.springframework.transaction.PlatformTransactionManager' (OnClassCondition)

   TransactionAutoConfiguration.EnableTransactionManagementConfiguration matched:
      - @ConditionalOnBean (types: org.springframework.transaction.TransactionManager; SearchStrategy: all) found bean 'transactionManager'; @ConditionalOnMissingBean (types: org.springframework.transaction.annotation.AbstractTransactionManagementConfiguration; SearchStrategy: all) did not find any beans (OnBeanCondition)

   TransactionAutoConfiguration.EnableTransactionManagementConfiguration.CglibAutoProxyConfiguration matched:
      - @ConditionalOnProperty (spring.aop.proxy-target-class=true) matched (OnPropertyCondition)

   TransactionAutoConfiguration.TransactionTemplateConfiguration matched:
      - @ConditionalOnSingleCandidate (types: org.springframework.transaction.PlatformTransactionManager; SearchStrategy: all) found a single bean 'transactionManager' (OnBeanCondition)

   TransactionAutoConfiguration.TransactionTemplateConfiguration#transactionTemplate matched:
      - @ConditionalOnMissingBean (types: org.springframework.transaction.support.TransactionOperations; SearchStrategy: all) did not find any beans (OnBeanCondition)

   TransactionManagerCustomizationAutoConfiguration matched:
      - @ConditionalOnClass found required class 'org.springframework.transaction.PlatformTransactionManager' (OnClassCondition)

   TransactionManagerCustomizationAutoConfiguration#platformTransactionManagerCustomizers matched:
      - @ConditionalOnMissingBean (types: org.springframework.boot.autoconfigure.transaction.TransactionManagerCustomizers; SearchStrategy: all) did not find any beans (OnBeanCondition)

   WebEndpointAutoConfiguration matched:
      - @ConditionalOnWebApplication (required) found 'session' scope (OnWebApplicationCondition)

   WebEndpointAutoConfiguration#controllerEndpointDiscoverer matched:
      - @ConditionalOnMissingBean (types: org.springframework.boot.actuate.endpoint.web.annotation.ControllerEndpointsSupplier; SearchStrategy: all) did not find any beans (OnBeanCondition)

   WebEndpointAutoConfiguration#endpointMediaTypes matched:
      - @ConditionalOnMissingBean (types: org.springframework.boot.actuate.endpoint.web.EndpointMediaTypes; SearchStrategy: all) did not find any beans (OnBeanCondition)

   WebEndpointAutoConfiguration#pathMappedEndpoints matched:
      - @ConditionalOnMissingBean (types: org.springframework.boot.actuate.endpoint.web.PathMappedEndpoints; SearchStrategy: all) did not find any beans (OnBeanCondition)

   WebEndpointAutoConfiguration#webEndpointDiscoverer matched:
      - @ConditionalOnMissingBean (types: org.springframework.boot.actuate.endpoint.web.WebEndpointsSupplier; SearchStrategy: all) did not find any beans (OnBeanCondition)

   WebEndpointAutoConfiguration.WebEndpointServletConfiguration matched:
      - found 'session' scope (OnWebApplicationCondition)

   WebEndpointAutoConfiguration.WebEndpointServletConfiguration#servletEndpointDiscoverer matched:
      - @ConditionalOnMissingBean (types: org.springframework.boot.actuate.endpoint.web.annotation.ServletEndpointsSupplier; SearchStrategy: all) did not find any beans (OnBeanCondition)

   WebMvcAutoConfiguration matched:
      - @ConditionalOnClass found required classes 'jakarta.servlet.Servlet', 'org.springframework.web.servlet.DispatcherServlet', 'org.springframework.web.servlet.config.annotation.WebMvcConfigurer' (OnClassCondition)
      - found 'session' scope (OnWebApplicationCondition)
      - @ConditionalOnMissingBean (types: org.springframework.web.servlet.config.annotation.WebMvcConfigurationSupport; SearchStrategy: all) did not find any beans (OnBeanCondition)

   WebMvcAutoConfiguration#formContentFilter matched:
      - @ConditionalOnProperty (spring.mvc.formcontent.filter.enabled) matched (OnPropertyCondition)
      - @ConditionalOnMissingBean (types: org.springframework.web.filter.FormContentFilter; SearchStrategy: all) did not find any beans (OnBeanCondition)

   WebMvcAutoConfiguration.EnableWebMvcConfiguration#flashMapManager matched:
      - @ConditionalOnMissingBean (names: flashMapManager; SearchStrategy: all) did not find any beans (OnBeanCondition)

   WebMvcAutoConfiguration.EnableWebMvcConfiguration#localeResolver matched:
      - @ConditionalOnMissingBean (names: localeResolver; SearchStrategy: all) did not find any beans (OnBeanCondition)

   WebMvcAutoConfiguration.EnableWebMvcConfiguration#themeResolver matched:
      - @ConditionalOnMissingBean (names: themeResolver; SearchStrategy: all) did not find any beans (OnBeanCondition)

   WebMvcAutoConfiguration.WebMvcAutoConfigurationAdapter#defaultViewResolver matched:
      - @ConditionalOnMissingBean (types: org.springframework.web.servlet.view.InternalResourceViewResolver; SearchStrategy: all) did not find any beans (OnBeanCondition)

   WebMvcAutoConfiguration.WebMvcAutoConfigurationAdapter#requestContextFilter matched:
      - @ConditionalOnMissingBean (types: org.springframework.web.context.request.RequestContextListener,org.springframework.web.filter.RequestContextFilter; SearchStrategy: all) did not find any beans (OnBeanCondition)

   WebMvcAutoConfiguration.WebMvcAutoConfigurationAdapter#viewResolver matched:
      - @ConditionalOnBean (types: org.springframework.web.servlet.ViewResolver; SearchStrategy: all) found beans 'defaultViewResolver', 'beanNameViewResolver', 'mvcViewResolver'; @ConditionalOnMissingBean (names: viewResolver types: org.springframework.web.servlet.view.ContentNegotiatingViewResolver; SearchStrategy: all) did not find any beans (OnBeanCondition)

   WebMvcEndpointManagementContextConfiguration matched:
      - @ConditionalOnClass found required class 'org.springframework.web.servlet.DispatcherServlet' (OnClassCondition)
      - found 'session' scope (OnWebApplicationCondition)
      - @ConditionalOnBean (types: org.springframework.web.servlet.DispatcherServlet,org.springframework.boot.actuate.endpoint.web.WebEndpointsSupplier; SearchStrategy: all) found beans 'webEndpointDiscoverer', 'dispatcherServlet' (OnBeanCondition)

   WebMvcEndpointManagementContextConfiguration#controllerEndpointHandlerMapping matched:
      - @ConditionalOnMissingBean (types: org.springframework.boot.actuate.endpoint.web.servlet.ControllerEndpointHandlerMapping; SearchStrategy: all) did not find any beans (OnBeanCondition)

   WebMvcEndpointManagementContextConfiguration#endpointObjectMapperWebMvcConfigurer matched:
      - @ConditionalOnBean (types: org.springframework.boot.actuate.endpoint.jackson.EndpointObjectMapper; SearchStrategy: all) found bean 'endpointObjectMapper' (OnBeanCondition)

   WebMvcEndpointManagementContextConfiguration#webEndpointServletHandlerMapping matched:
      - @ConditionalOnMissingBean (types: org.springframework.boot.actuate.endpoint.web.servlet.WebMvcEndpointHandlerMapping; SearchStrategy: all) did not find any beans (OnBeanCondition)

   WebMvcObservationAutoConfiguration matched:
      - @ConditionalOnClass found required classes 'org.springframework.web.servlet.DispatcherServlet', 'io.micrometer.observation.Observation' (OnClassCondition)
      - found 'session' scope (OnWebApplicationCondition)
      - @ConditionalOnBean (types: io.micrometer.observation.ObservationRegistry; SearchStrategy: all) found bean 'observationRegistry' (OnBeanCondition)

   WebMvcObservationAutoConfiguration#webMvcObservationFilter matched:
      - @ConditionalOnMissingBean (types: org.springframework.web.filter.ServerHttpObservationFilter; SearchStrategy: all) did not find any beans (OnBeanCondition)

   WebMvcObservationAutoConfiguration.MeterFilterConfiguration matched:
      - @ConditionalOnClass found required class 'io.micrometer.core.instrument.MeterRegistry' (OnClassCondition)
      - @ConditionalOnBean (types: io.micrometer.core.instrument.MeterRegistry; SearchStrategy: all) found bean 'prometheusMeterRegistry' (OnBeanCondition)

   WebSocketServletAutoConfiguration matched:
      - @ConditionalOnClass found required classes 'jakarta.servlet.Servlet', 'jakarta.websocket.server.ServerContainer' (OnClassCondition)
      - found 'session' scope (OnWebApplicationCondition)

   WebSocketServletAutoConfiguration.TomcatWebSocketConfiguration matched:
      - @ConditionalOnClass found required classes 'org.apache.catalina.startup.Tomcat', 'org.apache.tomcat.websocket.server.WsSci' (OnClassCondition)

   WebSocketServletAutoConfiguration.TomcatWebSocketConfiguration#websocketServletWebServerCustomizer matched:
      - @ConditionalOnMissingBean (names: websocketServletWebServerCustomizer; SearchStrategy: all) did not find any beans (OnBeanCondition)

   ZipkinAutoConfiguration matched:
      - @ConditionalOnClass found required class 'zipkin2.reporter.Encoding' (OnClassCondition)

   ZipkinAutoConfiguration#encoding matched:
      - @ConditionalOnMissingBean (types: zipkin2.reporter.Encoding; SearchStrategy: all) did not find any beans (OnBeanCondition)

   ZipkinAutoConfiguration#zipkinConnectionDetails matched:
      - @ConditionalOnMissingBean (types: org.springframework.boot.actuate.autoconfigure.tracing.zipkin.ZipkinConnectionDetails; SearchStrategy: all) did not find any beans (OnBeanCondition)

   ZipkinConfigurations.BraveConfiguration matched:
      - @ConditionalOnClass found required class 'zipkin2.reporter.brave.AsyncZipkinSpanHandler' (OnClassCondition)

   ZipkinConfigurations.BraveConfiguration#asyncZipkinSpanHandler matched:
      - @ConditionalOnProperty (management.tracing.enabled) matched (OnPropertyCondition)
      - @ConditionalOnBean (types: zipkin2.reporter.BytesMessageSender; SearchStrategy: all) found bean 'restTemplateSender'; @ConditionalOnMissingBean (types: zipkin2.reporter.brave.AsyncZipkinSpanHandler; SearchStrategy: all) did not find any beans (OnBeanCondition)

   ZipkinConfigurations.BraveConfiguration#mutableSpanBytesEncoder matched:
      - @ConditionalOnMissingBean (types: brave.handler.MutableSpan; SearchStrategy: all) did not find any beans (OnBeanCondition)

   ZipkinConfigurations.HttpClientSenderConfiguration matched:
      - @ConditionalOnClass found required class 'java.net.http.HttpClient' (OnClassCondition)

   ZipkinConfigurations.RestTemplateSenderConfiguration matched:
      - @ConditionalOnClass found required class 'org.springframework.web.client.RestTemplate' (OnClassCondition)

   ZipkinConfigurations.RestTemplateSenderConfiguration#restTemplateSender matched:
      - @ConditionalOnMissingBean (types: zipkin2.reporter.BytesMessageSender; SearchStrategy: all) did not find any beans (OnBeanCondition)


Negative matches:
-----------------

   ActiveMQAutoConfiguration:
      Did not match:
         - @ConditionalOnClass did not find required class 'jakarta.jms.ConnectionFactory' (OnClassCondition)

   AopAutoConfiguration.AspectJAutoProxyingConfiguration.JdkDynamicAutoProxyConfiguration:
      Did not match:
         - @ConditionalOnProperty (spring.aop.proxy-target-class=false) did not find property 'proxy-target-class' (OnPropertyCondition)

   AopAutoConfiguration.ClassProxyingConfiguration:
      Did not match:
         - @ConditionalOnMissingClass found unwanted class 'org.aspectj.weaver.Advice' (OnClassCondition)

   AppOpticsMetricsExportAutoConfiguration:
      Did not match:
         - @ConditionalOnClass did not find required class 'io.micrometer.appoptics.AppOpticsMeterRegistry' (OnClassCondition)

   ArtemisAutoConfiguration:
      Did not match:
         - @ConditionalOnClass did not find required class 'jakarta.jms.ConnectionFactory' (OnClassCondition)

   AtlasMetricsExportAutoConfiguration:
      Did not match:
         - @ConditionalOnClass did not find required class 'io.micrometer.atlas.AtlasMeterRegistry' (OnClassCondition)

   AuditAutoConfiguration:
      Did not match:
         - @ConditionalOnBean (types: org.springframework.boot.actuate.audit.AuditEventRepository; SearchStrategy: all) did not find any beans of type org.springframework.boot.actuate.audit.AuditEventRepository (OnBeanCondition)
      Matched:
         - @ConditionalOnProperty (management.auditevents.enabled) matched (OnPropertyCondition)

   AuditEventsEndpointAutoConfiguration#auditEventsEndpoint:
      Did not match:
         - @ConditionalOnBean (types: org.springframework.boot.actuate.audit.AuditEventRepository; SearchStrategy: all) did not find any beans of type org.springframework.boot.actuate.audit.AuditEventRepository (OnBeanCondition)

   AvailabilityHealthContributorAutoConfiguration#livenessStateHealthIndicator:
      Did not match:
         - @ConditionalOnProperty (management.health.livenessstate.enabled=true) did not find property 'enabled' (OnPropertyCondition)

   AvailabilityHealthContributorAutoConfiguration#readinessStateHealthIndicator:
      Did not match:
         - @ConditionalOnProperty (management.health.readinessstate.enabled=true) did not find property 'enabled' (OnPropertyCondition)

   AvailabilityProbesAutoConfiguration:
      Did not match:
         - Probes availability not running on a supported cloud platform (AvailabilityProbesAutoConfiguration.ProbesCondition)

   BatchAutoConfiguration:
      Did not match:
         - @ConditionalOnClass did not find required class 'org.springframework.batch.core.launch.JobLauncher' (OnClassCondition)

   BatchObservationAutoConfiguration:
      Did not match:
         - @ConditionalOnClass did not find required class 'org.springframework.batch.core.configuration.annotation.BatchObservabilityBeanPostProcessor' (OnClassCondition)

   BravePropagationConfigurations.NoPropagation#noopPropagationFactory:
      Did not match:
         - @ConditionalOnMissingBean (types: brave.propagation.Propagation$Factory; SearchStrategy: all) found beans of type 'brave.propagation.Propagation$Factory' propagationFactory (OnBeanCondition)

   BravePropagationConfigurations.PropagationWithoutBaggage:
      Did not match:
         - @ConditionalOnProperty (management.tracing.baggage.enabled=false) did not find property 'management.tracing.baggage.enabled' (OnPropertyCondition)

   Cache2kCacheConfiguration:
      Did not match:
         - @ConditionalOnClass did not find required class 'org.cache2k.Cache2kBuilder' (OnClassCondition)

   CacheAutoConfiguration:
      Did not match:
         - @ConditionalOnBean (types: org.springframework.cache.interceptor.CacheAspectSupport; SearchStrategy: all) did not find any beans of type org.springframework.cache.interceptor.CacheAspectSupport (OnBeanCondition)
      Matched:
         - @ConditionalOnClass found required class 'org.springframework.cache.CacheManager' (OnClassCondition)

   CacheAutoConfiguration.CacheManagerEntityManagerFactoryDependsOnPostProcessor:
      Did not match:
         - Ancestor org.springframework.boot.autoconfigure.cache.CacheAutoConfiguration did not match (ConditionEvaluationReport.AncestorsMatchedCondition)
      Matched:
         - @ConditionalOnClass found required class 'org.springframework.orm.jpa.LocalContainerEntityManagerFactoryBean' (OnClassCondition)

   CacheMeterBinderProvidersConfiguration.Cache2kCacheMeterBinderProviderConfiguration:
      Did not match:
         - @ConditionalOnClass did not find required classes 'org.cache2k.Cache2kBuilder', 'org.cache2k.extra.spring.SpringCache2kCache', 'org.cache2k.extra.micrometer.Cache2kCacheMetrics' (OnClassCondition)

   CacheMeterBinderProvidersConfiguration.CaffeineCacheMeterBinderProviderConfiguration:
      Did not match:
         - @ConditionalOnClass did not find required classes 'org.springframework.cache.caffeine.CaffeineCache', 'com.github.benmanes.caffeine.cache.Cache' (OnClassCondition)

   CacheMeterBinderProvidersConfiguration.HazelcastCacheMeterBinderProviderConfiguration:
      Did not match:
         - @ConditionalOnClass did not find required classes 'com.hazelcast.spring.cache.HazelcastCache', 'com.hazelcast.core.Hazelcast' (OnClassCondition)

   CacheMeterBinderProvidersConfiguration.JCacheCacheMeterBinderProviderConfiguration:
      Did not match:
         - @ConditionalOnClass did not find required classes 'org.springframework.cache.jcache.JCacheCache', 'javax.cache.CacheManager' (OnClassCondition)

   CacheMeterBinderProvidersConfiguration.RedisCacheMeterBinderProviderConfiguration:
      Did not match:
         - @ConditionalOnClass did not find required class 'org.springframework.data.redis.cache.RedisCache' (OnClassCondition)

   CacheMetricsAutoConfiguration:
      Did not match:
         - @ConditionalOnBean (types: org.springframework.cache.CacheManager; SearchStrategy: all) did not find any beans of type org.springframework.cache.CacheManager (OnBeanCondition)

   CachesEndpointAutoConfiguration#cachesEndpointWebExtension:
      Did not match:
         - @ConditionalOnAvailableEndpoint no 'management.endpoints' property marked it as exposed (OnAvailableEndpointCondition)
      Matched:
         - @ConditionalOnBean (types: org.springframework.boot.actuate.cache.CachesEndpoint; SearchStrategy: all) found bean 'cachesEndpoint'; @ConditionalOnMissingBean (types: org.springframework.boot.actuate.cache.CachesEndpointWebExtension; SearchStrategy: all) did not find any beans (OnBeanCondition)

   CaffeineCacheConfiguration:
      Did not match:
         - @ConditionalOnClass did not find required class 'com.github.benmanes.caffeine.cache.Caffeine' (OnClassCondition)

   CassandraAutoConfiguration:
      Did not match:
         - @ConditionalOnClass did not find required class 'com.datastax.oss.driver.api.core.CqlSession' (OnClassCondition)

   CassandraDataAutoConfiguration:
      Did not match:
         - @ConditionalOnClass did not find required class 'com.datastax.oss.driver.api.core.CqlSession' (OnClassCondition)

   CassandraHealthContributorAutoConfiguration:
      Did not match:
         - @ConditionalOnClass did not find required class 'com.datastax.oss.driver.api.core.CqlSession' (OnClassCondition)

   CassandraReactiveDataAutoConfiguration:
      Did not match:
         - @ConditionalOnClass did not find required class 'com.datastax.oss.driver.api.core.CqlSession' (OnClassCondition)

   CassandraReactiveHealthContributorAutoConfiguration:
      Did not match:
         - @ConditionalOnClass did not find required class 'com.datastax.oss.driver.api.core.CqlSession' (OnClassCondition)

   CassandraReactiveRepositoriesAutoConfiguration:
      Did not match:
         - @ConditionalOnClass did not find required class 'org.springframework.data.cassandra.ReactiveSession' (OnClassCondition)

   CassandraRepositoriesAutoConfiguration:
      Did not match:
         - @ConditionalOnClass did not find required class 'com.datastax.oss.driver.api.core.CqlSession' (OnClassCondition)

   ClientHttpConnectorAutoConfiguration:
      Did not match:
         - @ConditionalOnClass did not find required class 'org.springframework.web.reactive.function.client.WebClient' (OnClassCondition)

   CloudFoundryActuatorAutoConfiguration:
      Did not match:
         - @ConditionalOnCloudPlatform did not find CLOUD_FOUNDRY (OnCloudPlatformCondition)
      Matched:
         - @ConditionalOnClass found required class 'org.springframework.web.servlet.DispatcherServlet' (OnClassCondition)
         - found 'session' scope (OnWebApplicationCondition)
         - @ConditionalOnProperty (management.cloudfoundry.enabled) matched (OnPropertyCondition)

   CodecsAutoConfiguration:
      Did not match:
         - @ConditionalOnClass did not find required class 'org.springframework.web.reactive.function.client.WebClient' (OnClassCondition)

   CompositeMeterRegistryConfiguration:
      Did not match:
         - NoneNestedConditions 1 matched 1 did not; NestedCondition on CompositeMeterRegistryConfiguration.MultipleNonPrimaryMeterRegistriesCondition.SingleInjectableMeterRegistry @ConditionalOnSingleCandidate (types: io.micrometer.core.instrument.MeterRegistry; SearchStrategy: all) found a single bean 'prometheusMeterRegistry'; NestedCondition on CompositeMeterRegistryConfiguration.MultipleNonPrimaryMeterRegistriesCondition.NoMeterRegistryCondition @ConditionalOnMissingBean (types: io.micrometer.core.instrument.MeterRegistry; SearchStrategy: all) found beans of type 'io.micrometer.core.instrument.MeterRegistry' prometheusMeterRegistry (CompositeMeterRegistryConfiguration.MultipleNonPrimaryMeterRegistriesCondition)

   ConfigurationPropertiesReportEndpointAutoConfiguration#configurationPropertiesReportEndpointWebExtension:
      Did not match:
         - @ConditionalOnAvailableEndpoint no 'management.endpoints' property marked it as exposed (OnAvailableEndpointCondition)
      Matched:
         - @ConditionalOnBean (types: org.springframework.boot.actuate.context.properties.ConfigurationPropertiesReportEndpoint; SearchStrategy: all) found bean 'configurationPropertiesReportEndpoint'; @ConditionalOnMissingBean (types: org.springframework.boot.actuate.context.properties.ConfigurationPropertiesReportEndpointWebExtension; SearchStrategy: all) did not find any beans (OnBeanCondition)

   ConnectionFactoryHealthContributorAutoConfiguration:
      Did not match:
         - @ConditionalOnClass did not find required class 'io.r2dbc.spi.ConnectionFactory' (OnClassCondition)

   ConnectionPoolMetricsAutoConfiguration:
      Did not match:
         - @ConditionalOnClass did not find required class 'io.r2dbc.pool.ConnectionPool' (OnClassCondition)

   CouchbaseAutoConfiguration:
      Did not match:
         - @ConditionalOnClass did not find required class 'com.couchbase.client.java.Cluster' (OnClassCondition)

   CouchbaseCacheConfiguration:
      Did not match:
         - @ConditionalOnClass did not find required class 'com.couchbase.client.java.Cluster' (OnClassCondition)

   CouchbaseDataAutoConfiguration:
      Did not match:
         - @ConditionalOnClass did not find required class 'com.couchbase.client.java.Bucket' (OnClassCondition)

   CouchbaseHealthContributorAutoConfiguration:
      Did not match:
         - @ConditionalOnClass did not find required class 'com.couchbase.client.java.Cluster' (OnClassCondition)

   CouchbaseReactiveDataAutoConfiguration:
      Did not match:
         - @ConditionalOnClass did not find required class 'com.couchbase.client.java.Cluster' (OnClassCondition)

   CouchbaseReactiveHealthContributorAutoConfiguration:
      Did not match:
         - @ConditionalOnClass did not find required class 'com.couchbase.client.java.Cluster' (OnClassCondition)

   CouchbaseReactiveRepositoriesAutoConfiguration:
      Did not match:
         - @ConditionalOnClass did not find required class 'com.couchbase.client.java.Cluster' (OnClassCondition)

   CouchbaseRepositoriesAutoConfiguration:
      Did not match:
         - @ConditionalOnClass did not find required class 'com.couchbase.client.java.Bucket' (OnClassCondition)

   DataSourceAutoConfiguration.EmbeddedDatabaseConfiguration:
      Did not match:
         - EmbeddedDataSource spring.datasource.url is set (DataSourceAutoConfiguration.EmbeddedDatabaseCondition)

   DataSourceCheckpointRestoreConfiguration:
      Did not match:
         - @ConditionalOnClass did not find required class 'org.crac.Resource' (OnClassCondition)

   DataSourceConfiguration.Dbcp2:
      Did not match:
         - @ConditionalOnClass did not find required class 'org.apache.commons.dbcp2.BasicDataSource' (OnClassCondition)

   DataSourceConfiguration.Generic:
      Did not match:
         - @ConditionalOnProperty (spring.datasource.type) did not find property 'spring.datasource.type' (OnPropertyCondition)

   DataSourceConfiguration.OracleUcp:
      Did not match:
         - @ConditionalOnClass did not find required classes 'oracle.ucp.jdbc.PoolDataSourceImpl', 'oracle.jdbc.OracleConnection' (OnClassCondition)

   DataSourceConfiguration.Tomcat:
      Did not match:
         - @ConditionalOnClass did not find required class 'org.apache.tomcat.jdbc.pool.DataSource' (OnClassCondition)

   DataSourceJmxConfiguration.TomcatDataSourceJmxConfiguration:
      Did not match:
         - @ConditionalOnClass did not find required class 'org.apache.tomcat.jdbc.pool.DataSourceProxy' (OnClassCondition)

   DataSourcePoolMetadataProvidersConfiguration.CommonsDbcp2PoolDataSourceMetadataProviderConfiguration:
      Did not match:
         - @ConditionalOnClass did not find required class 'org.apache.commons.dbcp2.BasicDataSource' (OnClassCondition)

   DataSourcePoolMetadataProvidersConfiguration.OracleUcpPoolDataSourceMetadataProviderConfiguration:
      Did not match:
         - @ConditionalOnClass did not find required classes 'oracle.ucp.jdbc.PoolDataSource', 'oracle.jdbc.OracleConnection' (OnClassCondition)

   DataSourcePoolMetadataProvidersConfiguration.TomcatDataSourcePoolMetadataProviderConfiguration:
      Did not match:
         - @ConditionalOnClass did not find required class 'org.apache.tomcat.jdbc.pool.DataSource' (OnClassCondition)

   DataSourceTransactionManagerAutoConfiguration.JdbcTransactionManagerConfiguration#transactionManager:
      Did not match:
         - @ConditionalOnMissingBean (types: org.springframework.transaction.TransactionManager; SearchStrategy: all) found beans of type 'org.springframework.transaction.TransactionManager' transactionManager (OnBeanCondition)

   DatadogMetricsExportAutoConfiguration:
      Did not match:
         - @ConditionalOnClass did not find required class 'io.micrometer.datadog.DatadogMeterRegistry' (OnClassCondition)

   DispatcherServletAutoConfiguration.DispatcherServletConfiguration#multipartResolver:
      Did not match:
         - @ConditionalOnBean (types: org.springframework.web.multipart.MultipartResolver; SearchStrategy: all) did not find any beans of type org.springframework.web.multipart.MultipartResolver (OnBeanCondition)

   DynatraceMetricsExportAutoConfiguration:
      Did not match:
         - @ConditionalOnClass did not find required class 'io.micrometer.dynatrace.DynatraceMeterRegistry' (OnClassCondition)

   ElasticMetricsExportAutoConfiguration:
      Did not match:
         - @ConditionalOnClass did not find required class 'io.micrometer.elastic.ElasticMeterRegistry' (OnClassCondition)

   ElasticsearchClientAutoConfiguration:
      Did not match:
         - @ConditionalOnClass did not find required class 'co.elastic.clients.elasticsearch.ElasticsearchClient' (OnClassCondition)

   ElasticsearchDataAutoConfiguration:
      Did not match:
         - @ConditionalOnClass did not find required class 'org.springframework.data.elasticsearch.client.elc.ElasticsearchTemplate' (OnClassCondition)

   ElasticsearchReactiveHealthContributorAutoConfiguration:
      Did not match:
         - @ConditionalOnClass did not find required class 'reactor.core.publisher.Flux' (OnClassCondition)

   ElasticsearchRepositoriesAutoConfiguration:
      Did not match:
         - @ConditionalOnClass did not find required class 'org.springframework.data.elasticsearch.repository.ElasticsearchRepository' (OnClassCondition)

   ElasticsearchRestClientAutoConfiguration:
      Did not match:
         - @ConditionalOnClass did not find required class 'org.elasticsearch.client.RestClientBuilder' (OnClassCondition)

   ElasticsearchRestHealthContributorAutoConfiguration:
      Did not match:
         - @ConditionalOnClass did not find required class 'org.elasticsearch.client.RestClient' (OnClassCondition)

   EmbeddedLdapAutoConfiguration:
      Did not match:
         - @ConditionalOnClass did not find required class 'com.unboundid.ldap.listener.InMemoryDirectoryServer' (OnClassCondition)

   EmbeddedWebServerFactoryCustomizerAutoConfiguration.JettyWebServerFactoryCustomizerConfiguration:
      Did not match:
         - @ConditionalOnClass did not find required classes 'org.eclipse.jetty.server.Server', 'org.eclipse.jetty.util.Loader', 'org.eclipse.jetty.ee10.webapp.WebAppContext' (OnClassCondition)

   EmbeddedWebServerFactoryCustomizerAutoConfiguration.NettyWebServerFactoryCustomizerConfiguration:
      Did not match:
         - @ConditionalOnClass did not find required class 'reactor.netty.http.server.HttpServer' (OnClassCondition)

   EmbeddedWebServerFactoryCustomizerAutoConfiguration.TomcatWebServerFactoryCustomizerConfiguration#tomcatVirtualThreadsProtocolHandlerCustomizer:
      Did not match:
         - @ConditionalOnThreading did not find VIRTUAL (OnThreadingCondition)

   EmbeddedWebServerFactoryCustomizerAutoConfiguration.UndertowWebServerFactoryCustomizerConfiguration:
      Did not match:
         - @ConditionalOnClass did not find required classes 'io.undertow.Undertow', 'org.xnio.SslClientAuthMode' (OnClassCondition)

   EnvironmentEndpointAutoConfiguration#environmentEndpointWebExtension:
      Did not match:
         - @ConditionalOnAvailableEndpoint no 'management.endpoints' property marked it as exposed (OnAvailableEndpointCondition)
      Matched:
         - @ConditionalOnBean (types: org.springframework.boot.actuate.env.EnvironmentEndpoint; SearchStrategy: all) found bean 'environmentEndpoint'; @ConditionalOnMissingBean (types: org.springframework.boot.actuate.env.EnvironmentEndpointWebExtension; SearchStrategy: all) did not find any beans (OnBeanCondition)

   ErrorWebFluxAutoConfiguration:
      Did not match:
         - @ConditionalOnClass did not find required class 'org.springframework.web.reactive.config.WebFluxConfigurer' (OnClassCondition)

   FlywayAutoConfiguration:
      Did not match:
         - @ConditionalOnClass did not find required class 'org.flywaydb.core.Flyway' (OnClassCondition)

   FlywayEndpointAutoConfiguration:
      Did not match:
         - @ConditionalOnClass did not find required class 'org.flywaydb.core.Flyway' (OnClassCondition)

   FreeMarkerAutoConfiguration:
      Did not match:
         - @ConditionalOnClass did not find required class 'freemarker.template.Configuration' (OnClassCondition)

   GangliaMetricsExportAutoConfiguration:
      Did not match:
         - @ConditionalOnClass did not find required class 'io.micrometer.ganglia.GangliaMeterRegistry' (OnClassCondition)

   GraphQlAutoConfiguration:
      Did not match:
         - @ConditionalOnClass did not find required class 'graphql.GraphQL' (OnClassCondition)

   GraphQlObservationAutoConfiguration:
      Did not match:
         - @ConditionalOnClass did not find required class 'graphql.GraphQL' (OnClassCondition)

   GraphQlQueryByExampleAutoConfiguration:
      Did not match:
         - @ConditionalOnClass did not find required class 'graphql.GraphQL' (OnClassCondition)

   GraphQlQuerydslAutoConfiguration:
      Did not match:
         - @ConditionalOnClass did not find required class 'com.querydsl.core.Query' (OnClassCondition)

   GraphQlRSocketAutoConfiguration:
      Did not match:
         - @ConditionalOnClass did not find required class 'graphql.GraphQL' (OnClassCondition)

   GraphQlReactiveQueryByExampleAutoConfiguration:
      Did not match:
         - @ConditionalOnClass did not find required class 'graphql.GraphQL' (OnClassCondition)

   GraphQlReactiveQuerydslAutoConfiguration:
      Did not match:
         - @ConditionalOnClass did not find required class 'com.querydsl.core.Query' (OnClassCondition)

   GraphQlWebFluxAutoConfiguration:
      Did not match:
         - @ConditionalOnClass did not find required class 'graphql.GraphQL' (OnClassCondition)

   GraphQlWebFluxSecurityAutoConfiguration:
      Did not match:
         - @ConditionalOnClass did not find required class 'graphql.GraphQL' (OnClassCondition)

   GraphQlWebMvcAutoConfiguration:
      Did not match:
         - @ConditionalOnClass did not find required class 'graphql.GraphQL' (OnClassCondition)

   GraphQlWebMvcSecurityAutoConfiguration:
      Did not match:
         - @ConditionalOnClass did not find required class 'graphql.GraphQL' (OnClassCondition)

   GraphiteMetricsExportAutoConfiguration:
      Did not match:
         - @ConditionalOnClass did not find required class 'io.micrometer.graphite.GraphiteMeterRegistry' (OnClassCondition)

   GroovyTemplateAutoConfiguration:
      Did not match:
         - @ConditionalOnClass did not find required class 'groovy.text.markup.MarkupTemplateEngine' (OnClassCondition)

   GsonAutoConfiguration:
      Did not match:
         - @ConditionalOnClass did not find required class 'com.google.gson.Gson' (OnClassCondition)

   GsonHttpMessageConvertersConfiguration:
      Did not match:
         - @ConditionalOnClass did not find required class 'com.google.gson.Gson' (OnClassCondition)

   H2ConsoleAutoConfiguration:
      Did not match:
         - @ConditionalOnClass did not find required class 'org.h2.server.web.JakartaWebServlet' (OnClassCondition)

   HazelcastAutoConfiguration:
      Did not match:
         - @ConditionalOnClass did not find required class 'com.hazelcast.core.HazelcastInstance' (OnClassCondition)

   HazelcastCacheConfiguration:
      Did not match:
         - @ConditionalOnClass did not find required class 'com.hazelcast.core.HazelcastInstance' (OnClassCondition)

   HazelcastHealthContributorAutoConfiguration:
      Did not match:
         - @ConditionalOnClass did not find required class 'com.hazelcast.core.HazelcastInstance' (OnClassCondition)

   HazelcastJpaDependencyAutoConfiguration:
      Did not match:
         - @ConditionalOnClass did not find required class 'com.hazelcast.core.HazelcastInstance' (OnClassCondition)

   HealthEndpointReactiveWebExtensionConfiguration:
      Did not match:
         - did not find reactive web application classes (OnWebApplicationCondition)

   HealthEndpointWebExtensionConfiguration.JerseyAdditionalHealthEndpointPathsConfiguration:
      Did not match:
         - @ConditionalOnClass did not find required class 'org.glassfish.jersey.server.ResourceConfig' (OnClassCondition)

   HibernateMetricsAutoConfiguration:
      Did not match:
         - @ConditionalOnClass did not find required class 'org.hibernate.stat.HibernateMetrics' (OnClassCondition)

   HttpExchangesAutoConfiguration:
      Did not match:
         - @ConditionalOnBean (types: org.springframework.boot.actuate.web.exchanges.HttpExchangeRepository; SearchStrategy: all) did not find any beans of type org.springframework.boot.actuate.web.exchanges.HttpExchangeRepository (OnBeanCondition)
      Matched:
         - @ConditionalOnWebApplication (required) found 'session' scope (OnWebApplicationCondition)
         - @ConditionalOnProperty (management.httpexchanges.recording.enabled) matched (OnPropertyCondition)

   HttpExchangesAutoConfiguration.ReactiveHttpExchangesConfiguration:
      Did not match:
         - did not find reactive web application classes (OnWebApplicationCondition)
         - Ancestor org.springframework.boot.actuate.autoconfigure.web.exchanges.HttpExchangesAutoConfiguration did not match (ConditionEvaluationReport.AncestorsMatchedCondition)

   HttpExchangesAutoConfiguration.ServletHttpExchangesConfiguration:
      Did not match:
         - Ancestor org.springframework.boot.actuate.autoconfigure.web.exchanges.HttpExchangesAutoConfiguration did not match (ConditionEvaluationReport.AncestorsMatchedCondition)
      Matched:
         - found 'session' scope (OnWebApplicationCondition)

   HttpExchangesEndpointAutoConfiguration#httpExchangesEndpoint:
      Did not match:
         - @ConditionalOnBean (types: org.springframework.boot.actuate.web.exchanges.HttpExchangeRepository; SearchStrategy: all) did not find any beans of type org.springframework.boot.actuate.web.exchanges.HttpExchangeRepository (OnBeanCondition)

   HttpHandlerAutoConfiguration:
      Did not match:
         - @ConditionalOnClass did not find required class 'org.springframework.web.reactive.DispatcherHandler' (OnClassCondition)

   HumioMetricsExportAutoConfiguration:
      Did not match:
         - @ConditionalOnClass did not find required class 'io.micrometer.humio.HumioMeterRegistry' (OnClassCondition)

   HypermediaAutoConfiguration:
      Did not match:
         - @ConditionalOnClass did not find required class 'org.springframework.hateoas.EntityModel' (OnClassCondition)

   InfinispanCacheConfiguration:
      Did not match:
         - @ConditionalOnClass did not find required class 'org.infinispan.spring.embedded.provider.SpringEmbeddedCacheManager' (OnClassCondition)

   InfluxDbAutoConfiguration:
      Did not match:
         - @ConditionalOnClass did not find required class 'org.influxdb.InfluxDB' (OnClassCondition)

   InfluxDbHealthContributorAutoConfiguration:
      Did not match:
         - @ConditionalOnClass did not find required class 'org.influxdb.InfluxDB' (OnClassCondition)

   InfluxMetricsExportAutoConfiguration:
      Did not match:
         - @ConditionalOnClass did not find required class 'io.micrometer.influx.InfluxMeterRegistry' (OnClassCondition)

   InfoContributorAutoConfiguration#buildInfoContributor:
      Did not match:
         - @ConditionalOnSingleCandidate (types: org.springframework.boot.info.BuildProperties; SearchStrategy: all) did not find any beans (OnBeanCondition)
      Matched:
         - @ConditionalOnEnabledInfoContributor management.info.defaults.enabled is considered true (OnEnabledInfoContributorCondition)

   InfoContributorAutoConfiguration#envInfoContributor:
      Did not match:
         - @ConditionalOnEnabledInfoContributor management.info.env.enabled is not true (OnEnabledInfoContributorCondition)

   InfoContributorAutoConfiguration#gitInfoContributor:
      Did not match:
         - @ConditionalOnSingleCandidate (types: org.springframework.boot.info.GitProperties; SearchStrategy: all) did not find any beans (OnBeanCondition)
      Matched:
         - @ConditionalOnEnabledInfoContributor management.info.defaults.enabled is considered true (OnEnabledInfoContributorCondition)

   InfoContributorAutoConfiguration#javaInfoContributor:
      Did not match:
         - @ConditionalOnEnabledInfoContributor management.info.java.enabled is not true (OnEnabledInfoContributorCondition)

   InfoContributorAutoConfiguration#osInfoContributor:
      Did not match:
         - @ConditionalOnEnabledInfoContributor management.info.os.enabled is not true (OnEnabledInfoContributorCondition)

   InfoContributorAutoConfiguration#processInfoContributor:
      Did not match:
         - @ConditionalOnEnabledInfoContributor management.info.process.enabled is not true (OnEnabledInfoContributorCondition)

   IntegrationAutoConfiguration:
      Did not match:
         - @ConditionalOnClass did not find required class 'org.springframework.integration.config.EnableIntegration' (OnClassCondition)

   IntegrationGraphEndpointAutoConfiguration:
      Did not match:
         - @ConditionalOnClass did not find required class 'org.springframework.integration.graph.IntegrationGraphServer' (OnClassCondition)

   JCacheCacheConfiguration:
      Did not match:
         - @ConditionalOnClass did not find required class 'javax.cache.Caching' (OnClassCondition)

   JacksonHttpMessageConvertersConfiguration.MappingJackson2XmlHttpMessageConverterConfiguration:
      Did not match:
         - @ConditionalOnClass did not find required class 'com.fasterxml.jackson.dataformat.xml.XmlMapper' (OnClassCondition)

   JdbcRepositoriesAutoConfiguration:
      Did not match:
         - @ConditionalOnClass did not find required class 'org.springframework.data.jdbc.repository.config.AbstractJdbcConfiguration' (OnClassCondition)

   JerseyAutoConfiguration:
      Did not match:
         - @ConditionalOnClass did not find required class 'org.glassfish.jersey.server.spring.SpringComponentProvider' (OnClassCondition)

   JerseySameManagementContextConfiguration:
      Did not match:
         - @ConditionalOnClass did not find required class 'org.glassfish.jersey.server.ResourceConfig' (OnClassCondition)

   JerseyServerMetricsAutoConfiguration:
      Did not match:
         - @ConditionalOnClass did not find required class 'org.glassfish.jersey.micrometer.server.ObservationApplicationEventListener' (OnClassCondition)

   JerseyWebEndpointManagementContextConfiguration:
      Did not match:
         - @ConditionalOnClass did not find required class 'org.glassfish.jersey.server.ResourceConfig' (OnClassCondition)

   JettyMetricsAutoConfiguration:
      Did not match:
         - @ConditionalOnClass did not find required class 'org.eclipse.jetty.server.Server' (OnClassCondition)

   JmsAutoConfiguration:
      Did not match:
         - @ConditionalOnClass did not find required class 'jakarta.jms.Message' (OnClassCondition)

   JmsHealthContributorAutoConfiguration:
      Did not match:
         - @ConditionalOnClass did not find required class 'jakarta.jms.ConnectionFactory' (OnClassCondition)

   JmxMetricsExportAutoConfiguration:
      Did not match:
         - @ConditionalOnClass did not find required class 'io.micrometer.jmx.JmxMeterRegistry' (OnClassCondition)

   JndiConnectionFactoryAutoConfiguration:
      Did not match:
         - @ConditionalOnClass did not find required class 'org.springframework.jms.core.JmsTemplate' (OnClassCondition)

   JndiDataSourceAutoConfiguration:
      Did not match:
         - @ConditionalOnProperty (spring.datasource.jndi-name) did not find property 'jndi-name' (OnPropertyCondition)
      Matched:
         - @ConditionalOnClass found required classes 'javax.sql.DataSource', 'org.springframework.jdbc.datasource.embedded.EmbeddedDatabaseType' (OnClassCondition)

   JndiJtaConfiguration:
      Did not match:
         - @ConditionalOnJndi JNDI environment is not available (OnJndiCondition)
      Matched:
         - @ConditionalOnClass found required class 'org.springframework.transaction.jta.JtaTransactionManager' (OnClassCondition)

   JooqAutoConfiguration:
      Did not match:
         - @ConditionalOnClass did not find required class 'org.jooq.DSLContext' (OnClassCondition)

   JpaRepositoriesAutoConfiguration#entityManagerFactoryBootstrapExecutorCustomizer:
      Did not match:
         - AnyNestedCondition 0 matched 2 did not; NestedCondition on JpaRepositoriesAutoConfiguration.BootstrapExecutorCondition.LazyBootstrapMode @ConditionalOnProperty (spring.data.jpa.repositories.bootstrap-mode=lazy) did not find property 'bootstrap-mode'; NestedCondition on JpaRepositoriesAutoConfiguration.BootstrapExecutorCondition.DeferredBootstrapMode @ConditionalOnProperty (spring.data.jpa.repositories.bootstrap-mode=deferred) did not find property 'bootstrap-mode' (JpaRepositoriesAutoConfiguration.BootstrapExecutorCondition)

   JsonbAutoConfiguration:
      Did not match:
         - @ConditionalOnClass did not find required class 'jakarta.json.bind.Jsonb' (OnClassCondition)

   JsonbHttpMessageConvertersConfiguration:
      Did not match:
         - @ConditionalOnClass did not find required class 'jakarta.json.bind.Jsonb' (OnClassCondition)

   KafkaAutoConfiguration:
      Did not match:
         - @ConditionalOnClass did not find required class 'org.springframework.kafka.core.KafkaTemplate' (OnClassCondition)

   KafkaMetricsAutoConfiguration:
      Did not match:
         - @ConditionalOnClass did not find required class 'org.springframework.kafka.core.ProducerFactory' (OnClassCondition)

   KairosMetricsExportAutoConfiguration:
      Did not match:
         - @ConditionalOnClass did not find required class 'io.micrometer.kairos.KairosMeterRegistry' (OnClassCondition)

   LdapAutoConfiguration:
      Did not match:
         - @ConditionalOnClass did not find required class 'org.springframework.ldap.core.ContextSource' (OnClassCondition)

   LdapHealthContributorAutoConfiguration:
      Did not match:
         - @ConditionalOnClass did not find required class 'org.springframework.ldap.core.LdapOperations' (OnClassCondition)

   LdapRepositoriesAutoConfiguration:
      Did not match:
         - @ConditionalOnClass did not find required class 'org.springframework.data.ldap.repository.LdapRepository' (OnClassCondition)

   LettuceMetricsAutoConfiguration:
      Did not match:
         - @ConditionalOnClass did not find required class 'io.lettuce.core.metrics.MicrometerCommandLatencyRecorder' (OnClassCondition)

   LiquibaseAutoConfiguration:
      Did not match:
         - @ConditionalOnClass did not find required class 'liquibase.change.DatabaseChange' (OnClassCondition)

   LiquibaseEndpointAutoConfiguration:
      Did not match:
         - @ConditionalOnClass did not find required class 'liquibase.integration.spring.SpringLiquibase' (OnClassCondition)

   Log4J2MetricsAutoConfiguration:
      Did not match:
         - @ConditionalOnClass did not find required class 'org.apache.logging.log4j.core.LoggerContext' (OnClassCondition)

   MailHealthContributorAutoConfiguration:
      Did not match:
         - @ConditionalOnClass did not find required class 'org.springframework.mail.javamail.JavaMailSenderImpl' (OnClassCondition)

   MailSenderAutoConfiguration:
      Did not match:
         - @ConditionalOnClass did not find required class 'jakarta.mail.internet.MimeMessage' (OnClassCondition)

   MailSenderValidatorAutoConfiguration:
      Did not match:
         - @ConditionalOnSingleCandidate did not find required type 'org.springframework.mail.javamail.JavaMailSenderImpl' (OnBeanCondition)

   ManagementContextAutoConfiguration.DifferentManagementContextConfiguration:
      Did not match:
         - Management Port actual port type (SAME) did not match required type (DIFFERENT) (OnManagementPortCondition)

   ManagementWebSecurityAutoConfiguration:
      Did not match:
         - AllNestedConditions 1 matched 1 did not; NestedCondition on DefaultWebSecurityCondition.Beans @ConditionalOnMissingBean (types: org.springframework.security.web.SecurityFilterChain; SearchStrategy: all) did not find any beans; NestedCondition on DefaultWebSecurityCondition.Classes @ConditionalOnClass did not find required classes 'org.springframework.security.web.SecurityFilterChain', 'org.springframework.security.config.annotation.web.builders.HttpSecurity' (DefaultWebSecurityCondition)
      Matched:
         - found 'session' scope (OnWebApplicationCondition)

   MappingsEndpointAutoConfiguration.ReactiveWebConfiguration:
      Did not match:
         - @ConditionalOnClass did not find required class 'org.springframework.web.reactive.DispatcherHandler' (OnClassCondition)

   MessageSourceAutoConfiguration:
      Did not match:
         - ResourceBundle did not find bundle with basename messages (MessageSourceAutoConfiguration.ResourceBundleCondition)

   MetricsAspectsAutoConfiguration:
      Did not match:
         - AnyNestedCondition 0 matched 2 did not; NestedCondition on MetricsAspectsAutoConfiguration.ObservationAnnotationsEnabledCondition.ManagementObservationsEnabledCondition @ConditionalOnProperty (management.observations.annotations.enabled=true) did not find property 'enabled'; NestedCondition on MetricsAspectsAutoConfiguration.ObservationAnnotationsEnabledCondition.MicrometerObservationsEnabledCondition @ConditionalOnProperty (micrometer.observations.annotations.enabled=true) did not find property 'enabled' (MetricsAspectsAutoConfiguration.ObservationAnnotationsEnabledCondition)
      Matched:
         - @ConditionalOnClass found required classes 'io.micrometer.core.instrument.MeterRegistry', 'org.aspectj.weaver.Advice' (OnClassCondition)

   MicrometerTracingAutoConfiguration.SpanAspectConfiguration:
      Did not match:
         - AnyNestedCondition 0 matched 2 did not; NestedCondition on MicrometerTracingAutoConfiguration.ObservationAnnotationsEnabledCondition.ManagementObservationsEnabledCondition @ConditionalOnProperty (management.observations.annotations.enabled=true) did not find property 'enabled'; NestedCondition on MicrometerTracingAutoConfiguration.ObservationAnnotationsEnabledCondition.MicrometerObservationsEnabledCondition @ConditionalOnProperty (micrometer.observations.annotations.enabled=true) did not find property 'enabled' (MicrometerTracingAutoConfiguration.ObservationAnnotationsEnabledCondition)
      Matched:
         - @ConditionalOnClass found required class 'org.aspectj.weaver.Advice' (OnClassCondition)

   MongoAutoConfiguration:
      Did not match:
         - @ConditionalOnClass did not find required class 'com.mongodb.client.MongoClient' (OnClassCondition)

   MongoDataAutoConfiguration:
      Did not match:
         - @ConditionalOnClass did not find required class 'com.mongodb.client.MongoClient' (OnClassCondition)

   MongoHealthContributorAutoConfiguration:
      Did not match:
         - @ConditionalOnClass did not find required class 'org.springframework.data.mongodb.core.MongoTemplate' (OnClassCondition)

   MongoMetricsAutoConfiguration:
      Did not match:
         - @ConditionalOnClass did not find required class 'com.mongodb.MongoClientSettings' (OnClassCondition)

   MongoReactiveAutoConfiguration:
      Did not match:
         - @ConditionalOnClass did not find required class 'com.mongodb.reactivestreams.client.MongoClient' (OnClassCondition)

   MongoReactiveDataAutoConfiguration:
      Did not match:
         - @ConditionalOnClass did not find required class 'com.mongodb.reactivestreams.client.MongoClient' (OnClassCondition)

   MongoReactiveHealthContributorAutoConfiguration:
      Did not match:
         - @ConditionalOnClass did not find required class 'reactor.core.publisher.Flux' (OnClassCondition)

   MongoReactiveRepositoriesAutoConfiguration:
      Did not match:
         - @ConditionalOnClass did not find required class 'com.mongodb.reactivestreams.client.MongoClient' (OnClassCondition)

   MongoRepositoriesAutoConfiguration:
      Did not match:
         - @ConditionalOnClass did not find required class 'com.mongodb.client.MongoClient' (OnClassCondition)

   MultipleOpenApiSupportConfiguration:
      Did not match:
         - AnyNestedCondition 0 matched 2 did not; NestedCondition on MultipleOpenApiSupportCondition.OnActuatorDifferentPort found non-matching nested conditions Management Port actual port type (SAME) did not match required type (DIFFERENT), @ConditionalOnProperty (springdoc.show-actuator) did not find property 'springdoc.show-actuator'; NestedCondition on MultipleOpenApiSupportCondition.OnMultipleOpenApiSupportCondition AnyNestedCondition 0 matched 2 did not; NestedCondition on MultipleOpenApiGroupsCondition.OnGroupConfigProperty @ConditionalOnProperty (springdoc.group-configs[0].group) did not find property 'springdoc.group-configs[0].group'; NestedCondition on MultipleOpenApiGroupsCondition.OnGroupedOpenApiBean @ConditionalOnBean (types: org.springdoc.core.models.GroupedOpenApi; SearchStrategy: all) did not find any beans of type org.springdoc.core.models.GroupedOpenApi (MultipleOpenApiSupportCondition)
      Matched:
         - found 'session' scope (OnWebApplicationCondition)
         - @ConditionalOnProperty (springdoc.api-docs.enabled) matched (OnPropertyCondition)

   MultipleOpenApiSupportConfiguration.SpringDocWebMvcActuatorDifferentConfiguration:
      Did not match:
         - Management Port actual port type (SAME) did not match required type (DIFFERENT) (OnManagementPortCondition)
         - Ancestor org.springdoc.webmvc.core.configuration.MultipleOpenApiSupportConfiguration did not match (ConditionEvaluationReport.AncestorsMatchedCondition)
      Matched:
         - @ConditionalOnClass found required class 'org.springframework.boot.actuate.endpoint.web.servlet.WebMvcEndpointHandlerMapping' (OnClassCondition)

   MustacheAutoConfiguration:
      Did not match:
         - @ConditionalOnClass did not find required class 'com.samskivert.mustache.Mustache' (OnClassCondition)

   Neo4jAutoConfiguration:
      Did not match:
         - @ConditionalOnClass did not find required class 'org.neo4j.driver.Driver' (OnClassCondition)

   Neo4jDataAutoConfiguration:
      Did not match:
         - @ConditionalOnClass did not find required class 'org.neo4j.driver.Driver' (OnClassCondition)

   Neo4jHealthContributorAutoConfiguration:
      Did not match:
         - @ConditionalOnClass did not find required class 'org.neo4j.driver.Driver' (OnClassCondition)

   Neo4jReactiveDataAutoConfiguration:
      Did not match:
         - @ConditionalOnClass did not find required class 'org.neo4j.driver.Driver' (OnClassCondition)

   Neo4jReactiveRepositoriesAutoConfiguration:
      Did not match:
         - @ConditionalOnClass did not find required class 'org.neo4j.driver.Driver' (OnClassCondition)

   Neo4jRepositoriesAutoConfiguration:
      Did not match:
         - @ConditionalOnClass did not find required class 'org.neo4j.driver.Driver' (OnClassCondition)

   NettyAutoConfiguration:
      Did not match:
         - @ConditionalOnClass did not find required class 'io.netty.util.NettyRuntime' (OnClassCondition)

   NewRelicMetricsExportAutoConfiguration:
      Did not match:
         - @ConditionalOnClass did not find required class 'io.micrometer.newrelic.NewRelicMeterRegistry' (OnClassCondition)

   NoOpMeterRegistryConfiguration:
      Did not match:
         - @ConditionalOnMissingBean (types: io.micrometer.core.instrument.MeterRegistry; SearchStrategy: all) found beans of type 'io.micrometer.core.instrument.MeterRegistry' prometheusMeterRegistry (OnBeanCondition)

   NoopTracerAutoConfiguration:
      Did not match:
         - @ConditionalOnMissingBean (types: io.micrometer.tracing.Tracer; SearchStrategy: all) found beans of type 'io.micrometer.tracing.Tracer' braveTracerBridge (OnBeanCondition)
      Matched:
         - @ConditionalOnClass found required class 'io.micrometer.tracing.Tracer' (OnClassCondition)

   OAuth2AuthorizationServerAutoConfiguration:
      Did not match:
         - @ConditionalOnClass did not find required class 'org.springframework.security.oauth2.server.authorization.OAuth2Authorization' (OnClassCondition)

   OAuth2AuthorizationServerJwtAutoConfiguration:
      Did not match:
         - @ConditionalOnClass did not find required class 'org.springframework.security.oauth2.server.authorization.OAuth2Authorization' (OnClassCondition)

   OAuth2ClientAutoConfiguration:
      Did not match:
         - @ConditionalOnClass did not find required class 'org.springframework.security.config.annotation.web.configuration.EnableWebSecurity' (OnClassCondition)

   OAuth2ResourceServerAutoConfiguration:
      Did not match:
         - @ConditionalOnClass did not find required class 'org.springframework.security.oauth2.server.resource.authentication.BearerTokenAuthenticationToken' (OnClassCondition)

   ObservationAutoConfiguration.MeterObservationHandlerConfiguration.OnlyMetricsMeterObservationHandlerConfiguration:
      Did not match:
         - @ConditionalOnMissingBean (types: io.micrometer.tracing.Tracer; SearchStrategy: all) found beans of type 'io.micrometer.tracing.Tracer' braveTracerBridge (OnBeanCondition)

   ObservationAutoConfiguration.OnlyMetricsConfiguration:
      Did not match:
         - @ConditionalOnMissingClass found unwanted class 'io.micrometer.tracing.Tracer' (OnClassCondition)

   ObservationAutoConfiguration.OnlyTracingConfiguration:
      Did not match:
         - @ConditionalOnMissingClass found unwanted class 'io.micrometer.core.instrument.MeterRegistry' (OnClassCondition)

   org.springframework.boot.actuate.autoconfigure.opentelemetry.OpenTelemetryAutoConfiguration:
      Did not match:
         - @ConditionalOnClass did not find required class 'io.opentelemetry.sdk.OpenTelemetrySdk' (OnClassCondition)

   org.springframework.boot.actuate.autoconfigure.tracing.OpenTelemetryAutoConfiguration:
      Did not match:
         - @ConditionalOnClass did not find required class 'io.micrometer.tracing.otel.bridge.OtelTracer' (OnClassCondition)

   OtlpAutoConfiguration:
      Did not match:
         - @ConditionalOnClass did not find required class 'io.micrometer.tracing.otel.bridge.OtelTracer' (OnClassCondition)

   OtlpMetricsExportAutoConfiguration:
      Did not match:
         - @ConditionalOnClass did not find required class 'io.micrometer.registry.otlp.OtlpMeterRegistry' (OnClassCondition)

   ProjectInfoAutoConfiguration#buildProperties:
      Did not match:
         - @ConditionalOnResource did not find resource '${spring.info.build.location:classpath:META-INF/build-info.properties}' (OnResourceCondition)

   ProjectInfoAutoConfiguration#gitProperties:
      Did not match:
         - GitResource did not find git info at classpath:git.properties (ProjectInfoAutoConfiguration.GitResourceAvailableCondition)

   PrometheusSimpleclientExemplarsAutoConfiguration:
      Did not match:
         - @ConditionalOnClass did not find required class 'io.prometheus.client.exemplars.tracer.common.SpanContextSupplier' (OnClassCondition)

   PrometheusSimpleclientMetricsExportAutoConfiguration:
      Did not match:
         - @ConditionalOnClass did not find required class 'io.micrometer.prometheus.PrometheusMeterRegistry' (OnClassCondition)

   PulsarAutoConfiguration:
      Did not match:
         - @ConditionalOnClass did not find required class 'org.apache.pulsar.client.api.PulsarClient' (OnClassCondition)

   PulsarReactiveAutoConfiguration:
      Did not match:
         - @ConditionalOnClass did not find required class 'org.apache.pulsar.client.api.PulsarClient' (OnClassCondition)

   QuartzAutoConfiguration:
      Did not match:
         - @ConditionalOnClass did not find required class 'org.quartz.Scheduler' (OnClassCondition)

   QuartzEndpointAutoConfiguration:
      Did not match:
         - @ConditionalOnClass did not find required class 'org.quartz.Scheduler' (OnClassCondition)

   R2dbcAutoConfiguration:
      Did not match:
         - @ConditionalOnClass did not find required class 'io.r2dbc.spi.ConnectionFactory' (OnClassCondition)

   R2dbcDataAutoConfiguration:
      Did not match:
         - @ConditionalOnClass did not find required class 'org.springframework.data.r2dbc.core.R2dbcEntityTemplate' (OnClassCondition)

   R2dbcInitializationConfiguration:
      Did not match:
         - @ConditionalOnClass did not find required classes 'io.r2dbc.spi.ConnectionFactory', 'org.springframework.r2dbc.connection.init.DatabasePopulator' (OnClassCondition)

   R2dbcObservationAutoConfiguration:
      Did not match:
         - @ConditionalOnClass did not find required class 'io.r2dbc.proxy.ProxyConnectionFactory' (OnClassCondition)

   R2dbcRepositoriesAutoConfiguration:
      Did not match:
         - @ConditionalOnClass did not find required class 'io.r2dbc.spi.ConnectionFactory' (OnClassCondition)

   R2dbcTransactionManagerAutoConfiguration:
      Did not match:
         - @ConditionalOnClass did not find required class 'org.springframework.r2dbc.connection.R2dbcTransactionManager' (OnClassCondition)

   RSocketGraphQlClientAutoConfiguration:
      Did not match:
         - @ConditionalOnClass did not find required class 'graphql.GraphQL' (OnClassCondition)

   RSocketMessagingAutoConfiguration:
      Did not match:
         - @ConditionalOnClass did not find required class 'io.rsocket.RSocket' (OnClassCondition)

   RSocketRequesterAutoConfiguration:
      Did not match:
         - @ConditionalOnClass did not find required class 'io.rsocket.RSocket' (OnClassCondition)

   RSocketSecurityAutoConfiguration:
      Did not match:
         - @ConditionalOnClass did not find required class 'org.springframework.security.rsocket.core.SecuritySocketAcceptorInterceptor' (OnClassCondition)

   RSocketServerAutoConfiguration:
      Did not match:
         - @ConditionalOnClass did not find required class 'io.rsocket.core.RSocketServer' (OnClassCondition)

   RSocketStrategiesAutoConfiguration:
      Did not match:
         - @ConditionalOnClass did not find required class 'io.netty.buffer.PooledByteBufAllocator' (OnClassCondition)

   RabbitAutoConfiguration:
      Did not match:
         - @ConditionalOnClass did not find required class 'com.rabbitmq.client.Channel' (OnClassCondition)

   RabbitHealthContributorAutoConfiguration:
      Did not match:
         - @ConditionalOnClass did not find required class 'org.springframework.amqp.rabbit.core.RabbitTemplate' (OnClassCondition)

   RabbitMetricsAutoConfiguration:
      Did not match:
         - @ConditionalOnClass did not find required class 'com.rabbitmq.client.ConnectionFactory' (OnClassCondition)

   ReactiveCloudFoundryActuatorAutoConfiguration:
      Did not match:
         - @ConditionalOnWebApplication did not find reactive web application classes (OnWebApplicationCondition)

   ReactiveElasticsearchClientAutoConfiguration:
      Did not match:
         - @ConditionalOnClass did not find required class 'co.elastic.clients.transport.ElasticsearchTransport' (OnClassCondition)

   ReactiveElasticsearchRepositoriesAutoConfiguration:
      Did not match:
         - @ConditionalOnClass did not find required class 'reactor.core.publisher.Mono' (OnClassCondition)

   ReactiveHealthEndpointConfiguration:
      Did not match:
         - @ConditionalOnClass did not find required class 'reactor.core.publisher.Flux' (OnClassCondition)

   ReactiveManagementContextAutoConfiguration:
      Did not match:
         - @ConditionalOnClass did not find required class 'reactor.core.publisher.Flux' (OnClassCondition)

   ReactiveManagementWebSecurityAutoConfiguration:
      Did not match:
         - @ConditionalOnClass did not find required class 'org.springframework.security.config.annotation.web.reactive.EnableWebFluxSecurity' (OnClassCondition)

   ReactiveMultipartAutoConfiguration:
      Did not match:
         - @ConditionalOnClass did not find required class 'org.springframework.web.reactive.config.WebFluxConfigurer' (OnClassCondition)

   ReactiveOAuth2ClientAutoConfiguration:
      Did not match:
         - @ConditionalOnClass did not find required class 'reactor.core.publisher.Flux' (OnClassCondition)

   ReactiveOAuth2ResourceServerAutoConfiguration:
      Did not match:
         - @ConditionalOnClass did not find required class 'org.springframework.security.config.annotation.web.reactive.EnableWebFluxSecurity' (OnClassCondition)

   ReactiveSecurityAutoConfiguration:
      Did not match:
         - @ConditionalOnClass did not find required class 'reactor.core.publisher.Flux' (OnClassCondition)

   ReactiveUserDetailsServiceAutoConfiguration:
      Did not match:
         - @ConditionalOnClass did not find required class 'org.springframework.security.authentication.ReactiveAuthenticationManager' (OnClassCondition)

   ReactiveWebServerFactoryAutoConfiguration:
      Did not match:
         - @ConditionalOnWebApplication did not find reactive web application classes (OnWebApplicationCondition)

   ReactorAutoConfiguration:
      Did not match:
         - @ConditionalOnClass did not find required class 'reactor.core.publisher.Hooks' (OnClassCondition)

   RedisAutoConfiguration:
      Did not match:
         - @ConditionalOnClass did not find required class 'org.springframework.data.redis.core.RedisOperations' (OnClassCondition)

   RedisCacheConfiguration:
      Did not match:
         - @ConditionalOnClass did not find required class 'org.springframework.data.redis.connection.RedisConnectionFactory' (OnClassCondition)

   RedisHealthContributorAutoConfiguration:
      Did not match:
         - @ConditionalOnClass did not find required class 'org.springframework.data.redis.connection.RedisConnectionFactory' (OnClassCondition)

   RedisReactiveAutoConfiguration:
      Did not match:
         - @ConditionalOnClass did not find required class 'reactor.core.publisher.Flux' (OnClassCondition)

   RedisReactiveHealthContributorAutoConfiguration:
      Did not match:
         - @ConditionalOnClass did not find required class 'reactor.core.publisher.Flux' (OnClassCondition)

   RedisRepositoriesAutoConfiguration:
      Did not match:
         - @ConditionalOnClass did not find required class 'org.springframework.data.redis.repository.configuration.EnableRedisRepositories' (OnClassCondition)

   RepositoryRestMvcAutoConfiguration:
      Did not match:
         - @ConditionalOnClass did not find required class 'org.springframework.data.rest.webmvc.config.RepositoryRestMvcConfiguration' (OnClassCondition)

   Saml2RelyingPartyAutoConfiguration:
      Did not match:
         - @ConditionalOnClass did not find required class 'org.springframework.security.saml2.provider.service.registration.RelyingPartyRegistrationRepository' (OnClassCondition)

   SbomEndpointAutoConfiguration#sbomEndpointWebExtension:
      Did not match:
         - @ConditionalOnAvailableEndpoint no 'management.endpoints' property marked it as exposed (OnAvailableEndpointCondition)
      Matched:
         - @ConditionalOnBean (types: org.springframework.boot.actuate.sbom.SbomEndpoint; SearchStrategy: all) found bean 'sbomEndpoint'; @ConditionalOnMissingBean (types: org.springframework.boot.actuate.sbom.SbomEndpointWebExtension; SearchStrategy: all) did not find any beans (OnBeanCondition)

   SecurityAutoConfiguration:
      Did not match:
         - @ConditionalOnClass did not find required class 'org.springframework.security.authentication.DefaultAuthenticationEventPublisher' (OnClassCondition)

   SecurityFilterAutoConfiguration:
      Did not match:
         - @ConditionalOnClass did not find required class 'org.springframework.security.config.http.SessionCreationPolicy' (OnClassCondition)

   SecurityRequestMatchersManagementContextConfiguration:
      Did not match:
         - @ConditionalOnClass did not find required class 'org.springframework.security.web.util.matcher.RequestMatcher' (OnClassCondition)

   SendGridAutoConfiguration:
      Did not match:
         - @ConditionalOnClass did not find required class 'com.sendgrid.SendGrid' (OnClassCondition)

   ServletEndpointManagementContextConfiguration.JerseyServletEndpointManagementContextConfiguration:
      Did not match:
         - @ConditionalOnClass did not find required class 'org.glassfish.jersey.server.ResourceConfig' (OnClassCondition)

   ServletManagementContextAutoConfiguration.ApplicationContextFilterConfiguration:
      Did not match:
         - @ConditionalOnProperty (management.server.add-application-context-header=true) did not find property 'add-application-context-header' (OnPropertyCondition)

   ServletWebServerFactoryAutoConfiguration.ForwardedHeaderFilterConfiguration:
      Did not match:
         - @ConditionalOnProperty (server.forward-headers-strategy=framework) did not find property 'server.forward-headers-strategy' (OnPropertyCondition)

   ServletWebServerFactoryConfiguration.EmbeddedJetty:
      Did not match:
         - @ConditionalOnClass did not find required classes 'org.eclipse.jetty.server.Server', 'org.eclipse.jetty.util.Loader', 'org.eclipse.jetty.ee10.webapp.WebAppContext' (OnClassCondition)

   ServletWebServerFactoryConfiguration.EmbeddedUndertow:
      Did not match:
         - @ConditionalOnClass did not find required classes 'io.undertow.Undertow', 'org.xnio.SslClientAuthMode' (OnClassCondition)

   SessionAutoConfiguration:
      Did not match:
         - @ConditionalOnClass did not find required class 'org.springframework.session.Session' (OnClassCondition)

   SessionsEndpointAutoConfiguration:
      Did not match:
         - @ConditionalOnClass did not find required class 'org.springframework.session.Session' (OnClassCondition)

   ShutdownEndpointAutoConfiguration:
      Did not match:
         - @ConditionalOnAvailableEndpoint no property management.endpoint.shutdown.enabled found so using endpoint default of false (OnAvailableEndpointCondition)

   SignalFxMetricsExportAutoConfiguration:
      Did not match:
         - @ConditionalOnClass did not find required class 'io.micrometer.signalfx.SignalFxMeterRegistry' (OnClassCondition)

   SimpleMetricsExportAutoConfiguration:
      Did not match:
         - @ConditionalOnMissingBean (types: io.micrometer.core.instrument.MeterRegistry; SearchStrategy: all) found beans of type 'io.micrometer.core.instrument.MeterRegistry' prometheusMeterRegistry (OnBeanCondition)
      Matched:
         - @ConditionalOnEnabledMetricsExport management.defaults.metrics.export.enabled is considered true (OnMetricsExportEnabledCondition)

   SpringDocConfiguration#propertiesResolverForSchema:
      Did not match:
         - @ConditionalOnProperty (springdoc.api-docs.resolve-schema-properties) did not find property 'springdoc.api-docs.resolve-schema-properties' (OnPropertyCondition)

   SpringDocConfiguration#propertyCustomizingConverter:
      Did not match:
         - @ConditionalOnBean (types: org.springdoc.core.customizers.PropertyCustomizer; SearchStrategy: all) did not find any beans of type org.springdoc.core.customizers.PropertyCustomizer (OnBeanCondition)

   SpringDocConfiguration#springdocBeanFactoryPostProcessor:
      Did not match:
         - AnyNestedCondition 0 matched 2 did not; NestedCondition on CacheOrGroupedOpenApiCondition.OnCacheDisabled found non-matching nested conditions @ConditionalOnProperty (springdoc.cache.disabled) did not find property 'springdoc.cache.disabled'; NestedCondition on CacheOrGroupedOpenApiCondition.OnMultipleOpenApiSupportCondition AnyNestedCondition 0 matched 2 did not; NestedCondition on MultipleOpenApiSupportCondition.OnActuatorDifferentPort found non-matching nested conditions Management Port actual port type (SAME) did not match required type (DIFFERENT), @ConditionalOnProperty (springdoc.show-actuator) did not find property 'springdoc.show-actuator'; NestedCondition on MultipleOpenApiSupportCondition.OnMultipleOpenApiSupportCondition AnyNestedCondition 0 matched 2 did not; NestedCondition on MultipleOpenApiGroupsCondition.OnGroupConfigProperty @ConditionalOnProperty (springdoc.group-configs[0].group) did not find property 'springdoc.group-configs[0].group'; NestedCondition on MultipleOpenApiGroupsCondition.OnGroupedOpenApiBean @ConditionalOnBean (types: org.springdoc.core.models.GroupedOpenApi; SearchStrategy: all) did not find any beans of type org.springdoc.core.models.GroupedOpenApi (CacheOrGroupedOpenApiCondition)
      Matched:
         - @ConditionalOnClass found required class 'org.springframework.boot.context.properties.bind.BindResult' (OnClassCondition)

   SpringDocConfiguration#springdocBeanFactoryPostProcessor2:
      Did not match:
         - @ConditionalOnMissingClass found unwanted class 'org.springframework.boot.context.properties.bind.BindResult' (OnClassCondition)

   SpringDocConfiguration.SpringDocActuatorConfiguration:
      Did not match:
         - @ConditionalOnProperty (springdoc.show-actuator) did not find property 'springdoc.show-actuator' (OnPropertyCondition)
      Matched:
         - @ConditionalOnClass found required class 'org.springframework.boot.actuate.autoconfigure.endpoint.web.WebEndpointProperties' (OnClassCondition)

   SpringDocConfiguration.SpringDocRepositoryRestConfiguration:
      Did not match:
         - @ConditionalOnClass did not find required class 'org.springframework.data.rest.core.config.RepositoryRestConfiguration' (OnClassCondition)

   SpringDocConfiguration.SpringDocWebFluxSupportConfiguration:
      Did not match:
         - @ConditionalOnClass did not find required class 'reactor.core.publisher.Flux' (OnClassCondition)

   SpringDocDataRestConfiguration:
      Did not match:
         - @ConditionalOnClass did not find required class 'org.springframework.data.rest.core.config.RepositoryRestConfiguration' (OnClassCondition)

   SpringDocFunctionCatalogConfiguration:
      Did not match:
         - @ConditionalOnClass did not find required class 'org.springframework.cloud.function.web.function.FunctionEndpointInitializer' (OnClassCondition)

   SpringDocGroovyConfiguration:
      Did not match:
         - @ConditionalOnClass did not find required class 'groovy.lang.MetaClass' (OnClassCondition)

   SpringDocHateoasConfiguration:
      Did not match:
         - @ConditionalOnClass did not find required class 'org.springframework.hateoas.server.LinkRelationProvider' (OnClassCondition)

   SpringDocJacksonKotlinModuleConfiguration:
      Did not match:
         - @ConditionalOnClass did not find required class 'com.fasterxml.jackson.module.kotlin.KotlinModule' (OnClassCondition)

   SpringDocJavadocConfiguration:
      Did not match:
         - @ConditionalOnClass did not find required class 'com.github.therapi.runtimejavadoc.CommentFormatter' (OnClassCondition)

   SpringDocKotlinConfiguration:
      Did not match:
         - @ConditionalOnClass did not find required class 'kotlin.coroutines.Continuation' (OnClassCondition)

   SpringDocKotlinxConfiguration:
      Did not match:
         - @ConditionalOnClass did not find required class 'kotlinx.coroutines.flow.Flow' (OnClassCondition)

   SpringDocSecurityConfiguration:
      Did not match:
         - @ConditionalOnClass did not find required class 'org.springframework.security.web.SecurityFilterChain' (OnClassCondition)

   SpringDocSortConfiguration#delegatingMethodParameterCustomizer:
      Did not match:
         - @ConditionalOnMissingBean (types: org.springdoc.core.customizers.DelegatingMethodParameterCustomizer; SearchStrategy: all) found beans of type 'org.springdoc.core.customizers.DelegatingMethodParameterCustomizer' delegatingMethodParameterCustomizer (OnBeanCondition)

   SpringDocWebMvcConfiguration.SpringDocWebMvcActuatorConfiguration#actuatorProvider:
      Did not match:
         - @ConditionalOnExpression (#{${springdoc.show-actuator:false} or ${springdoc.use-management-port:false}}) resulted in false (OnExpressionCondition)

   SpringDocWebMvcConfiguration.SpringDocWebMvcActuatorConfiguration#openApiActuatorResource:
      Did not match:
         - @ConditionalOnProperty (springdoc.use-management-port) did not find property 'springdoc.use-management-port' (OnPropertyCondition)

   StackdriverMetricsExportAutoConfiguration:
      Did not match:
         - @ConditionalOnClass did not find required class 'io.micrometer.stackdriver.StackdriverMeterRegistry' (OnClassCondition)

   StartupEndpointAutoConfiguration:
      Did not match:
         - ApplicationStartup configured applicationStartup is of type class org.springframework.core.metrics.DefaultApplicationStartup, expected BufferingApplicationStartup. (StartupEndpointAutoConfiguration.ApplicationStartupCondition)

   StatsdMetricsExportAutoConfiguration:
      Did not match:
         - @ConditionalOnClass did not find required class 'io.micrometer.statsd.StatsdMeterRegistry' (OnClassCondition)

   SwaggerConfig#springWebProvider:
      Did not match:
         - @ConditionalOnMissingBean (types: org.springdoc.core.providers.SpringWebProvider; SearchStrategy: all) found beans of type 'org.springdoc.core.providers.SpringWebProvider' springWebProvider (OnBeanCondition)

   SwaggerConfig#swaggerUiConfigParameters:
      Did not match:
         - @ConditionalOnMissingBean (types: org.springdoc.core.properties.SwaggerUiConfigParameters; SearchStrategy: all) found beans of type 'org.springdoc.core.properties.SwaggerUiConfigParameters' org.springdoc.core.properties.SwaggerUiConfigParameters (OnBeanCondition)

   SwaggerConfig#swaggerUiHome:
      Did not match:
         - @ConditionalOnProperty (springdoc.swagger-ui.use-root-path=true) did not find property 'springdoc.swagger-ui.use-root-path' (OnPropertyCondition)

   SwaggerConfig.SwaggerActuatorWelcomeConfiguration:
      Did not match:
         - @ConditionalOnProperty (springdoc.use-management-port) did not find property 'springdoc.use-management-port' (OnPropertyCondition)
      Matched:
         - @ConditionalOnClass found required class 'org.springframework.boot.actuate.endpoint.web.servlet.WebMvcEndpointHandlerMapping' (OnClassCondition)

   TaskExecutorConfigurations.SimpleAsyncTaskExecutorBuilderConfiguration#simpleAsyncTaskExecutorBuilderVirtualThreads:
      Did not match:
         - @ConditionalOnMissingBean (types: org.springframework.boot.task.SimpleAsyncTaskExecutorBuilder; SearchStrategy: all) found beans of type 'org.springframework.boot.task.SimpleAsyncTaskExecutorBuilder' simpleAsyncTaskExecutorBuilder (OnBeanCondition)

   TaskExecutorConfigurations.TaskExecutorConfiguration#applicationTaskExecutorVirtualThreads:
      Did not match:
         - @ConditionalOnThreading did not find VIRTUAL (OnThreadingCondition)

   TaskSchedulingAutoConfiguration#scheduledBeanLazyInitializationExcludeFilter:
      Did not match:
         - @ConditionalOnBean (names: org.springframework.context.annotation.internalScheduledAnnotationProcessor; SearchStrategy: all) did not find any beans named org.springframework.context.annotation.internalScheduledAnnotationProcessor (OnBeanCondition)

   TaskSchedulingConfigurations.SimpleAsyncTaskSchedulerBuilderConfiguration#simpleAsyncTaskSchedulerBuilderVirtualThreads:
      Did not match:
         - @ConditionalOnMissingBean (types: org.springframework.boot.task.SimpleAsyncTaskSchedulerBuilder; SearchStrategy: all) found beans of type 'org.springframework.boot.task.SimpleAsyncTaskSchedulerBuilder' simpleAsyncTaskSchedulerBuilder (OnBeanCondition)

   TaskSchedulingConfigurations.TaskSchedulerConfiguration:
      Did not match:
         - @ConditionalOnBean (names: org.springframework.context.annotation.internalScheduledAnnotationProcessor; SearchStrategy: all) did not find any beans named org.springframework.context.annotation.internalScheduledAnnotationProcessor (OnBeanCondition)

   ThymeleafAutoConfiguration:
      Did not match:
         - @ConditionalOnClass did not find required class 'org.thymeleaf.spring6.SpringTemplateEngine' (OnClassCondition)

   TransactionAutoConfiguration#transactionalOperator:
      Did not match:
         - @ConditionalOnSingleCandidate (types: org.springframework.transaction.ReactiveTransactionManager; SearchStrategy: all) did not find any beans (OnBeanCondition)

   TransactionAutoConfiguration.AspectJTransactionManagementConfiguration:
      Did not match:
         - @ConditionalOnBean (types: org.springframework.transaction.aspectj.AbstractTransactionAspect; SearchStrategy: all) did not find any beans of type org.springframework.transaction.aspectj.AbstractTransactionAspect (OnBeanCondition)

   TransactionAutoConfiguration.EnableTransactionManagementConfiguration.JdkDynamicAutoProxyConfiguration:
      Did not match:
         - @ConditionalOnProperty (spring.aop.proxy-target-class=false) did not find property 'proxy-target-class' (OnPropertyCondition)

   UserDetailsServiceAutoConfiguration:
      Did not match:
         - @ConditionalOnClass did not find required class 'org.springframework.security.authentication.AuthenticationManager' (OnClassCondition)

   ValidationAutoConfiguration:
      Did not match:
         - @ConditionalOnResource did not find resource 'classpath:META-INF/services/jakarta.validation.spi.ValidationProvider' (OnResourceCondition)
      Matched:
         - @ConditionalOnClass found required class 'jakarta.validation.executable.ExecutableValidator' (OnClassCondition)

   WavefrontAutoConfiguration:
      Did not match:
         - @ConditionalOnClass did not find required class 'com.wavefront.sdk.common.application.ApplicationTags' (OnClassCondition)

   WavefrontMetricsExportAutoConfiguration:
      Did not match:
         - @ConditionalOnClass did not find required class 'com.wavefront.sdk.common.WavefrontSender' (OnClassCondition)

   WavefrontTracingAutoConfiguration:
      Did not match:
         - @ConditionalOnClass did not find required class 'com.wavefront.sdk.common.WavefrontSender' (OnClassCondition)

   WebClientAutoConfiguration:
      Did not match:
         - @ConditionalOnClass did not find required class 'org.springframework.web.reactive.function.client.WebClient' (OnClassCondition)

   WebClientObservationConfiguration:
      Did not match:
         - @ConditionalOnClass did not find required class 'org.springframework.web.reactive.function.client.WebClient' (OnClassCondition)

   WebFluxAutoConfiguration:
      Did not match:
         - @ConditionalOnClass did not find required class 'org.springframework.web.reactive.config.WebFluxConfigurer' (OnClassCondition)

   WebFluxEndpointManagementContextConfiguration:
      Did not match:
         - @ConditionalOnClass did not find required class 'org.springframework.web.reactive.DispatcherHandler' (OnClassCondition)

   WebFluxObservationAutoConfiguration:
      Did not match:
         - @ConditionalOnWebApplication did not find reactive web application classes (OnWebApplicationCondition)

   WebMvcAutoConfiguration#hiddenHttpMethodFilter:
      Did not match:
         - @ConditionalOnProperty (spring.mvc.hiddenmethod.filter.enabled) did not find property 'enabled' (OnPropertyCondition)

   WebMvcAutoConfiguration.ProblemDetailsErrorHandlingConfiguration:
      Did not match:
         - @ConditionalOnProperty (spring.mvc.problemdetails.enabled=true) did not find property 'enabled' (OnPropertyCondition)

   WebMvcAutoConfiguration.ResourceChainCustomizerConfiguration:
      Did not match:
         - @ConditionalOnEnabledResourceChain did not find class org.webjars.WebJarAssetLocator (OnEnabledResourceChainCondition)

   WebMvcAutoConfiguration.WebMvcAutoConfigurationAdapter#beanNameViewResolver:
      Did not match:
         - @ConditionalOnMissingBean (types: org.springframework.web.servlet.view.BeanNameViewResolver; SearchStrategy: all) found beans of type 'org.springframework.web.servlet.view.BeanNameViewResolver' beanNameViewResolver (OnBeanCondition)

   WebMvcEndpointManagementContextConfiguration#managementHealthEndpointWebMvcHandlerMapping:
      Did not match:
         - Management Port actual port type (SAME) did not match required type (DIFFERENT) (OnManagementPortCondition)

   WebServiceTemplateAutoConfiguration:
      Did not match:
         - @ConditionalOnClass did not find required class 'org.springframework.oxm.Marshaller' (OnClassCondition)

   WebServicesAutoConfiguration:
      Did not match:
         - @ConditionalOnClass did not find required class 'org.springframework.ws.transport.http.MessageDispatcherServlet' (OnClassCondition)

   WebSessionIdResolverAutoConfiguration:
      Did not match:
         - @ConditionalOnClass did not find required class 'reactor.core.publisher.Mono' (OnClassCondition)

   WebSocketMessagingAutoConfiguration:
      Did not match:
         - @ConditionalOnClass did not find required class 'org.springframework.web.socket.config.annotation.WebSocketMessageBrokerConfigurer' (OnClassCondition)

   WebSocketReactiveAutoConfiguration:
      Did not match:
         - @ConditionalOnWebApplication did not find reactive web application classes (OnWebApplicationCondition)

   WebSocketServletAutoConfiguration.JettyWebSocketConfiguration:
      Did not match:
         - @ConditionalOnClass did not find required class 'org.eclipse.jetty.ee10.websocket.jakarta.server.config.JakartaWebSocketServletContainerInitializer' (OnClassCondition)

   WebSocketServletAutoConfiguration.UndertowWebSocketConfiguration:
      Did not match:
         - @ConditionalOnClass did not find required class 'io.undertow.websockets.jsr.Bootstrap' (OnClassCondition)

   XADataSourceAutoConfiguration:
      Did not match:
         - @ConditionalOnBean (types: org.springframework.boot.jdbc.XADataSourceWrapper; SearchStrategy: all) did not find any beans of type org.springframework.boot.jdbc.XADataSourceWrapper (OnBeanCondition)
      Matched:
         - @ConditionalOnClass found required classes 'javax.sql.DataSource', 'jakarta.transaction.TransactionManager', 'org.springframework.jdbc.datasource.embedded.EmbeddedDatabaseType' (OnClassCondition)

   ZipkinConfigurations.HttpClientSenderConfiguration#httpClientSender:
      Did not match:
         - @ConditionalOnMissingBean (types: zipkin2.reporter.BytesMessageSender; SearchStrategy: all) found beans of type 'zipkin2.reporter.BytesMessageSender' restTemplateSender (OnBeanCondition)

   ZipkinConfigurations.OpenTelemetryConfiguration:
      Did not match:
         - @ConditionalOnClass did not find required classes 'io.opentelemetry.exporter.zipkin.ZipkinSpanExporter', 'zipkin2.Span' (OnClassCondition)

   ZipkinConfigurations.UrlConnectionSenderConfiguration:
      Did not match:
         - @ConditionalOnClass did not find required class 'zipkin2.reporter.urlconnection.URLConnectionSender' (OnClassCondition)

   ZipkinConfigurations.WebClientSenderConfiguration:
      Did not match:
         - @ConditionalOnClass did not find required class 'org.springframework.web.reactive.function.client.WebClient' (OnClassCondition)


Exclusions:
-----------

    None


Unconditional classes:
----------------------

    org.springframework.boot.autoconfigure.context.ConfigurationPropertiesAutoConfiguration

    org.springframework.boot.actuate.autoconfigure.availability.AvailabilityHealthContributorAutoConfiguration

    org.springframework.boot.autoconfigure.ssl.SslAutoConfiguration

    org.springframework.boot.actuate.autoconfigure.info.InfoContributorAutoConfiguration

    org.springframework.boot.autoconfigure.context.PropertyPlaceholderAutoConfiguration

    org.springframework.boot.autoconfigure.context.LifecycleAutoConfiguration

    org.springframework.boot.actuate.autoconfigure.metrics.integration.IntegrationMetricsAutoConfiguration

    org.springframework.boot.actuate.autoconfigure.endpoint.EndpointAutoConfiguration

    org.springframework.boot.actuate.autoconfigure.web.server.ManagementContextAutoConfiguration

    org.springframework.boot.actuate.autoconfigure.health.HealthContributorAutoConfiguration

    org.springframework.boot.actuate.autoconfigure.endpoint.jackson.JacksonEndpointAutoConfiguration

    org.springframework.boot.autoconfigure.availability.ApplicationAvailabilityAutoConfiguration

    org.springframework.boot.autoconfigure.info.ProjectInfoAutoConfiguration



2024-10-18T18:59:07.988+03:00  INFO [,,] 14780 --- [main] [                                                 ] c.e.k.KibanaDeployTemplateApplication    : Started KibanaDeployTemplateApplication in 3.637 seconds (process running for 4.018)
2024-10-18T18:59:07.992+03:00 DEBUG [,,] 14780 --- [main] [                                                 ] o.s.b.a.ApplicationAvailabilityBean      : Application availability state LivenessState changed to CORRECT
2024-10-18T18:59:07.994+03:00 DEBUG [,,] 14780 --- [main] [                                                 ] o.s.b.a.ApplicationAvailabilityBean      : Application availability state ReadinessState changed to ACCEPTING_TRAFFIC
2024-10-18T18:59:08.142+03:00 DEBUG [,,] 14780 --- [RMI TCP Connection(5)-192.168.0.104] [                                                 ] sun.rmi.transport.tcp                    : RMI TCP Connection(5)-192.168.0.104: accepted socket from [192.168.0.104:53361]
2024-10-18T18:59:08.142+03:00 DEBUG [,,] 14780 --- [RMI TCP Connection(5)-192.168.0.104] [                                                 ] sun.rmi.transport.tcp                    : RMI TCP Connection(5)-192.168.0.104: (port 53343) op = 80
2024-10-18T18:59:08.142+03:00 DEBUG [,,] 14780 --- [RMI TCP Connection(5)-192.168.0.104] [                                                 ] sun.rmi.loader                           : RMI TCP Connection(5)-192.168.0.104: name = "[Ljava.rmi.server.ObjID;", codebase = "", defaultLoader = jdk.internal.loader.ClassLoaders$PlatformClassLoader@67a5978a
2024-10-18T18:59:08.143+03:00 DEBUG [,,] 14780 --- [RMI TCP Connection(5)-192.168.0.104] [                                                 ] sun.rmi.loader                           : RMI TCP Connection(5)-192.168.0.104: name = "java.rmi.server.ObjID", codebase = "", defaultLoader = jdk.internal.loader.ClassLoaders$PlatformClassLoader@67a5978a
2024-10-18T18:59:08.143+03:00 DEBUG [,,] 14780 --- [RMI TCP Connection(5)-192.168.0.104] [                                                 ] sun.rmi.loader                           : RMI TCP Connection(5)-192.168.0.104: name = "java.rmi.server.UID", codebase = "", defaultLoader = jdk.internal.loader.ClassLoaders$PlatformClassLoader@67a5978a
2024-10-18T18:59:08.143+03:00 DEBUG [,,] 14780 --- [RMI TCP Connection(5)-192.168.0.104] [                                                 ] sun.rmi.loader                           : RMI TCP Connection(5)-192.168.0.104: name = "java.rmi.dgc.Lease", codebase = "", defaultLoader = jdk.internal.loader.ClassLoaders$PlatformClassLoader@67a5978a
2024-10-18T18:59:08.143+03:00 DEBUG [,,] 14780 --- [RMI TCP Connection(5)-192.168.0.104] [                                                 ] sun.rmi.loader                           : RMI TCP Connection(5)-192.168.0.104: name = "java.rmi.dgc.VMID", codebase = "", defaultLoader = jdk.internal.loader.ClassLoaders$PlatformClassLoader@67a5978a
2024-10-18T18:59:08.143+03:00 DEBUG [,,] 14780 --- [RMI TCP Connection(5)-192.168.0.104] [                                                 ] sun.rmi.loader                           : RMI TCP Connection(5)-192.168.0.104: name = "[B", codebase = "", defaultLoader = jdk.internal.loader.ClassLoaders$PlatformClassLoader@67a5978a
2024-10-18T18:59:08.144+03:00 DEBUG [,,] 14780 --- [RMI TCP Connection(5)-192.168.0.104] [                                                 ] sun.rmi.transport.tcp                    : RMI TCP Connection(5)-192.168.0.104: (port 53343) op = 80
2024-10-18T18:59:08.144+03:00 DEBUG [,,] 14780 --- [RMI TCP Connection(5)-192.168.0.104] [                                                 ] sun.rmi.transport.tcp                    : RMI TCP Connection(5)-192.168.0.104: (port 53343) op = 80
2024-10-18T18:59:08.145+03:00 DEBUG [,,] 14780 --- [RMI TCP Connection(5)-192.168.0.104] [                                                 ] sun.rmi.loader                           : RMI TCP Connection(5)-192.168.0.104: name = "[Ljava.rmi.server.ObjID;", codebase = "", defaultLoader = jdk.internal.loader.ClassLoaders$PlatformClassLoader@67a5978a
2024-10-18T18:59:08.145+03:00 DEBUG [,,] 14780 --- [RMI TCP Connection(5)-192.168.0.104] [                                                 ] sun.rmi.loader                           : RMI TCP Connection(5)-192.168.0.104: name = "java.rmi.server.ObjID", codebase = "", defaultLoader = jdk.internal.loader.ClassLoaders$PlatformClassLoader@67a5978a
2024-10-18T18:59:08.145+03:00 DEBUG [,,] 14780 --- [RMI TCP Connection(5)-192.168.0.104] [                                                 ] sun.rmi.loader                           : RMI TCP Connection(5)-192.168.0.104: name = "java.rmi.server.UID", codebase = "", defaultLoader = jdk.internal.loader.ClassLoaders$PlatformClassLoader@67a5978a
2024-10-18T18:59:08.145+03:00 DEBUG [,,] 14780 --- [RMI TCP Connection(5)-192.168.0.104] [                                                 ] sun.rmi.loader                           : RMI TCP Connection(5)-192.168.0.104: name = "java.rmi.dgc.Lease", codebase = "", defaultLoader = jdk.internal.loader.ClassLoaders$PlatformClassLoader@67a5978a
2024-10-18T18:59:08.145+03:00 DEBUG [,,] 14780 --- [RMI TCP Connection(5)-192.168.0.104] [                                                 ] sun.rmi.loader                           : RMI TCP Connection(5)-192.168.0.104: name = "java.rmi.dgc.VMID", codebase = "", defaultLoader = jdk.internal.loader.ClassLoaders$PlatformClassLoader@67a5978a
2024-10-18T18:59:08.145+03:00 DEBUG [,,] 14780 --- [RMI TCP Connection(5)-192.168.0.104] [                                                 ] sun.rmi.loader                           : RMI TCP Connection(5)-192.168.0.104: name = "[B", codebase = "", defaultLoader = jdk.internal.loader.ClassLoaders$PlatformClassLoader@67a5978a
2024-10-18T18:59:08.146+03:00 DEBUG [,,] 14780 --- [RMI TCP Connection(5)-192.168.0.104] [                                                 ] sun.rmi.transport.tcp                    : RMI TCP Connection(5)-192.168.0.104: (port 53343) op = 84
2024-10-18T18:59:08.146+03:00 DEBUG [,,] 14780 --- [RMI TCP Connection(5)-192.168.0.104] [                                                 ] sun.rmi.transport.tcp                    : RMI TCP Connection(5)-192.168.0.104: (port 53343) op = 80
2024-10-18T18:59:08.146+03:00 DEBUG [,,] 14780 --- [RMI TCP Connection(5)-192.168.0.104] [                                                 ] sun.rmi.transport.tcp                    : RMI TCP Connection(5)-192.168.0.104: (port 53343) op = 80
2024-10-18T18:59:08.146+03:00 DEBUG [,,] 14780 --- [RMI TCP Connection(5)-192.168.0.104] [                                                 ] sun.rmi.loader                           : RMI TCP Connection(5)-192.168.0.104: name = "javax.management.ObjectName", codebase = ""
2024-10-18T18:59:08.146+03:00 DEBUG [,,] 14780 --- [RMI TCP Connection(5)-192.168.0.104] [                                                 ] javax.management.remote.rmi              : connectionId=rmi://192.168.0.104  7, name=org.springframework.boot:type=Admin,name=SpringApplication, attribute=Ready
2024-10-18T18:59:08.148+03:00 DEBUG [,,] 14780 --- [RMI TCP Connection(5)-192.168.0.104] [                                                 ] sun.rmi.transport.tcp                    : RMI TCP Connection(5)-192.168.0.104: (port 53343) op = 80
2024-10-18T18:59:08.148+03:00 DEBUG [,,] 14780 --- [RMI TCP Connection(5)-192.168.0.104] [                                                 ] javax.management.remote.rmi              : [javax.management.remote.rmi.RMIConnectionImpl@5fc7aa5: connectionId=rmi://192.168.0.104  7] closing.
2024-10-18T18:59:08.148+03:00 DEBUG [,,] 14780 --- [RMI TCP Connection(5)-192.168.0.104] [                                                 ] javax.management.remote.rmi              : [javax.management.remote.rmi.RMIConnectionImpl@5fc7aa5: connectionId=rmi://192.168.0.104  7] closed.
2024-10-18T18:59:08.154+03:00 DEBUG [,,] 14780 --- [RMI TCP Connection(6)-192.168.0.104] [                                                 ] sun.rmi.transport.tcp                    : RMI TCP Connection(6)-192.168.0.104: accepted socket from [192.168.0.104:53362]
2024-10-18T18:59:08.154+03:00 DEBUG [,,] 14780 --- [RMI TCP Connection(6)-192.168.0.104] [                                                 ] sun.rmi.transport.tcp                    : RMI TCP Connection(6)-192.168.0.104: (port 53343) op = 80
2024-10-18T18:59:08.155+03:00 DEBUG [,,] 14780 --- [RMI TCP Connection(6)-192.168.0.104] [                                                 ] sun.rmi.transport.tcp                    : RMI TCP Connection(6)-192.168.0.104: (port 53343) op = 80
2024-10-18T18:59:08.155+03:00 DEBUG [,,] 14780 --- [RMI TCP Connection(6)-192.168.0.104] [                                                 ] sun.rmi.loader                           : RMI TCP Connection(6)-192.168.0.104: name = "[Ljava.rmi.server.ObjID;", codebase = "", defaultLoader = jdk.internal.loader.ClassLoaders$PlatformClassLoader@67a5978a
2024-10-18T18:59:08.155+03:00 DEBUG [,,] 14780 --- [RMI TCP Connection(6)-192.168.0.104] [                                                 ] sun.rmi.loader                           : RMI TCP Connection(6)-192.168.0.104: name = "java.rmi.server.ObjID", codebase = "", defaultLoader = jdk.internal.loader.ClassLoaders$PlatformClassLoader@67a5978a
2024-10-18T18:59:08.155+03:00 DEBUG [,,] 14780 --- [RMI TCP Connection(6)-192.168.0.104] [                                                 ] sun.rmi.loader                           : RMI TCP Connection(6)-192.168.0.104: name = "java.rmi.server.UID", codebase = "", defaultLoader = jdk.internal.loader.ClassLoaders$PlatformClassLoader@67a5978a
2024-10-18T18:59:08.155+03:00 DEBUG [,,] 14780 --- [RMI TCP Connection(6)-192.168.0.104] [                                                 ] sun.rmi.loader                           : RMI TCP Connection(6)-192.168.0.104: name = "java.rmi.dgc.Lease", codebase = "", defaultLoader = jdk.internal.loader.ClassLoaders$PlatformClassLoader@67a5978a
2024-10-18T18:59:08.156+03:00 DEBUG [,,] 14780 --- [RMI TCP Connection(6)-192.168.0.104] [                                                 ] sun.rmi.loader                           : RMI TCP Connection(6)-192.168.0.104: name = "java.rmi.dgc.VMID", codebase = "", defaultLoader = jdk.internal.loader.ClassLoaders$PlatformClassLoader@67a5978a
2024-10-18T18:59:08.156+03:00 DEBUG [,,] 14780 --- [RMI TCP Connection(6)-192.168.0.104] [                                                 ] sun.rmi.loader                           : RMI TCP Connection(6)-192.168.0.104: name = "[B", codebase = "", defaultLoader = jdk.internal.loader.ClassLoaders$PlatformClassLoader@67a5978a
2024-10-18T18:59:08.156+03:00 DEBUG [,,] 14780 --- [RMI TCP Connection(6)-192.168.0.104] [                                                 ] sun.rmi.transport.tcp                    : RMI TCP Connection(6)-192.168.0.104: (port 53343) op = 84
2024-10-18T18:59:08.156+03:00 DEBUG [,,] 14780 --- [RMI TCP Connection(6)-192.168.0.104] [                                                 ] sun.rmi.transport.tcp                    : RMI TCP Connection(6)-192.168.0.104: (port 53343) op = 80
2024-10-18T18:59:08.157+03:00 DEBUG [,,] 14780 --- [RMI TCP Connection(6)-192.168.0.104] [                                                 ] sun.rmi.transport.tcp                    : RMI TCP Connection(6)-192.168.0.104: (port 53343) op = 80
2024-10-18T18:59:08.157+03:00 DEBUG [,,] 14780 --- [RMI TCP Connection(6)-192.168.0.104] [                                                 ] sun.rmi.loader                           : RMI TCP Connection(6)-192.168.0.104: name = "javax.management.ObjectName", codebase = ""
2024-10-18T18:59:08.157+03:00 DEBUG [,,] 14780 --- [RMI TCP Connection(6)-192.168.0.104] [                                                 ] sun.rmi.loader                           : RMI TCP Connection(6)-192.168.0.104: name = "java.rmi.MarshalledObject", codebase = ""
2024-10-18T18:59:08.157+03:00 DEBUG [,,] 14780 --- [RMI TCP Connection(6)-192.168.0.104] [                                                 ] sun.rmi.loader                           : RMI TCP Connection(6)-192.168.0.104: name = "[B", codebase = ""
2024-10-18T18:59:08.157+03:00 DEBUG [,,] 14780 --- [RMI TCP Connection(6)-192.168.0.104] [                                                 ] sun.rmi.loader                           : RMI TCP Connection(6)-192.168.0.104: name = "[Ljava.lang.String;", codebase = ""
2024-10-18T18:59:08.158+03:00 DEBUG [,,] 14780 --- [RMI TCP Connection(6)-192.168.0.104] [                                                 ] javax.management.remote.rmi              : connectionId=rmi://192.168.0.104  8 unwrapping params with MBean extended ClassLoader.
2024-10-18T18:59:08.158+03:00 DEBUG [,,] 14780 --- [RMI TCP Connection(6)-192.168.0.104] [                                                 ] sun.rmi.loader                           : RMI TCP Connection(6)-192.168.0.104: name = "[Ljava.lang.String;", codebase = "", defaultLoader = jdk.internal.loader.ClassLoaders$PlatformClassLoader@67a5978a
2024-10-18T18:59:08.159+03:00 DEBUG [,,] 14780 --- [RMI TCP Connection(6)-192.168.0.104] [                                                 ] javax.management.remote.rmi              : connectionId=rmi://192.168.0.104  8, name=org.springframework.boot:type=Admin,name=SpringApplication, operationName=getProperty, signature=[java.lang.String]
2024-10-18T18:59:08.159+03:00 DEBUG [,,] 14780 --- [RMI TCP Connection(6)-192.168.0.104] [                                                 ] sun.rmi.transport.tcp                    : RMI TCP Connection(6)-192.168.0.104: (port 53343) op = 80
2024-10-18T18:59:08.159+03:00 DEBUG [,,] 14780 --- [RMI TCP Connection(6)-192.168.0.104] [                                                 ] javax.management.remote.rmi              : [javax.management.remote.rmi.RMIConnectionImpl@6c5537b7: connectionId=rmi://192.168.0.104  8] closing.
2024-10-18T18:59:08.159+03:00 DEBUG [,,] 14780 --- [RMI TCP Connection(6)-192.168.0.104] [                                                 ] javax.management.remote.rmi              : [javax.management.remote.rmi.RMIConnectionImpl@6c5537b7: connectionId=rmi://192.168.0.104  8] closed.
2024-10-18T18:59:08.160+03:00 DEBUG [,,] 14780 --- [RMI TCP Connection(6)-192.168.0.104] [                                                 ] sun.rmi.transport.tcp                    : RMI TCP Connection(6)-192.168.0.104: (port 53343) op = 80
2024-10-18T18:59:08.161+03:00 DEBUG [,,] 14780 --- [RMI TCP Connection(7)-192.168.0.104] [                                                 ] sun.rmi.transport.tcp                    : RMI TCP Connection(7)-192.168.0.104: accepted socket from [192.168.0.104:53363]
2024-10-18T18:59:08.161+03:00 DEBUG [,,] 14780 --- [RMI TCP Connection(6)-192.168.0.104] [                                                 ] sun.rmi.transport.tcp                    : RMI TCP Connection(6)-192.168.0.104: (port 53343) op = 80
2024-10-18T18:59:08.161+03:00 DEBUG [,,] 14780 --- [RMI TCP Connection(6)-192.168.0.104] [                                                 ] sun.rmi.loader                           : RMI TCP Connection(6)-192.168.0.104: name = "[Ljava.rmi.server.ObjID;", codebase = "", defaultLoader = jdk.internal.loader.ClassLoaders$PlatformClassLoader@67a5978a
2024-10-18T18:59:08.161+03:00 DEBUG [,,] 14780 --- [RMI TCP Connection(7)-192.168.0.104] [                                                 ] sun.rmi.transport.tcp                    : RMI TCP Connection(7)-192.168.0.104: (port 53343) op = 80
2024-10-18T18:59:08.161+03:00 DEBUG [,,] 14780 --- [RMI TCP Connection(6)-192.168.0.104] [                                                 ] sun.rmi.loader                           : RMI TCP Connection(6)-192.168.0.104: name = "java.rmi.server.ObjID", codebase = "", defaultLoader = jdk.internal.loader.ClassLoaders$PlatformClassLoader@67a5978a
2024-10-18T18:59:08.161+03:00 DEBUG [,,] 14780 --- [RMI TCP Connection(6)-192.168.0.104] [                                                 ] sun.rmi.loader                           : RMI TCP Connection(6)-192.168.0.104: name = "java.rmi.server.UID", codebase = "", defaultLoader = jdk.internal.loader.ClassLoaders$PlatformClassLoader@67a5978a
2024-10-18T18:59:08.162+03:00 DEBUG [,,] 14780 --- [RMI TCP Connection(6)-192.168.0.104] [                                                 ] sun.rmi.loader                           : RMI TCP Connection(6)-192.168.0.104: name = "java.rmi.dgc.Lease", codebase = "", defaultLoader = jdk.internal.loader.ClassLoaders$PlatformClassLoader@67a5978a
2024-10-18T18:59:08.162+03:00 DEBUG [,,] 14780 --- [RMI TCP Connection(7)-192.168.0.104] [                                                 ] sun.rmi.transport.tcp                    : RMI TCP Connection(7)-192.168.0.104: (port 53343) op = 80
2024-10-18T18:59:08.162+03:00 DEBUG [,,] 14780 --- [RMI TCP Connection(6)-192.168.0.104] [                                                 ] sun.rmi.loader                           : RMI TCP Connection(6)-192.168.0.104: name = "java.rmi.dgc.VMID", codebase = "", defaultLoader = jdk.internal.loader.ClassLoaders$PlatformClassLoader@67a5978a
2024-10-18T18:59:08.162+03:00 DEBUG [,,] 14780 --- [RMI TCP Connection(7)-192.168.0.104] [                                                 ] sun.rmi.loader                           : RMI TCP Connection(7)-192.168.0.104: name = "[Ljava.rmi.server.ObjID;", codebase = "", defaultLoader = jdk.internal.loader.ClassLoaders$PlatformClassLoader@67a5978a
2024-10-18T18:59:08.162+03:00 DEBUG [,,] 14780 --- [RMI TCP Connection(6)-192.168.0.104] [                                                 ] sun.rmi.loader                           : RMI TCP Connection(6)-192.168.0.104: name = "[B", codebase = "", defaultLoader = jdk.internal.loader.ClassLoaders$PlatformClassLoader@67a5978a
2024-10-18T18:59:08.162+03:00 DEBUG [,,] 14780 --- [RMI TCP Connection(7)-192.168.0.104] [                                                 ] sun.rmi.loader                           : RMI TCP Connection(7)-192.168.0.104: name = "java.rmi.server.ObjID", codebase = "", defaultLoader = jdk.internal.loader.ClassLoaders$PlatformClassLoader@67a5978a
2024-10-18T18:59:08.162+03:00 DEBUG [,,] 14780 --- [RMI TCP Connection(7)-192.168.0.104] [                                                 ] sun.rmi.loader                           : RMI TCP Connection(7)-192.168.0.104: name = "java.rmi.server.UID", codebase = "", defaultLoader = jdk.internal.loader.ClassLoaders$PlatformClassLoader@67a5978a
2024-10-18T18:59:08.162+03:00 DEBUG [,,] 14780 --- [RMI TCP Connection(6)-192.168.0.104] [                                                 ] sun.rmi.transport.tcp                    : RMI TCP Connection(6)-192.168.0.104: (port 53343) op = 84
2024-10-18T18:59:08.163+03:00 DEBUG [,,] 14780 --- [RMI TCP Connection(7)-192.168.0.104] [                                                 ] sun.rmi.loader                           : RMI TCP Connection(7)-192.168.0.104: name = "java.rmi.dgc.Lease", codebase = "", defaultLoader = jdk.internal.loader.ClassLoaders$PlatformClassLoader@67a5978a
2024-10-18T18:59:08.163+03:00 DEBUG [,,] 14780 --- [RMI TCP Connection(6)-192.168.0.104] [                                                 ] sun.rmi.transport.tcp                    : RMI TCP Connection(6)-192.168.0.104: (port 53343) op = 80
2024-10-18T18:59:08.163+03:00 DEBUG [,,] 14780 --- [RMI TCP Connection(7)-192.168.0.104] [                                                 ] sun.rmi.loader                           : RMI TCP Connection(7)-192.168.0.104: name = "java.rmi.dgc.VMID", codebase = "", defaultLoader = jdk.internal.loader.ClassLoaders$PlatformClassLoader@67a5978a
2024-10-18T18:59:08.163+03:00 DEBUG [,,] 14780 --- [RMI TCP Connection(7)-192.168.0.104] [                                                 ] sun.rmi.loader                           : RMI TCP Connection(7)-192.168.0.104: name = "[B", codebase = "", defaultLoader = jdk.internal.loader.ClassLoaders$PlatformClassLoader@67a5978a
2024-10-18T18:59:08.163+03:00 DEBUG [,,] 14780 --- [RMI TCP Connection(6)-192.168.0.104] [                                                 ] sun.rmi.transport.tcp                    : RMI TCP Connection(6)-192.168.0.104: (port 53343) op = 80
2024-10-18T18:59:08.163+03:00 DEBUG [,,] 14780 --- [RMI TCP Connection(6)-192.168.0.104] [                                                 ] sun.rmi.loader                           : RMI TCP Connection(6)-192.168.0.104: name = "javax.management.ObjectName", codebase = ""
2024-10-18T18:59:08.163+03:00 DEBUG [,,] 14780 --- [RMI TCP Connection(6)-192.168.0.104] [                                                 ] sun.rmi.loader                           : RMI TCP Connection(6)-192.168.0.104: name = "java.rmi.MarshalledObject", codebase = ""
2024-10-18T18:59:08.163+03:00 DEBUG [,,] 14780 --- [RMI TCP Connection(6)-192.168.0.104] [                                                 ] sun.rmi.loader                           : RMI TCP Connection(6)-192.168.0.104: name = "[B", codebase = ""
2024-10-18T18:59:08.163+03:00 DEBUG [,,] 14780 --- [RMI TCP Connection(6)-192.168.0.104] [                                                 ] sun.rmi.loader                           : RMI TCP Connection(6)-192.168.0.104: name = "[Ljava.lang.String;", codebase = ""
2024-10-18T18:59:08.163+03:00 DEBUG [,,] 14780 --- [RMI TCP Connection(7)-192.168.0.104] [                                                 ] sun.rmi.transport.tcp                    : RMI TCP Connection(7)-192.168.0.104: (port 53343) op = 84
2024-10-18T18:59:08.163+03:00 DEBUG [,,] 14780 --- [RMI TCP Connection(6)-192.168.0.104] [                                                 ] javax.management.remote.rmi              : connectionId=rmi://192.168.0.104  9 unwrapping params with MBean extended ClassLoader.
2024-10-18T18:59:08.163+03:00 DEBUG [,,] 14780 --- [RMI TCP Connection(7)-192.168.0.104] [                                                 ] sun.rmi.transport.tcp                    : RMI TCP Connection(7)-192.168.0.104: (port 53343) op = 80
2024-10-18T18:59:08.163+03:00 DEBUG [,,] 14780 --- [RMI TCP Connection(6)-192.168.0.104] [                                                 ] sun.rmi.loader                           : RMI TCP Connection(6)-192.168.0.104: name = "[Ljava.lang.String;", codebase = "", defaultLoader = jdk.internal.loader.ClassLoaders$PlatformClassLoader@67a5978a
2024-10-18T18:59:08.164+03:00 DEBUG [,,] 14780 --- [RMI TCP Connection(6)-192.168.0.104] [                                                 ] javax.management.remote.rmi              : connectionId=rmi://192.168.0.104  9, name=org.springframework.boot:type=Admin,name=SpringApplication, operationName=getProperty, signature=[java.lang.String]
2024-10-18T18:59:08.164+03:00 DEBUG [,,] 14780 --- [RMI TCP Connection(7)-192.168.0.104] [                                                 ] sun.rmi.transport.tcp                    : RMI TCP Connection(7)-192.168.0.104: (port 53343) op = 80
2024-10-18T18:59:08.164+03:00 DEBUG [,,] 14780 --- [RMI TCP Connection(7)-192.168.0.104] [                                                 ] sun.rmi.loader                           : RMI TCP Connection(7)-192.168.0.104: name = "javax.management.ObjectName", codebase = ""
2024-10-18T18:59:08.164+03:00 DEBUG [,,] 14780 --- [RMI TCP Connection(6)-192.168.0.104] [                                                 ] sun.rmi.transport.tcp                    : RMI TCP Connection(6)-192.168.0.104: (port 53343) op = 80
2024-10-18T18:59:08.164+03:00 DEBUG [,,] 14780 --- [RMI TCP Connection(7)-192.168.0.104] [                                                 ] sun.rmi.loader                           : RMI TCP Connection(7)-192.168.0.104: name = "java.rmi.MarshalledObject", codebase = ""
2024-10-18T18:59:08.164+03:00 DEBUG [,,] 14780 --- [RMI TCP Connection(6)-192.168.0.104] [                                                 ] sun.rmi.loader                           : RMI TCP Connection(6)-192.168.0.104: name = "javax.management.ObjectName", codebase = ""
2024-10-18T18:59:08.164+03:00 DEBUG [,,] 14780 --- [RMI TCP Connection(7)-192.168.0.104] [                                                 ] sun.rmi.loader                           : RMI TCP Connection(7)-192.168.0.104: name = "[B", codebase = ""
2024-10-18T18:59:08.164+03:00 DEBUG [,,] 14780 --- [RMI TCP Connection(6)-192.168.0.104] [                                                 ] sun.rmi.loader                           : RMI TCP Connection(6)-192.168.0.104: name = "java.rmi.MarshalledObject", codebase = ""
2024-10-18T18:59:08.164+03:00 DEBUG [,,] 14780 --- [RMI TCP Connection(7)-192.168.0.104] [                                                 ] sun.rmi.loader                           : RMI TCP Connection(7)-192.168.0.104: name = "[Ljava.lang.String;", codebase = ""
2024-10-18T18:59:08.164+03:00 DEBUG [,,] 14780 --- [RMI TCP Connection(6)-192.168.0.104] [                                                 ] sun.rmi.loader                           : RMI TCP Connection(6)-192.168.0.104: name = "[B", codebase = ""
2024-10-18T18:59:08.164+03:00 DEBUG [,,] 14780 --- [RMI TCP Connection(6)-192.168.0.104] [                                                 ] sun.rmi.loader                           : RMI TCP Connection(6)-192.168.0.104: name = "[Ljava.lang.String;", codebase = ""
2024-10-18T18:59:08.164+03:00 DEBUG [,,] 14780 --- [RMI TCP Connection(7)-192.168.0.104] [                                                 ] javax.management.remote.rmi              : connectionId=rmi://192.168.0.104  10 unwrapping params with MBean extended ClassLoader.
2024-10-18T18:59:08.165+03:00 DEBUG [,,] 14780 --- [RMI TCP Connection(6)-192.168.0.104] [                                                 ] javax.management.remote.rmi              : connectionId=rmi://192.168.0.104  9 unwrapping params with MBean extended ClassLoader.
2024-10-18T18:59:08.165+03:00 DEBUG [,,] 14780 --- [RMI TCP Connection(7)-192.168.0.104] [                                                 ] sun.rmi.loader                           : RMI TCP Connection(7)-192.168.0.104: name = "[Ljava.lang.String;", codebase = "", defaultLoader = jdk.internal.loader.ClassLoaders$PlatformClassLoader@67a5978a
2024-10-18T18:59:08.165+03:00 DEBUG [,,] 14780 --- [RMI TCP Connection(6)-192.168.0.104] [                                                 ] sun.rmi.loader                           : RMI TCP Connection(6)-192.168.0.104: name = "[Ljava.lang.String;", codebase = "", defaultLoader = jdk.internal.loader.ClassLoaders$PlatformClassLoader@67a5978a
2024-10-18T18:59:08.165+03:00 DEBUG [,,] 14780 --- [RMI TCP Connection(6)-192.168.0.104] [                                                 ] javax.management.remote.rmi              : connectionId=rmi://192.168.0.104  9, name=org.springframework.boot:type=Admin,name=SpringApplication, operationName=getProperty, signature=[java.lang.String]
2024-10-18T18:59:08.165+03:00 DEBUG [,,] 14780 --- [RMI TCP Connection(7)-192.168.0.104] [                                                 ] javax.management.remote.rmi              : connectionId=rmi://192.168.0.104  10, name=org.springframework.boot:type=Admin,name=SpringApplication, operationName=getProperty, signature=[java.lang.String]
2024-10-18T18:59:08.165+03:00 DEBUG [,,] 14780 --- [RMI TCP Connection(7)-192.168.0.104] [                                                 ] sun.rmi.transport.tcp                    : RMI TCP Connection(7)-192.168.0.104: (port 53343) op = 80
2024-10-18T18:59:08.165+03:00 DEBUG [,,] 14780 --- [RMI TCP Connection(6)-192.168.0.104] [                                                 ] sun.rmi.transport.tcp                    : RMI TCP Connection(6)-192.168.0.104: (port 53343) op = 80
2024-10-18T18:59:08.165+03:00 DEBUG [,,] 14780 --- [RMI TCP Connection(7)-192.168.0.104] [                                                 ] sun.rmi.loader                           : RMI TCP Connection(7)-192.168.0.104: name = "javax.management.ObjectName", codebase = ""
2024-10-18T18:59:08.165+03:00 DEBUG [,,] 14780 --- [RMI TCP Connection(6)-192.168.0.104] [                                                 ] sun.rmi.loader                           : RMI TCP Connection(6)-192.168.0.104: name = "javax.management.ObjectName", codebase = ""
2024-10-18T18:59:08.165+03:00 DEBUG [,,] 14780 --- [RMI TCP Connection(7)-192.168.0.104] [                                                 ] sun.rmi.loader                           : RMI TCP Connection(7)-192.168.0.104: name = "java.rmi.MarshalledObject", codebase = ""
2024-10-18T18:59:08.165+03:00 DEBUG [,,] 14780 --- [RMI TCP Connection(6)-192.168.0.104] [                                                 ] sun.rmi.loader                           : RMI TCP Connection(6)-192.168.0.104: name = "java.rmi.MarshalledObject", codebase = ""
2024-10-18T18:59:08.165+03:00 DEBUG [,,] 14780 --- [RMI TCP Connection(7)-192.168.0.104] [                                                 ] sun.rmi.loader                           : RMI TCP Connection(7)-192.168.0.104: name = "[B", codebase = ""
2024-10-18T18:59:08.165+03:00 DEBUG [,,] 14780 --- [RMI TCP Connection(7)-192.168.0.104] [                                                 ] sun.rmi.loader                           : RMI TCP Connection(7)-192.168.0.104: name = "[Ljava.lang.String;", codebase = ""
2024-10-18T18:59:08.165+03:00 DEBUG [,,] 14780 --- [RMI TCP Connection(6)-192.168.0.104] [                                                 ] sun.rmi.loader                           : RMI TCP Connection(6)-192.168.0.104: name = "[B", codebase = ""
2024-10-18T18:59:08.165+03:00 DEBUG [,,] 14780 --- [RMI TCP Connection(7)-192.168.0.104] [                                                 ] javax.management.remote.rmi              : connectionId=rmi://192.168.0.104  10 unwrapping params with MBean extended ClassLoader.
2024-10-18T18:59:08.165+03:00 DEBUG [,,] 14780 --- [RMI TCP Connection(6)-192.168.0.104] [                                                 ] sun.rmi.loader                           : RMI TCP Connection(6)-192.168.0.104: name = "[Ljava.lang.String;", codebase = ""
2024-10-18T18:59:08.166+03:00 DEBUG [,,] 14780 --- [RMI TCP Connection(7)-192.168.0.104] [                                                 ] sun.rmi.loader                           : RMI TCP Connection(7)-192.168.0.104: name = "[Ljava.lang.String;", codebase = "", defaultLoader = jdk.internal.loader.ClassLoaders$PlatformClassLoader@67a5978a
2024-10-18T18:59:08.166+03:00 DEBUG [,,] 14780 --- [RMI TCP Connection(6)-192.168.0.104] [                                                 ] javax.management.remote.rmi              : connectionId=rmi://192.168.0.104  9 unwrapping params with MBean extended ClassLoader.
2024-10-18T18:59:08.166+03:00 DEBUG [,,] 14780 --- [RMI TCP Connection(7)-192.168.0.104] [                                                 ] javax.management.remote.rmi              : connectionId=rmi://192.168.0.104  10, name=org.springframework.boot:type=Admin,name=SpringApplication, operationName=getProperty, signature=[java.lang.String]
2024-10-18T18:59:08.166+03:00 DEBUG [,,] 14780 --- [RMI TCP Connection(6)-192.168.0.104] [                                                 ] sun.rmi.loader                           : RMI TCP Connection(6)-192.168.0.104: name = "[Ljava.lang.String;", codebase = "", defaultLoader = jdk.internal.loader.ClassLoaders$PlatformClassLoader@67a5978a
2024-10-18T18:59:08.166+03:00 DEBUG [,,] 14780 --- [RMI TCP Connection(6)-192.168.0.104] [                                                 ] javax.management.remote.rmi              : connectionId=rmi://192.168.0.104  9, name=org.springframework.boot:type=Admin,name=SpringApplication, operationName=getProperty, signature=[java.lang.String]
2024-10-18T18:59:08.166+03:00 DEBUG [,,] 14780 --- [RMI TCP Connection(7)-192.168.0.104] [                                                 ] sun.rmi.transport.tcp                    : RMI TCP Connection(7)-192.168.0.104: (port 53343) op = 80
2024-10-18T18:59:08.166+03:00 DEBUG [,,] 14780 --- [RMI TCP Connection(6)-192.168.0.104] [                                                 ] sun.rmi.transport.tcp                    : RMI TCP Connection(6)-192.168.0.104: (port 53343) op = 80
2024-10-18T18:59:08.166+03:00 DEBUG [,,] 14780 --- [RMI TCP Connection(7)-192.168.0.104] [                                                 ] sun.rmi.loader                           : RMI TCP Connection(7)-192.168.0.104: name = "javax.management.ObjectName", codebase = ""
2024-10-18T18:59:08.166+03:00 DEBUG [,,] 14780 --- [RMI TCP Connection(6)-192.168.0.104] [                                                 ] sun.rmi.loader                           : RMI TCP Connection(6)-192.168.0.104: name = "javax.management.ObjectName", codebase = ""
2024-10-18T18:59:08.166+03:00 DEBUG [,,] 14780 --- [RMI TCP Connection(7)-192.168.0.104] [                                                 ] sun.rmi.loader                           : RMI TCP Connection(7)-192.168.0.104: name = "java.rmi.MarshalledObject", codebase = ""
2024-10-18T18:59:08.166+03:00 DEBUG [,,] 14780 --- [RMI TCP Connection(6)-192.168.0.104] [                                                 ] sun.rmi.loader                           : RMI TCP Connection(6)-192.168.0.104: name = "java.rmi.MarshalledObject", codebase = ""
2024-10-18T18:59:08.166+03:00 DEBUG [,,] 14780 --- [RMI TCP Connection(7)-192.168.0.104] [                                                 ] sun.rmi.loader                           : RMI TCP Connection(7)-192.168.0.104: name = "[B", codebase = ""
2024-10-18T18:59:08.166+03:00 DEBUG [,,] 14780 --- [RMI TCP Connection(6)-192.168.0.104] [                                                 ] sun.rmi.loader                           : RMI TCP Connection(6)-192.168.0.104: name = "[B", codebase = ""
2024-10-18T18:59:08.166+03:00 DEBUG [,,] 14780 --- [RMI TCP Connection(6)-192.168.0.104] [                                                 ] sun.rmi.loader                           : RMI TCP Connection(6)-192.168.0.104: name = "[Ljava.lang.String;", codebase = ""
2024-10-18T18:59:08.166+03:00 DEBUG [,,] 14780 --- [RMI TCP Connection(7)-192.168.0.104] [                                                 ] sun.rmi.loader                           : RMI TCP Connection(7)-192.168.0.104: name = "[Ljava.lang.String;", codebase = ""
2024-10-18T18:59:08.166+03:00 DEBUG [,,] 14780 --- [RMI TCP Connection(6)-192.168.0.104] [                                                 ] javax.management.remote.rmi              : connectionId=rmi://192.168.0.104  10 unwrapping params with MBean extended ClassLoader.
2024-10-18T18:59:08.167+03:00 DEBUG [,,] 14780 --- [RMI TCP Connection(7)-192.168.0.104] [                                                 ] javax.management.remote.rmi              : connectionId=rmi://192.168.0.104  9 unwrapping params with MBean extended ClassLoader.
2024-10-18T18:59:08.167+03:00 DEBUG [,,] 14780 --- [RMI TCP Connection(6)-192.168.0.104] [                                                 ] sun.rmi.loader                           : RMI TCP Connection(6)-192.168.0.104: name = "[Ljava.lang.String;", codebase = "", defaultLoader = jdk.internal.loader.ClassLoaders$PlatformClassLoader@67a5978a
2024-10-18T18:59:08.167+03:00 DEBUG [,,] 14780 --- [RMI TCP Connection(6)-192.168.0.104] [                                                 ] javax.management.remote.rmi              : connectionId=rmi://192.168.0.104  10, name=org.springframework.boot:type=Admin,name=SpringApplication, operationName=getProperty, signature=[java.lang.String]
2024-10-18T18:59:08.167+03:00 DEBUG [,,] 14780 --- [RMI TCP Connection(7)-192.168.0.104] [                                                 ] sun.rmi.loader                           : RMI TCP Connection(7)-192.168.0.104: name = "[Ljava.lang.String;", codebase = "", defaultLoader = jdk.internal.loader.ClassLoaders$PlatformClassLoader@67a5978a
2024-10-18T18:59:08.167+03:00 DEBUG [,,] 14780 --- [RMI TCP Connection(7)-192.168.0.104] [                                                 ] javax.management.remote.rmi              : connectionId=rmi://192.168.0.104  9, name=org.springframework.boot:type=Admin,name=SpringApplication, operationName=getProperty, signature=[java.lang.String]
2024-10-18T18:59:08.167+03:00 DEBUG [,,] 14780 --- [RMI TCP Connection(6)-192.168.0.104] [                                                 ] sun.rmi.transport.tcp                    : RMI TCP Connection(6)-192.168.0.104: (port 53343) op = 80
2024-10-18T18:59:08.167+03:00 DEBUG [,,] 14780 --- [RMI TCP Connection(7)-192.168.0.104] [                                                 ] sun.rmi.transport.tcp                    : RMI TCP Connection(7)-192.168.0.104: (port 53343) op = 80
2024-10-18T18:59:08.167+03:00 DEBUG [,,] 14780 --- [RMI TCP Connection(6)-192.168.0.104] [                                                 ] sun.rmi.loader                           : RMI TCP Connection(6)-192.168.0.104: name = "javax.management.ObjectName", codebase = ""
2024-10-18T18:59:08.167+03:00 DEBUG [,,] 14780 --- [RMI TCP Connection(7)-192.168.0.104] [                                                 ] javax.management.remote.rmi              : [javax.management.remote.rmi.RMIConnectionImpl@760c5cb5: connectionId=rmi://192.168.0.104  9] closing.
2024-10-18T18:59:08.167+03:00 DEBUG [,,] 14780 --- [RMI TCP Connection(7)-192.168.0.104] [                                                 ] javax.management.remote.rmi              : [javax.management.remote.rmi.RMIConnectionImpl@760c5cb5: connectionId=rmi://192.168.0.104  9] closed.
2024-10-18T18:59:08.168+03:00 DEBUG [,,] 14780 --- [RMI TCP Connection(6)-192.168.0.104] [                                                 ] sun.rmi.loader                           : RMI TCP Connection(6)-192.168.0.104: name = "java.rmi.MarshalledObject", codebase = ""
2024-10-18T18:59:08.168+03:00 DEBUG [,,] 14780 --- [RMI TCP Connection(6)-192.168.0.104] [                                                 ] sun.rmi.loader                           : RMI TCP Connection(6)-192.168.0.104: name = "[B", codebase = ""
2024-10-18T18:59:08.168+03:00 DEBUG [,,] 14780 --- [RMI TCP Connection(6)-192.168.0.104] [                                                 ] sun.rmi.loader                           : RMI TCP Connection(6)-192.168.0.104: name = "[Ljava.lang.String;", codebase = ""
2024-10-18T18:59:08.168+03:00 DEBUG [,,] 14780 --- [RMI TCP Connection(6)-192.168.0.104] [                                                 ] javax.management.remote.rmi              : connectionId=rmi://192.168.0.104  10 unwrapping params with MBean extended ClassLoader.
2024-10-18T18:59:08.168+03:00 DEBUG [,,] 14780 --- [RMI TCP Connection(6)-192.168.0.104] [                                                 ] sun.rmi.loader                           : RMI TCP Connection(6)-192.168.0.104: name = "[Ljava.lang.String;", codebase = "", defaultLoader = jdk.internal.loader.ClassLoaders$PlatformClassLoader@67a5978a
2024-10-18T18:59:08.168+03:00 DEBUG [,,] 14780 --- [RMI TCP Connection(6)-192.168.0.104] [                                                 ] javax.management.remote.rmi              : connectionId=rmi://192.168.0.104  10, name=org.springframework.boot:type=Admin,name=SpringApplication, operationName=getProperty, signature=[java.lang.String]
2024-10-18T18:59:08.168+03:00 DEBUG [,,] 14780 --- [RMI TCP Connection(6)-192.168.0.104] [                                                 ] sun.rmi.transport.tcp                    : RMI TCP Connection(6)-192.168.0.104: (port 53343) op = 80
2024-10-18T18:59:08.168+03:00 DEBUG [,,] 14780 --- [RMI TCP Connection(6)-192.168.0.104] [                                                 ] sun.rmi.loader                           : RMI TCP Connection(6)-192.168.0.104: name = "javax.management.ObjectName", codebase = ""
2024-10-18T18:59:08.169+03:00 DEBUG [,,] 14780 --- [RMI TCP Connection(6)-192.168.0.104] [                                                 ] sun.rmi.loader                           : RMI TCP Connection(6)-192.168.0.104: name = "java.rmi.MarshalledObject", codebase = ""
2024-10-18T18:59:08.169+03:00 DEBUG [,,] 14780 --- [RMI TCP Connection(6)-192.168.0.104] [                                                 ] sun.rmi.loader                           : RMI TCP Connection(6)-192.168.0.104: name = "[B", codebase = ""
2024-10-18T18:59:08.169+03:00 DEBUG [,,] 14780 --- [RMI TCP Connection(6)-192.168.0.104] [                                                 ] sun.rmi.loader                           : RMI TCP Connection(6)-192.168.0.104: name = "[Ljava.lang.String;", codebase = ""
2024-10-18T18:59:08.169+03:00 DEBUG [,,] 14780 --- [RMI TCP Connection(6)-192.168.0.104] [                                                 ] javax.management.remote.rmi              : connectionId=rmi://192.168.0.104  10 unwrapping params with MBean extended ClassLoader.
2024-10-18T18:59:08.170+03:00 DEBUG [,,] 14780 --- [RMI TCP Connection(6)-192.168.0.104] [                                                 ] sun.rmi.loader                           : RMI TCP Connection(6)-192.168.0.104: name = "[Ljava.lang.String;", codebase = "", defaultLoader = jdk.internal.loader.ClassLoaders$PlatformClassLoader@67a5978a
2024-10-18T18:59:08.170+03:00 DEBUG [,,] 14780 --- [RMI TCP Connection(6)-192.168.0.104] [                                                 ] javax.management.remote.rmi              : connectionId=rmi://192.168.0.104  10, name=org.springframework.boot:type=Admin,name=SpringApplication, operationName=getProperty, signature=[java.lang.String]
2024-10-18T18:59:08.170+03:00 DEBUG [,,] 14780 --- [RMI TCP Connection(6)-192.168.0.104] [                                                 ] sun.rmi.transport.tcp                    : RMI TCP Connection(6)-192.168.0.104: (port 53343) op = 80
2024-10-18T18:59:08.170+03:00 DEBUG [,,] 14780 --- [RMI TCP Connection(6)-192.168.0.104] [                                                 ] sun.rmi.loader                           : RMI TCP Connection(6)-192.168.0.104: name = "javax.management.ObjectName", codebase = ""
2024-10-18T18:59:08.170+03:00 DEBUG [,,] 14780 --- [RMI TCP Connection(6)-192.168.0.104] [                                                 ] sun.rmi.loader                           : RMI TCP Connection(6)-192.168.0.104: name = "java.rmi.MarshalledObject", codebase = ""
2024-10-18T18:59:08.170+03:00 DEBUG [,,] 14780 --- [RMI TCP Connection(6)-192.168.0.104] [                                                 ] sun.rmi.loader                           : RMI TCP Connection(6)-192.168.0.104: name = "[B", codebase = ""
2024-10-18T18:59:08.170+03:00 DEBUG [,,] 14780 --- [RMI TCP Connection(6)-192.168.0.104] [                                                 ] sun.rmi.loader                           : RMI TCP Connection(6)-192.168.0.104: name = "[Ljava.lang.String;", codebase = ""
2024-10-18T18:59:08.170+03:00 DEBUG [,,] 14780 --- [RMI TCP Connection(6)-192.168.0.104] [                                                 ] javax.management.remote.rmi              : connectionId=rmi://192.168.0.104  10 unwrapping params with MBean extended ClassLoader.
2024-10-18T18:59:08.171+03:00 DEBUG [,,] 14780 --- [RMI TCP Connection(6)-192.168.0.104] [                                                 ] sun.rmi.loader                           : RMI TCP Connection(6)-192.168.0.104: name = "[Ljava.lang.String;", codebase = "", defaultLoader = jdk.internal.loader.ClassLoaders$PlatformClassLoader@67a5978a
2024-10-18T18:59:08.171+03:00 DEBUG [,,] 14780 --- [RMI TCP Connection(6)-192.168.0.104] [                                                 ] javax.management.remote.rmi              : connectionId=rmi://192.168.0.104  10, name=org.springframework.boot:type=Admin,name=SpringApplication, operationName=getProperty, signature=[java.lang.String]
2024-10-18T18:59:08.171+03:00 DEBUG [,,] 14780 --- [RMI TCP Connection(6)-192.168.0.104] [                                                 ] sun.rmi.transport.tcp                    : RMI TCP Connection(6)-192.168.0.104: (port 53343) op = 80
2024-10-18T18:59:08.171+03:00 DEBUG [,,] 14780 --- [RMI TCP Connection(6)-192.168.0.104] [                                                 ] javax.management.remote.rmi              : [javax.management.remote.rmi.RMIConnectionImpl@540cbc7a: connectionId=rmi://192.168.0.104  10] closing.
2024-10-18T18:59:08.171+03:00 DEBUG [,,] 14780 --- [RMI TCP Connection(6)-192.168.0.104] [                                                 ] javax.management.remote.rmi              : [javax.management.remote.rmi.RMIConnectionImpl@540cbc7a: connectionId=rmi://192.168.0.104  10] closed.
2024-10-18T18:59:08.171+03:00 DEBUG [,,] 14780 --- [RMI TCP Connection(6)-192.168.0.104] [                                                 ] sun.rmi.transport.tcp                    : RMI TCP Connection(6)-192.168.0.104: (port 53343) op = 80
2024-10-18T18:59:08.172+03:00 DEBUG [,,] 14780 --- [RMI TCP Connection(6)-192.168.0.104] [                                                 ] sun.rmi.transport.tcp                    : RMI TCP Connection(6)-192.168.0.104: (port 53343) op = 80
2024-10-18T18:59:08.172+03:00 DEBUG [,,] 14780 --- [RMI TCP Connection(6)-192.168.0.104] [                                                 ] sun.rmi.loader                           : RMI TCP Connection(6)-192.168.0.104: name = "[Ljava.rmi.server.ObjID;", codebase = "", defaultLoader = jdk.internal.loader.ClassLoaders$PlatformClassLoader@67a5978a
2024-10-18T18:59:08.172+03:00 DEBUG [,,] 14780 --- [RMI TCP Connection(6)-192.168.0.104] [                                                 ] sun.rmi.loader                           : RMI TCP Connection(6)-192.168.0.104: name = "java.rmi.server.ObjID", codebase = "", defaultLoader = jdk.internal.loader.ClassLoaders$PlatformClassLoader@67a5978a
2024-10-18T18:59:08.172+03:00 DEBUG [,,] 14780 --- [RMI TCP Connection(6)-192.168.0.104] [                                                 ] sun.rmi.loader                           : RMI TCP Connection(6)-192.168.0.104: name = "java.rmi.server.UID", codebase = "", defaultLoader = jdk.internal.loader.ClassLoaders$PlatformClassLoader@67a5978a
2024-10-18T18:59:08.172+03:00 DEBUG [,,] 14780 --- [RMI TCP Connection(6)-192.168.0.104] [                                                 ] sun.rmi.loader                           : RMI TCP Connection(6)-192.168.0.104: name = "java.rmi.dgc.Lease", codebase = "", defaultLoader = jdk.internal.loader.ClassLoaders$PlatformClassLoader@67a5978a
2024-10-18T18:59:08.172+03:00 DEBUG [,,] 14780 --- [RMI TCP Connection(6)-192.168.0.104] [                                                 ] sun.rmi.loader                           : RMI TCP Connection(6)-192.168.0.104: name = "java.rmi.dgc.VMID", codebase = "", defaultLoader = jdk.internal.loader.ClassLoaders$PlatformClassLoader@67a5978a
2024-10-18T18:59:08.172+03:00 DEBUG [,,] 14780 --- [RMI TCP Connection(6)-192.168.0.104] [                                                 ] sun.rmi.loader                           : RMI TCP Connection(6)-192.168.0.104: name = "[B", codebase = "", defaultLoader = jdk.internal.loader.ClassLoaders$PlatformClassLoader@67a5978a
2024-10-18T18:59:08.173+03:00 DEBUG [,,] 14780 --- [RMI TCP Connection(6)-192.168.0.104] [                                                 ] sun.rmi.transport.tcp                    : RMI TCP Connection(6)-192.168.0.104: (port 53343) op = 84
2024-10-18T18:59:08.173+03:00 DEBUG [,,] 14780 --- [RMI TCP Connection(6)-192.168.0.104] [                                                 ] sun.rmi.transport.tcp                    : RMI TCP Connection(6)-192.168.0.104: (port 53343) op = 80
2024-10-18T18:59:08.173+03:00 DEBUG [,,] 14780 --- [RMI TCP Connection(6)-192.168.0.104] [                                                 ] sun.rmi.transport.tcp                    : RMI TCP Connection(6)-192.168.0.104: (port 53343) op = 80
2024-10-18T18:59:08.173+03:00 DEBUG [,,] 14780 --- [RMI TCP Connection(6)-192.168.0.104] [                                                 ] sun.rmi.loader                           : RMI TCP Connection(6)-192.168.0.104: name = "javax.management.ObjectName", codebase = ""
2024-10-18T18:59:08.173+03:00 DEBUG [,,] 14780 --- [RMI TCP Connection(6)-192.168.0.104] [                                                 ] sun.rmi.loader                           : RMI TCP Connection(6)-192.168.0.104: name = "java.rmi.MarshalledObject", codebase = ""
2024-10-18T18:59:08.173+03:00 DEBUG [,,] 14780 --- [RMI TCP Connection(6)-192.168.0.104] [                                                 ] javax.management.remote.rmi              : connectionId=rmi://192.168.0.104  11 unwrapping query with defaultClassLoader.
2024-10-18T18:59:08.173+03:00 DEBUG [,,] 14780 --- [RMI TCP Connection(6)-192.168.0.104] [                                                 ] javax.management.remote.rmi              : connectionId=rmi://192.168.0.104  11, name=org.springframework.boot:type=Endpoint,name=Beans,*, query=java.rmi.MarshalledObject@d
2024-10-18T18:59:08.174+03:00 DEBUG [,,] 14780 --- [RMI TCP Connection(6)-192.168.0.104] [                                                 ] sun.rmi.transport.tcp                    : RMI TCP Connection(6)-192.168.0.104: (port 53343) op = 80
2024-10-18T18:59:08.174+03:00 DEBUG [,,] 14780 --- [RMI TCP Connection(6)-192.168.0.104] [                                                 ] sun.rmi.loader                           : RMI TCP Connection(6)-192.168.0.104: name = "javax.management.ObjectName", codebase = ""
2024-10-18T18:59:08.174+03:00 DEBUG [,,] 14780 --- [RMI TCP Connection(6)-192.168.0.104] [                                                 ] sun.rmi.loader                           : RMI TCP Connection(6)-192.168.0.104: name = "java.rmi.MarshalledObject", codebase = ""
2024-10-18T18:59:08.174+03:00 DEBUG [,,] 14780 --- [RMI TCP Connection(6)-192.168.0.104] [                                                 ] sun.rmi.loader                           : RMI TCP Connection(6)-192.168.0.104: name = "[B", codebase = ""
2024-10-18T18:59:08.174+03:00 DEBUG [,,] 14780 --- [RMI TCP Connection(6)-192.168.0.104] [                                                 ] sun.rmi.loader                           : RMI TCP Connection(6)-192.168.0.104: name = "[Ljava.lang.String;", codebase = ""
2024-10-18T18:59:08.175+03:00 DEBUG [,,] 14780 --- [RMI TCP Connection(6)-192.168.0.104] [                                                 ] javax.management.remote.rmi              : connectionId=rmi://192.168.0.104  11 unwrapping params with MBean extended ClassLoader.
2024-10-18T18:59:08.175+03:00 DEBUG [,,] 14780 --- [RMI TCP Connection(6)-192.168.0.104] [                                                 ] sun.rmi.loader                           : RMI TCP Connection(6)-192.168.0.104: name = "[Ljava.lang.String;", codebase = "", defaultLoader = jdk.internal.loader.ClassLoaders$PlatformClassLoader@67a5978a
2024-10-18T18:59:08.175+03:00 DEBUG [,,] 14780 --- [RMI TCP Connection(6)-192.168.0.104] [                                                 ] javax.management.remote.rmi              : connectionId=rmi://192.168.0.104  11, name=org.springframework.boot:type=Endpoint,name=Beans, operationName=beans, signature=[]
2024-10-18T18:59:08.226+03:00 DEBUG [,,] 14780 --- [RMI TCP Connection(6)-192.168.0.104] [                                                 ] sun.rmi.transport.tcp                    : RMI TCP Connection(6)-192.168.0.104: (port 53343) op = 80
2024-10-18T18:59:08.226+03:00 DEBUG [,,] 14780 --- [RMI TCP Connection(6)-192.168.0.104] [                                                 ] javax.management.remote.rmi              : [javax.management.remote.rmi.RMIConnectionImpl@5b385e6e: connectionId=rmi://192.168.0.104  11] closing.
2024-10-18T18:59:08.226+03:00 DEBUG [,,] 14780 --- [RMI TCP Connection(6)-192.168.0.104] [                                                 ] javax.management.remote.rmi              : [javax.management.remote.rmi.RMIConnectionImpl@5b385e6e: connectionId=rmi://192.168.0.104  11] closed.
2024-10-18T18:59:08.227+03:00 DEBUG [,,] 14780 --- [RMI TCP Connection(6)-192.168.0.104] [                                                 ] sun.rmi.transport.tcp                    : RMI TCP Connection(6)-192.168.0.104: (port 53343) op = 80
2024-10-18T18:59:08.227+03:00 DEBUG [,,] 14780 --- [RMI TCP Connection(7)-192.168.0.104] [                                                 ] sun.rmi.transport.tcp                    : RMI TCP Connection(7)-192.168.0.104: (port 53343) op = 82
2024-10-18T18:59:08.227+03:00 DEBUG [,,] 14780 --- [RMI TCP Connection(7)-192.168.0.104] [                                                 ] sun.rmi.transport.tcp                    : RMI TCP Connection(7)-192.168.0.104: (port 53343) op = 80
2024-10-18T18:59:08.227+03:00 DEBUG [,,] 14780 --- [RMI TCP Connection(6)-192.168.0.104] [                                                 ] sun.rmi.transport.tcp                    : RMI TCP Connection(6)-192.168.0.104: (port 53343) op = 80
2024-10-18T18:59:08.227+03:00 DEBUG [,,] 14780 --- [RMI TCP Connection(6)-192.168.0.104] [                                                 ] sun.rmi.loader                           : RMI TCP Connection(6)-192.168.0.104: name = "[Ljava.rmi.server.ObjID;", codebase = "", defaultLoader = jdk.internal.loader.ClassLoaders$PlatformClassLoader@67a5978a
2024-10-18T18:59:08.227+03:00 DEBUG [,,] 14780 --- [RMI TCP Connection(7)-192.168.0.104] [                                                 ] sun.rmi.transport.tcp                    : RMI TCP Connection(7)-192.168.0.104: (port 53343) op = 82
2024-10-18T18:59:08.227+03:00 DEBUG [,,] 14780 --- [RMI TCP Connection(6)-192.168.0.104] [                                                 ] sun.rmi.loader                           : RMI TCP Connection(6)-192.168.0.104: name = "java.rmi.server.ObjID", codebase = "", defaultLoader = jdk.internal.loader.ClassLoaders$PlatformClassLoader@67a5978a
2024-10-18T18:59:08.227+03:00 DEBUG [,,] 14780 --- [RMI TCP Connection(6)-192.168.0.104] [                                                 ] sun.rmi.loader                           : RMI TCP Connection(6)-192.168.0.104: name = "java.rmi.server.UID", codebase = "", defaultLoader = jdk.internal.loader.ClassLoaders$PlatformClassLoader@67a5978a
2024-10-18T18:59:08.227+03:00 DEBUG [,,] 14780 --- [RMI TCP Connection(7)-192.168.0.104] [                                                 ] sun.rmi.transport.tcp                    : RMI TCP Connection(7)-192.168.0.104: (port 53343) op = 80
2024-10-18T18:59:08.227+03:00 DEBUG [,,] 14780 --- [RMI TCP Connection(6)-192.168.0.104] [                                                 ] sun.rmi.loader                           : RMI TCP Connection(6)-192.168.0.104: name = "java.rmi.dgc.Lease", codebase = "", defaultLoader = jdk.internal.loader.ClassLoaders$PlatformClassLoader@67a5978a
2024-10-18T18:59:08.227+03:00 DEBUG [,,] 14780 --- [RMI TCP Connection(7)-192.168.0.104] [                                                 ] sun.rmi.loader                           : RMI TCP Connection(7)-192.168.0.104: name = "[Ljava.rmi.server.ObjID;", codebase = "", defaultLoader = jdk.internal.loader.ClassLoaders$PlatformClassLoader@67a5978a
2024-10-18T18:59:08.228+03:00 DEBUG [,,] 14780 --- [RMI TCP Connection(6)-192.168.0.104] [                                                 ] sun.rmi.loader                           : RMI TCP Connection(6)-192.168.0.104: name = "java.rmi.dgc.VMID", codebase = "", defaultLoader = jdk.internal.loader.ClassLoaders$PlatformClassLoader@67a5978a
2024-10-18T18:59:08.228+03:00 DEBUG [,,] 14780 --- [RMI TCP Connection(7)-192.168.0.104] [                                                 ] sun.rmi.loader                           : RMI TCP Connection(7)-192.168.0.104: name = "java.rmi.server.ObjID", codebase = "", defaultLoader = jdk.internal.loader.ClassLoaders$PlatformClassLoader@67a5978a
2024-10-18T18:59:08.228+03:00 DEBUG [,,] 14780 --- [RMI TCP Connection(6)-192.168.0.104] [                                                 ] sun.rmi.loader                           : RMI TCP Connection(6)-192.168.0.104: name = "[B", codebase = "", defaultLoader = jdk.internal.loader.ClassLoaders$PlatformClassLoader@67a5978a
2024-10-18T18:59:08.228+03:00 DEBUG [,,] 14780 --- [RMI TCP Connection(7)-192.168.0.104] [                                                 ] sun.rmi.loader                           : RMI TCP Connection(7)-192.168.0.104: name = "java.rmi.server.UID", codebase = "", defaultLoader = jdk.internal.loader.ClassLoaders$PlatformClassLoader@67a5978a
2024-10-18T18:59:08.228+03:00 DEBUG [,,] 14780 --- [RMI TCP Connection(7)-192.168.0.104] [                                                 ] sun.rmi.loader                           : RMI TCP Connection(7)-192.168.0.104: name = "java.rmi.dgc.Lease", codebase = "", defaultLoader = jdk.internal.loader.ClassLoaders$PlatformClassLoader@67a5978a
2024-10-18T18:59:08.228+03:00 DEBUG [,,] 14780 --- [RMI TCP Connection(7)-192.168.0.104] [                                                 ] sun.rmi.loader                           : RMI TCP Connection(7)-192.168.0.104: name = "java.rmi.dgc.VMID", codebase = "", defaultLoader = jdk.internal.loader.ClassLoaders$PlatformClassLoader@67a5978a
2024-10-18T18:59:08.228+03:00 DEBUG [,,] 14780 --- [RMI TCP Connection(7)-192.168.0.104] [                                                 ] sun.rmi.loader                           : RMI TCP Connection(7)-192.168.0.104: name = "[B", codebase = "", defaultLoader = jdk.internal.loader.ClassLoaders$PlatformClassLoader@67a5978a
2024-10-18T18:59:08.228+03:00 DEBUG [,,] 14780 --- [RMI TCP Connection(6)-192.168.0.104] [                                                 ] sun.rmi.transport.tcp                    : RMI TCP Connection(6)-192.168.0.104: (port 53343) op = 84
2024-10-18T18:59:08.228+03:00 DEBUG [,,] 14780 --- [RMI TCP Connection(6)-192.168.0.104] [                                                 ] sun.rmi.transport.tcp                    : RMI TCP Connection(6)-192.168.0.104: (port 53343) op = 80
2024-10-18T18:59:08.228+03:00 DEBUG [,,] 14780 --- [RMI TCP Connection(7)-192.168.0.104] [                                                 ] sun.rmi.transport.tcp                    : RMI TCP Connection(7)-192.168.0.104: (port 53343) op = 82
2024-10-18T18:59:08.228+03:00 DEBUG [,,] 14780 --- [RMI TCP Connection(7)-192.168.0.104] [                                                 ] sun.rmi.transport.tcp                    : RMI TCP Connection(7)-192.168.0.104: (port 53343) op = 84
2024-10-18T18:59:08.228+03:00 DEBUG [,,] 14780 --- [RMI TCP Connection(6)-192.168.0.104] [                                                 ] sun.rmi.transport.tcp                    : RMI TCP Connection(6)-192.168.0.104: (port 53343) op = 80
2024-10-18T18:59:08.228+03:00 DEBUG [,,] 14780 --- [RMI TCP Connection(7)-192.168.0.104] [                                                 ] sun.rmi.transport.tcp                    : RMI TCP Connection(7)-192.168.0.104: (port 53343) op = 82
2024-10-18T18:59:08.228+03:00 DEBUG [,,] 14780 --- [RMI TCP Connection(6)-192.168.0.104] [                                                 ] sun.rmi.loader                           : RMI TCP Connection(6)-192.168.0.104: name = "javax.management.ObjectName", codebase = ""
2024-10-18T18:59:08.228+03:00 DEBUG [,,] 14780 --- [RMI TCP Connection(6)-192.168.0.104] [                                                 ] sun.rmi.loader                           : RMI TCP Connection(6)-192.168.0.104: name = "java.rmi.MarshalledObject", codebase = ""
2024-10-18T18:59:08.228+03:00 DEBUG [,,] 14780 --- [RMI TCP Connection(7)-192.168.0.104] [                                                 ] sun.rmi.transport.tcp                    : RMI TCP Connection(7)-192.168.0.104: (port 53343) op = 80
2024-10-18T18:59:08.228+03:00 DEBUG [,,] 14780 --- [RMI TCP Connection(6)-192.168.0.104] [                                                 ] sun.rmi.loader                           : RMI TCP Connection(6)-192.168.0.104: name = "[B", codebase = ""
2024-10-18T18:59:08.228+03:00 DEBUG [,,] 14780 --- [RMI TCP Connection(6)-192.168.0.104] [                                                 ] sun.rmi.loader                           : RMI TCP Connection(6)-192.168.0.104: name = "[Ljava.lang.String;", codebase = ""
2024-10-18T18:59:08.228+03:00 DEBUG [,,] 14780 --- [RMI TCP Connection(6)-192.168.0.104] [                                                 ] javax.management.remote.rmi              : connectionId=rmi://192.168.0.104  12 unwrapping params with MBean extended ClassLoader.
2024-10-18T18:59:08.229+03:00 DEBUG [,,] 14780 --- [RMI TCP Connection(7)-192.168.0.104] [                                                 ] sun.rmi.transport.tcp                    : RMI TCP Connection(7)-192.168.0.104: (port 53343) op = 82
2024-10-18T18:59:08.229+03:00 DEBUG [,,] 14780 --- [RMI TCP Connection(7)-192.168.0.104] [                                                 ] sun.rmi.transport.tcp                    : RMI TCP Connection(7)-192.168.0.104: (port 53343) op = 80
2024-10-18T18:59:08.229+03:00 DEBUG [,,] 14780 --- [RMI TCP Connection(6)-192.168.0.104] [                                                 ] sun.rmi.loader                           : RMI TCP Connection(6)-192.168.0.104: name = "[Ljava.lang.String;", codebase = "", defaultLoader = jdk.internal.loader.ClassLoaders$PlatformClassLoader@67a5978a
2024-10-18T18:59:08.229+03:00 DEBUG [,,] 14780 --- [RMI TCP Connection(6)-192.168.0.104] [                                                 ] javax.management.remote.rmi              : connectionId=rmi://192.168.0.104  12, name=org.springframework.boot:type=Admin,name=SpringApplication, operationName=getProperty, signature=[java.lang.String]
2024-10-18T18:59:08.229+03:00 DEBUG [,,] 14780 --- [RMI TCP Connection(7)-192.168.0.104] [                                                 ] sun.rmi.loader                           : RMI TCP Connection(7)-192.168.0.104: name = "javax.management.ObjectName", codebase = ""
2024-10-18T18:59:08.229+03:00 DEBUG [,,] 14780 --- [RMI TCP Connection(7)-192.168.0.104] [                                                 ] sun.rmi.loader                           : RMI TCP Connection(7)-192.168.0.104: name = "java.rmi.MarshalledObject", codebase = ""
2024-10-18T18:59:08.229+03:00 DEBUG [,,] 14780 --- [RMI TCP Connection(7)-192.168.0.104] [                                                 ] sun.rmi.loader                           : RMI TCP Connection(7)-192.168.0.104: name = "[B", codebase = ""
2024-10-18T18:59:08.229+03:00 DEBUG [,,] 14780 --- [RMI TCP Connection(7)-192.168.0.104] [                                                 ] sun.rmi.loader                           : RMI TCP Connection(7)-192.168.0.104: name = "[Ljava.lang.String;", codebase = ""
2024-10-18T18:59:08.229+03:00 DEBUG [,,] 14780 --- [RMI TCP Connection(6)-192.168.0.104] [                                                 ] sun.rmi.transport.tcp                    : RMI TCP Connection(6)-192.168.0.104: (port 53343) op = 80
2024-10-18T18:59:08.229+03:00 DEBUG [,,] 14780 --- [RMI TCP Connection(7)-192.168.0.104] [                                                 ] javax.management.remote.rmi              : connectionId=rmi://192.168.0.104  13 unwrapping params with MBean extended ClassLoader.
2024-10-18T18:59:08.229+03:00 DEBUG [,,] 14780 --- [RMI TCP Connection(6)-192.168.0.104] [                                                 ] sun.rmi.loader                           : RMI TCP Connection(6)-192.168.0.104: name = "javax.management.ObjectName", codebase = ""
2024-10-18T18:59:08.229+03:00 DEBUG [,,] 14780 --- [RMI TCP Connection(7)-192.168.0.104] [                                                 ] sun.rmi.loader                           : RMI TCP Connection(7)-192.168.0.104: name = "[Ljava.lang.String;", codebase = "", defaultLoader = jdk.internal.loader.ClassLoaders$PlatformClassLoader@67a5978a
2024-10-18T18:59:08.229+03:00 DEBUG [,,] 14780 --- [RMI TCP Connection(6)-192.168.0.104] [                                                 ] sun.rmi.loader                           : RMI TCP Connection(6)-192.168.0.104: name = "java.rmi.MarshalledObject", codebase = ""
2024-10-18T18:59:08.229+03:00 DEBUG [,,] 14780 --- [RMI TCP Connection(7)-192.168.0.104] [                                                 ] javax.management.remote.rmi              : connectionId=rmi://192.168.0.104  13, name=org.springframework.boot:type=Admin,name=SpringApplication, operationName=getProperty, signature=[java.lang.String]
2024-10-18T18:59:08.229+03:00 DEBUG [,,] 14780 --- [RMI TCP Connection(6)-192.168.0.104] [                                                 ] sun.rmi.loader                           : RMI TCP Connection(6)-192.168.0.104: name = "[B", codebase = ""
2024-10-18T18:59:08.230+03:00 DEBUG [,,] 14780 --- [RMI TCP Connection(6)-192.168.0.104] [                                                 ] sun.rmi.loader                           : RMI TCP Connection(6)-192.168.0.104: name = "[Ljava.lang.String;", codebase = ""
2024-10-18T18:59:08.230+03:00 DEBUG [,,] 14780 --- [RMI TCP Connection(7)-192.168.0.104] [                                                 ] sun.rmi.transport.tcp                    : RMI TCP Connection(7)-192.168.0.104: (port 53343) op = 82
2024-10-18T18:59:08.230+03:00 DEBUG [,,] 14780 --- [RMI TCP Connection(6)-192.168.0.104] [                                                 ] javax.management.remote.rmi              : connectionId=rmi://192.168.0.104  12 unwrapping params with MBean extended ClassLoader.
2024-10-18T18:59:08.230+03:00 DEBUG [,,] 14780 --- [RMI TCP Connection(6)-192.168.0.104] [                                                 ] sun.rmi.loader                           : RMI TCP Connection(6)-192.168.0.104: name = "[Ljava.lang.String;", codebase = "", defaultLoader = jdk.internal.loader.ClassLoaders$PlatformClassLoader@67a5978a
2024-10-18T18:59:08.230+03:00 DEBUG [,,] 14780 --- [RMI TCP Connection(6)-192.168.0.104] [                                                 ] javax.management.remote.rmi              : connectionId=rmi://192.168.0.104  12, name=org.springframework.boot:type=Admin,name=SpringApplication, operationName=getProperty, signature=[java.lang.String]
2024-10-18T18:59:08.230+03:00 DEBUG [,,] 14780 --- [RMI TCP Connection(7)-192.168.0.104] [                                                 ] sun.rmi.transport.tcp                    : RMI TCP Connection(7)-192.168.0.104: (port 53343) op = 80
2024-10-18T18:59:08.230+03:00 DEBUG [,,] 14780 --- [RMI TCP Connection(7)-192.168.0.104] [                                                 ] sun.rmi.loader                           : RMI TCP Connection(7)-192.168.0.104: name = "javax.management.ObjectName", codebase = ""
2024-10-18T18:59:08.230+03:00 DEBUG [,,] 14780 --- [RMI TCP Connection(7)-192.168.0.104] [                                                 ] sun.rmi.loader                           : RMI TCP Connection(7)-192.168.0.104: name = "java.rmi.MarshalledObject", codebase = ""
2024-10-18T18:59:08.230+03:00 DEBUG [,,] 14780 --- [RMI TCP Connection(7)-192.168.0.104] [                                                 ] sun.rmi.loader                           : RMI TCP Connection(7)-192.168.0.104: name = "[B", codebase = ""
2024-10-18T18:59:08.230+03:00 DEBUG [,,] 14780 --- [RMI TCP Connection(7)-192.168.0.104] [                                                 ] sun.rmi.loader                           : RMI TCP Connection(7)-192.168.0.104: name = "[Ljava.lang.String;", codebase = ""
2024-10-18T18:59:08.230+03:00 DEBUG [,,] 14780 --- [RMI TCP Connection(6)-192.168.0.104] [                                                 ] sun.rmi.transport.tcp                    : RMI TCP Connection(6)-192.168.0.104: (port 53343) op = 80
2024-10-18T18:59:08.230+03:00 DEBUG [,,] 14780 --- [RMI TCP Connection(6)-192.168.0.104] [                                                 ] sun.rmi.loader                           : RMI TCP Connection(6)-192.168.0.104: name = "javax.management.ObjectName", codebase = ""
2024-10-18T18:59:08.230+03:00 DEBUG [,,] 14780 --- [RMI TCP Connection(7)-192.168.0.104] [                                                 ] javax.management.remote.rmi              : connectionId=rmi://192.168.0.104  13 unwrapping params with MBean extended ClassLoader.
2024-10-18T18:59:08.230+03:00 DEBUG [,,] 14780 --- [RMI TCP Connection(6)-192.168.0.104] [                                                 ] sun.rmi.loader                           : RMI TCP Connection(6)-192.168.0.104: name = "java.rmi.MarshalledObject", codebase = ""
2024-10-18T18:59:08.230+03:00 DEBUG [,,] 14780 --- [RMI TCP Connection(7)-192.168.0.104] [                                                 ] sun.rmi.loader                           : RMI TCP Connection(7)-192.168.0.104: name = "[Ljava.lang.String;", codebase = "", defaultLoader = jdk.internal.loader.ClassLoaders$PlatformClassLoader@67a5978a
2024-10-18T18:59:08.230+03:00 DEBUG [,,] 14780 --- [RMI TCP Connection(6)-192.168.0.104] [                                                 ] sun.rmi.loader                           : RMI TCP Connection(6)-192.168.0.104: name = "[B", codebase = ""
2024-10-18T18:59:08.230+03:00 DEBUG [,,] 14780 --- [RMI TCP Connection(7)-192.168.0.104] [                                                 ] javax.management.remote.rmi              : connectionId=rmi://192.168.0.104  13, name=org.springframework.boot:type=Admin,name=SpringApplication, operationName=getProperty, signature=[java.lang.String]
2024-10-18T18:59:08.230+03:00 DEBUG [,,] 14780 --- [RMI TCP Connection(6)-192.168.0.104] [                                                 ] sun.rmi.loader                           : RMI TCP Connection(6)-192.168.0.104: name = "[Ljava.lang.String;", codebase = ""
2024-10-18T18:59:08.230+03:00 DEBUG [,,] 14780 --- [RMI TCP Connection(6)-192.168.0.104] [                                                 ] javax.management.remote.rmi              : connectionId=rmi://192.168.0.104  12 unwrapping params with MBean extended ClassLoader.
2024-10-18T18:59:08.230+03:00 DEBUG [,,] 14780 --- [RMI TCP Connection(6)-192.168.0.104] [                                                 ] sun.rmi.loader                           : RMI TCP Connection(6)-192.168.0.104: name = "[Ljava.lang.String;", codebase = "", defaultLoader = jdk.internal.loader.ClassLoaders$PlatformClassLoader@67a5978a
2024-10-18T18:59:08.230+03:00 DEBUG [,,] 14780 --- [RMI TCP Connection(6)-192.168.0.104] [                                                 ] javax.management.remote.rmi              : connectionId=rmi://192.168.0.104  12, name=org.springframework.boot:type=Admin,name=SpringApplication, operationName=getProperty, signature=[java.lang.String]
2024-10-18T18:59:08.231+03:00 DEBUG [,,] 14780 --- [RMI TCP Connection(7)-192.168.0.104] [                                                 ] sun.rmi.transport.tcp                    : RMI TCP Connection(7)-192.168.0.104: (port 53343) op = 80
2024-10-18T18:59:08.231+03:00 DEBUG [,,] 14780 --- [RMI TCP Connection(7)-192.168.0.104] [                                                 ] sun.rmi.loader                           : RMI TCP Connection(7)-192.168.0.104: name = "javax.management.ObjectName", codebase = ""
2024-10-18T18:59:08.231+03:00 DEBUG [,,] 14780 --- [RMI TCP Connection(7)-192.168.0.104] [                                                 ] sun.rmi.loader                           : RMI TCP Connection(7)-192.168.0.104: name = "java.rmi.MarshalledObject", codebase = ""
2024-10-18T18:59:08.231+03:00 DEBUG [,,] 14780 --- [RMI TCP Connection(6)-192.168.0.104] [                                                 ] sun.rmi.transport.tcp                    : RMI TCP Connection(6)-192.168.0.104: (port 53343) op = 80
2024-10-18T18:59:08.231+03:00 DEBUG [,,] 14780 --- [RMI TCP Connection(7)-192.168.0.104] [                                                 ] sun.rmi.loader                           : RMI TCP Connection(7)-192.168.0.104: name = "[B", codebase = ""
2024-10-18T18:59:08.231+03:00 DEBUG [,,] 14780 --- [RMI TCP Connection(6)-192.168.0.104] [                                                 ] sun.rmi.loader                           : RMI TCP Connection(6)-192.168.0.104: name = "javax.management.ObjectName", codebase = ""
2024-10-18T18:59:08.231+03:00 DEBUG [,,] 14780 --- [RMI TCP Connection(7)-192.168.0.104] [                                                 ] sun.rmi.loader                           : RMI TCP Connection(7)-192.168.0.104: name = "[Ljava.lang.String;", codebase = ""
2024-10-18T18:59:08.231+03:00 DEBUG [,,] 14780 --- [RMI TCP Connection(7)-192.168.0.104] [                                                 ] javax.management.remote.rmi              : connectionId=rmi://192.168.0.104  13 unwrapping params with MBean extended ClassLoader.
2024-10-18T18:59:08.231+03:00 DEBUG [,,] 14780 --- [RMI TCP Connection(6)-192.168.0.104] [                                                 ] sun.rmi.loader                           : RMI TCP Connection(6)-192.168.0.104: name = "java.rmi.MarshalledObject", codebase = ""
2024-10-18T18:59:08.231+03:00 DEBUG [,,] 14780 --- [RMI TCP Connection(6)-192.168.0.104] [                                                 ] sun.rmi.loader                           : RMI TCP Connection(6)-192.168.0.104: name = "[B", codebase = ""
2024-10-18T18:59:08.231+03:00 DEBUG [,,] 14780 --- [RMI TCP Connection(7)-192.168.0.104] [                                                 ] sun.rmi.loader                           : RMI TCP Connection(7)-192.168.0.104: name = "[Ljava.lang.String;", codebase = "", defaultLoader = jdk.internal.loader.ClassLoaders$PlatformClassLoader@67a5978a
2024-10-18T18:59:08.231+03:00 DEBUG [,,] 14780 --- [RMI TCP Connection(6)-192.168.0.104] [                                                 ] sun.rmi.loader                           : RMI TCP Connection(6)-192.168.0.104: name = "[Ljava.lang.String;", codebase = ""
2024-10-18T18:59:08.231+03:00 DEBUG [,,] 14780 --- [RMI TCP Connection(7)-192.168.0.104] [                                                 ] javax.management.remote.rmi              : connectionId=rmi://192.168.0.104  13, name=org.springframework.boot:type=Admin,name=SpringApplication, operationName=getProperty, signature=[java.lang.String]
2024-10-18T18:59:08.231+03:00 DEBUG [,,] 14780 --- [RMI TCP Connection(6)-192.168.0.104] [                                                 ] javax.management.remote.rmi              : connectionId=rmi://192.168.0.104  12 unwrapping params with MBean extended ClassLoader.
2024-10-18T18:59:08.231+03:00 DEBUG [,,] 14780 --- [RMI TCP Connection(6)-192.168.0.104] [                                                 ] sun.rmi.loader                           : RMI TCP Connection(6)-192.168.0.104: name = "[Ljava.lang.String;", codebase = "", defaultLoader = jdk.internal.loader.ClassLoaders$PlatformClassLoader@67a5978a
2024-10-18T18:59:08.231+03:00 DEBUG [,,] 14780 --- [RMI TCP Connection(6)-192.168.0.104] [                                                 ] javax.management.remote.rmi              : connectionId=rmi://192.168.0.104  12, name=org.springframework.boot:type=Admin,name=SpringApplication, operationName=getProperty, signature=[java.lang.String]
2024-10-18T18:59:08.232+03:00 DEBUG [,,] 14780 --- [RMI TCP Connection(7)-192.168.0.104] [                                                 ] sun.rmi.transport.tcp                    : RMI TCP Connection(7)-192.168.0.104: (port 53343) op = 80
2024-10-18T18:59:08.232+03:00 DEBUG [,,] 14780 --- [RMI TCP Connection(6)-192.168.0.104] [                                                 ] sun.rmi.transport.tcp                    : RMI TCP Connection(6)-192.168.0.104: (port 53343) op = 80
2024-10-18T18:59:08.232+03:00 DEBUG [,,] 14780 --- [RMI TCP Connection(7)-192.168.0.104] [                                                 ] sun.rmi.loader                           : RMI TCP Connection(7)-192.168.0.104: name = "javax.management.ObjectName", codebase = ""
2024-10-18T18:59:08.232+03:00 DEBUG [,,] 14780 --- [RMI TCP Connection(6)-192.168.0.104] [                                                 ] sun.rmi.loader                           : RMI TCP Connection(6)-192.168.0.104: name = "javax.management.ObjectName", codebase = ""
2024-10-18T18:59:08.232+03:00 DEBUG [,,] 14780 --- [RMI TCP Connection(7)-192.168.0.104] [                                                 ] sun.rmi.loader                           : RMI TCP Connection(7)-192.168.0.104: name = "java.rmi.MarshalledObject", codebase = ""
2024-10-18T18:59:08.232+03:00 DEBUG [,,] 14780 --- [RMI TCP Connection(7)-192.168.0.104] [                                                 ] sun.rmi.loader                           : RMI TCP Connection(7)-192.168.0.104: name = "[B", codebase = ""
2024-10-18T18:59:08.232+03:00 DEBUG [,,] 14780 --- [RMI TCP Connection(6)-192.168.0.104] [                                                 ] sun.rmi.loader                           : RMI TCP Connection(6)-192.168.0.104: name = "java.rmi.MarshalledObject", codebase = ""
2024-10-18T18:59:08.232+03:00 DEBUG [,,] 14780 --- [RMI TCP Connection(7)-192.168.0.104] [                                                 ] sun.rmi.loader                           : RMI TCP Connection(7)-192.168.0.104: name = "[Ljava.lang.String;", codebase = ""
2024-10-18T18:59:08.232+03:00 DEBUG [,,] 14780 --- [RMI TCP Connection(6)-192.168.0.104] [                                                 ] sun.rmi.loader                           : RMI TCP Connection(6)-192.168.0.104: name = "[B", codebase = ""
2024-10-18T18:59:08.232+03:00 DEBUG [,,] 14780 --- [RMI TCP Connection(7)-192.168.0.104] [                                                 ] javax.management.remote.rmi              : connectionId=rmi://192.168.0.104  13 unwrapping params with MBean extended ClassLoader.
2024-10-18T18:59:08.232+03:00 DEBUG [,,] 14780 --- [RMI TCP Connection(6)-192.168.0.104] [                                                 ] sun.rmi.loader                           : RMI TCP Connection(6)-192.168.0.104: name = "[Ljava.lang.String;", codebase = ""
2024-10-18T18:59:08.232+03:00 DEBUG [,,] 14780 --- [RMI TCP Connection(6)-192.168.0.104] [                                                 ] javax.management.remote.rmi              : connectionId=rmi://192.168.0.104  12 unwrapping params with MBean extended ClassLoader.
2024-10-18T18:59:08.232+03:00 DEBUG [,,] 14780 --- [RMI TCP Connection(6)-192.168.0.104] [                                                 ] sun.rmi.loader                           : RMI TCP Connection(6)-192.168.0.104: name = "[Ljava.lang.String;", codebase = "", defaultLoader = jdk.internal.loader.ClassLoaders$PlatformClassLoader@67a5978a
2024-10-18T18:59:08.232+03:00 DEBUG [,,] 14780 --- [RMI TCP Connection(7)-192.168.0.104] [                                                 ] sun.rmi.loader                           : RMI TCP Connection(7)-192.168.0.104: name = "[Ljava.lang.String;", codebase = "", defaultLoader = jdk.internal.loader.ClassLoaders$PlatformClassLoader@67a5978a
2024-10-18T18:59:08.232+03:00 DEBUG [,,] 14780 --- [RMI TCP Connection(6)-192.168.0.104] [                                                 ] javax.management.remote.rmi              : connectionId=rmi://192.168.0.104  12, name=org.springframework.boot:type=Admin,name=SpringApplication, operationName=getProperty, signature=[java.lang.String]
2024-10-18T18:59:08.232+03:00 DEBUG [,,] 14780 --- [RMI TCP Connection(7)-192.168.0.104] [                                                 ] javax.management.remote.rmi              : connectionId=rmi://192.168.0.104  13, name=org.springframework.boot:type=Admin,name=SpringApplication, operationName=getProperty, signature=[java.lang.String]
2024-10-18T18:59:08.232+03:00 DEBUG [,,] 14780 --- [RMI TCP Connection(7)-192.168.0.104] [                                                 ] sun.rmi.transport.tcp                    : RMI TCP Connection(7)-192.168.0.104: (port 53343) op = 80
2024-10-18T18:59:08.232+03:00 DEBUG [,,] 14780 --- [RMI TCP Connection(6)-192.168.0.104] [                                                 ] sun.rmi.transport.tcp                    : RMI TCP Connection(6)-192.168.0.104: (port 53343) op = 80
2024-10-18T18:59:08.232+03:00 DEBUG [,,] 14780 --- [RMI TCP Connection(7)-192.168.0.104] [                                                 ] sun.rmi.loader                           : RMI TCP Connection(7)-192.168.0.104: name = "javax.management.ObjectName", codebase = ""
2024-10-18T18:59:08.232+03:00 DEBUG [,,] 14780 --- [RMI TCP Connection(6)-192.168.0.104] [                                                 ] sun.rmi.loader                           : RMI TCP Connection(6)-192.168.0.104: name = "javax.management.ObjectName", codebase = ""
2024-10-18T18:59:08.232+03:00 DEBUG [,,] 14780 --- [RMI TCP Connection(7)-192.168.0.104] [                                                 ] sun.rmi.loader                           : RMI TCP Connection(7)-192.168.0.104: name = "java.rmi.MarshalledObject", codebase = ""
2024-10-18T18:59:08.232+03:00 DEBUG [,,] 14780 --- [RMI TCP Connection(6)-192.168.0.104] [                                                 ] sun.rmi.loader                           : RMI TCP Connection(6)-192.168.0.104: name = "java.rmi.MarshalledObject", codebase = ""
2024-10-18T18:59:08.232+03:00 DEBUG [,,] 14780 --- [RMI TCP Connection(7)-192.168.0.104] [                                                 ] sun.rmi.loader                           : RMI TCP Connection(7)-192.168.0.104: name = "[B", codebase = ""
2024-10-18T18:59:08.232+03:00 DEBUG [,,] 14780 --- [RMI TCP Connection(6)-192.168.0.104] [                                                 ] sun.rmi.loader                           : RMI TCP Connection(6)-192.168.0.104: name = "[B", codebase = ""
2024-10-18T18:59:08.233+03:00 DEBUG [,,] 14780 --- [RMI TCP Connection(7)-192.168.0.104] [                                                 ] sun.rmi.loader                           : RMI TCP Connection(7)-192.168.0.104: name = "[Ljava.lang.String;", codebase = ""
2024-10-18T18:59:08.233+03:00 DEBUG [,,] 14780 --- [RMI TCP Connection(6)-192.168.0.104] [                                                 ] sun.rmi.loader                           : RMI TCP Connection(6)-192.168.0.104: name = "[Ljava.lang.String;", codebase = ""
2024-10-18T18:59:08.233+03:00 DEBUG [,,] 14780 --- [RMI TCP Connection(6)-192.168.0.104] [                                                 ] javax.management.remote.rmi              : connectionId=rmi://192.168.0.104  12 unwrapping params with MBean extended ClassLoader.
2024-10-18T18:59:08.233+03:00 DEBUG [,,] 14780 --- [RMI TCP Connection(7)-192.168.0.104] [                                                 ] javax.management.remote.rmi              : connectionId=rmi://192.168.0.104  13 unwrapping params with MBean extended ClassLoader.
2024-10-18T18:59:08.233+03:00 DEBUG [,,] 14780 --- [RMI TCP Connection(6)-192.168.0.104] [                                                 ] sun.rmi.loader                           : RMI TCP Connection(6)-192.168.0.104: name = "[Ljava.lang.String;", codebase = "", defaultLoader = jdk.internal.loader.ClassLoaders$PlatformClassLoader@67a5978a
2024-10-18T18:59:08.233+03:00 DEBUG [,,] 14780 --- [RMI TCP Connection(6)-192.168.0.104] [                                                 ] javax.management.remote.rmi              : connectionId=rmi://192.168.0.104  12, name=org.springframework.boot:type=Admin,name=SpringApplication, operationName=getProperty, signature=[java.lang.String]
2024-10-18T18:59:08.233+03:00 DEBUG [,,] 14780 --- [RMI TCP Connection(7)-192.168.0.104] [                                                 ] sun.rmi.loader                           : RMI TCP Connection(7)-192.168.0.104: name = "[Ljava.lang.String;", codebase = "", defaultLoader = jdk.internal.loader.ClassLoaders$PlatformClassLoader@67a5978a
2024-10-18T18:59:08.233+03:00 DEBUG [,,] 14780 --- [RMI TCP Connection(7)-192.168.0.104] [                                                 ] javax.management.remote.rmi              : connectionId=rmi://192.168.0.104  13, name=org.springframework.boot:type=Admin,name=SpringApplication, operationName=getProperty, signature=[java.lang.String]
2024-10-18T18:59:08.233+03:00 DEBUG [,,] 14780 --- [RMI TCP Connection(6)-192.168.0.104] [                                                 ] sun.rmi.transport.tcp                    : RMI TCP Connection(6)-192.168.0.104: (port 53343) op = 80
2024-10-18T18:59:08.233+03:00 DEBUG [,,] 14780 --- [RMI TCP Connection(6)-192.168.0.104] [                                                 ] javax.management.remote.rmi              : [javax.management.remote.rmi.RMIConnectionImpl@2dc52653: connectionId=rmi://192.168.0.104  12] closing.
2024-10-18T18:59:08.233+03:00 DEBUG [,,] 14780 --- [RMI TCP Connection(6)-192.168.0.104] [                                                 ] javax.management.remote.rmi              : [javax.management.remote.rmi.RMIConnectionImpl@2dc52653: connectionId=rmi://192.168.0.104  12] closed.
2024-10-18T18:59:08.233+03:00 DEBUG [,,] 14780 --- [RMI TCP Connection(7)-192.168.0.104] [                                                 ] sun.rmi.transport.tcp                    : RMI TCP Connection(7)-192.168.0.104: (port 53343) op = 80
2024-10-18T18:59:08.233+03:00 DEBUG [,,] 14780 --- [RMI TCP Connection(7)-192.168.0.104] [                                                 ] sun.rmi.loader                           : RMI TCP Connection(7)-192.168.0.104: name = "javax.management.ObjectName", codebase = ""
2024-10-18T18:59:08.233+03:00 DEBUG [,,] 14780 --- [RMI TCP Connection(7)-192.168.0.104] [                                                 ] sun.rmi.loader                           : RMI TCP Connection(7)-192.168.0.104: name = "java.rmi.MarshalledObject", codebase = ""
2024-10-18T18:59:08.233+03:00 DEBUG [,,] 14780 --- [RMI TCP Connection(7)-192.168.0.104] [                                                 ] sun.rmi.loader                           : RMI TCP Connection(7)-192.168.0.104: name = "[B", codebase = ""
2024-10-18T18:59:08.233+03:00 DEBUG [,,] 14780 --- [RMI TCP Connection(7)-192.168.0.104] [                                                 ] sun.rmi.loader                           : RMI TCP Connection(7)-192.168.0.104: name = "[Ljava.lang.String;", codebase = ""
2024-10-18T18:59:08.233+03:00 DEBUG [,,] 14780 --- [RMI TCP Connection(7)-192.168.0.104] [                                                 ] javax.management.remote.rmi              : connectionId=rmi://192.168.0.104  13 unwrapping params with MBean extended ClassLoader.
2024-10-18T18:59:08.233+03:00 DEBUG [,,] 14780 --- [RMI TCP Connection(6)-192.168.0.104] [                                                 ] sun.rmi.transport.tcp                    : RMI TCP Connection(6)-192.168.0.104: (port 53343) op = 80
2024-10-18T18:59:08.234+03:00 DEBUG [,,] 14780 --- [RMI TCP Connection(7)-192.168.0.104] [                                                 ] sun.rmi.loader                           : RMI TCP Connection(7)-192.168.0.104: name = "[Ljava.lang.String;", codebase = "", defaultLoader = jdk.internal.loader.ClassLoaders$PlatformClassLoader@67a5978a
2024-10-18T18:59:08.234+03:00 DEBUG [,,] 14780 --- [RMI TCP Connection(7)-192.168.0.104] [                                                 ] javax.management.remote.rmi              : connectionId=rmi://192.168.0.104  13, name=org.springframework.boot:type=Admin,name=SpringApplication, operationName=getProperty, signature=[java.lang.String]
2024-10-18T18:59:08.234+03:00 DEBUG [,,] 14780 --- [RMI TCP Connection(7)-192.168.0.104] [                                                 ] sun.rmi.transport.tcp                    : RMI TCP Connection(7)-192.168.0.104: (port 53343) op = 80
2024-10-18T18:59:08.234+03:00 DEBUG [,,] 14780 --- [RMI TCP Connection(7)-192.168.0.104] [                                                 ] javax.management.remote.rmi              : [javax.management.remote.rmi.RMIConnectionImpl@1afb628c: connectionId=rmi://192.168.0.104  13] closing.
2024-10-18T18:59:08.234+03:00 DEBUG [,,] 14780 --- [RMI TCP Connection(7)-192.168.0.104] [                                                 ] javax.management.remote.rmi              : [javax.management.remote.rmi.RMIConnectionImpl@1afb628c: connectionId=rmi://192.168.0.104  13] closed.
2024-10-18T18:59:08.234+03:00 DEBUG [,,] 14780 --- [RMI TCP Connection(6)-192.168.0.104] [                                                 ] sun.rmi.transport.tcp                    : RMI TCP Connection(6)-192.168.0.104: (port 53343) op = 80
2024-10-18T18:59:08.234+03:00 DEBUG [,,] 14780 --- [RMI TCP Connection(6)-192.168.0.104] [                                                 ] sun.rmi.loader                           : RMI TCP Connection(6)-192.168.0.104: name = "[Ljava.rmi.server.ObjID;", codebase = "", defaultLoader = jdk.internal.loader.ClassLoaders$PlatformClassLoader@67a5978a
2024-10-18T18:59:08.234+03:00 DEBUG [,,] 14780 --- [RMI TCP Connection(6)-192.168.0.104] [                                                 ] sun.rmi.loader                           : RMI TCP Connection(6)-192.168.0.104: name = "java.rmi.server.ObjID", codebase = "", defaultLoader = jdk.internal.loader.ClassLoaders$PlatformClassLoader@67a5978a
2024-10-18T18:59:08.234+03:00 DEBUG [,,] 14780 --- [RMI TCP Connection(6)-192.168.0.104] [                                                 ] sun.rmi.loader                           : RMI TCP Connection(6)-192.168.0.104: name = "java.rmi.server.UID", codebase = "", defaultLoader = jdk.internal.loader.ClassLoaders$PlatformClassLoader@67a5978a
2024-10-18T18:59:08.234+03:00 DEBUG [,,] 14780 --- [RMI TCP Connection(6)-192.168.0.104] [                                                 ] sun.rmi.loader                           : RMI TCP Connection(6)-192.168.0.104: name = "java.rmi.dgc.Lease", codebase = "", defaultLoader = jdk.internal.loader.ClassLoaders$PlatformClassLoader@67a5978a
2024-10-18T18:59:08.234+03:00 DEBUG [,,] 14780 --- [RMI TCP Connection(6)-192.168.0.104] [                                                 ] sun.rmi.loader                           : RMI TCP Connection(6)-192.168.0.104: name = "java.rmi.dgc.VMID", codebase = "", defaultLoader = jdk.internal.loader.ClassLoaders$PlatformClassLoader@67a5978a
2024-10-18T18:59:08.234+03:00 DEBUG [,,] 14780 --- [RMI TCP Connection(6)-192.168.0.104] [                                                 ] sun.rmi.loader                           : RMI TCP Connection(6)-192.168.0.104: name = "[B", codebase = "", defaultLoader = jdk.internal.loader.ClassLoaders$PlatformClassLoader@67a5978a
2024-10-18T18:59:08.234+03:00 DEBUG [,,] 14780 --- [RMI TCP Connection(7)-192.168.0.104] [                                                 ] sun.rmi.transport.tcp                    : RMI TCP Connection(7)-192.168.0.104: (port 53343) op = 80
2024-10-18T18:59:08.235+03:00 DEBUG [,,] 14780 --- [RMI TCP Connection(6)-192.168.0.104] [                                                 ] sun.rmi.transport.tcp                    : RMI TCP Connection(6)-192.168.0.104: (port 53343) op = 84
2024-10-18T18:59:08.235+03:00 DEBUG [,,] 14780 --- [RMI TCP Connection(6)-192.168.0.104] [                                                 ] sun.rmi.transport.tcp                    : RMI TCP Connection(6)-192.168.0.104: (port 53343) op = 80
2024-10-18T18:59:08.235+03:00 DEBUG [,,] 14780 --- [RMI TCP Connection(7)-192.168.0.104] [                                                 ] sun.rmi.transport.tcp                    : RMI TCP Connection(7)-192.168.0.104: (port 53343) op = 80
2024-10-18T18:59:08.235+03:00 DEBUG [,,] 14780 --- [RMI TCP Connection(6)-192.168.0.104] [                                                 ] sun.rmi.transport.tcp                    : RMI TCP Connection(6)-192.168.0.104: (port 53343) op = 80
2024-10-18T18:59:08.235+03:00 DEBUG [,,] 14780 --- [RMI TCP Connection(7)-192.168.0.104] [                                                 ] sun.rmi.loader                           : RMI TCP Connection(7)-192.168.0.104: name = "javax.management.ObjectName", codebase = ""
2024-10-18T18:59:08.235+03:00 DEBUG [,,] 14780 --- [RMI TCP Connection(6)-192.168.0.104] [                                                 ] sun.rmi.loader                           : RMI TCP Connection(6)-192.168.0.104: name = "[Ljava.rmi.server.ObjID;", codebase = "", defaultLoader = jdk.internal.loader.ClassLoaders$PlatformClassLoader@67a5978a
2024-10-18T18:59:08.235+03:00 DEBUG [,,] 14780 --- [RMI TCP Connection(7)-192.168.0.104] [                                                 ] sun.rmi.loader                           : RMI TCP Connection(7)-192.168.0.104: name = "java.rmi.MarshalledObject", codebase = ""
2024-10-18T18:59:08.235+03:00 DEBUG [,,] 14780 --- [RMI TCP Connection(6)-192.168.0.104] [                                                 ] sun.rmi.loader                           : RMI TCP Connection(6)-192.168.0.104: name = "java.rmi.server.ObjID", codebase = "", defaultLoader = jdk.internal.loader.ClassLoaders$PlatformClassLoader@67a5978a
2024-10-18T18:59:08.235+03:00 DEBUG [,,] 14780 --- [RMI TCP Connection(7)-192.168.0.104] [                                                 ] javax.management.remote.rmi              : connectionId=rmi://192.168.0.104  14 unwrapping query with defaultClassLoader.
2024-10-18T18:59:08.235+03:00 DEBUG [,,] 14780 --- [RMI TCP Connection(7)-192.168.0.104] [                                                 ] javax.management.remote.rmi              : connectionId=rmi://192.168.0.104  14, name=org.springframework.boot:type=Endpoint,name=Health,*, query=java.rmi.MarshalledObject@d
2024-10-18T18:59:08.235+03:00 DEBUG [,,] 14780 --- [RMI TCP Connection(6)-192.168.0.104] [                                                 ] sun.rmi.loader                           : RMI TCP Connection(6)-192.168.0.104: name = "java.rmi.server.UID", codebase = "", defaultLoader = jdk.internal.loader.ClassLoaders$PlatformClassLoader@67a5978a
2024-10-18T18:59:08.235+03:00 DEBUG [,,] 14780 --- [RMI TCP Connection(6)-192.168.0.104] [                                                 ] sun.rmi.loader                           : RMI TCP Connection(6)-192.168.0.104: name = "java.rmi.dgc.Lease", codebase = "", defaultLoader = jdk.internal.loader.ClassLoaders$PlatformClassLoader@67a5978a
2024-10-18T18:59:08.235+03:00 DEBUG [,,] 14780 --- [RMI TCP Connection(6)-192.168.0.104] [                                                 ] sun.rmi.loader                           : RMI TCP Connection(6)-192.168.0.104: name = "java.rmi.dgc.VMID", codebase = "", defaultLoader = jdk.internal.loader.ClassLoaders$PlatformClassLoader@67a5978a
2024-10-18T18:59:08.235+03:00 DEBUG [,,] 14780 --- [RMI TCP Connection(6)-192.168.0.104] [                                                 ] sun.rmi.loader                           : RMI TCP Connection(6)-192.168.0.104: name = "[B", codebase = "", defaultLoader = jdk.internal.loader.ClassLoaders$PlatformClassLoader@67a5978a
2024-10-18T18:59:08.235+03:00 DEBUG [,,] 14780 --- [RMI TCP Connection(7)-192.168.0.104] [                                                 ] sun.rmi.transport.tcp                    : RMI TCP Connection(7)-192.168.0.104: (port 53343) op = 80
2024-10-18T18:59:08.236+03:00 DEBUG [,,] 14780 --- [RMI TCP Connection(7)-192.168.0.104] [                                                 ] sun.rmi.loader                           : RMI TCP Connection(7)-192.168.0.104: name = "javax.management.ObjectName", codebase = ""
2024-10-18T18:59:08.236+03:00 DEBUG [,,] 14780 --- [RMI TCP Connection(6)-192.168.0.104] [                                                 ] sun.rmi.transport.tcp                    : RMI TCP Connection(6)-192.168.0.104: (port 53343) op = 84
2024-10-18T18:59:08.236+03:00 DEBUG [,,] 14780 --- [RMI TCP Connection(7)-192.168.0.104] [                                                 ] sun.rmi.loader                           : RMI TCP Connection(7)-192.168.0.104: name = "java.rmi.MarshalledObject", codebase = ""
2024-10-18T18:59:08.236+03:00 DEBUG [,,] 14780 --- [RMI TCP Connection(7)-192.168.0.104] [                                                 ] sun.rmi.loader                           : RMI TCP Connection(7)-192.168.0.104: name = "[B", codebase = ""
2024-10-18T18:59:08.236+03:00 DEBUG [,,] 14780 --- [RMI TCP Connection(7)-192.168.0.104] [                                                 ] sun.rmi.loader                           : RMI TCP Connection(7)-192.168.0.104: name = "[Ljava.lang.String;", codebase = ""
2024-10-18T18:59:08.236+03:00 DEBUG [,,] 14780 --- [RMI TCP Connection(6)-192.168.0.104] [                                                 ] sun.rmi.transport.tcp                    : RMI TCP Connection(6)-192.168.0.104: (port 53343) op = 80
2024-10-18T18:59:08.236+03:00 DEBUG [,,] 14780 --- [RMI TCP Connection(7)-192.168.0.104] [                                                 ] javax.management.remote.rmi              : connectionId=rmi://192.168.0.104  14 unwrapping params with MBean extended ClassLoader.
2024-10-18T18:59:08.236+03:00 DEBUG [,,] 14780 --- [RMI TCP Connection(7)-192.168.0.104] [                                                 ] sun.rmi.loader                           : RMI TCP Connection(7)-192.168.0.104: name = "[Ljava.lang.String;", codebase = "", defaultLoader = jdk.internal.loader.ClassLoaders$PlatformClassLoader@67a5978a
2024-10-18T18:59:08.236+03:00 DEBUG [,,] 14780 --- [RMI TCP Connection(7)-192.168.0.104] [                                                 ] javax.management.remote.rmi              : connectionId=rmi://192.168.0.104  14, name=org.springframework.boot:type=Endpoint,name=Health, operationName=health, signature=[]
2024-10-18T18:59:08.236+03:00 DEBUG [,,] 14780 --- [RMI TCP Connection(6)-192.168.0.104] [                                                 ] sun.rmi.transport.tcp                    : RMI TCP Connection(6)-192.168.0.104: (port 53343) op = 80
2024-10-18T18:59:08.236+03:00 DEBUG [,,] 14780 --- [RMI TCP Connection(6)-192.168.0.104] [                                                 ] sun.rmi.loader                           : RMI TCP Connection(6)-192.168.0.104: name = "javax.management.ObjectName", codebase = ""
2024-10-18T18:59:08.236+03:00 DEBUG [,,] 14780 --- [RMI TCP Connection(6)-192.168.0.104] [                                                 ] sun.rmi.loader                           : RMI TCP Connection(6)-192.168.0.104: name = "java.rmi.MarshalledObject", codebase = ""
2024-10-18T18:59:08.240+03:00 DEBUG [,,] 14780 --- [RMI TCP Connection(6)-192.168.0.104] [                                                 ] javax.management.remote.rmi              : connectionId=rmi://192.168.0.104  15 unwrapping query with defaultClassLoader.
2024-10-18T18:59:08.241+03:00 DEBUG [,,] 14780 --- [RMI TCP Connection(6)-192.168.0.104] [                                                 ] javax.management.remote.rmi              : connectionId=rmi://192.168.0.104  15, name=org.springframework.boot:type=Endpoint,name=Mappings,*, query=java.rmi.MarshalledObject@d
2024-10-18T18:59:08.241+03:00 DEBUG [,,] 14780 --- [RMI TCP Connection(6)-192.168.0.104] [                                                 ] sun.rmi.transport.tcp                    : RMI TCP Connection(6)-192.168.0.104: (port 53343) op = 80
2024-10-18T18:59:08.241+03:00 DEBUG [,,] 14780 --- [RMI TCP Connection(6)-192.168.0.104] [                                                 ] sun.rmi.loader                           : RMI TCP Connection(6)-192.168.0.104: name = "javax.management.ObjectName", codebase = ""
2024-10-18T18:59:08.241+03:00 DEBUG [,,] 14780 --- [RMI TCP Connection(6)-192.168.0.104] [                                                 ] sun.rmi.loader                           : RMI TCP Connection(6)-192.168.0.104: name = "java.rmi.MarshalledObject", codebase = ""
2024-10-18T18:59:08.242+03:00 DEBUG [,,] 14780 --- [RMI TCP Connection(6)-192.168.0.104] [                                                 ] sun.rmi.loader                           : RMI TCP Connection(6)-192.168.0.104: name = "[B", codebase = ""
2024-10-18T18:59:08.242+03:00 DEBUG [,,] 14780 --- [RMI TCP Connection(6)-192.168.0.104] [                                                 ] sun.rmi.loader                           : RMI TCP Connection(6)-192.168.0.104: name = "[Ljava.lang.String;", codebase = ""
2024-10-18T18:59:08.242+03:00 DEBUG [,,] 14780 --- [RMI TCP Connection(6)-192.168.0.104] [                                                 ] javax.management.remote.rmi              : connectionId=rmi://192.168.0.104  15 unwrapping params with MBean extended ClassLoader.
2024-10-18T18:59:08.242+03:00 DEBUG [,,] 14780 --- [RMI TCP Connection(6)-192.168.0.104] [                                                 ] sun.rmi.loader                           : RMI TCP Connection(6)-192.168.0.104: name = "[Ljava.lang.String;", codebase = "", defaultLoader = jdk.internal.loader.ClassLoaders$PlatformClassLoader@67a5978a
2024-10-18T18:59:08.242+03:00 DEBUG [,,] 14780 --- [RMI TCP Connection(6)-192.168.0.104] [                                                 ] javax.management.remote.rmi              : connectionId=rmi://192.168.0.104  15, name=org.springframework.boot:type=Endpoint,name=Mappings, operationName=mappings, signature=[]
2024-10-18T18:59:08.243+03:00 DEBUG [,,] 14780 --- [RMI TCP Connection(7)-192.168.0.104] [                                                 ] o.s.jdbc.datasource.DataSourceUtils      : Fetching JDBC Connection from DataSource
2024-10-18T18:59:08.245+03:00  INFO [,,] 14780 --- [RMI TCP Connection(6)-192.168.0.104] [                                                 ] o.a.c.c.C.[Tomcat].[localhost].[/]       : Initializing Spring DispatcherServlet 'dispatcherServlet'
2024-10-18T18:59:08.245+03:00  INFO [,,] 14780 --- [RMI TCP Connection(6)-192.168.0.104] [                                                 ] o.s.web.servlet.DispatcherServlet        : Initializing Servlet 'dispatcherServlet'
2024-10-18T18:59:08.245+03:00 DEBUG [,,] 14780 --- [RMI TCP Connection(6)-192.168.0.104] [                                                 ] o.s.web.servlet.DispatcherServlet        : Detected StandardServletMultipartResolver
2024-10-18T18:59:08.245+03:00 DEBUG [,,] 14780 --- [RMI TCP Connection(6)-192.168.0.104] [                                                 ] o.s.web.servlet.DispatcherServlet        : Detected AcceptHeaderLocaleResolver
2024-10-18T18:59:08.245+03:00 DEBUG [,,] 14780 --- [RMI TCP Connection(6)-192.168.0.104] [                                                 ] o.s.web.servlet.DispatcherServlet        : Detected FixedThemeResolver
2024-10-18T18:59:08.246+03:00 DEBUG [,,] 14780 --- [RMI TCP Connection(6)-192.168.0.104] [                                                 ] o.s.web.servlet.DispatcherServlet        : Detected org.springframework.web.servlet.view.DefaultRequestToViewNameTranslator@7e383712
2024-10-18T18:59:08.246+03:00 DEBUG [,,] 14780 --- [RMI TCP Connection(6)-192.168.0.104] [                                                 ] o.s.web.servlet.DispatcherServlet        : Detected org.springframework.web.servlet.support.SessionFlashMapManager@7048d039
2024-10-18T18:59:08.246+03:00 DEBUG [,,] 14780 --- [RMI TCP Connection(6)-192.168.0.104] [                                                 ] o.s.web.servlet.DispatcherServlet        : enableLoggingRequestDetails='false': request parameters and headers will be masked to prevent unsafe logging of potentially sensitive data
2024-10-18T18:59:08.246+03:00  INFO [,,] 14780 --- [RMI TCP Connection(6)-192.168.0.104] [                                                 ] o.s.web.servlet.DispatcherServlet        : Completed initialization in 1 ms
2024-10-18T18:59:08.247+03:00 DEBUG [,,] 14780 --- [RMI TCP Connection(7)-192.168.0.104] [                                                 ] o.s.jdbc.datasource.DataSourceUtils      : Fetching JDBC Connection from DataSource
2024-10-18T18:59:08.257+03:00 DEBUG [,,] 14780 --- [RMI TCP Connection(7)-192.168.0.104] [                                                 ] sun.rmi.transport.tcp                    : RMI TCP Connection(7)-192.168.0.104: (port 53343) op = 80
2024-10-18T18:59:08.257+03:00 DEBUG [,,] 14780 --- [RMI TCP Connection(7)-192.168.0.104] [                                                 ] javax.management.remote.rmi              : [javax.management.remote.rmi.RMIConnectionImpl@56bd9472: connectionId=rmi://192.168.0.104  14] closing.
2024-10-18T18:59:08.258+03:00 DEBUG [,,] 14780 --- [RMI TCP Connection(7)-192.168.0.104] [                                                 ] javax.management.remote.rmi              : [javax.management.remote.rmi.RMIConnectionImpl@56bd9472: connectionId=rmi://192.168.0.104  14] closed.
2024-10-18T18:59:08.261+03:00 DEBUG [,,] 14780 --- [RMI TCP Connection(6)-192.168.0.104] [                                                 ] sun.rmi.transport.tcp                    : RMI TCP Connection(6)-192.168.0.104: (port 53343) op = 80
2024-10-18T18:59:08.261+03:00 DEBUG [,,] 14780 --- [RMI TCP Connection(6)-192.168.0.104] [                                                 ] javax.management.remote.rmi              : [javax.management.remote.rmi.RMIConnectionImpl@480e42e: connectionId=rmi://192.168.0.104  15] closing.
2024-10-18T18:59:08.261+03:00 DEBUG [,,] 14780 --- [RMI TCP Connection(6)-192.168.0.104] [                                                 ] javax.management.remote.rmi              : [javax.management.remote.rmi.RMIConnectionImpl@480e42e: connectionId=rmi://192.168.0.104  15] closed.
2024-10-18T18:59:08.599+03:00 DEBUG [,,] 14780 --- [RMI TCP Connection(7)-192.168.0.104] [                                                 ] sun.rmi.transport.tcp                    : RMI TCP Connection(7)-192.168.0.104: (port 53343) connection closed
2024-10-18T18:59:08.599+03:00 DEBUG [,,] 14780 --- [RMI TCP Connection(5)-192.168.0.104] [                                                 ] sun.rmi.transport.tcp                    : RMI TCP Connection(5)-192.168.0.104: (port 53343) connection closed
2024-10-18T18:59:08.599+03:00 DEBUG [,,] 14780 --- [RMI TCP Connection(6)-192.168.0.104] [                                                 ] sun.rmi.transport.tcp                    : RMI TCP Connection(6)-192.168.0.104: (port 53343) connection closed
2024-10-18T18:59:08.599+03:00 DEBUG [,,] 14780 --- [RMI TCP Connection(7)-192.168.0.104] [                                                 ] sun.rmi.transport.tcp                    : RMI TCP Connection(7)-192.168.0.104: close connection, socket: Socket[addr=/192.168.0.104,port=53363,localport=53343]
2024-10-18T18:59:08.599+03:00 DEBUG [,,] 14780 --- [RMI TCP Connection(5)-192.168.0.104] [                                                 ] sun.rmi.transport.tcp                    : RMI TCP Connection(5)-192.168.0.104: close connection, socket: Socket[addr=/192.168.0.104,port=53361,localport=53343]
2024-10-18T18:59:08.600+03:00 DEBUG [,,] 14780 --- [RMI TCP Connection(6)-192.168.0.104] [                                                 ] sun.rmi.transport.tcp                    : RMI TCP Connection(6)-192.168.0.104: close connection, socket: Socket[addr=/192.168.0.104,port=53362,localport=53343]
2024-10-18T18:59:08.600+03:00 DEBUG [,,] 14780 --- [RMI TCP Connection(5)-192.168.0.104] [                                                 ] sun.rmi.transport.tcp                    : RMI TCP Connection(5)-192.168.0.104: socket close: Socket[addr=/192.168.0.104,port=53361,localport=53343]
2024-10-18T18:59:08.600+03:00 DEBUG [,,] 14780 --- [RMI TCP Connection(7)-192.168.0.104] [                                                 ] sun.rmi.transport.tcp                    : RMI TCP Connection(7)-192.168.0.104: socket close: Socket[addr=/192.168.0.104,port=53363,localport=53343]
2024-10-18T18:59:08.600+03:00 DEBUG [,,] 14780 --- [RMI TCP Connection(6)-192.168.0.104] [                                                 ] sun.rmi.transport.tcp                    : RMI TCP Connection(6)-192.168.0.104: socket close: Socket[addr=/192.168.0.104,port=53362,localport=53343]
2024-10-18T18:59:08.607+03:00 DEBUG [,,] 14780 --- [RMI TCP Connection(8)-192.168.0.104] [                                                 ] sun.rmi.transport.tcp                    : RMI TCP Connection(8)-192.168.0.104: accepted socket from [192.168.0.104:53364]
2024-10-18T18:59:08.607+03:00 DEBUG [,,] 14780 --- [RMI TCP Connection(8)-192.168.0.104] [                                                 ] sun.rmi.transport.tcp                    : RMI TCP Connection(8)-192.168.0.104: (port 53343) op = 80
2024-10-18T18:59:08.608+03:00 DEBUG [,,] 14780 --- [RMI TCP Connection(8)-192.168.0.104] [                                                 ] sun.rmi.loader                           : RMI TCP Connection(8)-192.168.0.104: name = "[Ljava.rmi.server.ObjID;", codebase = "", defaultLoader = jdk.internal.loader.ClassLoaders$PlatformClassLoader@67a5978a
2024-10-18T18:59:08.608+03:00 DEBUG [,,] 14780 --- [RMI TCP Connection(8)-192.168.0.104] [                                                 ] sun.rmi.loader                           : RMI TCP Connection(8)-192.168.0.104: name = "java.rmi.server.ObjID", codebase = "", defaultLoader = jdk.internal.loader.ClassLoaders$PlatformClassLoader@67a5978a
2024-10-18T18:59:08.608+03:00 DEBUG [,,] 14780 --- [RMI TCP Connection(8)-192.168.0.104] [                                                 ] sun.rmi.loader                           : RMI TCP Connection(8)-192.168.0.104: name = "java.rmi.server.UID", codebase = "", defaultLoader = jdk.internal.loader.ClassLoaders$PlatformClassLoader@67a5978a
2024-10-18T18:59:08.608+03:00 DEBUG [,,] 14780 --- [RMI TCP Connection(8)-192.168.0.104] [                                                 ] sun.rmi.loader                           : RMI TCP Connection(8)-192.168.0.104: name = "java.rmi.dgc.VMID", codebase = "", defaultLoader = jdk.internal.loader.ClassLoaders$PlatformClassLoader@67a5978a
2024-10-18T18:59:08.608+03:00 DEBUG [,,] 14780 --- [RMI TCP Connection(8)-192.168.0.104] [                                                 ] sun.rmi.loader                           : RMI TCP Connection(8)-192.168.0.104: name = "[B", codebase = "", defaultLoader = jdk.internal.loader.ClassLoaders$PlatformClassLoader@67a5978a
2024-10-18T18:59:15.029+03:00 DEBUG [,,] 14780 --- [http-nio-8080-exec-2] [                                                 ] o.apache.coyote.http11.Http11Processor   : Error parsing HTTP request header

java.io.EOFException: null
	at org.apache.tomcat.util.net.NioEndpoint$NioSocketWrapper.fillReadBuffer(NioEndpoint.java:1293) ~[tomcat-embed-core-10.1.30.jar:10.1.30]
	at org.apache.tomcat.util.net.NioEndpoint$NioSocketWrapper.read(NioEndpoint.java:1181) ~[tomcat-embed-core-10.1.30.jar:10.1.30]
	at org.apache.coyote.http11.Http11InputBuffer.fill(Http11InputBuffer.java:793) ~[tomcat-embed-core-10.1.30.jar:10.1.30]
	at org.apache.coyote.http11.Http11InputBuffer.parseRequestLine(Http11InputBuffer.java:348) ~[tomcat-embed-core-10.1.30.jar:10.1.30]
	at org.apache.coyote.http11.Http11Processor.service(Http11Processor.java:257) ~[tomcat-embed-core-10.1.30.jar:10.1.30]
	at org.apache.coyote.AbstractProcessorLight.process(AbstractProcessorLight.java:63) ~[tomcat-embed-core-10.1.30.jar:10.1.30]
	at org.apache.coyote.AbstractProtocol$ConnectionHandler.process(AbstractProtocol.java:905) ~[tomcat-embed-core-10.1.30.jar:10.1.30]
	at org.apache.tomcat.util.net.NioEndpoint$SocketProcessor.doRun(NioEndpoint.java:1741) ~[tomcat-embed-core-10.1.30.jar:10.1.30]
	at org.apache.tomcat.util.net.SocketProcessorBase.run(SocketProcessorBase.java:52) ~[tomcat-embed-core-10.1.30.jar:10.1.30]
	at org.apache.tomcat.util.threads.ThreadPoolExecutor.runWorker(ThreadPoolExecutor.java:1190) ~[tomcat-embed-core-10.1.30.jar:10.1.30]
	at org.apache.tomcat.util.threads.ThreadPoolExecutor$Worker.run(ThreadPoolExecutor.java:659) ~[tomcat-embed-core-10.1.30.jar:10.1.30]
	at org.apache.tomcat.util.threads.TaskThread$WrappingRunnable.run(TaskThread.java:63) ~[tomcat-embed-core-10.1.30.jar:10.1.30]
	at java.base/java.lang.Thread.run(Thread.java:833) ~[na:na]

2024-10-18T18:59:15.029+03:00 DEBUG [,,] 14780 --- [http-nio-8080-exec-2] [                                                 ] o.apache.coyote.http11.Http11Processor   : Error state [CLOSE_CONNECTION_NOW] reported while processing request

java.io.EOFException: null
	at org.apache.tomcat.util.net.NioEndpoint$NioSocketWrapper.fillReadBuffer(NioEndpoint.java:1293) ~[tomcat-embed-core-10.1.30.jar:10.1.30]
	at org.apache.tomcat.util.net.NioEndpoint$NioSocketWrapper.read(NioEndpoint.java:1181) ~[tomcat-embed-core-10.1.30.jar:10.1.30]
	at org.apache.coyote.http11.Http11InputBuffer.fill(Http11InputBuffer.java:793) ~[tomcat-embed-core-10.1.30.jar:10.1.30]
	at org.apache.coyote.http11.Http11InputBuffer.parseRequestLine(Http11InputBuffer.java:348) ~[tomcat-embed-core-10.1.30.jar:10.1.30]
	at org.apache.coyote.http11.Http11Processor.service(Http11Processor.java:257) ~[tomcat-embed-core-10.1.30.jar:10.1.30]
	at org.apache.coyote.AbstractProcessorLight.process(AbstractProcessorLight.java:63) ~[tomcat-embed-core-10.1.30.jar:10.1.30]
	at org.apache.coyote.AbstractProtocol$ConnectionHandler.process(AbstractProtocol.java:905) ~[tomcat-embed-core-10.1.30.jar:10.1.30]
	at org.apache.tomcat.util.net.NioEndpoint$SocketProcessor.doRun(NioEndpoint.java:1741) ~[tomcat-embed-core-10.1.30.jar:10.1.30]
	at org.apache.tomcat.util.net.SocketProcessorBase.run(SocketProcessorBase.java:52) ~[tomcat-embed-core-10.1.30.jar:10.1.30]
	at org.apache.tomcat.util.threads.ThreadPoolExecutor.runWorker(ThreadPoolExecutor.java:1190) ~[tomcat-embed-core-10.1.30.jar:10.1.30]
	at org.apache.tomcat.util.threads.ThreadPoolExecutor$Worker.run(ThreadPoolExecutor.java:659) ~[tomcat-embed-core-10.1.30.jar:10.1.30]
	at org.apache.tomcat.util.threads.TaskThread$WrappingRunnable.run(TaskThread.java:63) ~[tomcat-embed-core-10.1.30.jar:10.1.30]
	at java.base/java.lang.Thread.run(Thread.java:833) ~[na:na]

2024-10-18T18:59:15.043+03:00 DEBUG [,,] 14780 --- [http-nio-8080-exec-1] [                                                 ] o.a.c.a.jaspic.AuthConfigFactoryImpl     : Loading persistent provider registrations from [C:\Users\denis\AppData\Local\Temp\tomcat.8080.17503381444150384284\conf\jaspic-providers.xml]
2024-10-18T18:59:15.050+03:00 DEBUG [,,] 14780 --- [http-nio-8080-exec-1] [                                                 ] brave.Tracer                             : X-B3-TraceId was null
2024-10-18T18:59:15.051+03:00 DEBUG [,,] 14780 --- [http-nio-8080-exec-1] [                                                 ] brave.Tracer                             : X-B3-TraceId was null
2024-10-18T18:59:15.061+03:00 DEBUG [,671285d3553aefe5265592cca130d80b,265592cca130d80b] 14780 --- [http-nio-8080-exec-1] [671285d3553aefe5265592cca130d80b-265592cca130d80b] o.s.web.servlet.DispatcherServlet        : POST "/api/v1/users", parameters={}
2024-10-18T18:59:15.065+03:00 DEBUG [,671285d3553aefe5265592cca130d80b,265592cca130d80b] 14780 --- [http-nio-8080-exec-1] [671285d3553aefe5265592cca130d80b-265592cca130d80b] s.w.s.m.m.a.RequestMappingHandlerMapping : Mapped to com.example.kibana_deploy_template.user.web.UserControllerService#createUser(CreateUserRequest)
2024-10-18T18:59:15.066+03:00 DEBUG [,671285d3553aefe5265592cca130d80b,265592cca130d80b] 14780 --- [http-nio-8080-exec-1] [671285d3553aefe5265592cca130d80b-265592cca130d80b] o.j.s.OpenEntityManagerInViewInterceptor : Opening JPA EntityManager in OpenEntityManagerInViewInterceptor
2024-10-18T18:59:15.097+03:00 DEBUG [,671285d3553aefe5265592cca130d80b,265592cca130d80b] 14780 --- [http-nio-8080-exec-1] [671285d3553aefe5265592cca130d80b-265592cca130d80b] m.m.a.RequestResponseBodyMethodProcessor : Read "application/json;charset=UTF-8" to [CreateUserRequest(name=Denis Popescu, gender=male, email=denisga9@example.com, password=Parola123!)]
2024-10-18T18:59:15.103+03:00 DEBUG [,671285d3553aefe5265592cca130d80b,265592cca130d80b] 14780 --- [http-nio-8080-exec-1] [671285d3553aefe5265592cca130d80b-265592cca130d80b] o.s.orm.jpa.JpaTransactionManager        : Found thread-bound EntityManager [SessionImpl(873967268<open>)] for JPA transaction
2024-10-18T18:59:15.103+03:00 DEBUG [,671285d3553aefe5265592cca130d80b,265592cca130d80b] 14780 --- [http-nio-8080-exec-1] [671285d3553aefe5265592cca130d80b-265592cca130d80b] o.s.orm.jpa.JpaTransactionManager        : Creating new transaction with name [com.example.kibana_deploy_template.user.service.UserCommandServiceImpl.createUser]: PROPAGATION_REQUIRED,ISOLATION_DEFAULT
2024-10-18T18:59:15.104+03:00 DEBUG [,671285d3553aefe5265592cca130d80b,265592cca130d80b] 14780 --- [http-nio-8080-exec-1] [671285d3553aefe5265592cca130d80b-265592cca130d80b] o.h.e.t.internal.TransactionImpl         : On TransactionImpl creation, JpaCompliance#isJpaTransactionComplianceEnabled == false
2024-10-18T18:59:15.104+03:00 DEBUG [,671285d3553aefe5265592cca130d80b,265592cca130d80b] 14780 --- [http-nio-8080-exec-1] [671285d3553aefe5265592cca130d80b-265592cca130d80b] o.h.e.t.internal.TransactionImpl         : begin
2024-10-18T18:59:15.106+03:00 DEBUG [,671285d3553aefe5265592cca130d80b,265592cca130d80b] 14780 --- [http-nio-8080-exec-1] [671285d3553aefe5265592cca130d80b-265592cca130d80b] o.s.orm.jpa.JpaTransactionManager        : Exposing JPA transaction as JDBC [org.springframework.orm.jpa.vendor.HibernateJpaDialect$HibernateConnectionHandle@1b3082ea]
2024-10-18T18:59:15.162+03:00 DEBUG [,671285d3553aefe5265592cca130d80b,265592cca130d80b] 14780 --- [http-nio-8080-exec-1] [671285d3553aefe5265592cca130d80b-265592cca130d80b] org.hibernate.orm.sql.ast.create         : Created new SQL alias : u1_0
2024-10-18T18:59:15.162+03:00 DEBUG [,671285d3553aefe5265592cca130d80b,265592cca130d80b] 14780 --- [http-nio-8080-exec-1] [671285d3553aefe5265592cca130d80b-265592cca130d80b] org.hibernate.orm.sql.ast.create         : Registration of TableGroup [StandardTableGroup(com.example.kibana_deploy_template.user.model.User(2))] with identifierForTableGroup [com.example.kibana_deploy_template.user.model.User] for NavigablePath [com.example.kibana_deploy_template.user.model.User] 
2024-10-18T18:59:15.169+03:00 DEBUG [,671285d3553aefe5265592cca130d80b,265592cca130d80b] 14780 --- [http-nio-8080-exec-1] [671285d3553aefe5265592cca130d80b-265592cca130d80b] o.h.q.sqm.sql.BaseSqmToSqlAstConverter   : Determining mapping-model type for SqmParameter : org.hibernate.query.sqm.tree.expression.SqmJpaCriteriaParameterWrapper@4a98646d
2024-10-18T18:59:15.169+03:00 DEBUG [,671285d3553aefe5265592cca130d80b,265592cca130d80b] 14780 --- [http-nio-8080-exec-1] [671285d3553aefe5265592cca130d80b-265592cca130d80b] o.h.q.sqm.sql.BaseSqmToSqlAstConverter   : Determining mapping-model type for SqmPath : SqmBasicValuedSimplePath(com.example.kibana_deploy_template.user.model.User(2).email) 
2024-10-18T18:59:15.173+03:00 DEBUG [,671285d3553aefe5265592cca130d80b,265592cca130d80b] 14780 --- [http-nio-8080-exec-1] [671285d3553aefe5265592cca130d80b-265592cca130d80b] org.hibernate.orm.results.graph.AST      : DomainResult Graph:
 \-EntityResultImpl [com.example.kibana_deploy_template.user.model.User(2)]
 |  +-BasicFetch [com.example.kibana_deploy_template.user.model.User(2).email]
 |  +-BasicFetch [com.example.kibana_deploy_template.user.model.User(2).gender]
 |  +-BasicFetch [com.example.kibana_deploy_template.user.model.User(2).name]
 |  \-BasicFetch [com.example.kibana_deploy_template.user.model.User(2).password]

2024-10-18T18:59:15.173+03:00 DEBUG [,671285d3553aefe5265592cca130d80b,265592cca130d80b] 14780 --- [http-nio-8080-exec-1] [671285d3553aefe5265592cca130d80b-265592cca130d80b] org.hibernate.orm.sql.ast.tree           : SQL AST Tree:
    SelectStatement {
      FromClause {
        StandardTableGroup (u1 : com.example.kibana_deploy_template.user.model.User(2)) {
          primaryTableReference : users as u1_0
        }
      }
    }

2024-10-18T18:59:15.180+03:00 DEBUG [,671285d3553aefe5265592cca130d80b,265592cca130d80b] 14780 --- [http-nio-8080-exec-1] [671285d3553aefe5265592cca130d80b-265592cca130d80b] org.hibernate.orm.sql.exec               : Skipping reading Query result cache data: cache-enabled = false, cache-mode = NORMAL
2024-10-18T18:59:15.191+03:00 DEBUG [,671285d3553aefe5265592cca130d80b,265592cca130d80b] 14780 --- [http-nio-8080-exec-1] [671285d3553aefe5265592cca130d80b-265592cca130d80b] org.hibernate.orm.results                : Initializer list:
	  com.example.kibana_deploy_template.user.model.User(2) -> EntityResultInitializer(com.example.kibana_deploy_template.user.model.User(2))@1336700414 (SingleTableEntityPersister(com.example.kibana_deploy_template.user.model.User))

2024-10-18T18:59:15.194+03:00 DEBUG [,671285d3553aefe5265592cca130d80b,265592cca130d80b] 14780 --- [http-nio-8080-exec-1] [671285d3553aefe5265592cca130d80b-265592cca130d80b] org.hibernate.SQL                        : 
    select
        u1_0.id,
        u1_0.email,
        u1_0.gender,
        u1_0.name,
        u1_0.password 
    from
        users u1_0 
    where
        u1_0.email=?
2024-10-18T18:59:15.205+03:00 DEBUG [,671285d3553aefe5265592cca130d80b,265592cca130d80b] 14780 --- [http-nio-8080-exec-1] [671285d3553aefe5265592cca130d80b-265592cca130d80b] o.s.orm.jpa.JpaTransactionManager        : Found thread-bound EntityManager [SessionImpl(873967268<open>)] for JPA transaction
2024-10-18T18:59:15.205+03:00 DEBUG [,671285d3553aefe5265592cca130d80b,265592cca130d80b] 14780 --- [http-nio-8080-exec-1] [671285d3553aefe5265592cca130d80b-265592cca130d80b] o.s.orm.jpa.JpaTransactionManager        : Participating in existing transaction
2024-10-18T18:59:15.206+03:00 DEBUG [,671285d3553aefe5265592cca130d80b,265592cca130d80b] 14780 --- [http-nio-8080-exec-1] [671285d3553aefe5265592cca130d80b-265592cca130d80b] o.h.j.internal.PersistenceUnitUtilImpl   : jakarta.persistence.PersistenceUnitUtil.getIdentifier is only intended to work with enhanced entities (although Hibernate also adapts this support to its proxies); however the passed entity was not enhanced (nor a proxy).. may not be able to read identifier
2024-10-18T18:59:15.214+03:00 DEBUG [,671285d3553aefe5265592cca130d80b,265592cca130d80b] 14780 --- [http-nio-8080-exec-1] [671285d3553aefe5265592cca130d80b-265592cca130d80b] org.hibernate.SQL                        : 
    select
        next_val as id_val 
    from
        users_seq for update
2024-10-18T18:59:15.217+03:00 DEBUG [,671285d3553aefe5265592cca130d80b,265592cca130d80b] 14780 --- [http-nio-8080-exec-1] [671285d3553aefe5265592cca130d80b-265592cca130d80b] org.hibernate.SQL                        : 
    update
        users_seq 
    set
        next_val= ? 
    where
        next_val=?
2024-10-18T18:59:15.219+03:00 DEBUG [,671285d3553aefe5265592cca130d80b,265592cca130d80b] 14780 --- [http-nio-8080-exec-1] [671285d3553aefe5265592cca130d80b-265592cca130d80b] o.h.e.i.AbstractSaveEventListener        : Generated identifier: 52, using strategy: org.hibernate.id.enhanced.SequenceStyleGenerator
2024-10-18T18:59:15.229+03:00 DEBUG [,671285d3553aefe5265592cca130d80b,265592cca130d80b] 14780 --- [http-nio-8080-exec-1] [671285d3553aefe5265592cca130d80b-265592cca130d80b] o.h.e.i.AbstractFlushingEventListener    : Processing flush-time cascades
2024-10-18T18:59:15.229+03:00 DEBUG [,671285d3553aefe5265592cca130d80b,265592cca130d80b] 14780 --- [http-nio-8080-exec-1] [671285d3553aefe5265592cca130d80b-265592cca130d80b] o.h.e.i.AbstractFlushingEventListener    : Dirty checking collections
2024-10-18T18:59:15.234+03:00 DEBUG [,671285d3553aefe5265592cca130d80b,265592cca130d80b] 14780 --- [http-nio-8080-exec-1] [671285d3553aefe5265592cca130d80b-265592cca130d80b] o.h.e.i.AbstractFlushingEventListener    : Flushed: 1 insertions, 0 updates, 0 deletions to 1 objects
2024-10-18T18:59:15.234+03:00 DEBUG [,671285d3553aefe5265592cca130d80b,265592cca130d80b] 14780 --- [http-nio-8080-exec-1] [671285d3553aefe5265592cca130d80b-265592cca130d80b] o.h.e.i.AbstractFlushingEventListener    : Flushed: 0 (re)creations, 0 updates, 0 removals to 0 collections
2024-10-18T18:59:15.235+03:00 DEBUG [,671285d3553aefe5265592cca130d80b,265592cca130d80b] 14780 --- [http-nio-8080-exec-1] [671285d3553aefe5265592cca130d80b-265592cca130d80b] o.hibernate.internal.util.EntityPrinter  : Listing entities:
2024-10-18T18:59:15.236+03:00 DEBUG [,671285d3553aefe5265592cca130d80b,265592cca130d80b] 14780 --- [http-nio-8080-exec-1] [671285d3553aefe5265592cca130d80b-265592cca130d80b] o.hibernate.internal.util.EntityPrinter  : com.example.kibana_deploy_template.user.model.User{password=Parola123!, gender=male, name=Denis Popescu, id=52, email=denisga9@example.com}
2024-10-18T18:59:15.242+03:00 DEBUG [,671285d3553aefe5265592cca130d80b,265592cca130d80b] 14780 --- [http-nio-8080-exec-1] [671285d3553aefe5265592cca130d80b-265592cca130d80b] org.hibernate.SQL                        : 
    insert 
    into
        users
        (email, gender, name, password, id) 
    values
        (?, ?, ?, ?, ?)
2024-10-18T18:59:15.246+03:00 DEBUG [,671285d3553aefe5265592cca130d80b,265592cca130d80b] 14780 --- [http-nio-8080-exec-1] [671285d3553aefe5265592cca130d80b-265592cca130d80b] o.s.orm.jpa.JpaTransactionManager        : Initiating transaction commit
2024-10-18T18:59:15.246+03:00 DEBUG [,671285d3553aefe5265592cca130d80b,265592cca130d80b] 14780 --- [http-nio-8080-exec-1] [671285d3553aefe5265592cca130d80b-265592cca130d80b] o.s.orm.jpa.JpaTransactionManager        : Committing JPA transaction on EntityManager [SessionImpl(873967268<open>)]
2024-10-18T18:59:15.247+03:00 DEBUG [,671285d3553aefe5265592cca130d80b,265592cca130d80b] 14780 --- [http-nio-8080-exec-1] [671285d3553aefe5265592cca130d80b-265592cca130d80b] o.h.e.t.internal.TransactionImpl         : committing
2024-10-18T18:59:15.247+03:00 DEBUG [,671285d3553aefe5265592cca130d80b,265592cca130d80b] 14780 --- [http-nio-8080-exec-1] [671285d3553aefe5265592cca130d80b-265592cca130d80b] o.h.e.i.AbstractFlushingEventListener    : Processing flush-time cascades
2024-10-18T18:59:15.247+03:00 DEBUG [,671285d3553aefe5265592cca130d80b,265592cca130d80b] 14780 --- [http-nio-8080-exec-1] [671285d3553aefe5265592cca130d80b-265592cca130d80b] o.h.e.i.AbstractFlushingEventListener    : Dirty checking collections
2024-10-18T18:59:15.247+03:00 DEBUG [,671285d3553aefe5265592cca130d80b,265592cca130d80b] 14780 --- [http-nio-8080-exec-1] [671285d3553aefe5265592cca130d80b-265592cca130d80b] o.h.e.i.AbstractFlushingEventListener    : Flushed: 0 insertions, 0 updates, 0 deletions to 1 objects
2024-10-18T18:59:15.247+03:00 DEBUG [,671285d3553aefe5265592cca130d80b,265592cca130d80b] 14780 --- [http-nio-8080-exec-1] [671285d3553aefe5265592cca130d80b-265592cca130d80b] o.h.e.i.AbstractFlushingEventListener    : Flushed: 0 (re)creations, 0 updates, 0 removals to 0 collections
2024-10-18T18:59:15.247+03:00 DEBUG [,671285d3553aefe5265592cca130d80b,265592cca130d80b] 14780 --- [http-nio-8080-exec-1] [671285d3553aefe5265592cca130d80b-265592cca130d80b] o.hibernate.internal.util.EntityPrinter  : Listing entities:
2024-10-18T18:59:15.247+03:00 DEBUG [,671285d3553aefe5265592cca130d80b,265592cca130d80b] 14780 --- [http-nio-8080-exec-1] [671285d3553aefe5265592cca130d80b-265592cca130d80b] o.hibernate.internal.util.EntityPrinter  : com.example.kibana_deploy_template.user.model.User{password=Parola123!, gender=male, name=Denis Popescu, id=52, email=denisga9@example.com}
2024-10-18T18:59:15.248+03:00 DEBUG [,671285d3553aefe5265592cca130d80b,265592cca130d80b] 14780 --- [http-nio-8080-exec-1] [671285d3553aefe5265592cca130d80b-265592cca130d80b] o.s.orm.jpa.JpaTransactionManager        : Not closing pre-bound JPA EntityManager after transaction
2024-10-18T18:59:15.255+03:00 DEBUG [,671285d3553aefe5265592cca130d80b,265592cca130d80b] 14780 --- [http-nio-8080-exec-1] [671285d3553aefe5265592cca130d80b-265592cca130d80b] o.s.w.s.m.m.a.HttpEntityMethodProcessor  : Using 'application/json', given [*/*] and supported [application/json, application/*+json]
2024-10-18T18:59:15.255+03:00 DEBUG [,671285d3553aefe5265592cca130d80b,265592cca130d80b] 14780 --- [http-nio-8080-exec-1] [671285d3553aefe5265592cca130d80b-265592cca130d80b] o.s.w.s.m.m.a.HttpEntityMethodProcessor  : Writing [CreateUserReponse(user=User(id=52, name=Denis Popescu, gender=male, email=denisga9@example.com, pass (truncated)...]
2024-10-18T18:59:15.265+03:00 DEBUG [,671285d3553aefe5265592cca130d80b,265592cca130d80b] 14780 --- [http-nio-8080-exec-1] [671285d3553aefe5265592cca130d80b-265592cca130d80b] o.j.s.OpenEntityManagerInViewInterceptor : Closing JPA EntityManager in OpenEntityManagerInViewInterceptor
2024-10-18T18:59:15.266+03:00 DEBUG [,671285d3553aefe5265592cca130d80b,265592cca130d80b] 14780 --- [http-nio-8080-exec-1] [671285d3553aefe5265592cca130d80b-265592cca130d80b] o.s.web.servlet.DispatcherServlet        : Completed 200 OK
2024-10-18T18:59:16.280+03:00 DEBUG [,,] 14780 --- [AsyncReporter{ZipkinRestTemplateSender{http://localhost:9411/api/v2/spans}}] [                                                 ] o.s.web.client.RestTemplate              : HTTP POST http://localhost:9411/api/v2/spans
2024-10-18T18:59:16.282+03:00 DEBUG [,,] 14780 --- [AsyncReporter{ZipkinRestTemplateSender{http://localhost:9411/api/v2/spans}}] [                                                 ] o.s.web.client.RestTemplate              : Accept=[application/json, application/*+json]
2024-10-18T18:59:16.282+03:00 DEBUG [,,] 14780 --- [AsyncReporter{ZipkinRestTemplateSender{http://localhost:9411/api/v2/spans}}] [                                                 ] o.s.web.client.RestTemplate              : Writing [[B@6021a79a] as "application/json"
2024-10-18T18:59:16.285+03:00  WARN [,,] 14780 --- [AsyncReporter{ZipkinRestTemplateSender{http://localhost:9411/api/v2/spans}}] [                                                 ] z.r.i.AsyncReporter$BoundedAsyncReporter : Spans were dropped due to exceptions. All subsequent errors will be logged at FINE level.
2024-10-18T18:59:16.285+03:00  WARN [,,] 14780 --- [AsyncReporter{ZipkinRestTemplateSender{http://localhost:9411/api/v2/spans}}] [                                                 ] z.r.i.AsyncReporter$BoundedAsyncReporter : Dropped 1 spans due to ResourceAccessException(I/O error on POST request for "http://localhost:9411/api/v2/spans": Connection refused: no further information)

org.springframework.web.client.ResourceAccessException: I/O error on POST request for "http://localhost:9411/api/v2/spans": Connection refused: no further information
	at org.springframework.web.client.RestTemplate.createResourceAccessException(RestTemplate.java:915) ~[spring-web-6.1.13.jar:6.1.13]
	at org.springframework.web.client.RestTemplate.doExecute(RestTemplate.java:895) ~[spring-web-6.1.13.jar:6.1.13]
	at org.springframework.web.client.RestTemplate.execute(RestTemplate.java:830) ~[spring-web-6.1.13.jar:6.1.13]
	at org.springframework.web.client.RestTemplate.exchange(RestTemplate.java:691) ~[spring-web-6.1.13.jar:6.1.13]
	at org.springframework.boot.actuate.autoconfigure.tracing.zipkin.ZipkinRestTemplateSender.postSpans(ZipkinRestTemplateSender.java:50) ~[spring-boot-actuator-autoconfigure-3.3.4.jar:3.3.4]
	at org.springframework.boot.actuate.autoconfigure.tracing.zipkin.HttpSender.postSpans(HttpSender.java:69) ~[spring-boot-actuator-autoconfigure-3.3.4.jar:3.3.4]
	at org.springframework.boot.actuate.autoconfigure.tracing.zipkin.HttpSender.postSpans(HttpSender.java:41) ~[spring-boot-actuator-autoconfigure-3.3.4.jar:3.3.4]
	at zipkin2.reporter.BaseHttpSender.send(BaseHttpSender.java:123) ~[zipkin-reporter-3.4.2.jar:na]
	at zipkin2.reporter.internal.AsyncReporter$BoundedAsyncReporter.flush(AsyncReporter.java:266) ~[zipkin-reporter-3.4.2.jar:na]
	at zipkin2.reporter.internal.AsyncReporter$Flusher.run(AsyncReporter.java:352) ~[zipkin-reporter-3.4.2.jar:na]
	at java.base/java.lang.Thread.run(Thread.java:833) ~[na:na]
Caused by: java.net.ConnectException: Connection refused: no further information
	at java.base/sun.nio.ch.Net.pollConnect(Native Method) ~[na:na]
	at java.base/sun.nio.ch.Net.pollConnectNow(Net.java:672) ~[na:na]
	at java.base/sun.nio.ch.NioSocketImpl.timedFinishConnect(NioSocketImpl.java:542) ~[na:na]
	at java.base/sun.nio.ch.NioSocketImpl.connect(NioSocketImpl.java:597) ~[na:na]
	at java.base/java.net.Socket.connect(Socket.java:633) ~[na:na]
	at java.base/sun.net.NetworkClient.doConnect(NetworkClient.java:178) ~[na:na]
	at java.base/sun.net.www.http.HttpClient.openServer(HttpClient.java:534) ~[na:na]
	at java.base/sun.net.www.http.HttpClient.openServer(HttpClient.java:639) ~[na:na]
	at java.base/sun.net.www.http.HttpClient.<init>(HttpClient.java:282) ~[na:na]
	at java.base/sun.net.www.http.HttpClient.New(HttpClient.java:387) ~[na:na]
	at java.base/sun.net.www.http.HttpClient.New(HttpClient.java:409) ~[na:na]
	at java.base/sun.net.www.protocol.http.HttpURLConnection.getNewHttpClient(HttpURLConnection.java:1309) ~[na:na]
	at java.base/sun.net.www.protocol.http.HttpURLConnection.plainConnect0(HttpURLConnection.java:1242) ~[na:na]
	at java.base/sun.net.www.protocol.http.HttpURLConnection.plainConnect(HttpURLConnection.java:1128) ~[na:na]
	at java.base/sun.net.www.protocol.http.HttpURLConnection.connect(HttpURLConnection.java:1057) ~[na:na]
	at org.springframework.http.client.SimpleClientHttpRequest.executeInternal(SimpleClientHttpRequest.java:79) ~[spring-web-6.1.13.jar:6.1.13]
	at org.springframework.http.client.AbstractStreamingClientHttpRequest.executeInternal(AbstractStreamingClientHttpRequest.java:70) ~[spring-web-6.1.13.jar:6.1.13]
	at org.springframework.http.client.AbstractClientHttpRequest.execute(AbstractClientHttpRequest.java:66) ~[spring-web-6.1.13.jar:6.1.13]
	at org.springframework.web.client.RestTemplate.doExecute(RestTemplate.java:889) ~[spring-web-6.1.13.jar:6.1.13]
	... 9 common frames omitted

2024-10-18T18:59:35.083+03:00 DEBUG [,,] 14780 --- [RMI TCP Connection(2)-192.168.0.104] [                                                 ] sun.rmi.transport.tcp                    : RMI TCP Connection(2)-192.168.0.104: (port 53343) connection closed
2024-10-18T18:59:35.083+03:00 DEBUG [,,] 14780 --- [RMI TCP Connection(2)-192.168.0.104] [                                                 ] sun.rmi.transport.tcp                    : RMI TCP Connection(2)-192.168.0.104: close connection, socket: Socket[addr=/192.168.0.104,port=53349,localport=53343]
2024-10-18T18:59:35.083+03:00 DEBUG [,,] 14780 --- [RMI TCP Connection(2)-192.168.0.104] [                                                 ] sun.rmi.transport.tcp                    : RMI TCP Connection(2)-192.168.0.104: socket close: Socket[addr=/192.168.0.104,port=53349,localport=53343]
2024-10-18T18:59:36.596+03:00 DEBUG [,,] 14780 --- [HikariPool-1 housekeeper] [                                                 ] com.zaxxer.hikari.pool.HikariPool        : HikariPool-1 - Pool stats (total=10, active=0, idle=10, waiting=0)
2024-10-18T18:59:36.596+03:00 DEBUG [,,] 14780 --- [HikariPool-1 housekeeper] [                                                 ] com.zaxxer.hikari.pool.HikariPool        : HikariPool-1 - Fill pool skipped, pool has sufficient level or currently being filled.
2024-10-18T18:59:36.622+03:00 DEBUG [,,] 14780 --- [RMI TCP Connection(4)-192.168.0.104] [                                                 ] sun.rmi.transport.tcp                    : RMI TCP Connection(4)-192.168.0.104: (port 53343) connection closed
2024-10-18T18:59:36.622+03:00 DEBUG [,,] 14780 --- [RMI TCP Connection(4)-192.168.0.104] [                                                 ] sun.rmi.transport.tcp                    : RMI TCP Connection(4)-192.168.0.104: close connection, socket: Socket[addr=/192.168.0.104,port=53359,localport=53343]
2024-10-18T18:59:36.622+03:00 DEBUG [,,] 14780 --- [RMI TCP Connection(4)-192.168.0.104] [                                                 ] sun.rmi.transport.tcp                    : RMI TCP Connection(4)-192.168.0.104: socket close: Socket[addr=/192.168.0.104,port=53359,localport=53343]
2024-10-18T18:59:38.146+03:00 DEBUG [,,] 14780 --- [RMI TCP Connection(8)-192.168.0.104] [                                                 ] sun.rmi.transport.tcp                    : RMI TCP Connection(8)-192.168.0.104: (port 53343) connection closed
2024-10-18T18:59:38.146+03:00 DEBUG [,,] 14780 --- [RMI TCP Connection(8)-192.168.0.104] [                                                 ] sun.rmi.transport.tcp                    : RMI TCP Connection(8)-192.168.0.104: close connection, socket: Socket[addr=/192.168.0.104,port=53364,localport=53343]
2024-10-18T18:59:38.146+03:00 DEBUG [,,] 14780 --- [RMI TCP Connection(8)-192.168.0.104] [                                                 ] sun.rmi.transport.tcp                    : RMI TCP Connection(8)-192.168.0.104: socket close: Socket[addr=/192.168.0.104,port=53364,localport=53343]
2024-10-18T18:59:51.183+03:00 DEBUG [,,] 14780 --- [http-nio-8080-exec-3] [                                                 ] brave.Tracer                             : X-B3-TraceId was null
2024-10-18T18:59:51.183+03:00 DEBUG [,,] 14780 --- [http-nio-8080-exec-3] [                                                 ] brave.Tracer                             : X-B3-TraceId was null
2024-10-18T18:59:51.183+03:00 DEBUG [,671285f7485f4bd0c2c9342e5d438741,c2c9342e5d438741] 14780 --- [http-nio-8080-exec-3] [671285f7485f4bd0c2c9342e5d438741-c2c9342e5d438741] o.s.web.servlet.DispatcherServlet        : GET "/api/v1/users/gender/male", parameters={}
2024-10-18T18:59:51.184+03:00 DEBUG [,671285f7485f4bd0c2c9342e5d438741,c2c9342e5d438741] 14780 --- [http-nio-8080-exec-3] [671285f7485f4bd0c2c9342e5d438741-c2c9342e5d438741] s.w.s.m.m.a.RequestMappingHandlerMapping : Mapped to com.example.kibana_deploy_template.user.web.UserControllerService#getUsersByGender(String)
2024-10-18T18:59:51.184+03:00 DEBUG [,671285f7485f4bd0c2c9342e5d438741,c2c9342e5d438741] 14780 --- [http-nio-8080-exec-3] [671285f7485f4bd0c2c9342e5d438741-c2c9342e5d438741] o.j.s.OpenEntityManagerInViewInterceptor : Opening JPA EntityManager in OpenEntityManagerInViewInterceptor
2024-10-18T18:59:51.192+03:00 DEBUG [,671285f7485f4bd0c2c9342e5d438741,c2c9342e5d438741] 14780 --- [http-nio-8080-exec-3] [671285f7485f4bd0c2c9342e5d438741-c2c9342e5d438741] org.hibernate.orm.sql.ast.create         : Created new SQL alias : u1_0
2024-10-18T18:59:51.192+03:00 DEBUG [,671285f7485f4bd0c2c9342e5d438741,c2c9342e5d438741] 14780 --- [http-nio-8080-exec-3] [671285f7485f4bd0c2c9342e5d438741-c2c9342e5d438741] org.hibernate.orm.sql.ast.create         : Registration of TableGroup [StandardTableGroup(com.example.kibana_deploy_template.user.model.User(4))] with identifierForTableGroup [com.example.kibana_deploy_template.user.model.User] for NavigablePath [com.example.kibana_deploy_template.user.model.User] 
2024-10-18T18:59:51.193+03:00 DEBUG [,671285f7485f4bd0c2c9342e5d438741,c2c9342e5d438741] 14780 --- [http-nio-8080-exec-3] [671285f7485f4bd0c2c9342e5d438741-c2c9342e5d438741] o.h.q.sqm.sql.BaseSqmToSqlAstConverter   : Determining mapping-model type for SqmParameter : org.hibernate.query.sqm.tree.expression.SqmJpaCriteriaParameterWrapper@3a169be6
2024-10-18T18:59:51.193+03:00 DEBUG [,671285f7485f4bd0c2c9342e5d438741,c2c9342e5d438741] 14780 --- [http-nio-8080-exec-3] [671285f7485f4bd0c2c9342e5d438741-c2c9342e5d438741] o.h.q.sqm.sql.BaseSqmToSqlAstConverter   : Determining mapping-model type for SqmPath : SqmBasicValuedSimplePath(com.example.kibana_deploy_template.user.model.User(4).gender) 
2024-10-18T18:59:51.194+03:00 DEBUG [,671285f7485f4bd0c2c9342e5d438741,c2c9342e5d438741] 14780 --- [http-nio-8080-exec-3] [671285f7485f4bd0c2c9342e5d438741-c2c9342e5d438741] org.hibernate.orm.results.graph.AST      : DomainResult Graph:
 \-EntityResultImpl [com.example.kibana_deploy_template.user.model.User(4)]
 |  +-BasicFetch [com.example.kibana_deploy_template.user.model.User(4).email]
 |  +-BasicFetch [com.example.kibana_deploy_template.user.model.User(4).gender]
 |  +-BasicFetch [com.example.kibana_deploy_template.user.model.User(4).name]
 |  \-BasicFetch [com.example.kibana_deploy_template.user.model.User(4).password]

2024-10-18T18:59:51.194+03:00 DEBUG [,671285f7485f4bd0c2c9342e5d438741,c2c9342e5d438741] 14780 --- [http-nio-8080-exec-3] [671285f7485f4bd0c2c9342e5d438741-c2c9342e5d438741] org.hibernate.orm.sql.ast.tree           : SQL AST Tree:
    SelectStatement {
      FromClause {
        StandardTableGroup (u1 : com.example.kibana_deploy_template.user.model.User(4)) {
          primaryTableReference : users as u1_0
        }
      }
    }

2024-10-18T18:59:51.194+03:00 DEBUG [,671285f7485f4bd0c2c9342e5d438741,c2c9342e5d438741] 14780 --- [http-nio-8080-exec-3] [671285f7485f4bd0c2c9342e5d438741-c2c9342e5d438741] org.hibernate.orm.sql.exec               : Skipping reading Query result cache data: cache-enabled = false, cache-mode = NORMAL
2024-10-18T18:59:51.194+03:00 DEBUG [,671285f7485f4bd0c2c9342e5d438741,c2c9342e5d438741] 14780 --- [http-nio-8080-exec-3] [671285f7485f4bd0c2c9342e5d438741-c2c9342e5d438741] org.hibernate.orm.results                : Initializer list:
	  com.example.kibana_deploy_template.user.model.User(4) -> EntityResultInitializer(com.example.kibana_deploy_template.user.model.User(4))@835047748 (SingleTableEntityPersister(com.example.kibana_deploy_template.user.model.User))

2024-10-18T18:59:51.195+03:00 DEBUG [,671285f7485f4bd0c2c9342e5d438741,c2c9342e5d438741] 14780 --- [http-nio-8080-exec-3] [671285f7485f4bd0c2c9342e5d438741-c2c9342e5d438741] org.hibernate.SQL                        : 
    select
        u1_0.id,
        u1_0.email,
        u1_0.gender,
        u1_0.name,
        u1_0.password 
    from
        users u1_0 
    where
        u1_0.gender=?
2024-10-18T18:59:51.197+03:00 DEBUG [,671285f7485f4bd0c2c9342e5d438741,c2c9342e5d438741] 14780 --- [http-nio-8080-exec-3] [671285f7485f4bd0c2c9342e5d438741-c2c9342e5d438741] org.hibernate.orm.results                : Extracted JDBC value [0] - [1]
2024-10-18T18:59:51.197+03:00 DEBUG [,671285f7485f4bd0c2c9342e5d438741,c2c9342e5d438741] 14780 --- [http-nio-8080-exec-3] [671285f7485f4bd0c2c9342e5d438741-c2c9342e5d438741] o.hibernate.orm.results.loading.entity   : (EntityResultInitializer) Hydrated EntityKey (com.example.kibana_deploy_template.user.model.User(4)): 1
2024-10-18T18:59:51.197+03:00 DEBUG [,671285f7485f4bd0c2c9342e5d438741,c2c9342e5d438741] 14780 --- [http-nio-8080-exec-3] [671285f7485f4bd0c2c9342e5d438741-c2c9342e5d438741] o.hibernate.orm.results.loading.entity   : (EntityResultInitializer) Created new entity instance [com.example.kibana_deploy_template.user.model.User(4)#1] : 746339590
2024-10-18T18:59:51.198+03:00 DEBUG [,671285f7485f4bd0c2c9342e5d438741,c2c9342e5d438741] 14780 --- [http-nio-8080-exec-3] [671285f7485f4bd0c2c9342e5d438741-c2c9342e5d438741] org.hibernate.orm.results                : Extracted JDBC value [1] - [denis8932189@example.com]
2024-10-18T18:59:51.198+03:00 DEBUG [,671285f7485f4bd0c2c9342e5d438741,c2c9342e5d438741] 14780 --- [http-nio-8080-exec-3] [671285f7485f4bd0c2c9342e5d438741-c2c9342e5d438741] org.hibernate.orm.results                : Extracted JDBC value [2] - [male]
2024-10-18T18:59:51.198+03:00 DEBUG [,671285f7485f4bd0c2c9342e5d438741,c2c9342e5d438741] 14780 --- [http-nio-8080-exec-3] [671285f7485f4bd0c2c9342e5d438741-c2c9342e5d438741] org.hibernate.orm.results                : Extracted JDBC value [3] - [Denis Popescu]
2024-10-18T18:59:51.198+03:00 DEBUG [,671285f7485f4bd0c2c9342e5d438741,c2c9342e5d438741] 14780 --- [http-nio-8080-exec-3] [671285f7485f4bd0c2c9342e5d438741-c2c9342e5d438741] org.hibernate.orm.results                : Extracted JDBC value [4] - [Parola123!]
2024-10-18T18:59:51.198+03:00 DEBUG [,671285f7485f4bd0c2c9342e5d438741,c2c9342e5d438741] 14780 --- [http-nio-8080-exec-3] [671285f7485f4bd0c2c9342e5d438741-c2c9342e5d438741] o.hibernate.orm.results.loading.entity   : (EntityResultInitializer) Done materializing entityInstance : com.example.kibana_deploy_template.user.model.User(4)#1
2024-10-18T18:59:51.198+03:00 DEBUG [,671285f7485f4bd0c2c9342e5d438741,c2c9342e5d438741] 14780 --- [http-nio-8080-exec-3] [671285f7485f4bd0c2c9342e5d438741-c2c9342e5d438741] org.hibernate.orm.results.loading        : Calling top-level assembler (0 / 1) : org.hibernate.sql.results.graph.entity.internal.EntityAssembler@5b021b98
2024-10-18T18:59:51.198+03:00 DEBUG [,671285f7485f4bd0c2c9342e5d438741,c2c9342e5d438741] 14780 --- [http-nio-8080-exec-3] [671285f7485f4bd0c2c9342e5d438741-c2c9342e5d438741] org.hibernate.orm.results                : Extracted JDBC value [0] - [2]
2024-10-18T18:59:51.198+03:00 DEBUG [,671285f7485f4bd0c2c9342e5d438741,c2c9342e5d438741] 14780 --- [http-nio-8080-exec-3] [671285f7485f4bd0c2c9342e5d438741-c2c9342e5d438741] o.hibernate.orm.results.loading.entity   : (EntityResultInitializer) Hydrated EntityKey (com.example.kibana_deploy_template.user.model.User(4)): 2
2024-10-18T18:59:51.198+03:00 DEBUG [,671285f7485f4bd0c2c9342e5d438741,c2c9342e5d438741] 14780 --- [http-nio-8080-exec-3] [671285f7485f4bd0c2c9342e5d438741-c2c9342e5d438741] o.hibernate.orm.results.loading.entity   : (EntityResultInitializer) Created new entity instance [com.example.kibana_deploy_template.user.model.User(4)#2] : 1082054169
2024-10-18T18:59:51.198+03:00 DEBUG [,671285f7485f4bd0c2c9342e5d438741,c2c9342e5d438741] 14780 --- [http-nio-8080-exec-3] [671285f7485f4bd0c2c9342e5d438741-c2c9342e5d438741] org.hibernate.orm.results                : Extracted JDBC value [1] - [denis89321829@example.com]
2024-10-18T18:59:51.199+03:00 DEBUG [,671285f7485f4bd0c2c9342e5d438741,c2c9342e5d438741] 14780 --- [http-nio-8080-exec-3] [671285f7485f4bd0c2c9342e5d438741-c2c9342e5d438741] org.hibernate.orm.results                : Extracted JDBC value [2] - [male]
2024-10-18T18:59:51.199+03:00 DEBUG [,671285f7485f4bd0c2c9342e5d438741,c2c9342e5d438741] 14780 --- [http-nio-8080-exec-3] [671285f7485f4bd0c2c9342e5d438741-c2c9342e5d438741] org.hibernate.orm.results                : Extracted JDBC value [3] - [Denis Popescu]
2024-10-18T18:59:51.199+03:00 DEBUG [,671285f7485f4bd0c2c9342e5d438741,c2c9342e5d438741] 14780 --- [http-nio-8080-exec-3] [671285f7485f4bd0c2c9342e5d438741-c2c9342e5d438741] org.hibernate.orm.results                : Extracted JDBC value [4] - [Parola123!]
2024-10-18T18:59:51.199+03:00 DEBUG [,671285f7485f4bd0c2c9342e5d438741,c2c9342e5d438741] 14780 --- [http-nio-8080-exec-3] [671285f7485f4bd0c2c9342e5d438741-c2c9342e5d438741] o.hibernate.orm.results.loading.entity   : (EntityResultInitializer) Done materializing entityInstance : com.example.kibana_deploy_template.user.model.User(4)#2
2024-10-18T18:59:51.199+03:00 DEBUG [,671285f7485f4bd0c2c9342e5d438741,c2c9342e5d438741] 14780 --- [http-nio-8080-exec-3] [671285f7485f4bd0c2c9342e5d438741-c2c9342e5d438741] org.hibernate.orm.results.loading        : Calling top-level assembler (0 / 1) : org.hibernate.sql.results.graph.entity.internal.EntityAssembler@5b021b98
2024-10-18T18:59:51.199+03:00 DEBUG [,671285f7485f4bd0c2c9342e5d438741,c2c9342e5d438741] 14780 --- [http-nio-8080-exec-3] [671285f7485f4bd0c2c9342e5d438741-c2c9342e5d438741] org.hibernate.orm.results                : Extracted JDBC value [0] - [52]
2024-10-18T18:59:51.199+03:00 DEBUG [,671285f7485f4bd0c2c9342e5d438741,c2c9342e5d438741] 14780 --- [http-nio-8080-exec-3] [671285f7485f4bd0c2c9342e5d438741-c2c9342e5d438741] o.hibernate.orm.results.loading.entity   : (EntityResultInitializer) Hydrated EntityKey (com.example.kibana_deploy_template.user.model.User(4)): 52
2024-10-18T18:59:51.199+03:00 DEBUG [,671285f7485f4bd0c2c9342e5d438741,c2c9342e5d438741] 14780 --- [http-nio-8080-exec-3] [671285f7485f4bd0c2c9342e5d438741-c2c9342e5d438741] o.hibernate.orm.results.loading.entity   : (EntityResultInitializer) Created new entity instance [com.example.kibana_deploy_template.user.model.User(4)#52] : 1514174610
2024-10-18T18:59:51.199+03:00 DEBUG [,671285f7485f4bd0c2c9342e5d438741,c2c9342e5d438741] 14780 --- [http-nio-8080-exec-3] [671285f7485f4bd0c2c9342e5d438741-c2c9342e5d438741] org.hibernate.orm.results                : Extracted JDBC value [1] - [denisga9@example.com]
2024-10-18T18:59:51.199+03:00 DEBUG [,671285f7485f4bd0c2c9342e5d438741,c2c9342e5d438741] 14780 --- [http-nio-8080-exec-3] [671285f7485f4bd0c2c9342e5d438741-c2c9342e5d438741] org.hibernate.orm.results                : Extracted JDBC value [2] - [male]
2024-10-18T18:59:51.199+03:00 DEBUG [,671285f7485f4bd0c2c9342e5d438741,c2c9342e5d438741] 14780 --- [http-nio-8080-exec-3] [671285f7485f4bd0c2c9342e5d438741-c2c9342e5d438741] org.hibernate.orm.results                : Extracted JDBC value [3] - [Denis Popescu]
2024-10-18T18:59:51.199+03:00 DEBUG [,671285f7485f4bd0c2c9342e5d438741,c2c9342e5d438741] 14780 --- [http-nio-8080-exec-3] [671285f7485f4bd0c2c9342e5d438741-c2c9342e5d438741] org.hibernate.orm.results                : Extracted JDBC value [4] - [Parola123!]
2024-10-18T18:59:51.199+03:00 DEBUG [,671285f7485f4bd0c2c9342e5d438741,c2c9342e5d438741] 14780 --- [http-nio-8080-exec-3] [671285f7485f4bd0c2c9342e5d438741-c2c9342e5d438741] o.hibernate.orm.results.loading.entity   : (EntityResultInitializer) Done materializing entityInstance : com.example.kibana_deploy_template.user.model.User(4)#52
2024-10-18T18:59:51.199+03:00 DEBUG [,671285f7485f4bd0c2c9342e5d438741,c2c9342e5d438741] 14780 --- [http-nio-8080-exec-3] [671285f7485f4bd0c2c9342e5d438741-c2c9342e5d438741] org.hibernate.orm.results.loading        : Calling top-level assembler (0 / 1) : org.hibernate.sql.results.graph.entity.internal.EntityAssembler@5b021b98
2024-10-18T18:59:51.200+03:00 DEBUG [,671285f7485f4bd0c2c9342e5d438741,c2c9342e5d438741] 14780 --- [http-nio-8080-exec-3] [671285f7485f4bd0c2c9342e5d438741-c2c9342e5d438741] o.s.w.s.m.m.a.HttpEntityMethodProcessor  : Using 'application/json', given [*/*] and supported [application/json, application/*+json]
2024-10-18T18:59:51.200+03:00 DEBUG [,671285f7485f4bd0c2c9342e5d438741,c2c9342e5d438741] 14780 --- [http-nio-8080-exec-3] [671285f7485f4bd0c2c9342e5d438741-c2c9342e5d438741] o.s.w.s.m.m.a.HttpEntityMethodProcessor  : Writing [[User(id=1, name=Denis Popescu, gender=male, email=denis8932189@example.com, password=Parola123!), U (truncated)...]
2024-10-18T18:59:51.201+03:00 DEBUG [,671285f7485f4bd0c2c9342e5d438741,c2c9342e5d438741] 14780 --- [http-nio-8080-exec-3] [671285f7485f4bd0c2c9342e5d438741-c2c9342e5d438741] o.j.s.OpenEntityManagerInViewInterceptor : Closing JPA EntityManager in OpenEntityManagerInViewInterceptor
2024-10-18T18:59:51.202+03:00 DEBUG [,671285f7485f4bd0c2c9342e5d438741,c2c9342e5d438741] 14780 --- [http-nio-8080-exec-3] [671285f7485f4bd0c2c9342e5d438741-c2c9342e5d438741] o.s.web.servlet.DispatcherServlet        : Completed 200 OK
2024-10-18T18:59:51.688+03:00 DEBUG [,,] 14780 --- [AsyncReporter{ZipkinRestTemplateSender{http://localhost:9411/api/v2/spans}}] [                                                 ] o.s.web.client.RestTemplate              : HTTP POST http://localhost:9411/api/v2/spans
2024-10-18T18:59:51.688+03:00 DEBUG [,,] 14780 --- [AsyncReporter{ZipkinRestTemplateSender{http://localhost:9411/api/v2/spans}}] [                                                 ] o.s.web.client.RestTemplate              : Accept=[application/json, application/*+json]
2024-10-18T18:59:51.688+03:00 DEBUG [,,] 14780 --- [AsyncReporter{ZipkinRestTemplateSender{http://localhost:9411/api/v2/spans}}] [                                                 ] o.s.web.client.RestTemplate              : Writing [[B@2e94a27b] as "application/json"
2024-10-18T18:59:51.689+03:00 DEBUG [,,] 14780 --- [AsyncReporter{ZipkinRestTemplateSender{http://localhost:9411/api/v2/spans}}] [                                                 ] z.r.i.AsyncReporter$BoundedAsyncReporter : Dropped 1 spans due to ResourceAccessException(I/O error on POST request for "http://localhost:9411/api/v2/spans": Connection refused: no further information)

org.springframework.web.client.ResourceAccessException: I/O error on POST request for "http://localhost:9411/api/v2/spans": Connection refused: no further information
	at org.springframework.web.client.RestTemplate.createResourceAccessException(RestTemplate.java:915) ~[spring-web-6.1.13.jar:6.1.13]
	at org.springframework.web.client.RestTemplate.doExecute(RestTemplate.java:895) ~[spring-web-6.1.13.jar:6.1.13]
	at org.springframework.web.client.RestTemplate.execute(RestTemplate.java:830) ~[spring-web-6.1.13.jar:6.1.13]
	at org.springframework.web.client.RestTemplate.exchange(RestTemplate.java:691) ~[spring-web-6.1.13.jar:6.1.13]
	at org.springframework.boot.actuate.autoconfigure.tracing.zipkin.ZipkinRestTemplateSender.postSpans(ZipkinRestTemplateSender.java:50) ~[spring-boot-actuator-autoconfigure-3.3.4.jar:3.3.4]
	at org.springframework.boot.actuate.autoconfigure.tracing.zipkin.HttpSender.postSpans(HttpSender.java:69) ~[spring-boot-actuator-autoconfigure-3.3.4.jar:3.3.4]
	at org.springframework.boot.actuate.autoconfigure.tracing.zipkin.HttpSender.postSpans(HttpSender.java:41) ~[spring-boot-actuator-autoconfigure-3.3.4.jar:3.3.4]
	at zipkin2.reporter.BaseHttpSender.send(BaseHttpSender.java:123) ~[zipkin-reporter-3.4.2.jar:na]
	at zipkin2.reporter.internal.AsyncReporter$BoundedAsyncReporter.flush(AsyncReporter.java:266) ~[zipkin-reporter-3.4.2.jar:na]
	at zipkin2.reporter.internal.AsyncReporter$Flusher.run(AsyncReporter.java:352) ~[zipkin-reporter-3.4.2.jar:na]
	at java.base/java.lang.Thread.run(Thread.java:833) ~[na:na]
Caused by: java.net.ConnectException: Connection refused: no further information
	at java.base/sun.nio.ch.Net.pollConnect(Native Method) ~[na:na]
	at java.base/sun.nio.ch.Net.pollConnectNow(Net.java:672) ~[na:na]
	at java.base/sun.nio.ch.NioSocketImpl.timedFinishConnect(NioSocketImpl.java:542) ~[na:na]
	at java.base/sun.nio.ch.NioSocketImpl.connect(NioSocketImpl.java:597) ~[na:na]
	at java.base/java.net.Socket.connect(Socket.java:633) ~[na:na]
	at java.base/sun.net.NetworkClient.doConnect(NetworkClient.java:178) ~[na:na]
	at java.base/sun.net.www.http.HttpClient.openServer(HttpClient.java:534) ~[na:na]
	at java.base/sun.net.www.http.HttpClient.openServer(HttpClient.java:639) ~[na:na]
	at java.base/sun.net.www.http.HttpClient.<init>(HttpClient.java:282) ~[na:na]
	at java.base/sun.net.www.http.HttpClient.New(HttpClient.java:387) ~[na:na]
	at java.base/sun.net.www.http.HttpClient.New(HttpClient.java:409) ~[na:na]
	at java.base/sun.net.www.protocol.http.HttpURLConnection.getNewHttpClient(HttpURLConnection.java:1309) ~[na:na]
	at java.base/sun.net.www.protocol.http.HttpURLConnection.plainConnect0(HttpURLConnection.java:1242) ~[na:na]
	at java.base/sun.net.www.protocol.http.HttpURLConnection.plainConnect(HttpURLConnection.java:1128) ~[na:na]
	at java.base/sun.net.www.protocol.http.HttpURLConnection.connect(HttpURLConnection.java:1057) ~[na:na]
	at org.springframework.http.client.SimpleClientHttpRequest.executeInternal(SimpleClientHttpRequest.java:79) ~[spring-web-6.1.13.jar:6.1.13]
	at org.springframework.http.client.AbstractStreamingClientHttpRequest.executeInternal(AbstractStreamingClientHttpRequest.java:70) ~[spring-web-6.1.13.jar:6.1.13]
	at org.springframework.http.client.AbstractClientHttpRequest.execute(AbstractClientHttpRequest.java:66) ~[spring-web-6.1.13.jar:6.1.13]
	at org.springframework.web.client.RestTemplate.doExecute(RestTemplate.java:889) ~[spring-web-6.1.13.jar:6.1.13]
	... 9 common frames omitted

2024-10-18T19:00:06.597+03:00 DEBUG [,,] 14780 --- [HikariPool-1 housekeeper] [                                                 ] com.zaxxer.hikari.pool.HikariPool        : HikariPool-1 - Pool stats (total=10, active=0, idle=10, waiting=0)
2024-10-18T19:00:06.597+03:00 DEBUG [,,] 14780 --- [HikariPool-1 housekeeper] [                                                 ] com.zaxxer.hikari.pool.HikariPool        : HikariPool-1 - Fill pool skipped, pool has sufficient level or currently being filled.
2024-10-18T19:00:36.601+03:00 DEBUG [,,] 14780 --- [HikariPool-1 housekeeper] [                                                 ] com.zaxxer.hikari.pool.HikariPool        : HikariPool-1 - Pool stats (total=10, active=0, idle=10, waiting=0)
2024-10-18T19:00:36.601+03:00 DEBUG [,,] 14780 --- [HikariPool-1 housekeeper] [                                                 ] com.zaxxer.hikari.pool.HikariPool        : HikariPool-1 - Fill pool skipped, pool has sufficient level or currently being filled.
2024-10-18T19:01:06.607+03:00 DEBUG [,,] 14780 --- [HikariPool-1 housekeeper] [                                                 ] com.zaxxer.hikari.pool.HikariPool        : HikariPool-1 - Pool stats (total=10, active=0, idle=10, waiting=0)
2024-10-18T19:01:06.607+03:00 DEBUG [,,] 14780 --- [HikariPool-1 housekeeper] [                                                 ] com.zaxxer.hikari.pool.HikariPool        : HikariPool-1 - Fill pool skipped, pool has sufficient level or currently being filled.
2024-10-18T19:01:36.613+03:00 DEBUG [,,] 14780 --- [HikariPool-1 housekeeper] [                                                 ] com.zaxxer.hikari.pool.HikariPool        : HikariPool-1 - Pool stats (total=10, active=0, idle=10, waiting=0)
2024-10-18T19:01:36.613+03:00 DEBUG [,,] 14780 --- [HikariPool-1 housekeeper] [                                                 ] com.zaxxer.hikari.pool.HikariPool        : HikariPool-1 - Fill pool skipped, pool has sufficient level or currently being filled.
2024-10-18T19:02:06.625+03:00 DEBUG [,,] 14780 --- [HikariPool-1 housekeeper] [                                                 ] com.zaxxer.hikari.pool.HikariPool        : HikariPool-1 - Pool stats (total=10, active=0, idle=10, waiting=0)
2024-10-18T19:02:06.625+03:00 DEBUG [,,] 14780 --- [HikariPool-1 housekeeper] [                                                 ] com.zaxxer.hikari.pool.HikariPool        : HikariPool-1 - Fill pool skipped, pool has sufficient level or currently being filled.
2024-10-18T19:02:36.631+03:00 DEBUG [,,] 14780 --- [HikariPool-1 housekeeper] [                                                 ] com.zaxxer.hikari.pool.HikariPool        : HikariPool-1 - Pool stats (total=10, active=0, idle=10, waiting=0)
2024-10-18T19:02:36.631+03:00 DEBUG [,,] 14780 --- [HikariPool-1 housekeeper] [                                                 ] com.zaxxer.hikari.pool.HikariPool        : HikariPool-1 - Fill pool skipped, pool has sufficient level or currently being filled.
2024-10-18T19:03:06.636+03:00 DEBUG [,,] 14780 --- [HikariPool-1 housekeeper] [                                                 ] com.zaxxer.hikari.pool.HikariPool        : HikariPool-1 - Pool stats (total=10, active=0, idle=10, waiting=0)
2024-10-18T19:03:06.636+03:00 DEBUG [,,] 14780 --- [HikariPool-1 housekeeper] [                                                 ] com.zaxxer.hikari.pool.HikariPool        : HikariPool-1 - Fill pool skipped, pool has sufficient level or currently being filled.
2024-10-18T19:03:36.652+03:00 DEBUG [,,] 14780 --- [HikariPool-1 housekeeper] [                                                 ] com.zaxxer.hikari.pool.HikariPool        : HikariPool-1 - Pool stats (total=10, active=0, idle=10, waiting=0)
2024-10-18T19:03:36.652+03:00 DEBUG [,,] 14780 --- [HikariPool-1 housekeeper] [                                                 ] com.zaxxer.hikari.pool.HikariPool        : HikariPool-1 - Fill pool skipped, pool has sufficient level or currently being filled.
2024-10-18T19:04:06.659+03:00 DEBUG [,,] 14780 --- [HikariPool-1 housekeeper] [                                                 ] com.zaxxer.hikari.pool.HikariPool        : HikariPool-1 - Pool stats (total=10, active=0, idle=10, waiting=0)
2024-10-18T19:04:06.659+03:00 DEBUG [,,] 14780 --- [HikariPool-1 housekeeper] [                                                 ] com.zaxxer.hikari.pool.HikariPool        : HikariPool-1 - Fill pool skipped, pool has sufficient level or currently being filled.
2024-10-18T19:04:36.668+03:00 DEBUG [,,] 14780 --- [HikariPool-1 housekeeper] [                                                 ] com.zaxxer.hikari.pool.HikariPool        : HikariPool-1 - Pool stats (total=10, active=0, idle=10, waiting=0)
2024-10-18T19:04:36.668+03:00 DEBUG [,,] 14780 --- [HikariPool-1 housekeeper] [                                                 ] com.zaxxer.hikari.pool.HikariPool        : HikariPool-1 - Fill pool skipped, pool has sufficient level or currently being filled.
2024-10-18T19:05:06.684+03:00 DEBUG [,,] 14780 --- [HikariPool-1 housekeeper] [                                                 ] com.zaxxer.hikari.pool.HikariPool        : HikariPool-1 - Pool stats (total=10, active=0, idle=10, waiting=0)
2024-10-18T19:05:06.684+03:00 DEBUG [,,] 14780 --- [HikariPool-1 housekeeper] [                                                 ] com.zaxxer.hikari.pool.HikariPool        : HikariPool-1 - Fill pool skipped, pool has sufficient level or currently being filled.
2024-10-18T19:05:36.691+03:00 DEBUG [,,] 14780 --- [HikariPool-1 housekeeper] [                                                 ] com.zaxxer.hikari.pool.HikariPool        : HikariPool-1 - Pool stats (total=10, active=0, idle=10, waiting=0)
2024-10-18T19:05:36.691+03:00 DEBUG [,,] 14780 --- [HikariPool-1 housekeeper] [                                                 ] com.zaxxer.hikari.pool.HikariPool        : HikariPool-1 - Fill pool skipped, pool has sufficient level or currently being filled.
2024-10-18T19:05:39.258+03:00 DEBUG [,,] 14780 --- [SpringApplicationShutdownHook] [                                                 ] o.s.b.a.ApplicationAvailabilityBean      : Application availability state ReadinessState changed from ACCEPTING_TRAFFIC to REFUSING_TRAFFIC
2024-10-18T19:05:39.259+03:00 DEBUG [,,] 14780 --- [SpringApplicationShutdownHook] [                                                 ] ConfigServletWebServerApplicationContext : Closing org.springframework.boot.web.servlet.context.AnnotationConfigServletWebServerApplicationContext@3a3e4aff, started on Fri Oct 18 18:59:04 EEST 2024
2024-10-18T19:05:39.260+03:00 DEBUG [,,] 14780 --- [SpringApplicationShutdownHook] [                                                 ] o.s.c.support.DefaultLifecycleProcessor  : Stopping beans in phase 2147483647
2024-10-18T19:05:39.261+03:00 DEBUG [,,] 14780 --- [SpringApplicationShutdownHook] [                                                 ] o.s.c.support.DefaultLifecycleProcessor  : Bean 'applicationTaskExecutor' completed its stop procedure
2024-10-18T19:05:39.261+03:00 DEBUG [,,] 14780 --- [SpringApplicationShutdownHook] [                                                 ] o.s.c.support.DefaultLifecycleProcessor  : Stopping beans in phase 2147482623
2024-10-18T19:05:39.261+03:00 DEBUG [,,] 14780 --- [SpringApplicationShutdownHook] [                                                 ] o.s.c.support.DefaultLifecycleProcessor  : Bean 'webServerGracefulShutdown' completed its stop procedure
2024-10-18T19:05:39.261+03:00 DEBUG [,,] 14780 --- [SpringApplicationShutdownHook] [                                                 ] o.s.c.support.DefaultLifecycleProcessor  : Stopping beans in phase 2147481599
2024-10-18T19:05:39.370+03:00 DEBUG [,,] 14780 --- [SpringApplicationShutdownHook] [                                                 ] o.s.c.support.DefaultLifecycleProcessor  : Bean 'webServerStartStop' completed its stop procedure
2024-10-18T19:05:39.370+03:00 DEBUG [,,] 14780 --- [SpringApplicationShutdownHook] [                                                 ] o.s.c.support.DefaultLifecycleProcessor  : Stopping beans in phase -2147483647
2024-10-18T19:05:39.370+03:00 DEBUG [,,] 14780 --- [SpringApplicationShutdownHook] [                                                 ] o.s.c.support.DefaultLifecycleProcessor  : Bean 'springBootLoggingLifecycle' completed its stop procedure
2024-10-18T19:05:39.372+03:00 DEBUG [,,] 14780 --- [SpringApplicationShutdownHook] [                                                 ] o.s.j.e.a.AnnotationMBeanExporter        : Unregistering JMX-exposed beans on shutdown
2024-10-18T19:05:39.372+03:00 DEBUG [,,] 14780 --- [SpringApplicationShutdownHook] [                                                 ] o.s.j.e.a.AnnotationMBeanExporter        : Unregistering JMX-exposed beans
2024-10-18T19:05:39.372+03:00 DEBUG [,,] 14780 --- [SpringApplicationShutdownHook] [                                                 ] o.s.s.concurrent.ThreadPoolTaskExecutor  : Shutting down ExecutorService 'applicationTaskExecutor'
2024-10-18T19:05:39.373+03:00  INFO [,,] 14780 --- [SpringApplicationShutdownHook] [                                                 ] j.LocalContainerEntityManagerFactoryBean : Closing JPA EntityManagerFactory for persistence unit 'default'
2024-10-18T19:05:39.373+03:00 DEBUG [,,] 14780 --- [SpringApplicationShutdownHook] [                                                 ] o.hibernate.internal.SessionFactoryImpl  : HHH000031: Closing
2024-10-18T19:05:39.374+03:00 DEBUG [,,] 14780 --- [SpringApplicationShutdownHook] [                                                 ] o.h.type.spi.TypeConfiguration$Scope     : Un-scoping TypeConfiguration [org.hibernate.type.spi.TypeConfiguration$Scope@2fa81fe7] from SessionFactory [org.hibernate.internal.SessionFactoryImpl@4ebd0b52]
2024-10-18T19:05:39.374+03:00 DEBUG [,,] 14780 --- [SpringApplicationShutdownHook] [                                                 ] o.h.s.i.AbstractServiceRegistryImpl      : Implicitly destroying ServiceRegistry on de-registration of all child ServiceRegistries
2024-10-18T19:05:39.374+03:00 DEBUG [,,] 14780 --- [SpringApplicationShutdownHook] [                                                 ] o.h.b.r.i.BootstrapServiceRegistryImpl   : Implicitly destroying Boot-strap registry on de-registration of all child ServiceRegistries
2024-10-18T19:05:39.375+03:00  INFO [,,] 14780 --- [SpringApplicationShutdownHook] [                                                 ] com.zaxxer.hikari.HikariDataSource       : HikariPool-1 - Shutdown initiated...
2024-10-18T19:05:39.375+03:00 DEBUG [,,] 14780 --- [SpringApplicationShutdownHook] [                                                 ] com.zaxxer.hikari.pool.HikariPool        : HikariPool-1 - Before shutdown stats (total=10, active=0, idle=10, waiting=0)
2024-10-18T19:05:39.376+03:00 DEBUG [,,] 14780 --- [HikariPool-1 connection closer] [                                                 ] com.zaxxer.hikari.pool.PoolBase          : HikariPool-1 - Closing connection com.mysql.cj.jdbc.ConnectionImpl@626766fd: (connection evicted)
2024-10-18T19:05:39.379+03:00 DEBUG [,,] 14780 --- [HikariPool-1 connection closer] [                                                 ] com.zaxxer.hikari.pool.PoolBase          : HikariPool-1 - Closing connection com.mysql.cj.jdbc.ConnectionImpl@148e215b: (connection evicted)
2024-10-18T19:05:39.379+03:00 DEBUG [,,] 14780 --- [HikariPool-1 connection closer] [                                                 ] com.zaxxer.hikari.pool.PoolBase          : HikariPool-1 - Closing connection com.mysql.cj.jdbc.ConnectionImpl@55b32b60: (connection evicted)
2024-10-18T19:05:39.379+03:00 DEBUG [,,] 14780 --- [HikariPool-1 connection closer] [                                                 ] com.zaxxer.hikari.pool.PoolBase          : HikariPool-1 - Closing connection com.mysql.cj.jdbc.ConnectionImpl@64acbae3: (connection evicted)
2024-10-18T19:05:39.379+03:00 DEBUG [,,] 14780 --- [HikariPool-1 connection closer] [                                                 ] com.zaxxer.hikari.pool.PoolBase          : HikariPool-1 - Closing connection com.mysql.cj.jdbc.ConnectionImpl@359cd42f: (connection evicted)
2024-10-18T19:05:39.380+03:00 DEBUG [,,] 14780 --- [HikariPool-1 connection closer] [                                                 ] com.zaxxer.hikari.pool.PoolBase          : HikariPool-1 - Closing connection com.mysql.cj.jdbc.ConnectionImpl@5b7f7172: (connection evicted)
2024-10-18T19:05:39.380+03:00 DEBUG [,,] 14780 --- [HikariPool-1 connection closer] [                                                 ] com.zaxxer.hikari.pool.PoolBase          : HikariPool-1 - Closing connection com.mysql.cj.jdbc.ConnectionImpl@31d20d1a: (connection evicted)
2024-10-18T19:05:39.380+03:00 DEBUG [,,] 14780 --- [HikariPool-1 connection closer] [                                                 ] com.zaxxer.hikari.pool.PoolBase          : HikariPool-1 - Closing connection com.mysql.cj.jdbc.ConnectionImpl@66ef33ac: (connection evicted)
2024-10-18T19:05:39.380+03:00 DEBUG [,,] 14780 --- [HikariPool-1 connection closer] [                                                 ] com.zaxxer.hikari.pool.PoolBase          : HikariPool-1 - Closing connection com.mysql.cj.jdbc.ConnectionImpl@41489e92: (connection evicted)
2024-10-18T19:05:39.380+03:00 DEBUG [,,] 14780 --- [HikariPool-1 connection closer] [                                                 ] com.zaxxer.hikari.pool.PoolBase          : HikariPool-1 - Closing connection com.mysql.cj.jdbc.ConnectionImpl@3b49d7bf: (connection evicted)
2024-10-18T19:05:39.380+03:00 DEBUG [,,] 14780 --- [SpringApplicationShutdownHook] [                                                 ] com.zaxxer.hikari.pool.HikariPool        : HikariPool-1 - After shutdown stats (total=0, active=0, idle=0, waiting=0)
2024-10-18T19:05:39.381+03:00  INFO [,,] 14780 --- [SpringApplicationShutdownHook] [                                                 ] com.zaxxer.hikari.HikariDataSource       : HikariPool-1 - Shutdown completed.
2024-10-18T19:05:39.382+03:00 DEBUG [,,] 14780 --- [SpringApplicationShutdownHook] [                                                 ] o.s.b.f.support.DisposableBeanAdapter    : Custom destroy method 'close' on bean with name 'prometheusMeterRegistry' completed
2024-10-18T19:05:39.424+03:00 DEBUG [,,] 14780 --- [AsyncReporter{ZipkinRestTemplateSender{http://localhost:9411/api/v2/spans}}] [                                                 ] o.s.web.client.RestTemplate              : HTTP POST http://localhost:9411/api/v2/spans
2024-10-18T19:05:39.424+03:00 DEBUG [,,] 14780 --- [AsyncReporter{ZipkinRestTemplateSender{http://localhost:9411/api/v2/spans}}] [                                                 ] o.s.web.client.RestTemplate              : Accept=[application/json, application/*+json]
2024-10-18T19:05:39.424+03:00 DEBUG [,,] 14780 --- [AsyncReporter{ZipkinRestTemplateSender{http://localhost:9411/api/v2/spans}}] [                                                 ] o.s.web.client.RestTemplate              : Writing [[B@3c9cf2cb] as "application/json"
